[1/29] cd /Users/cbieneman/dev/DirectXShaderCompiler/build-rel/utils/version && /Users/cbieneman/dev/open-source/cmake-bins/bin/cmake -E copy_if_different /Users/cbieneman/dev/DirectXShaderCompiler/build-rel/utils/version/dxcversion.inc.gen /Users/cbieneman/dev/DirectXShaderCompiler/build-rel/utils/version/dxcversion.inc
[2/26] Touch GetCommitInfo.py to trigger rebuild
[3/26] Collect Git commit info for versioning
[4/26] Building CXX object tools/clang/lib/Basic/CMakeFiles/clangBasic.dir/Version.cpp.o
[5/26] Linking CXX static library lib/libclangBasic.a
[6/26] Linking CXX executable tools/clang/unittests/Rewrite/RewriteTests
ld: warning: ignoring duplicate libraries: 'lib/libLLVMSupport.a', 'lib/libgtest.a'
[7/26] Linking CXX executable tools/clang/unittests/Basic/BasicTests
ld: warning: ignoring duplicate libraries: 'lib/libLLVMSupport.a', 'lib/libclangBasic.a', 'lib/libgtest.a'
[8/26] Linking CXX shared library lib/libdxil.dylib
ld: warning: ignoring duplicate libraries: 'lib/libLLVMAnalysis.a', 'lib/libLLVMBitWriter.a', 'lib/libLLVMDXIL.a', 'lib/libLLVMDxcBindingTable.a', 'lib/libLLVMDxcSupport.a', 'lib/libLLVMDxilContainer.a', 'lib/libLLVMDxilHash.a', 'lib/libLLVMDxilRootSignature.a', 'lib/libLLVMDxilValidation.a', 'lib/libLLVMHLSL.a', 'lib/libLLVMMSSupport.a', 'lib/libLLVMSupport.a', 'lib/libLLVMTransformUtils.a', 'lib/libLLVMipa.a'
[9/26] Linking CXX executable tools/clang/unittests/Lex/LexTests
ld: warning: ignoring duplicate libraries: 'lib/libLLVMSupport.a', 'lib/libclangAST.a', 'lib/libclangAnalysis.a', 'lib/libclangBasic.a', 'lib/libclangCodeGen.a', 'lib/libclangEdit.a', 'lib/libclangFrontend.a', 'lib/libclangLex.a', 'lib/libclangParse.a', 'lib/libclangSema.a', 'lib/libgtest.a'
[10/26] Linking CXX executable tools/clang/unittests/CodeGen/ClangCodeGenTests
ld: warning: ignoring duplicate libraries: 'lib/libLLVMCore.a', 'lib/libLLVMSupport.a', 'lib/libclangAST.a', 'lib/libclangAnalysis.a', 'lib/libclangBasic.a', 'lib/libclangCodeGen.a', 'lib/libclangEdit.a', 'lib/libclangFrontend.a', 'lib/libclangParse.a', 'lib/libclangSema.a', 'lib/libgtest.a'
[11/26] Linking CXX shared library lib/libdxcompiler.dylib
ld: warning: ignoring duplicate libraries: 'lib/libLLVMAnalysis.a', 'lib/libLLVMAsmParser.a', 'lib/libLLVMBitReader.a', 'lib/libLLVMBitWriter.a', 'lib/libLLVMCore.a', 'lib/libLLVMDXIL.a', 'lib/libLLVMDxcBindingTable.a', 'lib/libLLVMDxcSupport.a', 'lib/libLLVMDxilContainer.a', 'lib/libLLVMDxilRootSignature.a', 'lib/libLLVMHLSL.a', 'lib/libLLVMIRReader.a', 'lib/libLLVMInstCombine.a', 'lib/libLLVMLinker.a', 'lib/libLLVMMSSupport.a', 'lib/libLLVMOption.a', 'lib/libLLVMProfileData.a', 'lib/libLLVMScalarOpts.a', 'lib/libLLVMSupport.a', 'lib/libLLVMTarget.a', 'lib/libLLVMTransformUtils.a', 'lib/libLLVMVectorize.a', 'lib/libLLVMipa.a', 'lib/libLLVMipo.a', 'lib/libclangAST.a', 'lib/libclangAnalysis.a', 'lib/libclangBasic.a', 'lib/libclangCodeGen.a', 'lib/libclangDriver.a', 'lib/libclangEdit.a', 'lib/libclangFrontend.a', 'lib/libclangIndex.a', 'lib/libclangLex.a', 'lib/libclangParse.a', 'lib/libclangRewrite.a', 'lib/libclangSema.a', 'lib/libclangTooling.a'
[12/26] Linking CXX executable bin/dxopt-3.7
[13/26] Linking CXX executable bin/dxv-3.7
ld: warning: ignoring duplicate libraries: 'lib/libLLVMDxcSupport.a', 'lib/libLLVMMSSupport.a'
[14/26] Linking CXX executable bin/dxa-3.7
ld: warning: ignoring duplicate libraries: 'lib/libLLVMDXIL.a', 'lib/libLLVMDxcSupport.a', 'lib/libLLVMDxilContainer.a', 'lib/libLLVMMSSupport.a'
[15/26] Creating executable symlink bin/dxopt
[16/26] Linking CXX executable bin/dxr-3.7
ld: warning: ignoring duplicate libraries: 'lib/libLLVMDxcSupport.a', 'lib/libLLVMOption.a', 'lib/libLLVMSupport.a', 'lib/libclangAST.a', 'lib/libclangAnalysis.a', 'lib/libclangCodeGen.a', 'lib/libclangEdit.a', 'lib/libclangFrontend.a', 'lib/libclangParse.a', 'lib/libclangSema.a'
[17/26] Creating executable symlink bin/dxv
[18/26] Linking CXX executable bin/dxc-3.7
ld: warning: ignoring duplicate libraries: 'lib/libLLVMDXIL.a', 'lib/libLLVMDxcSupport.a', 'lib/libLLVMDxilContainer.a', 'lib/libLLVMHLSL.a', 'lib/libLLVMOption.a', 'lib/libLLVMSupport.a', 'lib/libSPIRV-Tools.a', 'lib/libclangAST.a', 'lib/libclangAnalysis.a', 'lib/libclangCodeGen.a', 'lib/libclangEdit.a', 'lib/libclangFrontend.a', 'lib/libclangParse.a', 'lib/libclangSema.a', 'lib/libdxclib.a'
[19/26] Linking CXX executable bin/dxl-3.7
ld: warning: ignoring duplicate libraries: 'lib/libLLVMDXIL.a', 'lib/libLLVMDxcSupport.a', 'lib/libLLVMHLSL.a', 'lib/libLLVMMSSupport.a', 'lib/libLLVMOption.a', 'lib/libclangAST.a', 'lib/libclangAnalysis.a', 'lib/libclangCodeGen.a', 'lib/libclangEdit.a', 'lib/libclangFrontend.a', 'lib/libclangParse.a', 'lib/libclangSema.a'
[20/26] Creating executable symlink bin/dxa
[21/26] Creating executable symlink bin/dxr
[22/26] Creating executable symlink bin/dxc
[23/26] Creating executable symlink bin/dxl
[24/26] Linking CXX executable tools/clang/unittests/HLSL/ClangHLSLTests
ld: warning: ignoring duplicate libraries: 'lib/libLLVMAnalysis.a', 'lib/libLLVMBitReader.a', 'lib/libLLVMBitWriter.a', 'lib/libLLVMDXIL.a', 'lib/libLLVMDxcSupport.a', 'lib/libLLVMDxilContainer.a', 'lib/libLLVMMSSupport.a', 'lib/libLLVMSupport.a', 'lib/libLLVMTransformUtils.a', 'lib/libLLVMipa.a', 'lib/libgtest.a'
[25/26] Linking CXX executable tools/clang/unittests/SPIRV/ClangSPIRVTests
ld: warning: ignoring duplicate libraries: 'lib/libLLVMDXIL.a', 'lib/libLLVMDxcSupport.a', 'lib/libLLVMDxilRootSignature.a', 'lib/libLLVMHLSL.a', 'lib/libLLVMSupport.a', 'lib/libSPIRV-Tools.a', 'lib/libclangAST.a', 'lib/libclangAnalysis.a', 'lib/libclangBasic.a', 'lib/libclangCodeGen.a', 'lib/libclangEdit.a', 'lib/libclangFrontend.a', 'lib/libclangParse.a', 'lib/libclangSema.a', 'lib/libgtest.a'
[25/26] Running all regression tests
-- Testing: 4645 tests, 16 threads --
Testing: 0 ..
FAIL: Clang :: CodeGenSPIRV/coopmatrix_muladd_test.hlsl (438 of 4645)
******************** TEST 'Clang :: CodeGenSPIRV/coopmatrix_muladd_test.hlsl' FAILED ********************
Script:
--
/Users/cbieneman/dev/DirectXShaderCompiler/build-rel/./bin/dxc -fspv-target-env=vulkan1.3 -T cs_6_0 -E main -spirv -HV 2021 -I /Users/cbieneman/dev/DirectXShaderCompiler/tools/clang/lib/Headers/hlsl /Users/cbieneman/dev/DirectXShaderCompiler/tools/clang/test/CodeGenSPIRV/coopmatrix_muladd_test.hlsl | /Users/cbieneman/dev/DirectXShaderCompiler/build-rel/./bin/FileCheck /Users/cbieneman/dev/DirectXShaderCompiler/tools/clang/test/CodeGenSPIRV/coopmatrix_muladd_test.hlsl
--
Exit Code: 2

Command Output (stderr):
--
In file included from /Users/cbieneman/dev/DirectXShaderCompiler/tools/clang/test/CodeGenSPIRV/coopmatrix_muladd_test.hlsl:3:
In file included from /Users/cbieneman/dev/DirectXShaderCompiler/tools/clang/lib/Headers/hlsl/vk/khr/cooperative_matrix.h:274:
/Users/cbieneman/dev/DirectXShaderCompiler/tools/clang/lib/Headers/hlsl/vk/khr/cooperative_matrix.impl:342:20: error: vk::ext_literal may only be applied to parameters that can be evaluated to a literal value
  result._matrix = __builtin_spv_CooperativeMatrixMulAddKHR<
                   ^

FileCheck error: '-' is empty.

--

********************
Testing: 0 .. 10.. 
FAIL: Clang :: CodeGenSPIRV/rayquery_init_expr.hlsl (932 of 4645)
******************** TEST 'Clang :: CodeGenSPIRV/rayquery_init_expr.hlsl' FAILED ********************
Script:
--
/Users/cbieneman/dev/DirectXShaderCompiler/build-rel/./bin/dxc -T cs_6_3 -E main -fspv-target-env=vulkan1.2 -fcgl  /Users/cbieneman/dev/DirectXShaderCompiler/tools/clang/test/CodeGenSPIRV/rayquery_init_expr.hlsl -spirv | /Users/cbieneman/dev/DirectXShaderCompiler/build-rel/./bin/FileCheck /Users/cbieneman/dev/DirectXShaderCompiler/tools/clang/test/CodeGenSPIRV/rayquery_init_expr.hlsl
--
Exit Code: 2

Command Output (stderr):
--
fatal error: generated SPIR-V is invalid: OpLoad Result Type <id> '12[%rayQueryKHR]' does not match Pointer <id> '22[%param_this]'s type.
  %26 = OpLoad %rayQueryKHR %param_this

note: please file a bug report on https://github.com/Microsoft/DirectXShaderCompiler/issues with source code if possible

FileCheck error: '-' is empty.

--

********************
Testing: 0 .. 10.. 20.. 30.. 40.. 
FAIL: Clang-Unit :: HLSL/ClangHLSLTests/CompilerTest.BatchShaderTargets (2327 of 4645)
******************** TEST 'Clang-Unit :: HLSL/ClangHLSLTests/CompilerTest.BatchShaderTargets' FAILED ********************
Note: Google Test filter = CompilerTest.BatchShaderTargets
[==========] Running 1 test from 1 test case.
[----------] Global test environment set-up.
[----------] 1 test from CompilerTest
// RUN: %dxc -E main -T as_6_5 %s | FileCheck %s
Prior (-2147467259): %dxc -E main -T as_6_5 %s 
Error (1): FileCheck %s
/Users/cbieneman/dev/DirectXShaderCompiler/tools/clang/test/HLSL/../HLSLFileCheck/shader_targets/mesh/as-groupshared-payload-matrix.hlsl:3:11: error: expected string not found in input
// CHECK: define void @main
          ^
<stdin>:1:1: note: scanning from here
error: validation errors
^
<stdin>:3:108: note: possible intended match here
note: at '%13 = bitcast [4 x i32] addrspace(3)* %12 to %class.matrix.bool.2.2 addrspace(3)*' in block '#0' of function 'main'.
                                                                                                           ^

<full input to FileCheck>
error: validation errors
/Users/cbieneman/dev/DirectXShaderCompiler/tools/clang/test/HLSL/../HLSLFileCheck/shader_targets/mesh/as-groupshared-payload-matrix.hlsl:28:3: error: Bitcast on struct types is not allowed.
note: at '%13 = bitcast [4 x i32] addrspace(3)* %12 to %class.matrix.bool.2.2 addrspace(3)*' in block '#0' of function 'main'.
/Users/cbieneman/dev/DirectXShaderCompiler/tools/clang/test/HLSL/../HLSLFileCheck/shader_targets/mesh/as-groupshared-payload-matrix.hlsl:28:3: error: Address space cast between pointer types must have one part to be generic address space.
note: at '%14 = addrspacecast %class.matrix.bool.2.2 addrspace(3)* %13 to %class.matrix.bool.2.2*' in block '#0' of function 'main'.
/Users/cbieneman/dev/DirectXShaderCompiler/tools/clang/test/HLSL/../HLSLFileCheck/shader_targets/mesh/as-groupshared-payload-matrix.hlsl:35:3: error: Bitcast on struct types is not allowed.
note: at '%78 = bitcast [4 x i32] addrspace(3)* %77 to %class.matrix.bool.2.2 addrspace(3)*' in block '#0' of function 'main'.
/Users/cbieneman/dev/DirectXShaderCompiler/tools/clang/test/HLSL/../HLSLFileCheck/shader_targets/mesh/as-groupshared-payload-matrix.hlsl:35:3: error: Address space cast between pointer types must have one part to be generic address space.
note: at '%79 = addrspacecast %class.matrix.bool.2.2 addrspace(3)* %78 to %class.matrix.bool.2.2*' in block '#0' of function 'main'.
/Users/cbieneman/dev/DirectXShaderCompiler/tools/clang/test/HLSL/../HLSLFileCheck/shader_targets/mesh/as-groupshared-payload-matrix.hlsl:36:14: error: Bitcast on struct types is not allowed.
note: at '%88 = bitcast [4 x i32] addrspace(3)* %87 to %class.matrix.bool.2.2 addrspace(3)*' in block '#0' of function 'main'.
/Users/cbieneman/dev/DirectXShaderCompiler/tools/clang/test/HLSL/../HLSLFileCheck/shader_targets/mesh/as-groupshared-payload-matrix.hlsl:36:14: error: Address space cast between pointer types must have one part to be generic address space.
note: at '%89 = addrspacecast %class.matrix.bool.2.2 addrspace(3)* %88 to %class.matrix.bool.2.2*' in block '#0' of function 'main'.
error: Vector type '<2 x i32>' is not allowed.
/Users/cbieneman/dev/DirectXShaderCompiler/tools/clang/test/HLSL/../HLSLFileCheck/shader_targets/mesh/as-groupshared-payload-matrix.hlsl:39:3: error: Bitcast on struct types is not allowed.
note: at '%107 = bitcast [4 x i32] addrspace(3)* %106 to %class.matrix.bool.2.2 addrspace(3)*' in block '#0' of function 'main'.
/Users/cbieneman/dev/DirectXShaderCompiler/tools/clang/test/HLSL/../HLSLFileCheck/shader_targets/mesh/as-groupshared-payload-matrix.hlsl:39:3: error: Address space cast between pointer types must have one part to be generic address space.
note: at '%108 = addrspacecast %class.matrix.bool.2.2 addrspace(3)* %107 to %class.matrix.bool.2.2*' in block '#0' of function 'main'.
/Users/cbieneman/dev/DirectXShaderCompiler/tools/clang/test/HLSL/../HLSLFileCheck/shader_targets/mesh/as-groupshared-payload-matrix.hlsl:40:21: error: Bitcast on struct types is not allowed.
note: at '%118 = bitcast [4 x i32] addrspace(3)* %117 to %class.matrix.bool.2.2 addrspace(3)*' in block '#0' of function 'main'.
/Users/cbieneman/dev/DirectXShaderCompiler/tools/clang/test/HLSL/../HLSLFileCheck/shader_targets/mesh/as-groupshared-payload-matrix.hlsl:40:21: error: Address space cast between pointer types must have one part to be generic address space.
note: at '%119 = addrspacecast %class.matrix.bool.2.2 addrspace(3)* %118 to %class.matrix.bool.2.2*' in block '#0' of function 'main'.
error: Vector type '<2 x i32>' is not allowed.
/Users/cbieneman/dev/DirectXShaderCompiler/tools/clang/test/HLSL/../HLSLFileCheck/shader_targets/mesh/as-groupshared-payload-matrix.hlsl:43:3: error: Bitcast on struct types is not allowed.
note: at '%145 = bitcast [4 x i32] addrspace(3)* %144 to %class.matrix.bool.2.2 addrspace(3)*' in block '#0' of function 'main'.
/Users/cbieneman/dev/DirectXShaderCompiler/tools/clang/test/HLSL/../HLSLFileCheck/shader_targets/mesh/as-groupshared-payload-matrix.hlsl:43:3: error: Address space cast between pointer types must have one part to be generic address space.
note: at '%146 = addrspacecast %class.matrix.bool.2.2 addrspace(3)* %145 to %class.matrix.bool.2.2*' in block '#0' of function 'main'.
error: Vector type '<2 x i32>' is not allowed.
/Users/cbieneman/dev/DirectXShaderCompiler/tools/clang/test/HLSL/../HLSLFileCheck/shader_targets/mesh/as-groupshared-payload-matrix.hlsl:44:21: error: Bitcast on struct types is not allowed.
note: at '%155 = bitcast [4 x i32] addrspace(3)* %154 to %class.matrix.bool.2.2 addrspace(3)*' in block '#0' of function 'main'.
/Users/cbieneman/dev/DirectXShaderCompiler/tools/clang/test/HLSL/../HLSLFileCheck/shader_targets/mesh/as-groupshared-payload-matrix.hlsl:44:21: error: Address space cast between pointer types must have one part to be generic address space.
note: at '%156 = addrspacecast %class.matrix.bool.2.2 addrspace(3)* %155 to %class.matrix.bool.2.2*' in block '#0' of function 'main'.
error: Vector type '<2 x i32>' is not allowed.
/Users/cbieneman/dev/DirectXShaderCompiler/tools/clang/test/HLSL/../HLSLFileCheck/shader_targets/mesh/as-groupshared-payload-matrix.hlsl:56:3: error: Bitcast on struct types is not allowed.
note: at '%205 = bitcast [4 x i32] addrspace(3)* %204 to %class.matrix.bool.2.2 addrspace(3)*' in block '#0' of function 'main'.
/Users/cbieneman/dev/DirectXShaderCompiler/tools/clang/test/HLSL/../HLSLFileCheck/shader_targets/mesh/as-groupshared-payload-matrix.hlsl:56:3: error: Address space cast between pointer types must have one part to be generic address space.
note: at '%206 = addrspacecast %class.matrix.bool.2.2 addrspace(3)* %205 to %class.matrix.bool.2.2*' in block '#0' of function 'main'.
/Users/cbieneman/dev/DirectXShaderCompiler/tools/clang/test/HLSL/../HLSLFileCheck/shader_targets/mesh/as-groupshared-payload-matrix.hlsl:57:14: error: Bitcast on struct types is not allowed.
note: at '%215 = bitcast [4 x i32] addrspace(3)* %214 to %class.matrix.bool.2.2 addrspace(3)*' in block '#0' of function 'main'.
/Users/cbieneman/dev/DirectXShaderCompiler/tools/clang/test/HLSL/../HLSLFileCheck/shader_targets/mesh/as-groupshared-payload-matrix.hlsl:57:14: error: Address space cast between pointer types must have one part to be generic address space.
note: at '%216 = addrspacecast %class.matrix.bool.2.2 addrspace(3)* %215 to %class.matrix.bool.2.2*' in block '#0' of function 'main'.
Function: dx.hl.subscript.colMajor[].rn.<2 x i32>* (i32, %class.matrix.bool.2.2*, i32, i32): error: External function 'dx.hl.subscript.colMajor[].rn.<2 x i32>* (i32, %class.matrix.bool.2.2*, i32, i32)' is not a DXIL function.
Validation failed.


/Users/cbieneman/dev/DirectXShaderCompiler/include/dxc/Test/WEXAdapter.h:189: Failure
Failed
[  FAILED  ] CompilerTest.BatchShaderTargets (521 ms)
[----------] 1 test from CompilerTest (521 ms total)

[----------] Global test environment tear-down
[==========] 1 test from 1 test case ran. (521 ms total)
[  PASSED  ] 0 tests.
[  FAILED  ] 1 test, listed below:
[  FAILED  ] CompilerTest.BatchShaderTargets

 1 FAILED TEST
BEGIN TEST(S): </Users/cbieneman/dev/DirectXShaderCompiler/tools/clang/test/HLSL/../HLSLFileCheck/shader_targets/mesh/mesh-shadingrate.hlsl>
END TEST(S): </Users/cbieneman/dev/DirectXShaderCompiler/tools/clang/test/HLSL/../HLSLFileCheck/shader_targets/mesh/mesh-shadingrate.hlsl>
BEGIN TEST(S): </Users/cbieneman/dev/DirectXShaderCompiler/tools/clang/test/HLSL/../HLSLFileCheck/shader_targets/mesh/notArrayOutIndices.hlsl>
END TEST(S): </Users/cbieneman/dev/DirectXShaderCompiler/tools/clang/test/HLSL/../HLSLFileCheck/shader_targets/mesh/notArrayOutIndices.hlsl>
BEGIN TEST(S): </Users/cbieneman/dev/DirectXShaderCompiler/tools/clang/test/HLSL/../HLSLFileCheck/shader_targets/mesh/mesh-rootsig.hlsl>
END TEST(S): </Users/cbieneman/dev/DirectXShaderCompiler/tools/clang/test/HLSL/../HLSLFileCheck/shader_targets/mesh/mesh-rootsig.hlsl>
BEGIN TEST(S): </Users/cbieneman/dev/DirectXShaderCompiler/tools/clang/test/HLSL/../HLSLFileCheck/shader_targets/mesh/amplification.hlsl>
END TEST(S): </Users/cbieneman/dev/DirectXShaderCompiler/tools/clang/test/HLSL/../HLSLFileCheck/shader_targets/mesh/amplification.hlsl>
BEGIN TEST(S): </Users/cbieneman/dev/DirectXShaderCompiler/tools/clang/test/HLSL/../HLSLFileCheck/shader_targets/mesh/vertices_sig_bigger_than_primitives_sig_regression.hlsl>
END TEST(S): </Users/cbieneman/dev/DirectXShaderCompiler/tools/clang/test/HLSL/../HLSLFileCheck/shader_targets/mesh/vertices_sig_bigger_than_primitives_sig_regression.hlsl>
BEGIN TEST(S): </Users/cbieneman/dev/DirectXShaderCompiler/tools/clang/test/HLSL/../HLSLFileCheck/shader_targets/mesh/as-groupshared-payload-matrix.hlsl>
Run result is not zero
END TEST(S): </Users/cbieneman/dev/DirectXShaderCompiler/tools/clang/test/HLSL/../HLSLFileCheck/shader_targets/mesh/as-groupshared-payload-matrix.hlsl>
BEGIN TEST(S): </Users/cbieneman/dev/DirectXShaderCompiler/tools/clang/test/HLSL/../HLSLFileCheck/shader_targets/mesh/as-groupshared-payload-method.hlsl>
END TEST(S): </Users/cbieneman/dev/DirectXShaderCompiler/tools/clang/test/HLSL/../HLSLFileCheck/shader_targets/mesh/as-groupshared-payload-method.hlsl>
BEGIN TEST(S): </Users/cbieneman/dev/DirectXShaderCompiler/tools/clang/test/HLSL/../HLSLFileCheck/shader_targets/mesh/mesh.hlsl>
END TEST(S): </Users/cbieneman/dev/DirectXShaderCompiler/tools/clang/test/HLSL/../HLSLFileCheck/shader_targets/mesh/mesh.hlsl>
BEGIN TEST(S): </Users/cbieneman/dev/DirectXShaderCompiler/tools/clang/test/HLSL/../HLSLFileCheck/shader_targets/mesh/mesh-payload-matrix.hlsl>
END TEST(S): </Users/cbieneman/dev/DirectXShaderCompiler/tools/clang/test/HLSL/../HLSLFileCheck/shader_targets/mesh/mesh-payload-matrix.hlsl>
BEGIN TEST(S): </Users/cbieneman/dev/DirectXShaderCompiler/tools/clang/test/HLSL/../HLSLFileCheck/shader_targets/mesh/tooManyOutPrimitives.hlsl>
END TEST(S): </Users/cbieneman/dev/DirectXShaderCompiler/tools/clang/test/HLSL/../HLSLFileCheck/shader_targets/mesh/tooManyOutPrimitives.hlsl>
BEGIN TEST(S): </Users/cbieneman/dev/DirectXShaderCompiler/tools/clang/test/HLSL/../HLSLFileCheck/shader_targets/mesh/multipleInPayload.hlsl>
END TEST(S): </Users/cbieneman/dev/DirectXShaderCompiler/tools/clang/test/HLSL/../HLSLFileCheck/shader_targets/mesh/multipleInPayload.hlsl>
BEGIN TEST(S): </Users/cbieneman/dev/DirectXShaderCompiler/tools/clang/test/HLSL/../HLSLFileCheck/shader_targets/mesh/semantic_on_parameter.hlsl>
END TEST(S): </Users/cbieneman/dev/DirectXShaderCompiler/tools/clang/test/HLSL/../HLSLFileCheck/shader_targets/mesh/semantic_on_parameter.hlsl>
BEGIN TEST(S): </Users/cbieneman/dev/DirectXShaderCompiler/tools/clang/test/HLSL/../HLSLFileCheck/shader_targets/mesh/as-groupshared-nested-payload.hlsl>
END TEST(S): </Users/cbieneman/dev/DirectXShaderCompiler/tools/clang/test/HLSL/../HLSLFileCheck/shader_targets/mesh/as-groupshared-nested-payload.hlsl>
BEGIN TEST(S): </Users/cbieneman/dev/DirectXShaderCompiler/tools/clang/test/HLSL/../HLSLFileCheck/shader_targets/mesh/matVertexStOutput_colmajor.hlsl>
END TEST(S): </Users/cbieneman/dev/DirectXShaderCompiler/tools/clang/test/HLSL/../HLSLFileCheck/shader_targets/mesh/matVertexStOutput_colmajor.hlsl>
BEGIN TEST(S): </Users/cbieneman/dev/DirectXShaderCompiler/tools/clang/test/HLSL/../HLSLFileCheck/shader_targets/mesh/notUint2OutIndicesForLines.hlsl>
END TEST(S): </Users/cbieneman/dev/DirectXShaderCompiler/tools/clang/test/HLSL/../HLSLFileCheck/shader_targets/mesh/notUint2OutIndicesForLines.hlsl>
BEGIN TEST(S): </Users/cbieneman/dev/DirectXShaderCompiler/tools/clang/test/HLSL/../HLSLFileCheck/shader_targets/mesh/multipleOutVertices.hlsl>
END TEST(S): </Users/cbieneman/dev/DirectXShaderCompiler/tools/clang/test/HLSL/../HLSLFileCheck/shader_targets/mesh/multipleOutVertices.hlsl>
BEGIN TEST(S): </Users/cbieneman/dev/DirectXShaderCompiler/tools/clang/test/HLSL/../HLSLFileCheck/shader_targets/mesh/tooManyOutIndices.hlsl>
END TEST(S): </Users/cbieneman/dev/DirectXShaderCompiler/tools/clang/test/HLSL/../HLSLFileCheck/shader_targets/mesh/tooManyOutIndices.hlsl>
BEGIN TEST(S): </Users/cbieneman/dev/DirectXShaderCompiler/tools/clang/test/HLSL/../HLSLFileCheck/shader_targets/mesh/multipleOutPrimitives.hlsl>
END TEST(S): </Users/cbieneman/dev/DirectXShaderCompiler/tools/clang/test/HLSL/../HLSLFileCheck/shader_targets/mesh/multipleOutPrimitives.hlsl>
BEGIN TEST(S): </Users/cbieneman/dev/DirectXShaderCompiler/tools/clang/test/HLSL/../HLSLFileCheck/shader_targets/mesh/matVertexStOutput_rowmajor.hlsl>
END TEST(S): </Users/cbieneman/dev/DirectXShaderCompiler/tools/clang/test/HLSL/../HLSLFileCheck/shader_targets/mesh/matVertexStOutput_rowmajor.hlsl>
BEGIN TEST(S): </Users/cbieneman/dev/DirectXShaderCompiler/tools/clang/test/HLSL/../HLSLFileCheck/shader_targets/mesh/illegalOutIndicesAssignment.hlsl>
END TEST(S): </Users/cbieneman/dev/DirectXShaderCompiler/tools/clang/test/HLSL/../HLSLFileCheck/shader_targets/mesh/illegalOutIndicesAssignment.hlsl>
BEGIN TEST(S): </Users/cbieneman/dev/DirectXShaderCompiler/tools/clang/test/HLSL/../HLSLFileCheck/shader_targets/mesh/notArrayOutVertices.hlsl>
END TEST(S): </Users/cbieneman/dev/DirectXShaderCompiler/tools/clang/test/HLSL/../HLSLFileCheck/shader_targets/mesh/notArrayOutVertices.hlsl>
BEGIN TEST(S): </Users/cbieneman/dev/DirectXShaderCompiler/tools/clang/test/HLSL/../HLSLFileCheck/shader_targets/mesh/as-groupshared-payload.hlsl>
END TEST(S): </Users/cbieneman/dev/DirectXShaderCompiler/tools/clang/test/HLSL/../HLSLFileCheck/shader_targets/mesh/as-groupshared-payload.hlsl>
BEGIN TEST(S): </Users/cbieneman/dev/DirectXShaderCompiler/tools/clang/test/HLSL/../HLSLFileCheck/shader_targets/mesh/readFromOutIndices.hlsl>
END TEST(S): </Users/cbieneman/dev/DirectXShaderCompiler/tools/clang/test/HLSL/../HLSLFileCheck/shader_targets/mesh/readFromOutIndices.hlsl>
BEGIN TEST(S): </Users/cbieneman/dev/DirectXShaderCompiler/tools/clang/test/HLSL/../HLSLFileCheck/shader_targets/mesh/notVectorOutIndices.hlsl>
END TEST(S): </Users/cbieneman/dev/DirectXShaderCompiler/tools/clang/test/HLSL/../HLSLFileCheck/shader_targets/mesh/notVectorOutIndices.hlsl>
BEGIN TEST(S): </Users/cbieneman/dev/DirectXShaderCompiler/tools/clang/test/HLSL/../HLSLFileCheck/shader_targets/mesh/tooManyOutVertices.hlsl>
END TEST(S): </Users/cbieneman/dev/DirectXShaderCompiler/tools/clang/test/HLSL/../HLSLFileCheck/shader_targets/mesh/tooManyOutVertices.hlsl>
BEGIN TEST(S): </Users/cbieneman/dev/DirectXShaderCompiler/tools/clang/test/HLSL/../HLSLFileCheck/shader_targets/mesh/notArrayOutPrimitives.hlsl>
END TEST(S): </Users/cbieneman/dev/DirectXShaderCompiler/tools/clang/test/HLSL/../HLSLFileCheck/shader_targets/mesh/notArrayOutPrimitives.hlsl>
BEGIN TEST(S): </Users/cbieneman/dev/DirectXShaderCompiler/tools/clang/test/HLSL/../HLSLFileCheck/shader_targets/mesh/notUint3OutIndicesForTriangles.hlsl>
END TEST(S): </Users/cbieneman/dev/DirectXShaderCompiler/tools/clang/test/HLSL/../HLSLFileCheck/shader_targets/mesh/notUint3OutIndicesForTriangles.hlsl>
BEGIN TEST(S): </Users/cbieneman/dev/DirectXShaderCompiler/tools/clang/test/HLSL/../HLSLFileCheck/shader_targets/mesh/mesh_invalid_interpolation_modes.hlsl>
END TEST(S): </Users/cbieneman/dev/DirectXShaderCompiler/tools/clang/test/HLSL/../HLSLFileCheck/shader_targets/mesh/mesh_invalid_interpolation_modes.hlsl>
BEGIN TEST(S): </Users/cbieneman/dev/DirectXShaderCompiler/tools/clang/test/HLSL/../HLSLFileCheck/shader_targets/mesh/multipleOutIndices.hlsl>
END TEST(S): </Users/cbieneman/dev/DirectXShaderCompiler/tools/clang/test/HLSL/../HLSLFileCheck/shader_targets/mesh/multipleOutIndices.hlsl>
BEGIN TEST(S): </Users/cbieneman/dev/DirectXShaderCompiler/tools/clang/test/HLSL/../HLSLFileCheck/shader_targets/mesh/notUintOutIndices.hlsl>
END TEST(S): </Users/cbieneman/dev/DirectXShaderCompiler/tools/clang/test/HLSL/../HLSLFileCheck/shader_targets/mesh/notUintOutIndices.hlsl>
BEGIN TEST(S): </Users/cbieneman/dev/DirectXShaderCompiler/tools/clang/test/HLSL/../HLSLFileCheck/shader_targets/nodes/NodeOutput.hlsl>
END TEST(S): </Users/cbieneman/dev/DirectXShaderCompiler/tools/clang/test/HLSL/../HLSLFileCheck/shader_targets/nodes/NodeOutput.hlsl>
BEGIN TEST(S): </Users/cbieneman/dev/DirectXShaderCompiler/tools/clang/test/HLSL/../HLSLFileCheck/shader_targets/nodes/max_output_records_shared_with.hlsl>
END TEST(S): </Users/cbieneman/dev/DirectXShaderCompiler/tools/clang/test/HLSL/../HLSLFileCheck/shader_targets/nodes/max_output_records_shared_with.hlsl>
BEGIN TEST(S): </Users/cbieneman/dev/DirectXShaderCompiler/tools/clang/test/HLSL/../HLSLFileCheck/shader_targets/hull/FloatMaxtessfactorHs.hlsl>
END TEST(S): </Users/cbieneman/dev/DirectXShaderCompiler/tools/clang/test/HLSL/../HLSLFileCheck/shader_targets/hull/FloatMaxtessfactorHs.hlsl>
BEGIN TEST(S): </Users/cbieneman/dev/DirectXShaderCompiler/tools/clang/test/HLSL/../HLSLFileCheck/shader_targets/hull/static_res_in_patch_constant_func2.hlsl>
END TEST(S): </Users/cbieneman/dev/DirectXShaderCompiler/tools/clang/test/HLSL/../HLSLFileCheck/shader_targets/hull/static_res_in_patch_constant_func2.hlsl>
BEGIN TEST(S): </Users/cbieneman/dev/DirectXShaderCompiler/tools/clang/test/HLSL/../HLSLFileCheck/shader_targets/hull/static_res_in_patch_constant_func.hlsl>
END TEST(S): </Users/cbieneman/dev/DirectXShaderCompiler/tools/clang/test/HLSL/../HLSLFileCheck/shader_targets/hull/static_res_in_patch_constant_func.hlsl>
BEGIN TEST(S): </Users/cbieneman/dev/DirectXShaderCompiler/tools/clang/test/HLSL/../HLSLFileCheck/shader_targets/hull/NoInputPatchHs.hlsl>
END TEST(S): </Users/cbieneman/dev/DirectXShaderCompiler/tools/clang/test/HLSL/../HLSLFileCheck/shader_targets/hull/NoInputPatchHs.hlsl>
BEGIN TEST(S): </Users/cbieneman/dev/DirectXShaderCompiler/tools/clang/test/HLSL/../HLSLFileCheck/shader_targets/hull/pcfunc-uses-class.hlsl>
END TEST(S): </Users/cbieneman/dev/DirectXShaderCompiler/tools/clang/test/HLSL/../HLSLFileCheck/shader_targets/hull/pcfunc-uses-class.hlsl>
BEGIN TEST(S): </Users/cbieneman/dev/DirectXShaderCompiler/tools/clang/test/HLSL/../HLSLFileCheck/shader_targets/library/lib_cs_entry2.hlsl>
END TEST(S): </Users/cbieneman/dev/DirectXShaderCompiler/tools/clang/test/HLSL/../HLSLFileCheck/shader_targets/library/lib_cs_entry2.hlsl>
BEGIN TEST(S): </Users/cbieneman/dev/DirectXShaderCompiler/tools/clang/test/HLSL/../HLSLFileCheck/shader_targets/library/link_mismatch_target.hlsl>
END TEST(S): </Users/cbieneman/dev/DirectXShaderCompiler/tools/clang/test/HLSL/../HLSLFileCheck/shader_targets/library/link_mismatch_target.hlsl>
BEGIN TEST(S): </Users/cbieneman/dev/DirectXShaderCompiler/tools/clang/test/HLSL/../HLSLFileCheck/shader_targets/library/lib_mat_entry6.hlsl>
END TEST(S): </Users/cbieneman/dev/DirectXShaderCompiler/tools/clang/test/HLSL/../HLSLFileCheck/shader_targets/library/lib_mat_entry6.hlsl>
BEGIN TEST(S): </Users/cbieneman/dev/DirectXShaderCompiler/tools/clang/test/HLSL/../HLSLFileCheck/shader_targets/library/lib_append_buf.hlsl>
END TEST(S): </Users/cbieneman/dev/DirectXShaderCompiler/tools/clang/test/HLSL/../HLSLFileCheck/shader_targets/library/lib_append_buf.hlsl>
BEGIN TEST(S): </Users/cbieneman/dev/DirectXShaderCompiler/tools/clang/test/HLSL/../HLSLFileCheck/shader_targets/library/lib_unresolved_func1.hlsl>
END TEST(S): </Users/cbieneman/dev/DirectXShaderCompiler/tools/clang/test/HLSL/../HLSLFileCheck/shader_targets/library/lib_unresolved_func1.hlsl>
BEGIN TEST(S): </Users/cbieneman/dev/DirectXShaderCompiler/tools/clang/test/HLSL/../HLSLFileCheck/shader_targets/library/lib_default_linkage.hlsl>
END TEST(S): </Users/cbieneman/dev/DirectXShaderCompiler/tools/clang/test/HLSL/../HLSLFileCheck/shader_targets/library/lib_default_linkage.hlsl>
BEGIN TEST(S): </Users/cbieneman/dev/DirectXShaderCompiler/tools/clang/test/HLSL/../HLSLFileCheck/shader_targets/library/lib_mat_entry.hlsl>
END TEST(S): </Users/cbieneman/dev/DirectXShaderCompiler/tools/clang/test/HLSL/../HLSLFileCheck/shader_targets/library/lib_mat_entry.hlsl>
BEGIN TEST(S): </Users/cbieneman/dev/DirectXShaderCompiler/tools/clang/test/HLSL/../HLSLFileCheck/shader_targets/library/lib_select_res.hlsl>
END TEST(S): </Users/cbieneman/dev/DirectXShaderCompiler/tools/clang/test/HLSL/../HLSLFileCheck/shader_targets/library/lib_select_res.hlsl>
BEGIN TEST(S): </Users/cbieneman/dev/DirectXShaderCompiler/tools/clang/test/HLSL/../HLSLFileCheck/shader_targets/library/lib_mat_entry7.hlsl>
END TEST(S): </Users/cbieneman/dev/DirectXShaderCompiler/tools/clang/test/HLSL/../HLSLFileCheck/shader_targets/library/lib_mat_entry7.hlsl>
BEGIN TEST(S): </Users/cbieneman/dev/DirectXShaderCompiler/tools/clang/test/HLSL/../HLSLFileCheck/shader_targets/library/lib_cs_entry3.hlsl>
END TEST(S): </Users/cbieneman/dev/DirectXShaderCompiler/tools/clang/test/HLSL/../HLSLFileCheck/shader_targets/library/lib_cs_entry3.hlsl>
BEGIN TEST(S): </Users/cbieneman/dev/DirectXShaderCompiler/tools/clang/test/HLSL/../HLSLFileCheck/shader_targets/library/lib_out_undef.hlsl>
END TEST(S): </Users/cbieneman/dev/DirectXShaderCompiler/tools/clang/test/HLSL/../HLSLFileCheck/shader_targets/library/lib_out_undef.hlsl>
BEGIN TEST(S): </Users/cbieneman/dev/DirectXShaderCompiler/tools/clang/test/HLSL/../HLSLFileCheck/shader_targets/library/lib_arg_flatten/lib_arg_flatten4.hlsl>
END TEST(S): </Users/cbieneman/dev/DirectXShaderCompiler/tools/clang/test/HLSL/../HLSLFileCheck/shader_targets/library/lib_arg_flatten/lib_arg_flatten4.hlsl>
BEGIN TEST(S): </Users/cbieneman/dev/DirectXShaderCompiler/tools/clang/test/HLSL/../HLSLFileCheck/shader_targets/library/lib_arg_flatten/lib_arg_flatten3.hlsl>
END TEST(S): </Users/cbieneman/dev/DirectXShaderCompiler/tools/clang/test/HLSL/../HLSLFileCheck/shader_targets/library/lib_arg_flatten/lib_arg_flatten3.hlsl>
BEGIN TEST(S): </Users/cbieneman/dev/DirectXShaderCompiler/tools/clang/test/HLSL/../HLSLFileCheck/shader_targets/library/lib_arg_flatten/lib_arg_flatten2.hlsl>
END TEST(S): </Users/cbieneman/dev/DirectXShaderCompiler/tools/clang/test/HLSL/../HLSLFileCheck/shader_targets/library/lib_arg_flatten/lib_arg_flatten2.hlsl>
BEGIN TEST(S): </Users/cbieneman/dev/DirectXShaderCompiler/tools/clang/test/HLSL/../HLSLFileCheck/shader_targets/library/lib_arg_flatten/lib_arg_flatten.hlsl>
END TEST(S): </Users/cbieneman/dev/DirectXShaderCompiler/tools/clang/test/HLSL/../HLSLFileCheck/shader_targets/library/lib_arg_flatten/lib_arg_flatten.hlsl>
BEGIN TEST(S): </Users/cbieneman/dev/DirectXShaderCompiler/tools/clang/test/HLSL/../HLSLFileCheck/shader_targets/library/lib_arg_flatten/lib_ret_struct.hlsl>
END TEST(S): </Users/cbieneman/dev/DirectXShaderCompiler/tools/clang/test/HLSL/../HLSLFileCheck/shader_targets/library/lib_arg_flatten/lib_ret_struct.hlsl>
BEGIN TEST(S): </Users/cbieneman/dev/DirectXShaderCompiler/tools/clang/test/HLSL/../HLSLFileCheck/shader_targets/library/lib_arg_flatten/lib_empty_struct_arg.hlsl>
END TEST(S): </Users/cbieneman/dev/DirectXShaderCompiler/tools/clang/test/HLSL/../HLSLFileCheck/shader_targets/library/lib_arg_flatten/lib_empty_struct_arg.hlsl>
BEGIN TEST(S): </Users/cbieneman/dev/DirectXShaderCompiler/tools/clang/test/HLSL/../HLSLFileCheck/shader_targets/library/inout_struct_mismatch-strictudt.hlsl>
END TEST(S): </Users/cbieneman/dev/DirectXShaderCompiler/tools/clang/test/HLSL/../HLSLFileCheck/shader_targets/library/inout_struct_mismatch-strictudt.hlsl>
BEGIN TEST(S): </Users/cbieneman/dev/DirectXShaderCompiler/tools/clang/test/HLSL/../HLSLFileCheck/shader_targets/library/lib_res_param_x.hlsl>
END TEST(S): </Users/cbieneman/dev/DirectXShaderCompiler/tools/clang/test/HLSL/../HLSLFileCheck/shader_targets/library/lib_res_param_x.hlsl>
BEGIN TEST(S): </Users/cbieneman/dev/DirectXShaderCompiler/tools/clang/test/HLSL/../HLSLFileCheck/shader_targets/library/lib_out_param_res_imp.hlsl>
END TEST(S): </Users/cbieneman/dev/DirectXShaderCompiler/tools/clang/test/HLSL/../HLSLFileCheck/shader_targets/library/lib_out_param_res_imp.hlsl>
BEGIN TEST(S): </Users/cbieneman/dev/DirectXShaderCompiler/tools/clang/test/HLSL/../HLSLFileCheck/shader_targets/library/lib_resource.hlsl>
END TEST(S): </Users/cbieneman/dev/DirectXShaderCompiler/tools/clang/test/HLSL/../HLSLFileCheck/shader_targets/library/lib_resource.hlsl>
BEGIN TEST(S): </Users/cbieneman/dev/DirectXShaderCompiler/tools/clang/test/HLSL/../HLSLFileCheck/shader_targets/library/lib_res_sel.hlsl>
END TEST(S): </Users/cbieneman/dev/DirectXShaderCompiler/tools/clang/test/HLSL/../HLSLFileCheck/shader_targets/library/lib_res_sel.hlsl>
BEGIN TEST(S): </Users/cbieneman/dev/DirectXShaderCompiler/tools/clang/test/HLSL/../HLSLFileCheck/shader_targets/library/lib_mat_array.hlsl>
END TEST(S): </Users/cbieneman/dev/DirectXShaderCompiler/tools/clang/test/HLSL/../HLSLFileCheck/shader_targets/library/lib_mat_array.hlsl>
BEGIN TEST(S): </Users/cbieneman/dev/DirectXShaderCompiler/tools/clang/test/HLSL/../HLSLFileCheck/shader_targets/library/inout_struct_mismatch.hlsl>
END TEST(S): </Users/cbieneman/dev/DirectXShaderCompiler/tools/clang/test/HLSL/../HLSLFileCheck/shader_targets/library/inout_struct_mismatch.hlsl>
BEGIN TEST(S): </Users/cbieneman/dev/DirectXShaderCompiler/tools/clang/test/HLSL/../HLSLFileCheck/shader_targets/library/lib-copy-vec.hlsl>
END TEST(S): </Users/cbieneman/dev/DirectXShaderCompiler/tools/clang/test/HLSL/../HLSLFileCheck/shader_targets/library/lib-copy-vec.hlsl>
BEGIN TEST(S): </Users/cbieneman/dev/DirectXShaderCompiler/tools/clang/test/HLSL/../HLSLFileCheck/shader_targets/library/lib_mat_entry2.hlsl>
END TEST(S): </Users/cbieneman/dev/DirectXShaderCompiler/tools/clang/test/HLSL/../HLSLFileCheck/shader_targets/library/lib_mat_entry2.hlsl>
BEGIN TEST(S): </Users/cbieneman/dev/DirectXShaderCompiler/tools/clang/test/HLSL/../HLSLFileCheck/shader_targets/library/lib_shaders_only.hlsl>
END TEST(S): </Users/cbieneman/dev/DirectXShaderCompiler/tools/clang/test/HLSL/../HLSLFileCheck/shader_targets/library/lib_shaders_only.hlsl>
BEGIN TEST(S): </Users/cbieneman/dev/DirectXShaderCompiler/tools/clang/test/HLSL/../HLSLFileCheck/shader_targets/library/vec_array_param.hlsl>
END TEST(S): </Users/cbieneman/dev/DirectXShaderCompiler/tools/clang/test/HLSL/../HLSLFileCheck/shader_targets/library/vec_array_param.hlsl>
BEGIN TEST(S): </Users/cbieneman/dev/DirectXShaderCompiler/tools/clang/test/HLSL/../HLSLFileCheck/shader_targets/library/lib_mat_cast.hlsl>
END TEST(S): </Users/cbieneman/dev/DirectXShaderCompiler/tools/clang/test/HLSL/../HLSLFileCheck/shader_targets/library/lib_mat_cast.hlsl>
BEGIN TEST(S): </Users/cbieneman/dev/DirectXShaderCompiler/tools/clang/test/HLSL/../HLSLFileCheck/shader_targets/library/lib_default_linkage_internal.hlsl>
END TEST(S): </Users/cbieneman/dev/DirectXShaderCompiler/tools/clang/test/HLSL/../HLSLFileCheck/shader_targets/library/lib_default_linkage_internal.hlsl>
BEGIN TEST(S): </Users/cbieneman/dev/DirectXShaderCompiler/tools/clang/test/HLSL/../HLSLFileCheck/shader_targets/library/lib_no_alias.hlsl>
END TEST(S): </Users/cbieneman/dev/DirectXShaderCompiler/tools/clang/test/HLSL/../HLSLFileCheck/shader_targets/library/lib_no_alias.hlsl>
BEGIN TEST(S): </Users/cbieneman/dev/DirectXShaderCompiler/tools/clang/test/HLSL/../HLSLFileCheck/shader_targets/library/lib_default_linkage_external.hlsl>
END TEST(S): </Users/cbieneman/dev/DirectXShaderCompiler/tools/clang/test/HLSL/../HLSLFileCheck/shader_targets/library/lib_default_linkage_external.hlsl>
BEGIN TEST(S): </Users/cbieneman/dev/DirectXShaderCompiler/tools/clang/test/HLSL/../HLSLFileCheck/shader_targets/library/lib_hs_shaders_only.hlsl>
END TEST(S): </Users/cbieneman/dev/DirectXShaderCompiler/tools/clang/test/HLSL/../HLSLFileCheck/shader_targets/library/lib_hs_shaders_only.hlsl>
BEGIN TEST(S): </Users/cbieneman/dev/DirectXShaderCompiler/tools/clang/test/HLSL/../HLSLFileCheck/shader_targets/library/lib_cs_entry.hlsl>
END TEST(S): </Users/cbieneman/dev/DirectXShaderCompiler/tools/clang/test/HLSL/../HLSLFileCheck/shader_targets/library/lib_cs_entry.hlsl>
BEGIN TEST(S): </Users/cbieneman/dev/DirectXShaderCompiler/tools/clang/test/HLSL/../HLSLFileCheck/shader_targets/library/lib_mat_cast2.hlsl>
END TEST(S): </Users/cbieneman/dev/DirectXShaderCompiler/tools/clang/test/HLSL/../HLSLFileCheck/shader_targets/library/lib_mat_cast2.hlsl>
BEGIN TEST(S): </Users/cbieneman/dev/DirectXShaderCompiler/tools/clang/test/HLSL/../HLSLFileCheck/shader_targets/library/lib_no_flat_extern_func.hlsl>
END TEST(S): </Users/cbieneman/dev/DirectXShaderCompiler/tools/clang/test/HLSL/../HLSLFileCheck/shader_targets/library/lib_no_flat_extern_func.hlsl>
BEGIN TEST(S): </Users/cbieneman/dev/DirectXShaderCompiler/tools/clang/test/HLSL/../HLSLFileCheck/shader_targets/library/lib_select_res_x2.hlsl>
END TEST(S): </Users/cbieneman/dev/DirectXShaderCompiler/tools/clang/test/HLSL/../HLSLFileCheck/shader_targets/library/lib_select_res_x2.hlsl>
BEGIN TEST(S): </Users/cbieneman/dev/DirectXShaderCompiler/tools/clang/test/HLSL/../HLSLFileCheck/shader_targets/library/lib_exports_collision1.hlsl>
END TEST(S): </Users/cbieneman/dev/DirectXShaderCompiler/tools/clang/test/HLSL/../HLSLFileCheck/shader_targets/library/lib_exports_collision1.hlsl>
BEGIN TEST(S): </Users/cbieneman/dev/DirectXShaderCompiler/tools/clang/test/HLSL/../HLSLFileCheck/shader_targets/library/lib_mat_entry8.hlsl>
END TEST(S): </Users/cbieneman/dev/DirectXShaderCompiler/tools/clang/test/HLSL/../HLSLFileCheck/shader_targets/library/lib_mat_entry8.hlsl>
BEGIN TEST(S): </Users/cbieneman/dev/DirectXShaderCompiler/tools/clang/test/HLSL/../HLSLFileCheck/shader_targets/library/lib_global_ctor_with_export.hlsl>
END TEST(S): </Users/cbieneman/dev/DirectXShaderCompiler/tools/clang/test/HLSL/../HLSLFileCheck/shader_targets/library/lib_global_ctor_with_export.hlsl>
BEGIN TEST(S): </Users/cbieneman/dev/DirectXShaderCompiler/tools/clang/test/HLSL/../HLSLFileCheck/shader_targets/library/lib_ret_res.hlsl>
END TEST(S): </Users/cbieneman/dev/DirectXShaderCompiler/tools/clang/test/HLSL/../HLSLFileCheck/shader_targets/library/lib_ret_res.hlsl>
BEGIN TEST(S): </Users/cbieneman/dev/DirectXShaderCompiler/tools/clang/test/HLSL/../HLSLFileCheck/shader_targets/library/lib_mat_param8.hlsl>
END TEST(S): </Users/cbieneman/dev/DirectXShaderCompiler/tools/clang/test/HLSL/../HLSLFileCheck/shader_targets/library/lib_mat_param8.hlsl>
BEGIN TEST(S): </Users/cbieneman/dev/DirectXShaderCompiler/tools/clang/test/HLSL/../HLSLFileCheck/shader_targets/library/lib_mat_entry4.hlsl>
END TEST(S): </Users/cbieneman/dev/DirectXShaderCompiler/tools/clang/test/HLSL/../HLSLFileCheck/shader_targets/library/lib_mat_entry4.hlsl>
BEGIN TEST(S): </Users/cbieneman/dev/DirectXShaderCompiler/tools/clang/test/HLSL/../HLSLFileCheck/shader_targets/library/link_multi_traceray.hlsl>
END TEST(S): </Users/cbieneman/dev/DirectXShaderCompiler/tools/clang/test/HLSL/../HLSLFileCheck/shader_targets/library/link_multi_traceray.hlsl>
BEGIN TEST(S): </Users/cbieneman/dev/DirectXShaderCompiler/tools/clang/test/HLSL/../HLSLFileCheck/shader_targets/library/lib_default_linkage_6_x.hlsl>
END TEST(S): </Users/cbieneman/dev/DirectXShaderCompiler/tools/clang/test/HLSL/../HLSLFileCheck/shader_targets/library/lib_default_linkage_6_x.hlsl>
BEGIN TEST(S): </Users/cbieneman/dev/DirectXShaderCompiler/tools/clang/test/HLSL/../HLSLFileCheck/shader_targets/library/lib_entries.hlsl>
END TEST(S): </Users/cbieneman/dev/DirectXShaderCompiler/tools/clang/test/HLSL/../HLSLFileCheck/shader_targets/library/lib_entries.hlsl>
BEGIN TEST(S): </Users/cbieneman/dev/DirectXShaderCompiler/tools/clang/test/HLSL/../HLSLFileCheck/shader_targets/library/lib_mat_entry5.hlsl>
END TEST(S): </Users/cbieneman/dev/DirectXShaderCompiler/tools/clang/test/HLSL/../HLSLFileCheck/shader_targets/library/lib_mat_entry5.hlsl>
BEGIN TEST(S): </Users/cbieneman/dev/DirectXShaderCompiler/tools/clang/test/HLSL/../HLSLFileCheck/shader_targets/library/lib_unresolved_func2.hlsl>
END TEST(S): </Users/cbieneman/dev/DirectXShaderCompiler/tools/clang/test/HLSL/../HLSLFileCheck/shader_targets/library/lib_unresolved_func2.hlsl>
BEGIN TEST(S): </Users/cbieneman/dev/DirectXShaderCompiler/tools/clang/test/HLSL/../HLSLFileCheck/shader_targets/library/lib_select_res_x.hlsl>
END TEST(S): </Users/cbieneman/dev/DirectXShaderCompiler/tools/clang/test/HLSL/../HLSLFileCheck/shader_targets/library/lib_select_res_x.hlsl>
BEGIN TEST(S): </Users/cbieneman/dev/DirectXShaderCompiler/tools/clang/test/HLSL/../HLSLFileCheck/shader_targets/library/lib_remove_res.hlsl>
END TEST(S): </Users/cbieneman/dev/DirectXShaderCompiler/tools/clang/test/HLSL/../HLSLFileCheck/shader_targets/library/lib_remove_res.hlsl>
BEGIN TEST(S): </Users/cbieneman/dev/DirectXShaderCompiler/tools/clang/test/HLSL/../HLSLFileCheck/shader_targets/library/lib_out_param_res.hlsl>
END TEST(S): </Users/cbieneman/dev/DirectXShaderCompiler/tools/clang/test/HLSL/../HLSLFileCheck/shader_targets/library/lib_out_param_res.hlsl>
BEGIN TEST(S): </Users/cbieneman/dev/DirectXShaderCompiler/tools/clang/test/HLSL/../HLSLFileCheck/shader_targets/library/lib_no_vanilla_fn_attributes.hlsl>
END TEST(S): </Users/cbieneman/dev/DirectXShaderCompiler/tools/clang/test/HLSL/../HLSLFileCheck/shader_targets/library/lib_no_vanilla_fn_attributes.hlsl>
BEGIN TEST(S): </Users/cbieneman/dev/DirectXShaderCompiler/tools/clang/test/HLSL/../HLSLFileCheck/shader_targets/library/lib_res_param.hlsl>
END TEST(S): </Users/cbieneman/dev/DirectXShaderCompiler/tools/clang/test/HLSL/../HLSLFileCheck/shader_targets/library/lib_res_param.hlsl>
BEGIN TEST(S): </Users/cbieneman/dev/DirectXShaderCompiler/tools/clang/test/HLSL/../HLSLFileCheck/shader_targets/library/lib_entries2.hlsl>
END TEST(S): </Users/cbieneman/dev/DirectXShaderCompiler/tools/clang/test/HLSL/../HLSLFileCheck/shader_targets/library/lib_entries2.hlsl>
BEGIN TEST(S): </Users/cbieneman/dev/DirectXShaderCompiler/tools/clang/test/HLSL/../HLSLFileCheck/shader_targets/library/lib_unused_func.hlsl>
END TEST(S): </Users/cbieneman/dev/DirectXShaderCompiler/tools/clang/test/HLSL/../HLSLFileCheck/shader_targets/library/lib_unused_func.hlsl>
BEGIN TEST(S): </Users/cbieneman/dev/DirectXShaderCompiler/tools/clang/test/HLSL/../HLSLFileCheck/shader_targets/pixel/effect_skip.hlsl>
END TEST(S): </Users/cbieneman/dev/DirectXShaderCompiler/tools/clang/test/HLSL/../HLSLFileCheck/shader_targets/pixel/effect_skip.hlsl>
BEGIN TEST(S): </Users/cbieneman/dev/DirectXShaderCompiler/tools/clang/test/HLSL/../HLSLFileCheck/shader_targets/pixel/empty.hlsl>
END TEST(S): </Users/cbieneman/dev/DirectXShaderCompiler/tools/clang/test/HLSL/../HLSLFileCheck/shader_targets/pixel/empty.hlsl>
BEGIN TEST(S): </Users/cbieneman/dev/DirectXShaderCompiler/tools/clang/test/HLSL/../HLSLFileCheck/shader_targets/pixel/earlydepthstencil/earlyDepthStencil.hlsl>
END TEST(S): </Users/cbieneman/dev/DirectXShaderCompiler/tools/clang/test/HLSL/../HLSLFileCheck/shader_targets/pixel/earlydepthstencil/earlyDepthStencil.hlsl>
BEGIN TEST(S): </Users/cbieneman/dev/DirectXShaderCompiler/tools/clang/test/HLSL/../HLSLFileCheck/shader_targets/pixel/passthrough2.hlsl>
END TEST(S): </Users/cbieneman/dev/DirectXShaderCompiler/tools/clang/test/HLSL/../HLSLFileCheck/shader_targets/pixel/passthrough2.hlsl>
BEGIN TEST(S): </Users/cbieneman/dev/DirectXShaderCompiler/tools/clang/test/HLSL/../HLSLFileCheck/shader_targets/geometry/streamoutputs/streamout_output_before_input_same_struct.hlsl>
END TEST(S): </Users/cbieneman/dev/DirectXShaderCompiler/tools/clang/test/HLSL/../HLSLFileCheck/shader_targets/geometry/streamoutputs/streamout_output_before_input_same_struct.hlsl>
BEGIN TEST(S): </Users/cbieneman/dev/DirectXShaderCompiler/tools/clang/test/HLSL/../HLSLFileCheck/shader_targets/geometry/streamoutputs/streamout_matrix_all_orientations.hlsl>
END TEST(S): </Users/cbieneman/dev/DirectXShaderCompiler/tools/clang/test/HLSL/../HLSLFileCheck/shader_targets/geometry/streamoutputs/streamout_matrix_all_orientations.hlsl>
BEGIN TEST(S): </Users/cbieneman/dev/DirectXShaderCompiler/tools/clang/test/HLSL/../HLSLFileCheck/shader_targets/geometry/streamoutputs/structured_buffer_getdim_stride.hlsl>
END TEST(S): </Users/cbieneman/dev/DirectXShaderCompiler/tools/clang/test/HLSL/../HLSLFileCheck/shader_targets/geometry/streamoutputs/structured_buffer_getdim_stride.hlsl>
BEGIN TEST(S): </Users/cbieneman/dev/DirectXShaderCompiler/tools/clang/test/HLSL/../HLSLFileCheck/shader_targets/geometry/streamoutputs/streamout_input_before_output_same_struct.hlsl>
END TEST(S): </Users/cbieneman/dev/DirectXShaderCompiler/tools/clang/test/HLSL/../HLSLFileCheck/shader_targets/geometry/streamoutputs/streamout_input_before_output_same_struct.hlsl>
BEGIN TEST(S): </Users/cbieneman/dev/DirectXShaderCompiler/tools/clang/test/HLSL/../HLSLFileCheck/shader_targets/geometry/streamoutputs/streamout_input_before_output_different_structs.hlsl>
END TEST(S): </Users/cbieneman/dev/DirectXShaderCompiler/tools/clang/test/HLSL/../HLSLFileCheck/shader_targets/geometry/streamoutputs/streamout_input_before_output_different_structs.hlsl>
BEGIN TEST(S): </Users/cbieneman/dev/DirectXShaderCompiler/tools/clang/test/HLSL/../HLSLFileCheck/shader_targets/geometry/streamoutputs/streamout_multiple_aggregates.hlsl>
END TEST(S): </Users/cbieneman/dev/DirectXShaderCompiler/tools/clang/test/HLSL/../HLSLFileCheck/shader_targets/geometry/streamoutputs/streamout_multiple_aggregates.hlsl>
BEGIN TEST(S): </Users/cbieneman/dev/DirectXShaderCompiler/tools/clang/test/HLSL/../HLSLFileCheck/shader_targets/geometry/streamoutputs/streamout_output_before_input_different_structs.hlsl>
END TEST(S): </Users/cbieneman/dev/DirectXShaderCompiler/tools/clang/test/HLSL/../HLSLFileCheck/shader_targets/geometry/streamoutputs/streamout_output_before_input_different_structs.hlsl>
BEGIN TEST(S): </Users/cbieneman/dev/DirectXShaderCompiler/tools/clang/test/HLSL/../HLSLFileCheck/shader_targets/geometry/streamoutputs/streamout_output_before_input_different_structs-strictudt.hlsl>
END TEST(S): </Users/cbieneman/dev/DirectXShaderCompiler/tools/clang/test/HLSL/../HLSLFileCheck/shader_targets/geometry/streamoutputs/streamout_output_before_input_different_structs-strictudt.hlsl>
BEGIN TEST(S): </Users/cbieneman/dev/DirectXShaderCompiler/tools/clang/test/HLSL/../HLSLFileCheck/shader_targets/geometry/streamoutputs/streamout_input_before_output_different_structs-strictudt.hlsl>
END TEST(S): </Users/cbieneman/dev/DirectXShaderCompiler/tools/clang/test/HLSL/../HLSLFileCheck/shader_targets/geometry/streamoutputs/streamout_input_before_output_different_structs-strictudt.hlsl>
BEGIN TEST(S): </Users/cbieneman/dev/DirectXShaderCompiler/tools/clang/test/HLSL/../HLSLFileCheck/shader_targets/geometry/multiStreamGS2.hlsl>
END TEST(S): </Users/cbieneman/dev/DirectXShaderCompiler/tools/clang/test/HLSL/../HLSLFileCheck/shader_targets/geometry/multiStreamGS2.hlsl>
BEGIN TEST(S): </Users/cbieneman/dev/DirectXShaderCompiler/tools/clang/test/HLSL/../HLSLFileCheck/shader_targets/geometry/gs_precise_output.hlsl>
END TEST(S): </Users/cbieneman/dev/DirectXShaderCompiler/tools/clang/test/HLSL/../HLSLFileCheck/shader_targets/geometry/gs_precise_output.hlsl>
BEGIN TEST(S): </Users/cbieneman/dev/DirectXShaderCompiler/tools/clang/test/HLSL/../HLSLFileCheck/shader_targets/geometry/multiStreamGS.hlsl>
END TEST(S): </Users/cbieneman/dev/DirectXShaderCompiler/tools/clang/test/HLSL/../HLSLFileCheck/shader_targets/geometry/multiStreamGS.hlsl>
BEGIN TEST(S): </Users/cbieneman/dev/DirectXShaderCompiler/tools/clang/test/HLSL/../HLSLFileCheck/shader_targets/geometry/semantic_on_parameter.hlsl>
END TEST(S): </Users/cbieneman/dev/DirectXShaderCompiler/tools/clang/test/HLSL/../HLSLFileCheck/shader_targets/geometry/semantic_on_parameter.hlsl>
BEGIN TEST(S): </Users/cbieneman/dev/DirectXShaderCompiler/tools/clang/test/HLSL/../HLSLFileCheck/shader_targets/vertex/passthrough1.hlsl>
END TEST(S): </Users/cbieneman/dev/DirectXShaderCompiler/tools/clang/test/HLSL/../HLSLFileCheck/shader_targets/vertex/passthrough1.hlsl>
BEGIN TEST(S): </Users/cbieneman/dev/DirectXShaderCompiler/tools/clang/test/HLSL/../HLSLFileCheck/shader_targets/raytracing/raytracing_accept_ignore_hit.hlsl>
END TEST(S): </Users/cbieneman/dev/DirectXShaderCompiler/tools/clang/test/HLSL/../HLSLFileCheck/shader_targets/raytracing/raytracing_accept_ignore_hit.hlsl>
BEGIN TEST(S): </Users/cbieneman/dev/DirectXShaderCompiler/tools/clang/test/HLSL/../HLSLFileCheck/shader_targets/raytracing/raytracing_attr_struct.hlsl>
END TEST(S): </Users/cbieneman/dev/DirectXShaderCompiler/tools/clang/test/HLSL/../HLSLFileCheck/shader_targets/raytracing/raytracing_attr_struct.hlsl>
BEGIN TEST(S): </Users/cbieneman/dev/DirectXShaderCompiler/tools/clang/test/HLSL/../HLSLFileCheck/shader_targets/raytracing/raytracing_anyhit_wave.hlsl>
END TEST(S): </Users/cbieneman/dev/DirectXShaderCompiler/tools/clang/test/HLSL/../HLSLFileCheck/shader_targets/raytracing/raytracing_anyhit_wave.hlsl>
BEGIN TEST(S): </Users/cbieneman/dev/DirectXShaderCompiler/tools/clang/test/HLSL/../HLSLFileCheck/shader_targets/raytracing/raytracing_anyhit_geometryIndex.hlsl>
END TEST(S): </Users/cbieneman/dev/DirectXShaderCompiler/tools/clang/test/HLSL/../HLSLFileCheck/shader_targets/raytracing/raytracing_anyhit_geometryIndex.hlsl>
BEGIN TEST(S): </Users/cbieneman/dev/DirectXShaderCompiler/tools/clang/test/HLSL/../HLSLFileCheck/shader_targets/raytracing/raytracing_anyhit_ignore_hit.hlsl>
END TEST(S): </Users/cbieneman/dev/DirectXShaderCompiler/tools/clang/test/HLSL/../HLSLFileCheck/shader_targets/raytracing/raytracing_anyhit_ignore_hit.hlsl>
BEGIN TEST(S): </Users/cbieneman/dev/DirectXShaderCompiler/tools/clang/test/HLSL/../HLSLFileCheck/shader_targets/raytracing/raytracing_builtin.hlsl>
END TEST(S): </Users/cbieneman/dev/DirectXShaderCompiler/tools/clang/test/HLSL/../HLSLFileCheck/shader_targets/raytracing/raytracing_builtin.hlsl>
BEGIN TEST(S): </Users/cbieneman/dev/DirectXShaderCompiler/tools/clang/test/HLSL/../HLSLFileCheck/shader_targets/raytracing/raytracing_callable_wave.hlsl>
END TEST(S): </Users/cbieneman/dev/DirectXShaderCompiler/tools/clang/test/HLSL/../HLSLFileCheck/shader_targets/raytracing/raytracing_callable_wave.hlsl>
BEGIN TEST(S): </Users/cbieneman/dev/DirectXShaderCompiler/tools/clang/test/HLSL/../HLSLFileCheck/shader_targets/raytracing/raytracing_raydesc_from_cbuffer.hlsl>
END TEST(S): </Users/cbieneman/dev/DirectXShaderCompiler/tools/clang/test/HLSL/../HLSLFileCheck/shader_targets/raytracing/raytracing_raydesc_from_cbuffer.hlsl>
BEGIN TEST(S): </Users/cbieneman/dev/DirectXShaderCompiler/tools/clang/test/HLSL/../HLSLFileCheck/shader_targets/raytracing/subobjects_raytracingPipelineConfig1.hlsl>
END TEST(S): </Users/cbieneman/dev/DirectXShaderCompiler/tools/clang/test/HLSL/../HLSLFileCheck/shader_targets/raytracing/subobjects_raytracingPipelineConfig1.hlsl>
BEGIN TEST(S): </Users/cbieneman/dev/DirectXShaderCompiler/tools/clang/test/HLSL/../HLSLFileCheck/shader_targets/raytracing/raytracing_reporthit.hlsl>
END TEST(S): </Users/cbieneman/dev/DirectXShaderCompiler/tools/clang/test/HLSL/../HLSLFileCheck/shader_targets/raytracing/raytracing_reporthit.hlsl>
BEGIN TEST(S): </Users/cbieneman/dev/DirectXShaderCompiler/tools/clang/test/HLSL/../HLSLFileCheck/shader_targets/raytracing/raytracing_derived_payload.hlsl>
END TEST(S): </Users/cbieneman/dev/DirectXShaderCompiler/tools/clang/test/HLSL/../HLSLFileCheck/shader_targets/raytracing/raytracing_derived_payload.hlsl>
BEGIN TEST(S): </Users/cbieneman/dev/DirectXShaderCompiler/tools/clang/test/HLSL/../HLSLFileCheck/shader_targets/raytracing/raytracing_intersection.hlsl>
END TEST(S): </Users/cbieneman/dev/DirectXShaderCompiler/tools/clang/test/HLSL/../HLSLFileCheck/shader_targets/raytracing/raytracing_intersection.hlsl>
BEGIN TEST(S): </Users/cbieneman/dev/DirectXShaderCompiler/tools/clang/test/HLSL/../HLSLFileCheck/shader_targets/raytracing/raytracing_callshader.hlsl>
END TEST(S): </Users/cbieneman/dev/DirectXShaderCompiler/tools/clang/test/HLSL/../HLSLFileCheck/shader_targets/raytracing/raytracing_callshader.hlsl>
BEGIN TEST(S): </Users/cbieneman/dev/DirectXShaderCompiler/tools/clang/test/HLSL/../HLSLFileCheck/shader_targets/raytracing/raytracing_closesthit_numeric.hlsl>
END TEST(S): </Users/cbieneman/dev/DirectXShaderCompiler/tools/clang/test/HLSL/../HLSLFileCheck/shader_targets/raytracing/raytracing_closesthit_numeric.hlsl>
BEGIN TEST(S): </Users/cbieneman/dev/DirectXShaderCompiler/tools/clang/test/HLSL/../HLSLFileCheck/shader_targets/raytracing/raytracing_closesthit.hlsl>
END TEST(S): </Users/cbieneman/dev/DirectXShaderCompiler/tools/clang/test/HLSL/../HLSLFileCheck/shader_targets/raytracing/raytracing_closesthit.hlsl>
BEGIN TEST(S): </Users/cbieneman/dev/DirectXShaderCompiler/tools/clang/test/HLSL/../HLSLFileCheck/shader_targets/raytracing/raytracing_traceray.hlsl>
END TEST(S): </Users/cbieneman/dev/DirectXShaderCompiler/tools/clang/test/HLSL/../HLSLFileCheck/shader_targets/raytracing/raytracing_traceray.hlsl>
BEGIN TEST(S): </Users/cbieneman/dev/DirectXShaderCompiler/tools/clang/test/HLSL/../HLSLFileCheck/shader_targets/raytracing/raytracing_sgv_transforms4x3.hlsl>
END TEST(S): </Users/cbieneman/dev/DirectXShaderCompiler/tools/clang/test/HLSL/../HLSLFileCheck/shader_targets/raytracing/raytracing_sgv_transforms4x3.hlsl>
BEGIN TEST(S): </Users/cbieneman/dev/DirectXShaderCompiler/tools/clang/test/HLSL/../HLSLFileCheck/shader_targets/raytracing/raytracing_sgv_intrin.hlsl>
END TEST(S): </Users/cbieneman/dev/DirectXShaderCompiler/tools/clang/test/HLSL/../HLSLFileCheck/shader_targets/raytracing/raytracing_sgv_intrin.hlsl>
BEGIN TEST(S): </Users/cbieneman/dev/DirectXShaderCompiler/tools/clang/test/HLSL/../HLSLFileCheck/shader_targets/raytracing/subobjects.hlsl>
END TEST(S): </Users/cbieneman/dev/DirectXShaderCompiler/tools/clang/test/HLSL/../HLSLFileCheck/shader_targets/raytracing/subobjects.hlsl>
BEGIN TEST(S): </Users/cbieneman/dev/DirectXShaderCompiler/tools/clang/test/HLSL/../HLSLFileCheck/shader_targets/raytracing/raytracing_raygeneration_wave.hlsl>
END TEST(S): </Users/cbieneman/dev/DirectXShaderCompiler/tools/clang/test/HLSL/../HLSLFileCheck/shader_targets/raytracing/raytracing_raygeneration_wave.hlsl>
BEGIN TEST(S): </Users/cbieneman/dev/DirectXShaderCompiler/tools/clang/test/HLSL/../HLSLFileCheck/shader_targets/raytracing/raytracing_miss_wave.hlsl>
END TEST(S): </Users/cbieneman/dev/DirectXShaderCompiler/tools/clang/test/HLSL/../HLSLFileCheck/shader_targets/raytracing/raytracing_miss_wave.hlsl>
BEGIN TEST(S): </Users/cbieneman/dev/DirectXShaderCompiler/tools/clang/test/HLSL/../HLSLFileCheck/shader_targets/raytracing/raytracing_intersection_geometryIndex.hlsl>
END TEST(S): </Users/cbieneman/dev/DirectXShaderCompiler/tools/clang/test/HLSL/../HLSLFileCheck/shader_targets/raytracing/raytracing_intersection_geometryIndex.hlsl>
BEGIN TEST(S): </Users/cbieneman/dev/DirectXShaderCompiler/tools/clang/test/HLSL/../HLSLFileCheck/shader_targets/raytracing/precise_payload.hlsl>
END TEST(S): </Users/cbieneman/dev/DirectXShaderCompiler/tools/clang/test/HLSL/../HLSLFileCheck/shader_targets/raytracing/precise_payload.hlsl>
BEGIN TEST(S): </Users/cbieneman/dev/DirectXShaderCompiler/tools/clang/test/HLSL/../HLSLFileCheck/shader_targets/raytracing/raytracing_payload_struct.hlsl>
END TEST(S): </Users/cbieneman/dev/DirectXShaderCompiler/tools/clang/test/HLSL/../HLSLFileCheck/shader_targets/raytracing/raytracing_payload_struct.hlsl>
BEGIN TEST(S): </Users/cbieneman/dev/DirectXShaderCompiler/tools/clang/test/HLSL/../HLSLFileCheck/shader_targets/raytracing/raytracing_closesthit_wave.hlsl>
END TEST(S): </Users/cbieneman/dev/DirectXShaderCompiler/tools/clang/test/HLSL/../HLSLFileCheck/shader_targets/raytracing/raytracing_closesthit_wave.hlsl>
BEGIN TEST(S): </Users/cbieneman/dev/DirectXShaderCompiler/tools/clang/test/HLSL/../HLSLFileCheck/shader_targets/raytracing/raytracing_callable.hlsl>
END TEST(S): </Users/cbieneman/dev/DirectXShaderCompiler/tools/clang/test/HLSL/../HLSLFileCheck/shader_targets/raytracing/raytracing_callable.hlsl>
BEGIN TEST(S): </Users/cbieneman/dev/DirectXShaderCompiler/tools/clang/test/HLSL/../HLSLFileCheck/shader_targets/raytracing/raytracing_intersection_wave.hlsl>
END TEST(S): </Users/cbieneman/dev/DirectXShaderCompiler/tools/clang/test/HLSL/../HLSLFileCheck/shader_targets/raytracing/raytracing_intersection_wave.hlsl>
BEGIN TEST(S): </Users/cbieneman/dev/DirectXShaderCompiler/tools/clang/test/HLSL/../HLSLFileCheck/shader_targets/raytracing/raytracing_accept_ignore_hit_fail_lib.hlsl>
END TEST(S): </Users/cbieneman/dev/DirectXShaderCompiler/tools/clang/test/HLSL/../HLSLFileCheck/shader_targets/raytracing/raytracing_accept_ignore_hit_fail_lib.hlsl>
BEGIN TEST(S): </Users/cbieneman/dev/DirectXShaderCompiler/tools/clang/test/HLSL/../HLSLFileCheck/shader_targets/raytracing/no-phi-on-res.hlsl>
END TEST(S): </Users/cbieneman/dev/DirectXShaderCompiler/tools/clang/test/HLSL/../HLSLFileCheck/shader_targets/raytracing/no-phi-on-res.hlsl>
BEGIN TEST(S): </Users/cbieneman/dev/DirectXShaderCompiler/tools/clang/test/HLSL/../HLSLFileCheck/shader_targets/raytracing/raytracing_sgv_transforms3x4.hlsl>
END TEST(S): </Users/cbieneman/dev/DirectXShaderCompiler/tools/clang/test/HLSL/../HLSLFileCheck/shader_targets/raytracing/raytracing_sgv_transforms3x4.hlsl>
BEGIN TEST(S): </Users/cbieneman/dev/DirectXShaderCompiler/tools/clang/test/HLSL/../HLSLFileCheck/shader_targets/raytracing/raytracing_sgv_transforms.hlsl>
END TEST(S): </Users/cbieneman/dev/DirectXShaderCompiler/tools/clang/test/HLSL/../HLSLFileCheck/shader_targets/raytracing/raytracing_sgv_transforms.hlsl>
BEGIN TEST(S): </Users/cbieneman/dev/DirectXShaderCompiler/tools/clang/test/HLSL/../HLSLFileCheck/shader_targets/raytracing/raytracing_miss_ret.hlsl>
END TEST(S): </Users/cbieneman/dev/DirectXShaderCompiler/tools/clang/test/HLSL/../HLSLFileCheck/shader_targets/raytracing/raytracing_miss_ret.hlsl>
BEGIN TEST(S): </Users/cbieneman/dev/DirectXShaderCompiler/tools/clang/test/HLSL/../HLSLFileCheck/shader_targets/raytracing/raytracing_udt_sizes.hlsl>
END TEST(S): </Users/cbieneman/dev/DirectXShaderCompiler/tools/clang/test/HLSL/../HLSLFileCheck/shader_targets/raytracing/raytracing_udt_sizes.hlsl>
BEGIN TEST(S): </Users/cbieneman/dev/DirectXShaderCompiler/tools/clang/test/HLSL/../HLSLFileCheck/shader_targets/raytracing/raytracing_anyhit.hlsl>
END TEST(S): </Users/cbieneman/dev/DirectXShaderCompiler/tools/clang/test/HLSL/../HLSLFileCheck/shader_targets/raytracing/raytracing_anyhit.hlsl>
BEGIN TEST(S): </Users/cbieneman/dev/DirectXShaderCompiler/tools/clang/test/HLSL/../HLSLFileCheck/shader_targets/raytracing/raytracing_traceray_readback.hlsl>
END TEST(S): </Users/cbieneman/dev/DirectXShaderCompiler/tools/clang/test/HLSL/../HLSLFileCheck/shader_targets/raytracing/raytracing_traceray_readback.hlsl>
BEGIN TEST(S): </Users/cbieneman/dev/DirectXShaderCompiler/tools/clang/test/HLSL/../HLSLFileCheck/shader_targets/raytracing/raytracing_anyhit_accept_hit.hlsl>
END TEST(S): </Users/cbieneman/dev/DirectXShaderCompiler/tools/clang/test/HLSL/../HLSLFileCheck/shader_targets/raytracing/raytracing_anyhit_accept_hit.hlsl>
BEGIN TEST(S): </Users/cbieneman/dev/DirectXShaderCompiler/tools/clang/test/HLSL/../HLSLFileCheck/shader_targets/raytracing/raytracing_miss.hlsl>
END TEST(S): </Users/cbieneman/dev/DirectXShaderCompiler/tools/clang/test/HLSL/../HLSLFileCheck/shader_targets/raytracing/raytracing_miss.hlsl>
BEGIN TEST(S): </Users/cbieneman/dev/DirectXShaderCompiler/tools/clang/test/HLSL/../HLSLFileCheck/shader_targets/raytracing/raytracing_raygeneration.hlsl>
END TEST(S): </Users/cbieneman/dev/DirectXShaderCompiler/tools/clang/test/HLSL/../HLSLFileCheck/shader_targets/raytracing/raytracing_raygeneration.hlsl>
BEGIN TEST(S): </Users/cbieneman/dev/DirectXShaderCompiler/tools/clang/test/HLSL/../HLSLFileCheck/shader_targets/raytracing/raytracing_closesthit_geometryIndex.hlsl>
END TEST(S): </Users/cbieneman/dev/DirectXShaderCompiler/tools/clang/test/HLSL/../HLSLFileCheck/shader_targets/raytracing/raytracing_closesthit_geometryIndex.hlsl>

********************
Testing: 0 .. 10.. 20.. 30.. 40.. 50.. 60.. 70.. 80.. 90..
FAIL: Clang-Unit :: HLSL/ClangHLSLTests/CompilerTest.BatchHLSL (4644 of 4645)
******************** TEST 'Clang-Unit :: HLSL/ClangHLSLTests/CompilerTest.BatchHLSL' FAILED ********************
Note: Google Test filter = CompilerTest.BatchHLSL
[==========] Running 1 test from 1 test case.
[----------] Global test environment set-up.
[----------] 1 test from CompilerTest
// RUN: %dxc /T vs_6_0 /E main  %s | FileCheck %s
Prior (0): %dxc /T vs_6_0 /E main  %s 
Error (1): FileCheck %s
/Users/cbieneman/dev/DirectXShaderCompiler/tools/clang/test/HLSL/../HLSLFileCheck/hlsl/types/modifiers/matrix_packing/pragma_granularity_template_syntax.hlsl:21:12: error: expected string not found in input
 // CHECK: call void @dx.op.storeOutput.i32(i32 5, i32 0, i32 0, i8 1, i32 12)
           ^
<stdin>:61:70: note: scanning from here
 call void @dx.op.storeOutput.i32(i32 5, i32 0, i32 0, i8 0, i32 11) ; StoreOutput(outputSigId,rowIndex,colIndex,value)
                                                                     ^
<stdin>:62:2: note: possible intended match here
 call void @dx.op.storeOutput.i32(i32 5, i32 0, i32 0, i8 1, i32 21) ; StoreOutput(outputSigId,rowIndex,colIndex,value)
 ^

<full input to FileCheck>
;
; Input signature:
;
; Name                 Index   Mask Register SysValue  Format   Used
; -------------------- ----- ------ -------- -------- ------- ------
; no parameters
;
; Output signature:
;
; Name                 Index   Mask Register SysValue  Format   Used
; -------------------- ----- ------ -------- -------- ------- ------
; OUT                      0   xy          0     NONE     int   xy  
; OUT                      1   xy          1     NONE     int   xy  
;
; shader hash: cb608a5d5f314c80dcfcbb464528803b
;
; Pipeline Runtime Information: 
;
;PSVRuntimeInfo:
; Vertex Shader
; OutputPositionPresent=0
; MinimumExpectedWaveLaneCount: 0
; MaximumExpectedWaveLaneCount: 4294967295
; UsesViewID: false
; SigInputElements: 0
; SigOutputElements: 1
; SigPatchConstOrPrimElements: 0
; SigInputVectors: 0
; SigOutputVectors[0]: 2
; SigOutputVectors[1]: 0
; SigOutputVectors[2]: 0
; SigOutputVectors[3]: 0
; EntryFunctionName: main
;
;
; Output signature:
;
; Name                 Index             InterpMode DynIdx
; -------------------- ----- ---------------------- ------
; OUT                      0        nointerpolation       
;
; Buffer Definitions:
;
;
; Resource Bindings:
;
; Name                                 Type  Format         Dim      ID      HLSL Bind  Count
; ------------------------------ ---------- ------- ----------- ------- -------------- ------
;
;
; ViewId state:
;
; Number of inputs: 0, outputs: 6
; Outputs dependent on ViewId: {  }
; Inputs contributing to computation of Outputs:
;
target datalayout = "e-m:e-p:32:32-i1:32-i8:32-i16:32-i32:32-i64:64-f16:32-f32:32-f64:64-n8:16:32:64"
target triple = "dxil-ms-dx"

define void @main() {
  call void @dx.op.storeOutput.i32(i32 5, i32 0, i32 0, i8 0, i32 11)  ; StoreOutput(outputSigId,rowIndex,colIndex,value)
  call void @dx.op.storeOutput.i32(i32 5, i32 0, i32 0, i8 1, i32 21)  ; StoreOutput(outputSigId,rowIndex,colIndex,value)
  call void @dx.op.storeOutput.i32(i32 5, i32 0, i32 1, i8 0, i32 12)  ; StoreOutput(outputSigId,rowIndex,colIndex,value)
  call void @dx.op.storeOutput.i32(i32 5, i32 0, i32 1, i8 1, i32 22)  ; StoreOutput(outputSigId,rowIndex,colIndex,value)
  ret void
}

; Function Attrs: nounwind
declare void @dx.op.storeOutput.i32(i32, i32, i32, i8, i32) #0

attributes #0 = { nounwind }

!llvm.ident = !{!0}
!dx.version = !{!1}
!dx.valver = !{!2}
!dx.shaderModel = !{!3}
!dx.typeAnnotations = !{!4}
!dx.viewIdState = !{!8}
!dx.entryPoints = !{!9}

!0 = !{!"dxc(private) 1.9.0.15336 (main, c7634614682)"}
!1 = !{i32 1, i32 0}
!2 = !{i32 1, i32 10}
!3 = !{!"vs", i32 6, i32 0}
!4 = !{i32 1, void ()* @main, !5}
!5 = !{!6}
!6 = !{i32 0, !7, !7}
!7 = !{}
!8 = !{[2 x i32] [i32 0, i32 6]}
!9 = !{void ()* @main, !"main", !10, null, null}
!10 = !{null, !11, null}
!11 = !{!12}
!12 = !{i32 0, !"OUT", i8 4, i8 0, !13, i8 1, i32 2, i8 2, i32 0, i8 0, !14}
!13 = !{i32 0, i32 1}
!14 = !{i32 3, i32 3}

/Users/cbieneman/dev/DirectXShaderCompiler/include/dxc/Test/WEXAdapter.h:189: Failure
Failed
// RUN: %dxc /T vs_6_0 /E main  %s | FileCheck %s
Prior (0): %dxc /T vs_6_0 /E main  %s 
Error (1): FileCheck %s
/Users/cbieneman/dev/DirectXShaderCompiler/tools/clang/test/HLSL/../HLSLFileCheck/hlsl/types/modifiers/matrix_packing/pragma_granularity.hlsl:23:12: error: expected string not found in input
 // CHECK: call void @dx.op.storeOutput.i32(i32 5, i32 0, i32 0, i8 1, i32 12)
           ^
<stdin>:61:70: note: scanning from here
 call void @dx.op.storeOutput.i32(i32 5, i32 0, i32 0, i8 0, i32 11) ; StoreOutput(outputSigId,rowIndex,colIndex,value)
                                                                     ^
<stdin>:62:2: note: possible intended match here
 call void @dx.op.storeOutput.i32(i32 5, i32 0, i32 0, i8 1, i32 21) ; StoreOutput(outputSigId,rowIndex,colIndex,value)
 ^

<full input to FileCheck>
;
; Input signature:
;
; Name                 Index   Mask Register SysValue  Format   Used
; -------------------- ----- ------ -------- -------- ------- ------
; no parameters
;
; Output signature:
;
; Name                 Index   Mask Register SysValue  Format   Used
; -------------------- ----- ------ -------- -------- ------- ------
; OUT                      0   xy          0     NONE     int   xy  
; OUT                      1   xy          1     NONE     int   xy  
;
; shader hash: cb608a5d5f314c80dcfcbb464528803b
;
; Pipeline Runtime Information: 
;
;PSVRuntimeInfo:
; Vertex Shader
; OutputPositionPresent=0
; MinimumExpectedWaveLaneCount: 0
; MaximumExpectedWaveLaneCount: 4294967295
; UsesViewID: false
; SigInputElements: 0
; SigOutputElements: 1
; SigPatchConstOrPrimElements: 0
; SigInputVectors: 0
; SigOutputVectors[0]: 2
; SigOutputVectors[1]: 0
; SigOutputVectors[2]: 0
; SigOutputVectors[3]: 0
; EntryFunctionName: main
;
;
; Output signature:
;
; Name                 Index             InterpMode DynIdx
; -------------------- ----- ---------------------- ------
; OUT                      0        nointerpolation       
;
; Buffer Definitions:
;
;
; Resource Bindings:
;
; Name                                 Type  Format         Dim      ID      HLSL Bind  Count
; ------------------------------ ---------- ------- ----------- ------- -------------- ------
;
;
; ViewId state:
;
; Number of inputs: 0, outputs: 6
; Outputs dependent on ViewId: {  }
; Inputs contributing to computation of Outputs:
;
target datalayout = "e-m:e-p:32:32-i1:32-i8:32-i16:32-i32:32-i64:64-f16:32-f32:32-f64:64-n8:16:32:64"
target triple = "dxil-ms-dx"

define void @main() {
  call void @dx.op.storeOutput.i32(i32 5, i32 0, i32 0, i8 0, i32 11)  ; StoreOutput(outputSigId,rowIndex,colIndex,value)
  call void @dx.op.storeOutput.i32(i32 5, i32 0, i32 0, i8 1, i32 21)  ; StoreOutput(outputSigId,rowIndex,colIndex,value)
  call void @dx.op.storeOutput.i32(i32 5, i32 0, i32 1, i8 0, i32 12)  ; StoreOutput(outputSigId,rowIndex,colIndex,value)
  call void @dx.op.storeOutput.i32(i32 5, i32 0, i32 1, i8 1, i32 22)  ; StoreOutput(outputSigId,rowIndex,colIndex,value)
  ret void
}

; Function Attrs: nounwind
declare void @dx.op.storeOutput.i32(i32, i32, i32, i8, i32) #0

attributes #0 = { nounwind }

!llvm.ident = !{!0}
!dx.version = !{!1}
!dx.valver = !{!2}
!dx.shaderModel = !{!3}
!dx.typeAnnotations = !{!4}
!dx.viewIdState = !{!8}
!dx.entryPoints = !{!9}

!0 = !{!"dxc(private) 1.9.0.15336 (main, c7634614682)"}
!1 = !{i32 1, i32 0}
!2 = !{i32 1, i32 10}
!3 = !{!"vs", i32 6, i32 0}
!4 = !{i32 1, void ()* @main, !5}
!5 = !{!6}
!6 = !{i32 0, !7, !7}
!7 = !{}
!8 = !{[2 x i32] [i32 0, i32 6]}
!9 = !{void ()* @main, !"main", !10, null, null}
!10 = !{null, !11, null}
!11 = !{!12}
!12 = !{i32 0, !"OUT", i8 4, i8 0, !13, i8 1, i32 2, i8 2, i32 0, i8 0, !14}
!13 = !{i32 0, i32 1}
!14 = !{i32 3, i32 3}

/Users/cbieneman/dev/DirectXShaderCompiler/include/dxc/Test/WEXAdapter.h:189: Failure
Failed
// RUN: %dxc /T vs_6_0 /E main %s | FileCheck %s
Prior (0): %dxc /T vs_6_0 /E main %s 
Error (1): FileCheck %s
/Users/cbieneman/dev/DirectXShaderCompiler/tools/clang/test/HLSL/../HLSLFileCheck/hlsl/types/modifiers/matrix_packing/output_param.hlsl:11:12: error: expected string not found in input
 // CHECK: call void @dx.op.storeOutput.i32(i32 5, i32 0, i32 0, i8 1, i32 12)
           ^
<stdin>:61:70: note: scanning from here
 call void @dx.op.storeOutput.i32(i32 5, i32 0, i32 0, i8 0, i32 11) ; StoreOutput(outputSigId,rowIndex,colIndex,value)
                                                                     ^
<stdin>:62:2: note: possible intended match here
 call void @dx.op.storeOutput.i32(i32 5, i32 0, i32 0, i8 1, i32 21) ; StoreOutput(outputSigId,rowIndex,colIndex,value)
 ^

<full input to FileCheck>
;
; Input signature:
;
; Name                 Index   Mask Register SysValue  Format   Used
; -------------------- ----- ------ -------- -------- ------- ------
; no parameters
;
; Output signature:
;
; Name                 Index   Mask Register SysValue  Format   Used
; -------------------- ----- ------ -------- -------- ------- ------
; OUT                      0   xy          0     NONE     int   xy  
; OUT                      1   xy          1     NONE     int   xy  
;
; shader hash: cb608a5d5f314c80dcfcbb464528803b
;
; Pipeline Runtime Information: 
;
;PSVRuntimeInfo:
; Vertex Shader
; OutputPositionPresent=0
; MinimumExpectedWaveLaneCount: 0
; MaximumExpectedWaveLaneCount: 4294967295
; UsesViewID: false
; SigInputElements: 0
; SigOutputElements: 1
; SigPatchConstOrPrimElements: 0
; SigInputVectors: 0
; SigOutputVectors[0]: 2
; SigOutputVectors[1]: 0
; SigOutputVectors[2]: 0
; SigOutputVectors[3]: 0
; EntryFunctionName: main
;
;
; Output signature:
;
; Name                 Index             InterpMode DynIdx
; -------------------- ----- ---------------------- ------
; OUT                      0        nointerpolation       
;
; Buffer Definitions:
;
;
; Resource Bindings:
;
; Name                                 Type  Format         Dim      ID      HLSL Bind  Count
; ------------------------------ ---------- ------- ----------- ------- -------------- ------
;
;
; ViewId state:
;
; Number of inputs: 0, outputs: 6
; Outputs dependent on ViewId: {  }
; Inputs contributing to computation of Outputs:
;
target datalayout = "e-m:e-p:32:32-i1:32-i8:32-i16:32-i32:32-i64:64-f16:32-f32:32-f64:64-n8:16:32:64"
target triple = "dxil-ms-dx"

define void @main() {
  call void @dx.op.storeOutput.i32(i32 5, i32 0, i32 0, i8 0, i32 11)  ; StoreOutput(outputSigId,rowIndex,colIndex,value)
  call void @dx.op.storeOutput.i32(i32 5, i32 0, i32 0, i8 1, i32 21)  ; StoreOutput(outputSigId,rowIndex,colIndex,value)
  call void @dx.op.storeOutput.i32(i32 5, i32 0, i32 1, i8 0, i32 12)  ; StoreOutput(outputSigId,rowIndex,colIndex,value)
  call void @dx.op.storeOutput.i32(i32 5, i32 0, i32 1, i8 1, i32 22)  ; StoreOutput(outputSigId,rowIndex,colIndex,value)
  ret void
}

; Function Attrs: nounwind
declare void @dx.op.storeOutput.i32(i32, i32, i32, i8, i32) #0

attributes #0 = { nounwind }

!llvm.ident = !{!0}
!dx.version = !{!1}
!dx.valver = !{!2}
!dx.shaderModel = !{!3}
!dx.typeAnnotations = !{!4}
!dx.viewIdState = !{!8}
!dx.entryPoints = !{!9}

!0 = !{!"dxc(private) 1.9.0.15336 (main, c7634614682)"}
!1 = !{i32 1, i32 0}
!2 = !{i32 1, i32 10}
!3 = !{!"vs", i32 6, i32 0}
!4 = !{i32 1, void ()* @main, !5}
!5 = !{!6}
!6 = !{i32 0, !7, !7}
!7 = !{}
!8 = !{[2 x i32] [i32 0, i32 6]}
!9 = !{void ()* @main, !"main", !10, null, null}
!10 = !{null, !11, null}
!11 = !{!12}
!12 = !{i32 0, !"OUT", i8 4, i8 0, !13, i8 1, i32 2, i8 2, i32 0, i8 0, !14}
!13 = !{i32 0, i32 1}
!14 = !{i32 3, i32 3}

/Users/cbieneman/dev/DirectXShaderCompiler/include/dxc/Test/WEXAdapter.h:189: Failure
Failed
// RUN: %dxc -T lib_6_6 %s -enable-payload-qualifiers | FileCheck -input-file=stderr %s
Prior (0): %dxc -T lib_6_6 %s -enable-payload-qualifiers 
Error (1): FileCheck -input-file=stderr %s
/Users/cbieneman/dev/DirectXShaderCompiler/tools/clang/test/HLSL/../HLSLFileCheck/hlsl/payload_qualifier/extern_call.hlsl:3:11: error: expected string not found in input
// CHECK: warning: passing a qualified payload to an extern function can cause undefined behavior if payload qualifiers mismatch
          ^
<stdin>:1:1: note: scanning from here

^

<full input to FileCheck>

/Users/cbieneman/dev/DirectXShaderCompiler/include/dxc/Test/WEXAdapter.h:189: Failure
Failed
// RUN: %dxc -T lib_6_6 main %s -enable-payload-qualifiers -D TEST_NUM=3 | FileCheck -check-prefix=CHK3 -input-file=stderr  %s
Prior (0): %dxc -T lib_6_6 main %s -enable-payload-qualifiers -D TEST_NUM=3 
Error (1): FileCheck -check-prefix=CHK3 -input-file=stderr  %s
/Users/cbieneman/dev/DirectXShaderCompiler/tools/clang/test/HLSL/../HLSLFileCheck/hlsl/payload_qualifier/nested_access.hlsl:19:10: error: expected string not found in input
// CHK3: warning: write will be dropped ('noWrite' is not qualified 'write' for shader stage 'closesthit')
         ^
<stdin>:1:1: note: scanning from here
/Users/cbieneman/dev/DirectXShaderCompiler/tools/clang/test/HLSL/../HLSLFileCheck/hlsl/payload_qualifier/nested_access.hlsl:119:44: warning: reading undefined value ('noRead2' is not qualified 'read' for shader stage 'closesthit') [-Wpayload-access-shader]
^
<stdin>:1:133: note: possible intended match here
/Users/cbieneman/dev/DirectXShaderCompiler/tools/clang/test/HLSL/../HLSLFileCheck/hlsl/payload_qualifier/nested_access.hlsl:119:44: warning: reading undefined value ('noRead2' is not qualified 'read' for shader stage 'closesthit') [-Wpayload-access-shader]
                                                                                                                                    ^

<full input to FileCheck>
/Users/cbieneman/dev/DirectXShaderCompiler/tools/clang/test/HLSL/../HLSLFileCheck/hlsl/payload_qualifier/nested_access.hlsl:119:44: warning: reading undefined value ('noRead2' is not qualified 'read' for shader stage 'closesthit') [-Wpayload-access-shader]
        payload.sub.noWrite2 = payload.sub.noRead2;
                                           ^

/Users/cbieneman/dev/DirectXShaderCompiler/include/dxc/Test/WEXAdapter.h:189: Failure
Failed
// RUN: %dxc -T lib_6_6 main %s -enable-payload-qualifiers -D TEST_NUM=3 | FileCheck -check-prefix=CHK3 -input-file=stderr  %s
Prior (0): %dxc -T lib_6_6 main %s -enable-payload-qualifiers -D TEST_NUM=3 
Error (1): FileCheck -check-prefix=CHK3 -input-file=stderr  %s
/Users/cbieneman/dev/DirectXShaderCompiler/tools/clang/test/HLSL/../HLSLFileCheck/hlsl/payload_qualifier/access.hlsl:34:10: error: expected string not found in input
// CHK3: warning: write will be dropped ('noWrite' is not qualified 'write' for shader stage 'closesthit')
         ^
<stdin>:1:1: note: scanning from here
/Users/cbieneman/dev/DirectXShaderCompiler/tools/clang/test/HLSL/../HLSLFileCheck/hlsl/payload_qualifier/access.hlsl:140:36: warning: reading undefined value ('noRead2' is not qualified 'read' for shader stage 'closesthit') [-Wpayload-access-shader]
^
<stdin>:1:126: note: possible intended match here
/Users/cbieneman/dev/DirectXShaderCompiler/tools/clang/test/HLSL/../HLSLFileCheck/hlsl/payload_qualifier/access.hlsl:140:36: warning: reading undefined value ('noRead2' is not qualified 'read' for shader stage 'closesthit') [-Wpayload-access-shader]
                                                                                                                             ^

<full input to FileCheck>
/Users/cbieneman/dev/DirectXShaderCompiler/tools/clang/test/HLSL/../HLSLFileCheck/hlsl/payload_qualifier/access.hlsl:140:36: warning: reading undefined value ('noRead2' is not qualified 'read' for shader stage 'closesthit') [-Wpayload-access-shader]
        payload.noWrite2 = payload.noRead2;
                                   ^

/Users/cbieneman/dev/DirectXShaderCompiler/include/dxc/Test/WEXAdapter.h:189: Failure
Failed
// RUN: %dxc -E main -T cs_6_0 %s | FileCheck %s
Prior (0): %dxc -E main -T cs_6_0 %s 
Error (1): FileCheck %s
/Users/cbieneman/dev/DirectXShaderCompiler/tools/clang/test/HLSL/../HLSLFileCheck/hlsl/operators/swizzle/swizzleAtomic.hlsl:8:11: error: expected string not found in input
// CHECK: atomicrmw or
          ^
<stdin>:120:132: note: scanning from here
 %AtomicOr = call i32 @dx.op.atomicBinOp.i32(i32 78, %dx.types.Handle %mats_UAV_structbuf, i32 2, i32 0, i32 12, i32 undef, i32 2) ; AtomicBinOp(handle,atomicOp,offset0,offset1,offset2,newValue)
                                                                                                                                   ^
<stdin>:120:152: note: possible intended match here
 %AtomicOr = call i32 @dx.op.atomicBinOp.i32(i32 78, %dx.types.Handle %mats_UAV_structbuf, i32 2, i32 0, i32 12, i32 undef, i32 2) ; AtomicBinOp(handle,atomicOp,offset0,offset1,offset2,newValue)
                                                                                                                                                       ^

<full input to FileCheck>
;
; Input signature:
;
; Name                 Index   Mask Register SysValue  Format   Used
; -------------------- ----- ------ -------- -------- ------- ------
; no parameters
;
; Output signature:
;
; Name                 Index   Mask Register SysValue  Format   Used
; -------------------- ----- ------ -------- -------- ------- ------
; no parameters
; shader hash: 0cc2434c7d2808e7c0f57a881875e591
;
; Pipeline Runtime Information: 
;
;PSVRuntimeInfo:
; Compute Shader
; NumThreads=(8,8,1)
; NumBytesGroupSharedMemory: 1040
; MinimumExpectedWaveLaneCount: 0
; MaximumExpectedWaveLaneCount: 4294967295
; UsesViewID: false
; SigInputElements: 0
; SigOutputElements: 0
; SigPatchConstOrPrimElements: 0
; SigInputVectors: 0
; SigOutputVectors[0]: 0
; SigOutputVectors[1]: 0
; SigOutputVectors[2]: 0
; SigOutputVectors[3]: 0
; EntryFunctionName: main
;
;
; Buffer Definitions:
;
; Resource bind info for mats
; {
;
;   column_major uint2x2 $Element;                    ; Offset:    0 Size:    16
;
; }
;
;
; Resource Bindings:
;
; Name                                 Type  Format         Dim      ID      HLSL Bind  Count
; ------------------------------ ---------- ------- ----------- ------- -------------- ------
; mats                                  UAV  struct         r/w      U0             u0     1
; bufA                                  UAV     u32         buf      U1             u1     1
;
target datalayout = "e-m:e-p:32:32-i1:32-i8:32-i16:32-i32:32-i64:64-f16:32-f32:32-f64:64-n8:16:32:64"
target triple = "dxil-ms-dx"

%dx.types.Handle = type { i8* }
%dx.types.ResRet.i32 = type { i32, i32, i32, i32, i32 }
%"hostlayout.class.RWStructuredBuffer<matrix<unsigned int, 2, 2> >" = type { [2 x <2 x i32>] }
%"class.RWBuffer<vector<unsigned int, 4> >" = type { <4 x i32> }

@"\01?a@@3V?$vector@I$03@@A.0" = addrspace(3) global i32 undef, align 4
@"\01?a@@3V?$vector@I$03@@A.1" = addrspace(3) global i32 undef, align 4
@"\01?a@@3V?$vector@I$03@@A.2" = addrspace(3) global i32 undef, align 4
@"\01?a@@3V?$vector@I$03@@A.3" = addrspace(3) global i32 undef, align 4
@"\01?dataC@@3PAV?$matrix@I$01$01@@A.v.v.1dim" = addrspace(3) global [256 x i32] undef, align 4

define void @main() {
  %bufA_UAV_buf = call %dx.types.Handle @dx.op.createHandle(i32 57, i8 1, i32 1, i32 1, i1 false)  ; CreateHandle(resourceClass,rangeId,index,nonUniformIndex)
  %mats_UAV_structbuf = call %dx.types.Handle @dx.op.createHandle(i32 57, i8 1, i32 0, i32 0, i1 false)  ; CreateHandle(resourceClass,rangeId,index,nonUniformIndex)
  %1 = call i32 @dx.op.threadId.i32(i32 93, i32 0)  ; ThreadId(component)
  %2 = call i32 @dx.op.groupId.i32(i32 94, i32 0)  ; GroupId(component)
  %3 = and i32 %1, 63
  %4 = call %dx.types.ResRet.i32 @dx.op.bufferLoad.i32(i32 68, %dx.types.Handle %mats_UAV_structbuf, i32 %2, i32 0)  ; BufferLoad(srv,index,wot)
  %5 = extractvalue %dx.types.ResRet.i32 %4, 0
  %6 = extractvalue %dx.types.ResRet.i32 %4, 1
  %7 = extractvalue %dx.types.ResRet.i32 %4, 2
  %8 = extractvalue %dx.types.ResRet.i32 %4, 3
  %9 = mul i32 %3, 4
  %10 = add i32 0, %9
  %11 = getelementptr [256 x i32], [256 x i32] addrspace(3)* @"\01?dataC@@3PAV?$matrix@I$01$01@@A.v.v.1dim", i32 0, i32 %10
  store i32 %5, i32 addrspace(3)* %11, align 4
  %12 = mul i32 %3, 4
  %13 = add i32 1, %12
  %14 = getelementptr [256 x i32], [256 x i32] addrspace(3)* @"\01?dataC@@3PAV?$matrix@I$01$01@@A.v.v.1dim", i32 0, i32 %13
  store i32 %6, i32 addrspace(3)* %14, align 4
  %15 = mul i32 %3, 4
  %16 = add i32 2, %15
  %17 = getelementptr [256 x i32], [256 x i32] addrspace(3)* @"\01?dataC@@3PAV?$matrix@I$01$01@@A.v.v.1dim", i32 0, i32 %16
  store i32 %7, i32 addrspace(3)* %17, align 4
  %18 = mul i32 %3, 4
  %19 = add i32 3, %18
  %20 = getelementptr [256 x i32], [256 x i32] addrspace(3)* @"\01?dataC@@3PAV?$matrix@I$01$01@@A.v.v.1dim", i32 0, i32 %19
  store i32 %8, i32 addrspace(3)* %20, align 4
  call void @dx.op.barrier(i32 80, i32 8)  ; Barrier(barrierMode)
  %21 = icmp eq i32 %1, 7
  br i1 %21, label %22, label %23

; <label>:22                                      ; preds = %0
  store i32 3, i32 addrspace(3)* @"\01?a@@3V?$vector@I$03@@A.0", align 4
  store i32 3, i32 addrspace(3)* @"\01?a@@3V?$vector@I$03@@A.1", align 4
  store i32 3, i32 addrspace(3)* @"\01?a@@3V?$vector@I$03@@A.2", align 4
  store i32 3, i32 addrspace(3)* @"\01?a@@3V?$vector@I$03@@A.3", align 4
  br label %23

; <label>:23                                      ; preds = %22, %0
  call void @dx.op.barrier(i32 80, i32 9)  ; Barrier(barrierMode)
  %24 = atomicrmw or i32 addrspace(3)* @"\01?a@@3V?$vector@I$03@@A.1", i32 1 seq_cst
  %25 = atomicrmw or i32 addrspace(3)* getelementptr inbounds ([256 x i32], [256 x i32] addrspace(3)* @"\01?dataC@@3PAV?$matrix@I$01$01@@A.v.v.1dim", i32 0, i32 3), i32 2 seq_cst
  %26 = atomicrmw or i32 addrspace(3)* getelementptr inbounds ([256 x i32], [256 x i32] addrspace(3)* @"\01?dataC@@3PAV?$matrix@I$01$01@@A.v.v.1dim", i32 0, i32 1), i32 3 seq_cst
  %27 = atomicrmw or i32 addrspace(3)* getelementptr inbounds ([256 x i32], [256 x i32] addrspace(3)* @"\01?dataC@@3PAV?$matrix@I$01$01@@A.v.v.1dim", i32 0, i32 3), i32 4 seq_cst
  %load = load i32, i32 addrspace(3)* @"\01?a@@3V?$vector@I$03@@A.0", align 4
  %load1 = load i32, i32 addrspace(3)* @"\01?a@@3V?$vector@I$03@@A.1", align 4
  %load3 = load i32, i32 addrspace(3)* @"\01?a@@3V?$vector@I$03@@A.2", align 4
  %load5 = load i32, i32 addrspace(3)* @"\01?a@@3V?$vector@I$03@@A.3", align 4
  call void @dx.op.bufferStore.i32(i32 69, %dx.types.Handle %bufA_UAV_buf, i32 %1, i32 undef, i32 %load, i32 %load1, i32 %load3, i32 %load5, i8 15)  ; BufferStore(uav,coord0,coord1,value0,value1,value2,value3,mask)
  %28 = load i32, i32 addrspace(3)* %11, align 4
  %29 = load i32, i32 addrspace(3)* %14, align 4
  %30 = load i32, i32 addrspace(3)* %17, align 4
  %31 = load i32, i32 addrspace(3)* %20, align 4
  call void @dx.op.bufferStore.i32(i32 69, %dx.types.Handle %mats_UAV_structbuf, i32 %1, i32 0, i32 %28, i32 %30, i32 %29, i32 %31, i8 15)  ; BufferStore(uav,coord0,coord1,value0,value1,value2,value3,mask)
  %AtomicOr = call i32 @dx.op.atomicBinOp.i32(i32 78, %dx.types.Handle %mats_UAV_structbuf, i32 2, i32 0, i32 12, i32 undef, i32 2)  ; AtomicBinOp(handle,atomicOp,offset0,offset1,offset2,newValue)
  %AtomicOr7 = call i32 @dx.op.atomicBinOp.i32(i32 78, %dx.types.Handle %mats_UAV_structbuf, i32 2, i32 0, i32 4, i32 undef, i32 3)  ; AtomicBinOp(handle,atomicOp,offset0,offset1,offset2,newValue)
  %AtomicOr8 = call i32 @dx.op.atomicBinOp.i32(i32 78, %dx.types.Handle %mats_UAV_structbuf, i32 2, i32 0, i32 12, i32 undef, i32 4)  ; AtomicBinOp(handle,atomicOp,offset0,offset1,offset2,newValue)
  ret void
}

; Function Attrs: nounwind readnone
declare i32 @dx.op.threadId.i32(i32, i32) #0

; Function Attrs: nounwind readnone
declare i32 @dx.op.groupId.i32(i32, i32) #0

; Function Attrs: noduplicate nounwind
declare void @dx.op.barrier(i32, i32) #1

; Function Attrs: nounwind
declare void @dx.op.bufferStore.i32(i32, %dx.types.Handle, i32, i32, i32, i32, i32, i32, i8) #2

; Function Attrs: nounwind
declare i32 @dx.op.atomicBinOp.i32(i32, %dx.types.Handle, i32, i32, i32, i32, i32) #2

; Function Attrs: nounwind readonly
declare %dx.types.Handle @dx.op.createHandle(i32, i8, i32, i32, i1) #3

; Function Attrs: nounwind readonly
declare %dx.types.ResRet.i32 @dx.op.bufferLoad.i32(i32, %dx.types.Handle, i32, i32) #3

attributes #0 = { nounwind readnone }
attributes #1 = { noduplicate nounwind }
attributes #2 = { nounwind }
attributes #3 = { nounwind readonly }

!llvm.ident = !{!0}
!dx.version = !{!1}
!dx.valver = !{!2}
!dx.shaderModel = !{!3}
!dx.resources = !{!4}
!dx.typeAnnotations = !{!10, !14}
!dx.entryPoints = !{!18}

!0 = !{!"dxc(private) 1.9.0.15336 (main, c7634614682)"}
!1 = !{i32 1, i32 0}
!2 = !{i32 1, i32 10}
!3 = !{!"cs", i32 6, i32 0}
!4 = !{null, !5, null, null}
!5 = !{!6, !8}
!6 = !{i32 0, %"hostlayout.class.RWStructuredBuffer<matrix<unsigned int, 2, 2> >"* undef, !"mats", i32 0, i32 0, i32 1, i32 12, i1 false, i1 false, i1 false, !7}
!7 = !{i32 1, i32 16}
!8 = !{i32 1, %"class.RWBuffer<vector<unsigned int, 4> >"* undef, !"bufA", i32 0, i32 1, i32 1, i32 10, i1 false, i1 false, i1 false, !9}
!9 = !{i32 0, i32 5}
!10 = !{i32 0, %"hostlayout.class.RWStructuredBuffer<matrix<unsigned int, 2, 2> >" undef, !11}
!11 = !{i32 24, !12}
!12 = !{i32 6, !"h", i32 2, !13, i32 3, i32 0, i32 7, i32 5}
!13 = !{i32 2, i32 2, i32 2}
!14 = !{i32 1, void ()* @main, !15}
!15 = !{!16}
!16 = !{i32 0, !17, !17}
!17 = !{}
!18 = !{void ()* @main, !"main", null, !4, !19}
!19 = !{i32 0, i64 16, i32 4, !20}
!20 = !{i32 8, i32 8, i32 1}

/Users/cbieneman/dev/DirectXShaderCompiler/include/dxc/Test/WEXAdapter.h:189: Failure
Failed
;
; Input signature:
;
; Name                 Index   Mask Register SysValue  Format   Used
; -------------------- ----- ------ -------- -------- ------- ------
; A                        0   xy          0     NONE   float   xy  
;
;
; Output signature:
;
; Name                 Index   Mask Register SysValue  Format   Used
; -------------------- ----- ------ -------- -------- ------- ------
; SV_Target                0   xyzw        0   TARGET   float   xyzw
;
; shader hash: a74e31447367ed6baef8dfe65091a698
;
; Pipeline Runtime Information: 
;
;PSVRuntimeInfo:
; Pixel Shader
; DepthOutput=0
; SampleFrequency=0
; MinimumExpectedWaveLaneCount: 0
; MaximumExpectedWaveLaneCount: 4294967295
; UsesViewID: false
; SigInputElements: 1
; SigOutputElements: 1
; SigPatchConstOrPrimElements: 0
; SigInputVectors: 1
; SigOutputVectors[0]: 1
; SigOutputVectors[1]: 0
; SigOutputVectors[2]: 0
; SigOutputVectors[3]: 0
; EntryFunctionName: main
;
;
; Input signature:
;
; Name                 Index             InterpMode DynIdx
; -------------------- ----- ---------------------- ------
; A                        0                 linear       
;
; Output signature:
;
; Name                 Index             InterpMode DynIdx
; -------------------- ----- ---------------------- ------
; SV_Target                0                              
;
; Buffer Definitions:
;
; cbuffer $Globals
; {
;
;   struct $Globals
;   {
;
;       int unused_but_part_of_cbuffer;               ; Offset:    0
;       int used_part;                                ; Offset:    4
;   
;   } $Globals;                                       ; Offset:    0 Size:     8
;
; }
;
; cbuffer Foo
; {
;
;   struct Foo
;   {
;
;       float4 g0;                                    ; Offset:    0
;       float4 g1;                                    ; Offset:   16
;       float4 g2;                                    ; Offset:   32
;   
;   } Foo;                                            ; Offset:    0 Size:    48
;
; }
;
;
; Resource Bindings:
;
; Name                                 Type  Format         Dim      ID      HLSL Bind  Count
; ------------------------------ ---------- ------- ----------- ------- -------------- ------
; $Globals                          cbuffer      NA          NA     CB0            cb0     1
; Foo                               cbuffer      NA          NA     CB1            cb1     1
; samp1                             sampler      NA          NA      S0             s5     1
; text1                             texture     f32          2d      T0             t3     1
;
;
; ViewId state:
;
; Number of inputs: 2, outputs: 4
; Outputs dependent on ViewId: {  }
; Inputs contributing to computation of Outputs:
;   output 0 depends on inputs: { 0, 1 }
;   output 1 depends on inputs: { 0, 1 }
;   output 2 depends on inputs: { 0, 1 }
;   output 3 depends on inputs: { 0, 1 }
;
target datalayout = "e-m:e-p:32:32-i1:32-i8:32-i16:32-i32:32-i64:64-f16:32-f32:32-f64:64-n8:16:32:64"
target triple = "dxil-ms-dx"

%dx.types.Handle = type { i8* }
%dx.types.ResRet.f32 = type { float, float, float, float, i32 }
%dx.types.CBufRet.f32 = type { float, float, float, float }
%dx.types.CBufRet.i32 = type { i32, i32, i32, i32 }
%"class.Texture2D<vector<float, 4> >" = type { <4 x float>, %"class.Texture2D<vector<float, 4> >::mips_type" }
%"class.Texture2D<vector<float, 4> >::mips_type" = type { i32 }
%"$Globals" = type { i32, i32 }
%Foo = type { <4 x float>, <4 x float>, <4 x float> }
%struct.SamplerState = type { i32 }

define void @main() {
  %text1_texture_2d = call %dx.types.Handle @dx.op.createHandle(i32 57, i8 0, i32 0, i32 3, i1 false)  ; CreateHandle(resourceClass,rangeId,index,nonUniformIndex)
  %samp1_sampler = call %dx.types.Handle @dx.op.createHandle(i32 57, i8 3, i32 0, i32 5, i1 false)  ; CreateHandle(resourceClass,rangeId,index,nonUniformIndex)
  %Foo_cbuffer = call %dx.types.Handle @dx.op.createHandle(i32 57, i8 2, i32 1, i32 1, i1 false)  ; CreateHandle(resourceClass,rangeId,index,nonUniformIndex)
  %"$Globals_cbuffer" = call %dx.types.Handle @dx.op.createHandle(i32 57, i8 2, i32 0, i32 0, i1 false)  ; CreateHandle(resourceClass,rangeId,index,nonUniformIndex)
  %1 = call float @dx.op.loadInput.f32(i32 4, i32 0, i32 0, i8 0, i32 undef)  ; LoadInput(inputSigId,rowIndex,colIndex,gsVertexAxis)
  %2 = call float @dx.op.loadInput.f32(i32 4, i32 0, i32 0, i8 1, i32 undef)  ; LoadInput(inputSigId,rowIndex,colIndex,gsVertexAxis)
  %3 = call %dx.types.ResRet.f32 @dx.op.sample.f32(i32 60, %dx.types.Handle %text1_texture_2d, %dx.types.Handle %samp1_sampler, float %1, float %2, float undef, float undef, i32 0, i32 0, i32 undef, float undef)  ; Sample(srv,sampler,coord0,coord1,coord2,coord3,offset0,offset1,offset2,clamp)
  %4 = extractvalue %dx.types.ResRet.f32 %3, 0
  %5 = extractvalue %dx.types.ResRet.f32 %3, 1
  %6 = extractvalue %dx.types.ResRet.f32 %3, 2
  %7 = extractvalue %dx.types.ResRet.f32 %3, 3
  %8 = call %dx.types.CBufRet.f32 @dx.op.cbufferLoadLegacy.f32(i32 59, %dx.types.Handle %Foo_cbuffer, i32 2)  ; CBufferLoadLegacy(handle,regIndex)
  %9 = extractvalue %dx.types.CBufRet.f32 %8, 0
  %10 = extractvalue %dx.types.CBufRet.f32 %8, 1
  %11 = extractvalue %dx.types.CBufRet.f32 %8, 2
  %12 = extractvalue %dx.types.CBufRet.f32 %8, 3
  %.i0 = fadd fast float %9, %4
  %.i1 = fadd fast float %10, %5
  %.i2 = fadd fast float %11, %6
  %.i3 = fadd fast float %12, %7
  %13 = call %dx.types.CBufRet.i32 @dx.op.cbufferLoadLegacy.i32(i32 59, %dx.types.Handle %"$Globals_cbuffer", i32 0)  ; CBufferLoadLegacy(handle,regIndex)
  %14 = extractvalue %dx.types.CBufRet.i32 %13, 1
  %15 = sitofp i32 %14 to float
  %.i01 = fadd fast float %.i0, %15
  %.i12 = fadd fast float %.i1, %15
  %.i23 = fadd fast float %.i2, %15
  %.i34 = fadd fast float %.i3, %15
  call void @dx.op.storeOutput.f32(i32 5, i32 0, i32 0, i8 0, float %.i01)  ; StoreOutput(outputSigId,rowIndex,colIndex,value)
  call void @dx.op.storeOutput.f32(i32 5, i32 0, i32 0, i8 1, float %.i12)  ; StoreOutput(outputSigId,rowIndex,colIndex,value)
  call void @dx.op.storeOutput.f32(i32 5, i32 0, i32 0, i8 2, float %.i23)  ; StoreOutput(outputSigId,rowIndex,colIndex,value)
  call void @dx.op.storeOutput.f32(i32 5, i32 0, i32 0, i8 3, float %.i34)  ; StoreOutput(outputSigId,rowIndex,colIndex,value)
  ret void
}

; Function Attrs: nounwind readnone
declare float @dx.op.loadInput.f32(i32, i32, i32, i8, i32) #0

; Function Attrs: nounwind
declare void @dx.op.storeOutput.f32(i32, i32, i32, i8, float) #1

; Function Attrs: nounwind readonly
declare %dx.types.ResRet.f32 @dx.op.sample.f32(i32, %dx.types.Handle, %dx.types.Handle, float, float, float, float, i32, i32, i32, float) #2

; Function Attrs: nounwind readonly
declare %dx.types.CBufRet.i32 @dx.op.cbufferLoadLegacy.i32(i32, %dx.types.Handle, i32) #2

; Function Attrs: nounwind readonly
declare %dx.types.CBufRet.f32 @dx.op.cbufferLoadLegacy.f32(i32, %dx.types.Handle, i32) #2

; Function Attrs: nounwind readonly
declare %dx.types.Handle @dx.op.createHandle(i32, i8, i32, i32, i1) #2

attributes #0 = { nounwind readnone }
attributes #1 = { nounwind }
attributes #2 = { nounwind readonly }

!llvm.ident = !{!0}
!dx.version = !{!1}
!dx.valver = !{!2}
!dx.shaderModel = !{!3}
!dx.resources = !{!4}
!dx.typeAnnotations = !{!13, !21}
!dx.viewIdState = !{!25}
!dx.entryPoints = !{!26}

!0 = !{!"dxc(private) 1.9.0.15336 (main, c7634614682)"}
!1 = !{i32 1, i32 0}
!2 = !{i32 1, i32 10}
!3 = !{!"ps", i32 6, i32 0}
!4 = !{!5, null, !8, !11}
!5 = !{!6}
!6 = !{i32 0, %"class.Texture2D<vector<float, 4> >"* undef, !"text1", i32 0, i32 3, i32 1, i32 2, i32 0, !7}
!7 = !{i32 0, i32 9}
!8 = !{!9, !10}
!9 = !{i32 0, %"$Globals"* undef, !"$Globals", i32 0, i32 0, i32 1, i32 8, null}
!10 = !{i32 1, %Foo* undef, !"Foo", i32 0, i32 1, i32 1, i32 48, null}
!11 = !{!12}
!12 = !{i32 0, %struct.SamplerState* undef, !"samp1", i32 0, i32 5, i32 1, i32 0, null}
!13 = !{i32 0, %"$Globals" undef, !14, %Foo undef, !17}
!14 = !{i32 8, !15, !16}
!15 = !{i32 6, !"unused_but_part_of_cbuffer", i32 3, i32 0, i32 7, i32 4}
!16 = !{i32 6, !"used_part", i32 3, i32 4, i32 7, i32 4}
!17 = !{i32 48, !18, !19, !20}
!18 = !{i32 6, !"g0", i32 3, i32 0, i32 7, i32 9}
!19 = !{i32 6, !"g1", i32 3, i32 16, i32 7, i32 9}
!20 = !{i32 6, !"g2", i32 3, i32 32, i32 7, i32 9}
!21 = !{i32 1, void ()* @main, !22}
!22 = !{!23}
!23 = !{i32 0, !24, !24}
!24 = !{}
!25 = !{[4 x i32] [i32 2, i32 4, i32 15, i32 15]}
!26 = !{void ()* @main, !"main", !27, !4, null}
!27 = !{!28, !32, null}
!28 = !{!29}
!29 = !{i32 0, !"A", i8 9, i8 0, !30, i8 2, i32 1, i8 2, i32 0, i8 0, !31}
!30 = !{i32 0}
!31 = !{i32 3, i32 3}
!32 = !{!33}
!33 = !{i32 0, !"SV_Target", i8 9, i8 16, !30, i8 0, i32 1, i8 4, i32 0, i8 0, !34}
!34 = !{i32 3, i32 15}

// RUN: %dxc -Tps_6_8 %s | FileCheck %s
Prior (0): %dxc -Tps_6_8 %s 
Error (1): FileCheck %s
/Users/cbieneman/dev/DirectXShaderCompiler/tools/clang/test/HLSL/../HLSLFileCheck/hlsl/objects/Texture/SampleCmpBias.hlsl:32:11: error: expected string not found in input
// CHECK: %[[AnnotSampler:.+]] = call %dx.types.Handle @dx.op.annotateHandle(i32 216, %dx.types.Handle %[[Sampler]], %dx.types.ResourceProperties { i32 32782, i32 0 }) ; AnnotateHandle(res,props) resource: SamplerComparisonState
          ^
<stdin>:124:2: note: scanning from here
 %10 = call %dx.types.ResRet.f32 @dx.op.sampleCmpBias.f32(i32 255, %dx.types.Handle %9, %dx.types.Handle %8, float %2, float undef, float undef, float undef, i32 0, i32 undef, i32 undef, float %7, float %6, float undef) ; SampleCmpBias(srv,sampler,coord0,coord1,coord2,coord3,offset0,offset1,offset2,compareValue,bias,clamp)
 ^
<stdin>:124:2: note: with variable "Sampler" equal to "samp1_sampler"
 %10 = call %dx.types.ResRet.f32 @dx.op.sampleCmpBias.f32(i32 255, %dx.types.Handle %9, %dx.types.Handle %8, float %2, float undef, float undef, float undef, i32 0, i32 undef, i32 undef, float %7, float %6, float undef) ; SampleCmpBias(srv,sampler,coord0,coord1,coord2,coord3,offset0,offset1,offset2,compareValue,bias,clamp)
 ^

<full input to FileCheck>
;
; Note: shader requires additional functionality:
;       Tiled resources
;       SampleCmp with gradient or bias
;
;
; Input signature:
;
; Name                 Index   Mask Register SysValue  Format   Used
; -------------------- ----- ------ -------- -------- ------- ------
; A                        0   xyzw        0     NONE   float   xyz 
;
;
; Output signature:
;
; Name                 Index   Mask Register SysValue  Format   Used
; -------------------- ----- ------ -------- -------- ------- ------
; SV_Target                0   x           0   TARGET   float   x   
;
; shader hash: f5c2985ea4f0a1e38ffc8b44d0427d71
;
; Pipeline Runtime Information: 
;
;PSVRuntimeInfo:
; Pixel Shader
; DepthOutput=0
; SampleFrequency=0
; MinimumExpectedWaveLaneCount: 0
; MaximumExpectedWaveLaneCount: 4294967295
; UsesViewID: false
; SigInputElements: 1
; SigOutputElements: 1
; SigPatchConstOrPrimElements: 0
; SigInputVectors: 1
; SigOutputVectors[0]: 1
; SigOutputVectors[1]: 0
; SigOutputVectors[2]: 0
; SigOutputVectors[3]: 0
; EntryFunctionName: main
;
;
; Input signature:
;
; Name                 Index             InterpMode DynIdx
; -------------------- ----- ---------------------- ------
; A                        0                 linear       
;
; Output signature:
;
; Name                 Index             InterpMode DynIdx
; -------------------- ----- ---------------------- ------
; SV_Target                0                              
;
; Buffer Definitions:
;
; cbuffer $Globals
; {
;
;   struct $Globals
;   {
;
;       float cmpVal;                                 ; Offset:    0
;       float bias;                                   ; Offset:    4
;       float clamp;                                  ; Offset:    8
;   
;   } $Globals;                                       ; Offset:    0 Size:    12
;
; }
;
;
; Resource Bindings:
;
; Name                                 Type  Format         Dim      ID      HLSL Bind  Count
; ------------------------------ ---------- ------- ----------- ------- -------------- ------
; $Globals                          cbuffer      NA          NA     CB0            cb0     1
; samp1                             sampler      NA          NA      S0             s0     1
; tex1d                             texture     f32          1d      T0             t0     1
; tex1d_array                       texture     f32     1darray      T1             t1     1
; tex2d                             texture     f32          2d      T2             t2     1
; texcube                           texture     f32        cube      T3             t3     1
;
;
; ViewId state:
;
; Number of inputs: 4, outputs: 1
; Outputs dependent on ViewId: {  }
; Inputs contributing to computation of Outputs:
;   output 0 depends on inputs: { 0, 1, 2 }
;
target datalayout = "e-m:e-p:32:32-i1:32-i8:32-i16:32-i32:32-i64:64-f16:32-f32:32-f64:64-n8:16:32:64"
target triple = "dxil-ms-dx"

%dx.types.Handle = type { i8* }
%dx.types.ResBind = type { i32, i32, i32, i8 }
%dx.types.ResourceProperties = type { i32, i32 }
%dx.types.CBufRet.f32 = type { float, float, float, float }
%dx.types.ResRet.f32 = type { float, float, float, float, i32 }
%"class.Texture1D<vector<float, 4> >" = type { <4 x float>, %"class.Texture1D<vector<float, 4> >::mips_type" }
%"class.Texture1D<vector<float, 4> >::mips_type" = type { i32 }
%"class.Texture1DArray<vector<float, 4> >" = type { <4 x float>, %"class.Texture1DArray<vector<float, 4> >::mips_type" }
%"class.Texture1DArray<vector<float, 4> >::mips_type" = type { i32 }
%"class.Texture2D<vector<float, 4> >" = type { <4 x float>, %"class.Texture2D<vector<float, 4> >::mips_type" }
%"class.Texture2D<vector<float, 4> >::mips_type" = type { i32 }
%"class.TextureCube<vector<float, 4> >" = type { <4 x float> }
%"$Globals" = type { float, float, float }
%struct.SamplerComparisonState = type { i32 }

define void @main() {
  %texcube_texture_cube = call %dx.types.Handle @dx.op.createHandleFromBinding(i32 217, %dx.types.ResBind { i32 3, i32 3, i32 0, i8 0 }, i32 3, i1 false)  ; CreateHandleFromBinding(bind,index,nonUniformIndex)
  %tex2d_texture_2d = call %dx.types.Handle @dx.op.createHandleFromBinding(i32 217, %dx.types.ResBind { i32 2, i32 2, i32 0, i8 0 }, i32 2, i1 false)  ; CreateHandleFromBinding(bind,index,nonUniformIndex)
  %tex1d_array_texture_1darray = call %dx.types.Handle @dx.op.createHandleFromBinding(i32 217, %dx.types.ResBind { i32 1, i32 1, i32 0, i8 0 }, i32 1, i1 false)  ; CreateHandleFromBinding(bind,index,nonUniformIndex)
  %tex1d_texture_1d = call %dx.types.Handle @dx.op.createHandleFromBinding(i32 217, %dx.types.ResBind zeroinitializer, i32 0, i1 false)  ; CreateHandleFromBinding(bind,index,nonUniformIndex)
  %samp1_sampler = call %dx.types.Handle @dx.op.createHandleFromBinding(i32 217, %dx.types.ResBind { i32 0, i32 0, i32 0, i8 3 }, i32 0, i1 false)  ; CreateHandleFromBinding(bind,index,nonUniformIndex)
  %"$Globals_cbuffer" = call %dx.types.Handle @dx.op.createHandleFromBinding(i32 217, %dx.types.ResBind { i32 0, i32 0, i32 0, i8 2 }, i32 0, i1 false)  ; CreateHandleFromBinding(bind,index,nonUniformIndex)
  %1 = call %dx.types.Handle @dx.op.annotateHandle(i32 216, %dx.types.Handle %"$Globals_cbuffer", %dx.types.ResourceProperties { i32 13, i32 12 })  ; AnnotateHandle(res,props)  resource: CBuffer
  %2 = call float @dx.op.loadInput.f32(i32 4, i32 0, i32 0, i8 0, i32 undef)  ; LoadInput(inputSigId,rowIndex,colIndex,gsVertexAxis)
  %3 = call float @dx.op.loadInput.f32(i32 4, i32 0, i32 0, i8 1, i32 undef)  ; LoadInput(inputSigId,rowIndex,colIndex,gsVertexAxis)
  %4 = call float @dx.op.loadInput.f32(i32 4, i32 0, i32 0, i8 2, i32 undef)  ; LoadInput(inputSigId,rowIndex,colIndex,gsVertexAxis)
  %5 = call %dx.types.CBufRet.f32 @dx.op.cbufferLoadLegacy.f32(i32 59, %dx.types.Handle %1, i32 0)  ; CBufferLoadLegacy(handle,regIndex)
  %6 = extractvalue %dx.types.CBufRet.f32 %5, 1
  %7 = extractvalue %dx.types.CBufRet.f32 %5, 0
  %8 = call %dx.types.Handle @dx.op.annotateHandle(i32 216, %dx.types.Handle %samp1_sampler, %dx.types.ResourceProperties { i32 32782, i32 0 })  ; AnnotateHandle(res,props)  resource: SamplerComparisonState
  %9 = call %dx.types.Handle @dx.op.annotateHandle(i32 216, %dx.types.Handle %tex1d_texture_1d, %dx.types.ResourceProperties { i32 1, i32 1033 })  ; AnnotateHandle(res,props)  resource: Texture1D<4xF32>
  %10 = call %dx.types.ResRet.f32 @dx.op.sampleCmpBias.f32(i32 255, %dx.types.Handle %9, %dx.types.Handle %8, float %2, float undef, float undef, float undef, i32 0, i32 undef, i32 undef, float %7, float %6, float undef)  ; SampleCmpBias(srv,sampler,coord0,coord1,coord2,coord3,offset0,offset1,offset2,compareValue,bias,clamp)
  %11 = extractvalue %dx.types.ResRet.f32 %10, 0
  %12 = call %dx.types.Handle @dx.op.annotateHandle(i32 216, %dx.types.Handle %tex1d_array_texture_1darray, %dx.types.ResourceProperties { i32 6, i32 1033 })  ; AnnotateHandle(res,props)  resource: Texture1DArray<4xF32>
  %13 = call %dx.types.ResRet.f32 @dx.op.sampleCmpBias.f32(i32 255, %dx.types.Handle %12, %dx.types.Handle %8, float %2, float %3, float undef, float undef, i32 -5, i32 undef, i32 undef, float %7, float %6, float undef)  ; SampleCmpBias(srv,sampler,coord0,coord1,coord2,coord3,offset0,offset1,offset2,compareValue,bias,clamp)
  %14 = extractvalue %dx.types.ResRet.f32 %13, 0
  %15 = fadd fast float %14, %11
  %16 = extractvalue %dx.types.CBufRet.f32 %5, 2
  %17 = call %dx.types.Handle @dx.op.annotateHandle(i32 216, %dx.types.Handle %tex2d_texture_2d, %dx.types.ResourceProperties { i32 2, i32 1033 })  ; AnnotateHandle(res,props)  resource: Texture2D<4xF32>
  %18 = call %dx.types.ResRet.f32 @dx.op.sampleCmpBias.f32(i32 255, %dx.types.Handle %17, %dx.types.Handle %8, float %2, float %3, float undef, float undef, i32 -5, i32 7, i32 undef, float %7, float %6, float %16)  ; SampleCmpBias(srv,sampler,coord0,coord1,coord2,coord3,offset0,offset1,offset2,compareValue,bias,clamp)
  %19 = extractvalue %dx.types.ResRet.f32 %18, 0
  %20 = fadd fast float %15, %19
  %21 = call %dx.types.Handle @dx.op.annotateHandle(i32 216, %dx.types.Handle %texcube_texture_cube, %dx.types.ResourceProperties { i32 5, i32 1033 })  ; AnnotateHandle(res,props)  resource: TextureCube<4xF32>
  %22 = call %dx.types.ResRet.f32 @dx.op.sampleCmpBias.f32(i32 255, %dx.types.Handle %21, %dx.types.Handle %8, float %2, float %3, float %4, float undef, i32 undef, i32 undef, i32 undef, float %7, float %6, float %16)  ; SampleCmpBias(srv,sampler,coord0,coord1,coord2,coord3,offset0,offset1,offset2,compareValue,bias,clamp)
  %23 = extractvalue %dx.types.ResRet.f32 %22, 0
  %24 = extractvalue %dx.types.ResRet.f32 %22, 4
  %25 = call i1 @dx.op.checkAccessFullyMapped.i32(i32 71, i32 %24)  ; CheckAccessFullyMapped(status)
  %26 = fadd fast float %20, %23
  %27 = uitofp i1 %25 to float
  %28 = fadd fast float %26, %27
  call void @dx.op.storeOutput.f32(i32 5, i32 0, i32 0, i8 0, float %28)  ; StoreOutput(outputSigId,rowIndex,colIndex,value)
  ret void
}

; Function Attrs: nounwind readnone
declare float @dx.op.loadInput.f32(i32, i32, i32, i8, i32) #0

; Function Attrs: nounwind
declare void @dx.op.storeOutput.f32(i32, i32, i32, i8, float) #1

; Function Attrs: nounwind readonly
declare %dx.types.ResRet.f32 @dx.op.sampleCmpBias.f32(i32, %dx.types.Handle, %dx.types.Handle, float, float, float, float, i32, i32, i32, float, float, float) #2

; Function Attrs: nounwind readonly
declare i1 @dx.op.checkAccessFullyMapped.i32(i32, i32) #2

; Function Attrs: nounwind readonly
declare %dx.types.CBufRet.f32 @dx.op.cbufferLoadLegacy.f32(i32, %dx.types.Handle, i32) #2

; Function Attrs: nounwind readnone
declare %dx.types.Handle @dx.op.annotateHandle(i32, %dx.types.Handle, %dx.types.ResourceProperties) #0

; Function Attrs: nounwind readnone
declare %dx.types.Handle @dx.op.createHandleFromBinding(i32, %dx.types.ResBind, i32, i1) #0

attributes #0 = { nounwind readnone }
attributes #1 = { nounwind }
attributes #2 = { nounwind readonly }

!llvm.ident = !{!0}
!dx.version = !{!1}
!dx.valver = !{!2}
!dx.shaderModel = !{!3}
!dx.resources = !{!4}
!dx.typeAnnotations = !{!15, !20}
!dx.viewIdState = !{!24}
!dx.entryPoints = !{!25}

!0 = !{!"dxc(private) 1.9.0.15336 (main, c7634614682)"}
!1 = !{i32 1, i32 8}
!2 = !{i32 1, i32 10}
!3 = !{!"ps", i32 6, i32 8}
!4 = !{!5, null, !11, !13}
!5 = !{!6, !8, !9, !10}
!6 = !{i32 0, %"class.Texture1D<vector<float, 4> >"* undef, !"tex1d", i32 0, i32 0, i32 1, i32 1, i32 0, !7}
!7 = !{i32 0, i32 9}
!8 = !{i32 1, %"class.Texture1DArray<vector<float, 4> >"* undef, !"tex1d_array", i32 0, i32 1, i32 1, i32 6, i32 0, !7}
!9 = !{i32 2, %"class.Texture2D<vector<float, 4> >"* undef, !"tex2d", i32 0, i32 2, i32 1, i32 2, i32 0, !7}
!10 = !{i32 3, %"class.TextureCube<vector<float, 4> >"* undef, !"texcube", i32 0, i32 3, i32 1, i32 5, i32 0, !7}
!11 = !{!12}
!12 = !{i32 0, %"$Globals"* undef, !"$Globals", i32 0, i32 0, i32 1, i32 12, null}
!13 = !{!14}
!14 = !{i32 0, %struct.SamplerComparisonState* undef, !"samp1", i32 0, i32 0, i32 1, i32 1, null}
!15 = !{i32 0, %"$Globals" undef, !16}
!16 = !{i32 12, !17, !18, !19}
!17 = !{i32 6, !"cmpVal", i32 3, i32 0, i32 7, i32 9, i32 9, i1 true}
!18 = !{i32 6, !"bias", i32 3, i32 4, i32 7, i32 9, i32 9, i1 true}
!19 = !{i32 6, !"clamp", i32 3, i32 8, i32 7, i32 9, i32 9, i1 true}
!20 = !{i32 1, void ()* @main, !21}
!21 = !{!22}
!22 = !{i32 0, !23, !23}
!23 = !{}
!24 = !{[6 x i32] [i32 4, i32 1, i32 1, i32 1, i32 1, i32 0]}
!25 = !{void ()* @main, !"main", !26, !4, !34}
!26 = !{!27, !31, null}
!27 = !{!28}
!28 = !{i32 0, !"A", i8 9, i8 0, !29, i8 2, i32 1, i8 4, i32 0, i8 0, !30}
!29 = !{i32 0}
!30 = !{i32 3, i32 7}
!31 = !{!32}
!32 = !{i32 0, !"SV_Target", i8 9, i8 16, !29, i8 0, i32 1, i8 1, i32 0, i8 0, !33}
!33 = !{i32 3, i32 1}
!34 = !{i32 0, i64 137438957568}

/Users/cbieneman/dev/DirectXShaderCompiler/include/dxc/Test/WEXAdapter.h:189: Failure
Failed
// RUN: %dxc -Tps_6_8 %s | FileCheck %s
Prior (0): %dxc -Tps_6_8 %s 
Error (1): FileCheck %s
/Users/cbieneman/dev/DirectXShaderCompiler/tools/clang/test/HLSL/../HLSLFileCheck/hlsl/objects/Texture/CalcLODWithSamplerComparison.hlsl:26:11: error: expected string not found in input
// CHECK: call float @dx.op.calculateLOD.f32(i32 81, %dx.types.Handle %[[AnnotT1D]], %dx.types.Handle %[[AnnotSampler]], float %{{.+}}, float undef, float undef, i1 true)
          ^
<stdin>:105:2: note: scanning from here
 %8 = call %dx.types.Handle @dx.op.annotateHandle(i32 216, %dx.types.Handle %tex1d_array_texture_1darray, %dx.types.ResourceProperties { i32 6, i32 1033 }) ; AnnotateHandle(res,props) resource: Texture1DArray<4xF32>
 ^
<stdin>:105:2: note: with variable "AnnotT1D" equal to "5"
 %8 = call %dx.types.Handle @dx.op.annotateHandle(i32 216, %dx.types.Handle %tex1d_array_texture_1darray, %dx.types.ResourceProperties { i32 6, i32 1033 }) ; AnnotateHandle(res,props) resource: Texture1DArray<4xF32>
 ^
<stdin>:105:2: note: with variable "AnnotSampler" equal to "7"
 %8 = call %dx.types.Handle @dx.op.annotateHandle(i32 216, %dx.types.Handle %tex1d_array_texture_1darray, %dx.types.ResourceProperties { i32 6, i32 1033 }) ; AnnotateHandle(res,props) resource: Texture1DArray<4xF32>
 ^
<stdin>:106:2: note: possible intended match here
 %9 = call float @dx.op.calculateLOD.f32(i32 81, %dx.types.Handle %8, %dx.types.Handle %7, float %1, float undef, float undef, i1 false) ; CalculateLOD(handle,sampler,coord0,coord1,coord2,clamped)
 ^

<full input to FileCheck>
;
; Input signature:
;
; Name                 Index   Mask Register SysValue  Format   Used
; -------------------- ----- ------ -------- -------- ------- ------
; A                        0   xyzw        0     NONE   float   xyz 
;
;
; Output signature:
;
; Name                 Index   Mask Register SysValue  Format   Used
; -------------------- ----- ------ -------- -------- ------- ------
; SV_Target                0   x           0   TARGET   float   x   
;
; shader hash: 965c9229deeb04c77a79b98fc0b3b99f
;
; Pipeline Runtime Information: 
;
;PSVRuntimeInfo:
; Pixel Shader
; DepthOutput=0
; SampleFrequency=0
; MinimumExpectedWaveLaneCount: 0
; MaximumExpectedWaveLaneCount: 4294967295
; UsesViewID: false
; SigInputElements: 1
; SigOutputElements: 1
; SigPatchConstOrPrimElements: 0
; SigInputVectors: 1
; SigOutputVectors[0]: 1
; SigOutputVectors[1]: 0
; SigOutputVectors[2]: 0
; SigOutputVectors[3]: 0
; EntryFunctionName: main
;
;
; Input signature:
;
; Name                 Index             InterpMode DynIdx
; -------------------- ----- ---------------------- ------
; A                        0                 linear       
;
; Output signature:
;
; Name                 Index             InterpMode DynIdx
; -------------------- ----- ---------------------- ------
; SV_Target                0                              
;
; Buffer Definitions:
;
;
; Resource Bindings:
;
; Name                                 Type  Format         Dim      ID      HLSL Bind  Count
; ------------------------------ ---------- ------- ----------- ------- -------------- ------
; samp1                             sampler      NA          NA      S0             s0     1
; tex1d                             texture     f32          1d      T0             t0     1
; tex1d_array                       texture     f32     1darray      T1             t1     1
; tex2d                             texture     f32          2d      T2             t2     1
; tex2d_array                       texture     f32     2darray      T3             t3     1
; texcube                           texture     f32        cube      T4             t4     1
; texcube_array                     texture     f32   cubearray      T5             t5     1
;
;
; ViewId state:
;
; Number of inputs: 4, outputs: 1
; Outputs dependent on ViewId: {  }
; Inputs contributing to computation of Outputs:
;   output 0 depends on inputs: { 0, 1, 2 }
;
target datalayout = "e-m:e-p:32:32-i1:32-i8:32-i16:32-i32:32-i64:64-f16:32-f32:32-f64:64-n8:16:32:64"
target triple = "dxil-ms-dx"

%dx.types.Handle = type { i8* }
%dx.types.ResBind = type { i32, i32, i32, i8 }
%dx.types.ResourceProperties = type { i32, i32 }
%"class.Texture1D<vector<float, 4> >" = type { <4 x float>, %"class.Texture1D<vector<float, 4> >::mips_type" }
%"class.Texture1D<vector<float, 4> >::mips_type" = type { i32 }
%"class.Texture1DArray<vector<float, 4> >" = type { <4 x float>, %"class.Texture1DArray<vector<float, 4> >::mips_type" }
%"class.Texture1DArray<vector<float, 4> >::mips_type" = type { i32 }
%"class.Texture2D<vector<float, 4> >" = type { <4 x float>, %"class.Texture2D<vector<float, 4> >::mips_type" }
%"class.Texture2D<vector<float, 4> >::mips_type" = type { i32 }
%"class.Texture2DArray<vector<float, 4> >" = type { <4 x float>, %"class.Texture2DArray<vector<float, 4> >::mips_type" }
%"class.Texture2DArray<vector<float, 4> >::mips_type" = type { i32 }
%"class.TextureCube<vector<float, 4> >" = type { <4 x float> }
%"class.TextureCubeArray<vector<float, 4> >" = type { <4 x float> }
%struct.SamplerComparisonState = type { i32 }

define void @main() {
  %texcube_array_texture_cubearray = call %dx.types.Handle @dx.op.createHandleFromBinding(i32 217, %dx.types.ResBind { i32 5, i32 5, i32 0, i8 0 }, i32 5, i1 false)  ; CreateHandleFromBinding(bind,index,nonUniformIndex)
  %texcube_texture_cube = call %dx.types.Handle @dx.op.createHandleFromBinding(i32 217, %dx.types.ResBind { i32 4, i32 4, i32 0, i8 0 }, i32 4, i1 false)  ; CreateHandleFromBinding(bind,index,nonUniformIndex)
  %tex2d_array_texture_2darray = call %dx.types.Handle @dx.op.createHandleFromBinding(i32 217, %dx.types.ResBind { i32 3, i32 3, i32 0, i8 0 }, i32 3, i1 false)  ; CreateHandleFromBinding(bind,index,nonUniformIndex)
  %tex2d_texture_2d = call %dx.types.Handle @dx.op.createHandleFromBinding(i32 217, %dx.types.ResBind { i32 2, i32 2, i32 0, i8 0 }, i32 2, i1 false)  ; CreateHandleFromBinding(bind,index,nonUniformIndex)
  %tex1d_array_texture_1darray = call %dx.types.Handle @dx.op.createHandleFromBinding(i32 217, %dx.types.ResBind { i32 1, i32 1, i32 0, i8 0 }, i32 1, i1 false)  ; CreateHandleFromBinding(bind,index,nonUniformIndex)
  %tex1d_texture_1d = call %dx.types.Handle @dx.op.createHandleFromBinding(i32 217, %dx.types.ResBind zeroinitializer, i32 0, i1 false)  ; CreateHandleFromBinding(bind,index,nonUniformIndex)
  %samp1_sampler = call %dx.types.Handle @dx.op.createHandleFromBinding(i32 217, %dx.types.ResBind { i32 0, i32 0, i32 0, i8 3 }, i32 0, i1 false)  ; CreateHandleFromBinding(bind,index,nonUniformIndex)
  %1 = call float @dx.op.loadInput.f32(i32 4, i32 0, i32 0, i8 0, i32 undef)  ; LoadInput(inputSigId,rowIndex,colIndex,gsVertexAxis)
  %2 = call float @dx.op.loadInput.f32(i32 4, i32 0, i32 0, i8 1, i32 undef)  ; LoadInput(inputSigId,rowIndex,colIndex,gsVertexAxis)
  %3 = call float @dx.op.loadInput.f32(i32 4, i32 0, i32 0, i8 2, i32 undef)  ; LoadInput(inputSigId,rowIndex,colIndex,gsVertexAxis)
  %4 = call %dx.types.Handle @dx.op.annotateHandle(i32 216, %dx.types.Handle %samp1_sampler, %dx.types.ResourceProperties { i32 32782, i32 0 })  ; AnnotateHandle(res,props)  resource: SamplerComparisonState
  %5 = call %dx.types.Handle @dx.op.annotateHandle(i32 216, %dx.types.Handle %tex1d_texture_1d, %dx.types.ResourceProperties { i32 1, i32 1033 })  ; AnnotateHandle(res,props)  resource: Texture1D<4xF32>
  %6 = call float @dx.op.calculateLOD.f32(i32 81, %dx.types.Handle %5, %dx.types.Handle %4, float %1, float undef, float undef, i1 true)  ; CalculateLOD(handle,sampler,coord0,coord1,coord2,clamped)
  %7 = call %dx.types.Handle @dx.op.annotateHandle(i32 216, %dx.types.Handle %samp1_sampler, %dx.types.ResourceProperties { i32 32782, i32 0 })  ; AnnotateHandle(res,props)  resource: SamplerComparisonState
  %8 = call %dx.types.Handle @dx.op.annotateHandle(i32 216, %dx.types.Handle %tex1d_array_texture_1darray, %dx.types.ResourceProperties { i32 6, i32 1033 })  ; AnnotateHandle(res,props)  resource: Texture1DArray<4xF32>
  %9 = call float @dx.op.calculateLOD.f32(i32 81, %dx.types.Handle %8, %dx.types.Handle %7, float %1, float undef, float undef, i1 false)  ; CalculateLOD(handle,sampler,coord0,coord1,coord2,clamped)
  %10 = fadd fast float %9, %6
  %11 = call %dx.types.Handle @dx.op.annotateHandle(i32 216, %dx.types.Handle %samp1_sampler, %dx.types.ResourceProperties { i32 32782, i32 0 })  ; AnnotateHandle(res,props)  resource: SamplerComparisonState
  %12 = call %dx.types.Handle @dx.op.annotateHandle(i32 216, %dx.types.Handle %tex2d_texture_2d, %dx.types.ResourceProperties { i32 2, i32 1033 })  ; AnnotateHandle(res,props)  resource: Texture2D<4xF32>
  %13 = call float @dx.op.calculateLOD.f32(i32 81, %dx.types.Handle %12, %dx.types.Handle %11, float %1, float %2, float undef, i1 true)  ; CalculateLOD(handle,sampler,coord0,coord1,coord2,clamped)
  %14 = fadd fast float %10, %13
  %15 = call %dx.types.Handle @dx.op.annotateHandle(i32 216, %dx.types.Handle %samp1_sampler, %dx.types.ResourceProperties { i32 32782, i32 0 })  ; AnnotateHandle(res,props)  resource: SamplerComparisonState
  %16 = call %dx.types.Handle @dx.op.annotateHandle(i32 216, %dx.types.Handle %tex2d_array_texture_2darray, %dx.types.ResourceProperties { i32 7, i32 1033 })  ; AnnotateHandle(res,props)  resource: Texture2DArray<4xF32>
  %17 = call float @dx.op.calculateLOD.f32(i32 81, %dx.types.Handle %16, %dx.types.Handle %15, float %1, float %2, float undef, i1 false)  ; CalculateLOD(handle,sampler,coord0,coord1,coord2,clamped)
  %18 = fadd fast float %14, %17
  %19 = call %dx.types.Handle @dx.op.annotateHandle(i32 216, %dx.types.Handle %samp1_sampler, %dx.types.ResourceProperties { i32 32782, i32 0 })  ; AnnotateHandle(res,props)  resource: SamplerComparisonState
  %20 = call %dx.types.Handle @dx.op.annotateHandle(i32 216, %dx.types.Handle %texcube_texture_cube, %dx.types.ResourceProperties { i32 5, i32 1033 })  ; AnnotateHandle(res,props)  resource: TextureCube<4xF32>
  %21 = call float @dx.op.calculateLOD.f32(i32 81, %dx.types.Handle %20, %dx.types.Handle %19, float %1, float %2, float %3, i1 true)  ; CalculateLOD(handle,sampler,coord0,coord1,coord2,clamped)
  %22 = fadd fast float %18, %21
  %23 = call %dx.types.Handle @dx.op.annotateHandle(i32 216, %dx.types.Handle %samp1_sampler, %dx.types.ResourceProperties { i32 32782, i32 0 })  ; AnnotateHandle(res,props)  resource: SamplerComparisonState
  %24 = call %dx.types.Handle @dx.op.annotateHandle(i32 216, %dx.types.Handle %texcube_array_texture_cubearray, %dx.types.ResourceProperties { i32 9, i32 1033 })  ; AnnotateHandle(res,props)  resource: TextureCubeArray<4xF32>
  %25 = call float @dx.op.calculateLOD.f32(i32 81, %dx.types.Handle %24, %dx.types.Handle %23, float %1, float %2, float %3, i1 false)  ; CalculateLOD(handle,sampler,coord0,coord1,coord2,clamped)
  %26 = fadd fast float %22, %25
  call void @dx.op.storeOutput.f32(i32 5, i32 0, i32 0, i8 0, float %26)  ; StoreOutput(outputSigId,rowIndex,colIndex,value)
  ret void
}

; Function Attrs: nounwind readnone
declare float @dx.op.loadInput.f32(i32, i32, i32, i8, i32) #0

; Function Attrs: nounwind
declare void @dx.op.storeOutput.f32(i32, i32, i32, i8, float) #1

; Function Attrs: nounwind readonly
declare float @dx.op.calculateLOD.f32(i32, %dx.types.Handle, %dx.types.Handle, float, float, float, i1) #2

; Function Attrs: nounwind readnone
declare %dx.types.Handle @dx.op.annotateHandle(i32, %dx.types.Handle, %dx.types.ResourceProperties) #0

; Function Attrs: nounwind readnone
declare %dx.types.Handle @dx.op.createHandleFromBinding(i32, %dx.types.ResBind, i32, i1) #0

attributes #0 = { nounwind readnone }
attributes #1 = { nounwind }
attributes #2 = { nounwind readonly }

!llvm.ident = !{!0}
!dx.version = !{!1}
!dx.valver = !{!2}
!dx.shaderModel = !{!3}
!dx.resources = !{!4}
!dx.typeAnnotations = !{!15}
!dx.viewIdState = !{!19}
!dx.entryPoints = !{!20}

!0 = !{!"dxc(private) 1.9.0.15336 (main, c7634614682)"}
!1 = !{i32 1, i32 8}
!2 = !{i32 1, i32 10}
!3 = !{!"ps", i32 6, i32 8}
!4 = !{!5, null, null, !13}
!5 = !{!6, !8, !9, !10, !11, !12}
!6 = !{i32 0, %"class.Texture1D<vector<float, 4> >"* undef, !"tex1d", i32 0, i32 0, i32 1, i32 1, i32 0, !7}
!7 = !{i32 0, i32 9}
!8 = !{i32 1, %"class.Texture1DArray<vector<float, 4> >"* undef, !"tex1d_array", i32 0, i32 1, i32 1, i32 6, i32 0, !7}
!9 = !{i32 2, %"class.Texture2D<vector<float, 4> >"* undef, !"tex2d", i32 0, i32 2, i32 1, i32 2, i32 0, !7}
!10 = !{i32 3, %"class.Texture2DArray<vector<float, 4> >"* undef, !"tex2d_array", i32 0, i32 3, i32 1, i32 7, i32 0, !7}
!11 = !{i32 4, %"class.TextureCube<vector<float, 4> >"* undef, !"texcube", i32 0, i32 4, i32 1, i32 5, i32 0, !7}
!12 = !{i32 5, %"class.TextureCubeArray<vector<float, 4> >"* undef, !"texcube_array", i32 0, i32 5, i32 1, i32 9, i32 0, !7}
!13 = !{!14}
!14 = !{i32 0, %struct.SamplerComparisonState* undef, !"samp1", i32 0, i32 0, i32 1, i32 1, null}
!15 = !{i32 1, void ()* @main, !16}
!16 = !{!17}
!17 = !{i32 0, !18, !18}
!18 = !{}
!19 = !{[6 x i32] [i32 4, i32 1, i32 1, i32 1, i32 1, i32 0]}
!20 = !{void ()* @main, !"main", !21, !4, null}
!21 = !{!22, !26, null}
!22 = !{!23}
!23 = !{i32 0, !"A", i8 9, i8 0, !24, i8 2, i32 1, i8 4, i32 0, i8 0, !25}
!24 = !{i32 0}
!25 = !{i32 3, i32 7}
!26 = !{!27}
!27 = !{i32 0, !"SV_Target", i8 9, i8 16, !24, i8 0, i32 1, i8 1, i32 0, i8 0, !28}
!28 = !{i32 3, i32 1}

/Users/cbieneman/dev/DirectXShaderCompiler/include/dxc/Test/WEXAdapter.h:189: Failure
Failed
// RUN: %dxc -T lib_6_8  %s | FileCheck %s
Prior (0): %dxc -T lib_6_8  %s 
Error (1): FileCheck %s
/Users/cbieneman/dev/DirectXShaderCompiler/tools/clang/test/HLSL/../HLSLFileCheck/hlsl/objects/Texture/Sample_node.hlsl:12:11: error: expected string not found in input
// CHECK: %[[SamplerH:.+]] = call %dx.types.Handle @dx.op.createHandleForLib.dx.types.Handle(i32 160, %dx.types.Handle %[[Sampler]]) ; CreateHandleForLib(Resource)
          ^
<stdin>:84:2: note: scanning from here
 %25 = call %dx.types.ResRet.f32 @dx.op.sampleCmpBias.f32(i32 255, %dx.types.Handle %24, %dx.types.Handle %22, float %11, float %13, float undef, float undef, i32 -5, i32 7, i32 undef, float %20, float %19, float %17) ; SampleCmpBias(srv,sampler,coord0,coord1,coord2,coord3,offset0,offset1,offset2,compareValue,bias,clamp)
 ^
<stdin>:84:2: note: with variable "Sampler" equal to "1"
 %25 = call %dx.types.ResRet.f32 @dx.op.sampleCmpBias.f32(i32 255, %dx.types.Handle %24, %dx.types.Handle %22, float %11, float %13, float undef, float undef, i32 -5, i32 7, i32 undef, float %20, float %19, float %17) ; SampleCmpBias(srv,sampler,coord0,coord1,coord2,coord3,offset0,offset1,offset2,compareValue,bias,clamp)
 ^

<full input to FileCheck>
;
; Note: shader requires additional functionality:
;       Tiled resources
;       SampleCmp with gradient or bias
;
; shader hash: 9f9c0044ed2ca577b17c065b7c84b9eb
;
; Buffer Definitions:
;
; cbuffer $Globals
; {
;
;   struct $Globals
;   {
;
;       float cmpVal;                                 ; Offset:    0
;       float bias;                                   ; Offset:    4
;       float2 ddx;                                   ; Offset:    8
;       float2 ddy;                                   ; Offset:   16
;       bool clamp;                                   ; Offset:   24
;   
;   } $Globals;                                       ; Offset:    0 Size:    28
;
; }
;
;
; Resource Bindings:
;
; Name                                 Type  Format         Dim      ID      HLSL Bind  Count
; ------------------------------ ---------- ------- ----------- ------- -------------- ------
; $Globals                          cbuffer      NA          NA     CB0   cb4294967295     1
; s                                 sampler      NA          NA      S0s4294967295,space4294967295     1
; tex2d                             texture     f32          2d      T0t4294967295,space4294967295     1
;
target datalayout = "e-m:e-p:32:32-i1:32-i8:32-i16:32-i32:32-i64:64-f16:32-f32:32-f64:64-n8:16:32:64"
target triple = "dxil-ms-dx"

%dx.types.Handle = type { i8* }
%dx.types.ResourceProperties = type { i32, i32 }
%dx.types.NodeHandle = type { i8* }
%dx.types.NodeInfo = type { i32, i32 }
%dx.types.NodeRecordHandle = type { i8* }
%dx.types.NodeRecordInfo = type { i32, i32 }
%struct.rec0.0 = type { i32, [2 x float] }
%dx.types.CBufRet.i32 = type { i32, i32, i32, i32 }
%dx.types.CBufRet.f32 = type { float, float, float, float }
%dx.types.ResRet.f32 = type { float, float, float, float, i32 }
%struct.rec1 = type { float, i32 }
%"class.Texture2D<vector<float, 4> >" = type { <4 x float>, %"class.Texture2D<vector<float, 4> >::mips_type" }
%"class.Texture2D<vector<float, 4> >::mips_type" = type { i32 }
%"$Globals" = type { float, float, <2 x float>, <2 x float>, i32 }
%struct.SamplerComparisonState = type { i32 }

@"\01?tex2d@@3V?$Texture2D@V?$vector@M$03@@@@A" = external constant %dx.types.Handle, align 4
@"\01?s@@3USamplerComparisonState@@A" = external constant %dx.types.Handle, align 4
@"$Globals" = external constant %dx.types.Handle

define void @BackwardRef() {
  %1 = load %dx.types.Handle, %dx.types.Handle* @"\01?s@@3USamplerComparisonState@@A", align 4
  %2 = load %dx.types.Handle, %dx.types.Handle* @"\01?tex2d@@3V?$Texture2D@V?$vector@M$03@@@@A", align 4
  %3 = load %dx.types.Handle, %dx.types.Handle* @"$Globals", align 4
  %"$Globals" = call %dx.types.Handle @dx.op.createHandleForLib.dx.types.Handle(i32 160, %dx.types.Handle %3)  ; CreateHandleForLib(Resource)
  %4 = call %dx.types.Handle @dx.op.annotateHandle(i32 216, %dx.types.Handle %"$Globals", %dx.types.ResourceProperties { i32 13, i32 28 })  ; AnnotateHandle(res,props)  resource: CBuffer
  %5 = call %dx.types.NodeHandle @dx.op.createNodeOutputHandle(i32 247, i32 0)  ; CreateNodeOutputHandle(MetadataIdx)
  %6 = call %dx.types.NodeHandle @dx.op.annotateNodeHandle(i32 249, %dx.types.NodeHandle %5, %dx.types.NodeInfo { i32 6, i32 8 })  ; AnnotateNodeHandle(node,props)
  %7 = call %dx.types.NodeRecordHandle @dx.op.createNodeInputRecordHandle(i32 250, i32 0)  ; CreateNodeInputRecordHandle(MetadataIdx)
  %8 = call %dx.types.NodeRecordHandle @dx.op.annotateNodeRecordHandle(i32 251, %dx.types.NodeRecordHandle %7, %dx.types.NodeRecordInfo { i32 101, i32 12 })  ; AnnotateNodeRecordHandle(noderecord,props)
  %9 = call %struct.rec0.0 addrspace(6)* @dx.op.getNodeRecordPtr.struct.rec0.0(i32 239, %dx.types.NodeRecordHandle %8, i32 0)  ; GetNodeRecordPtr(recordhandle,arrayIndex)
  %10 = getelementptr inbounds %struct.rec0.0, %struct.rec0.0 addrspace(6)* %9, i32 0, i32 1, i32 0
  %11 = load float, float addrspace(6)* %10, align 4
  %12 = getelementptr inbounds %struct.rec0.0, %struct.rec0.0 addrspace(6)* %9, i32 0, i32 1, i32 1
  %13 = load float, float addrspace(6)* %12, align 4
  %14 = call %dx.types.CBufRet.i32 @dx.op.cbufferLoadLegacy.i32(i32 59, %dx.types.Handle %4, i32 1)  ; CBufferLoadLegacy(handle,regIndex)
  %15 = extractvalue %dx.types.CBufRet.i32 %14, 2
  %16 = icmp ne i32 %15, 0
  %17 = uitofp i1 %16 to float
  %18 = call %dx.types.CBufRet.f32 @dx.op.cbufferLoadLegacy.f32(i32 59, %dx.types.Handle %4, i32 0)  ; CBufferLoadLegacy(handle,regIndex)
  %19 = extractvalue %dx.types.CBufRet.f32 %18, 1
  %20 = extractvalue %dx.types.CBufRet.f32 %18, 0
  %21 = call %dx.types.Handle @dx.op.createHandleForLib.dx.types.Handle(i32 160, %dx.types.Handle %1)  ; CreateHandleForLib(Resource)
  %22 = call %dx.types.Handle @dx.op.annotateHandle(i32 216, %dx.types.Handle %21, %dx.types.ResourceProperties { i32 32782, i32 0 })  ; AnnotateHandle(res,props)  resource: SamplerComparisonState
  %23 = call %dx.types.Handle @dx.op.createHandleForLib.dx.types.Handle(i32 160, %dx.types.Handle %2)  ; CreateHandleForLib(Resource)
  %24 = call %dx.types.Handle @dx.op.annotateHandle(i32 216, %dx.types.Handle %23, %dx.types.ResourceProperties { i32 2, i32 1033 })  ; AnnotateHandle(res,props)  resource: Texture2D<4xF32>
  %25 = call %dx.types.ResRet.f32 @dx.op.sampleCmpBias.f32(i32 255, %dx.types.Handle %24, %dx.types.Handle %22, float %11, float %13, float undef, float undef, i32 -5, i32 7, i32 undef, float %20, float %19, float %17)  ; SampleCmpBias(srv,sampler,coord0,coord1,coord2,coord3,offset0,offset1,offset2,compareValue,bias,clamp)
  %26 = extractvalue %dx.types.ResRet.f32 %25, 0
  %27 = call %dx.types.CBufRet.f32 @dx.op.cbufferLoadLegacy.f32(i32 59, %dx.types.Handle %4, i32 1)  ; CBufferLoadLegacy(handle,regIndex)
  %28 = extractvalue %dx.types.CBufRet.f32 %27, 0
  %29 = extractvalue %dx.types.CBufRet.f32 %27, 1
  %30 = extractvalue %dx.types.CBufRet.f32 %18, 2
  %31 = extractvalue %dx.types.CBufRet.f32 %18, 3
  %32 = call %dx.types.ResRet.f32 @dx.op.sampleCmpGrad.f32(i32 254, %dx.types.Handle %24, %dx.types.Handle %22, float %11, float %13, float undef, float undef, i32 7, i32 -5, i32 undef, float %20, float %30, float %31, float undef, float %28, float %29, float undef, float %17)  ; SampleCmpGrad(srv,sampler,coord0,coord1,coord2,coord3,offset0,offset1,offset2,compareValue,ddx0,ddx1,ddx2,ddy0,ddy1,ddy2,clamp)
  %33 = extractvalue %dx.types.ResRet.f32 %32, 0
  %34 = fadd fast float %33, %26
  %35 = call %dx.types.NodeRecordHandle @dx.op.allocateNodeOutputRecords(i32 238, %dx.types.NodeHandle %6, i32 1, i1 false)  ; AllocateNodeOutputRecords(output,numRecords,perThread)
  %36 = call %dx.types.NodeRecordHandle @dx.op.annotateNodeRecordHandle(i32 251, %dx.types.NodeRecordHandle %35, %dx.types.NodeRecordInfo { i32 70, i32 8 })  ; AnnotateNodeRecordHandle(noderecord,props)
  %37 = call %struct.rec1 addrspace(6)* @dx.op.getNodeRecordPtr.struct.rec1(i32 239, %dx.types.NodeRecordHandle %36, i32 0)  ; GetNodeRecordPtr(recordhandle,arrayIndex)
  %38 = getelementptr %struct.rec1, %struct.rec1 addrspace(6)* %37, i32 0, i32 0
  %39 = bitcast float %34 to i32
  %40 = bitcast float addrspace(6)* %38 to i32 addrspace(6)*
  %41 = cmpxchg i32 addrspace(6)* %40, i32 0, i32 %39 seq_cst seq_cst
  ret void
}

; Function Attrs: nounwind readnone
declare %struct.rec0.0 addrspace(6)* @dx.op.getNodeRecordPtr.struct.rec0.0(i32, %dx.types.NodeRecordHandle, i32) #0

; Function Attrs: nounwind readnone
declare %struct.rec1 addrspace(6)* @dx.op.getNodeRecordPtr.struct.rec1(i32, %dx.types.NodeRecordHandle, i32) #0

; Function Attrs: nounwind readonly
declare %dx.types.ResRet.f32 @dx.op.sampleCmpBias.f32(i32, %dx.types.Handle, %dx.types.Handle, float, float, float, float, i32, i32, i32, float, float, float) #1

; Function Attrs: nounwind readonly
declare %dx.types.ResRet.f32 @dx.op.sampleCmpGrad.f32(i32, %dx.types.Handle, %dx.types.Handle, float, float, float, float, i32, i32, i32, float, float, float, float, float, float, float, float) #1

; Function Attrs: nounwind
declare %dx.types.NodeRecordHandle @dx.op.allocateNodeOutputRecords(i32, %dx.types.NodeHandle, i32, i1) #2

; Function Attrs: nounwind readonly
declare %dx.types.CBufRet.i32 @dx.op.cbufferLoadLegacy.i32(i32, %dx.types.Handle, i32) #1

; Function Attrs: nounwind readonly
declare %dx.types.CBufRet.f32 @dx.op.cbufferLoadLegacy.f32(i32, %dx.types.Handle, i32) #1

; Function Attrs: nounwind readnone
declare %dx.types.Handle @dx.op.annotateHandle(i32, %dx.types.Handle, %dx.types.ResourceProperties) #0

; Function Attrs: nounwind readnone
declare %dx.types.NodeRecordHandle @dx.op.annotateNodeRecordHandle(i32, %dx.types.NodeRecordHandle, %dx.types.NodeRecordInfo) #0

; Function Attrs: nounwind readnone
declare %dx.types.NodeRecordHandle @dx.op.createNodeInputRecordHandle(i32, i32) #0

; Function Attrs: nounwind readnone
declare %dx.types.NodeHandle @dx.op.createNodeOutputHandle(i32, i32) #0

; Function Attrs: nounwind readnone
declare %dx.types.NodeHandle @dx.op.annotateNodeHandle(i32, %dx.types.NodeHandle, %dx.types.NodeInfo) #0

; Function Attrs: nounwind readonly
declare %dx.types.Handle @dx.op.createHandleForLib.dx.types.Handle(i32, %dx.types.Handle) #1

attributes #0 = { nounwind readnone }
attributes #1 = { nounwind readonly }
attributes #2 = { nounwind }

!llvm.ident = !{!0}
!dx.version = !{!1}
!dx.valver = !{!2}
!dx.shaderModel = !{!3}
!dx.resources = !{!4}
!dx.typeAnnotations = !{!12, !19}
!dx.entryPoints = !{!23, !25}

!0 = !{!"dxc(private) 1.9.0.15336 (main, c7634614682)"}
!1 = !{i32 1, i32 8}
!2 = !{i32 1, i32 10}
!3 = !{!"lib", i32 6, i32 8}
!4 = !{!5, null, !8, !10}
!5 = !{!6}
!6 = !{i32 0, %"class.Texture2D<vector<float, 4> >"* bitcast (%dx.types.Handle* @"\01?tex2d@@3V?$Texture2D@V?$vector@M$03@@@@A" to %"class.Texture2D<vector<float, 4> >"*), !"tex2d", i32 -1, i32 -1, i32 1, i32 2, i32 0, !7}
!7 = !{i32 0, i32 9}
!8 = !{!9}
!9 = !{i32 0, %"$Globals"* bitcast (%dx.types.Handle* @"$Globals" to %"$Globals"*), !"$Globals", i32 0, i32 -1, i32 1, i32 28, null}
!10 = !{!11}
!11 = !{i32 0, %struct.SamplerComparisonState* bitcast (%dx.types.Handle* @"\01?s@@3USamplerComparisonState@@A" to %struct.SamplerComparisonState*), !"s", i32 -1, i32 -1, i32 1, i32 1, null}
!12 = !{i32 0, %"$Globals" undef, !13}
!13 = !{i32 28, !14, !15, !16, !17, !18}
!14 = !{i32 6, !"cmpVal", i32 3, i32 0, i32 7, i32 9, i32 9, i1 true}
!15 = !{i32 6, !"bias", i32 3, i32 4, i32 7, i32 9, i32 9, i1 true}
!16 = !{i32 6, !"ddx", i32 3, i32 8, i32 7, i32 9, i32 9, i1 true, i32 13, i32 2}
!17 = !{i32 6, !"ddy", i32 3, i32 16, i32 7, i32 9, i32 9, i1 true, i32 13, i32 2}
!18 = !{i32 6, !"clamp", i32 3, i32 24, i32 7, i32 1, i32 9, i1 true}
!19 = !{i32 1, void ()* @BackwardRef, !20}
!20 = !{!21}
!21 = !{i32 0, !22, !22}
!22 = !{}
!23 = !{null, !"", null, !4, !24}
!24 = !{i32 0, i64 137438957568}
!25 = !{void ()* @BackwardRef, !"BackwardRef", null, null, !26}
!26 = !{i32 8, i32 15, i32 13, i32 1, i32 15, !27, i32 16, i32 -1, i32 18, !28, i32 20, !29, i32 21, !32, i32 4, !38, i32 5, !39}
!27 = !{!"BackwardRef", i32 0}
!28 = !{i32 1, i32 1, i32 1}
!29 = !{!30}
!30 = !{i32 1, i32 101, i32 2, !31}
!31 = !{i32 0, i32 12, i32 2, i32 4}
!32 = !{!33, !36}
!33 = !{i32 1, i32 6, i32 2, !34, i32 3, i32 5, i32 0, !35}
!34 = !{i32 0, i32 8, i32 2, i32 4}
!35 = !{!"Output1", i32 0}
!36 = !{i32 1, i32 6, i32 2, !34, i32 3, i32 0, i32 4, i32 0, i32 0, !37}
!37 = !{!"Output2", i32 0}
!38 = !{i32 4, i32 1, i32 1}
!39 = !{i32 0}

/Users/cbieneman/dev/DirectXShaderCompiler/include/dxc/Test/WEXAdapter.h:189: Failure
Failed
// RUN: %dxc -Tps_6_8 %s | FileCheck %s
Prior (0): %dxc -Tps_6_8 %s 
Error (1): FileCheck %s
/Users/cbieneman/dev/DirectXShaderCompiler/tools/clang/test/HLSL/../HLSLFileCheck/hlsl/objects/Texture/SampleCmpGrad.hlsl:34:11: error: expected string not found in input
// CHECK: %[[AnnotSampler:.+]] = call %dx.types.Handle @dx.op.annotateHandle(i32 216, %dx.types.Handle %[[Sampler]], %dx.types.ResourceProperties { i32 32782, i32 0 }) ; AnnotateHandle(res,props) resource: SamplerComparisonState
          ^
<stdin>:129:2: note: scanning from here
 %15 = call %dx.types.ResRet.f32 @dx.op.sampleCmpGrad.f32(i32 254, %dx.types.Handle %14, %dx.types.Handle %13, float %2, float %3, float %4, float undef, i32 undef, i32 undef, i32 undef, float %12, float %10, float %10, float %11, float %8, float %8, float %7, float undef) ; SampleCmpGrad(srv,sampler,coord0,coord1,coord2,coord3,offset0,offset1,offset2,compareValue,ddx0,ddx1,ddx2,ddy0,ddy1,ddy2,clamp)
 ^
<stdin>:129:2: note: with variable "Sampler" equal to "samp1_sampler"
 %15 = call %dx.types.ResRet.f32 @dx.op.sampleCmpGrad.f32(i32 254, %dx.types.Handle %14, %dx.types.Handle %13, float %2, float %3, float %4, float undef, i32 undef, i32 undef, i32 undef, float %12, float %10, float %10, float %11, float %8, float %8, float %7, float undef) ; SampleCmpGrad(srv,sampler,coord0,coord1,coord2,coord3,offset0,offset1,offset2,compareValue,ddx0,ddx1,ddx2,ddy0,ddy1,ddy2,clamp)
 ^

<full input to FileCheck>
;
; Note: shader requires additional functionality:
;       Tiled resources
;       SampleCmp with gradient or bias
;
;
; Input signature:
;
; Name                 Index   Mask Register SysValue  Format   Used
; -------------------- ----- ------ -------- -------- ------- ------
; A                        0   xyzw        0     NONE   float   xyzw
;
;
; Output signature:
;
; Name                 Index   Mask Register SysValue  Format   Used
; -------------------- ----- ------ -------- -------- ------- ------
; SV_Target                0   x           0   TARGET   float   x   
;
; shader hash: 718b971192ed2aecbd803b1a24c31ad3
;
; Pipeline Runtime Information: 
;
;PSVRuntimeInfo:
; Pixel Shader
; DepthOutput=0
; SampleFrequency=0
; MinimumExpectedWaveLaneCount: 0
; MaximumExpectedWaveLaneCount: 4294967295
; UsesViewID: false
; SigInputElements: 1
; SigOutputElements: 1
; SigPatchConstOrPrimElements: 0
; SigInputVectors: 1
; SigOutputVectors[0]: 1
; SigOutputVectors[1]: 0
; SigOutputVectors[2]: 0
; SigOutputVectors[3]: 0
; EntryFunctionName: main
;
;
; Input signature:
;
; Name                 Index             InterpMode DynIdx
; -------------------- ----- ---------------------- ------
; A                        0                 linear       
;
; Output signature:
;
; Name                 Index             InterpMode DynIdx
; -------------------- ----- ---------------------- ------
; SV_Target                0                              
;
; Buffer Definitions:
;
; cbuffer $Globals
; {
;
;   struct $Globals
;   {
;
;       float cmpVal;                                 ; Offset:    0
;       float2 ddx;                                   ; Offset:    4
;       float2 ddy;                                   ; Offset:   16
;       float clamp;                                  ; Offset:   24
;   
;   } $Globals;                                       ; Offset:    0 Size:    28
;
; }
;
;
; Resource Bindings:
;
; Name                                 Type  Format         Dim      ID      HLSL Bind  Count
; ------------------------------ ---------- ------- ----------- ------- -------------- ------
; $Globals                          cbuffer      NA          NA     CB0            cb0     1
; samp1                             sampler      NA          NA      S0             s0     1
; tex2d                             texture     f32          2d      T0             t0     1
; tex2d_array                       texture     f32     2darray      T1             t1     1
; texcube                           texture     f32        cube      T2             t2     1
; texcube_array                     texture     f32   cubearray      T3             t3     1
;
;
; ViewId state:
;
; Number of inputs: 4, outputs: 1
; Outputs dependent on ViewId: {  }
; Inputs contributing to computation of Outputs:
;   output 0 depends on inputs: { 0, 1, 2, 3 }
;
target datalayout = "e-m:e-p:32:32-i1:32-i8:32-i16:32-i32:32-i64:64-f16:32-f32:32-f64:64-n8:16:32:64"
target triple = "dxil-ms-dx"

%dx.types.Handle = type { i8* }
%dx.types.ResBind = type { i32, i32, i32, i8 }
%dx.types.ResourceProperties = type { i32, i32 }
%dx.types.CBufRet.f32 = type { float, float, float, float }
%dx.types.ResRet.f32 = type { float, float, float, float, i32 }
%"class.Texture2D<vector<float, 4> >" = type { <4 x float>, %"class.Texture2D<vector<float, 4> >::mips_type" }
%"class.Texture2D<vector<float, 4> >::mips_type" = type { i32 }
%"class.Texture2DArray<vector<float, 4> >" = type { <4 x float>, %"class.Texture2DArray<vector<float, 4> >::mips_type" }
%"class.Texture2DArray<vector<float, 4> >::mips_type" = type { i32 }
%"class.TextureCube<vector<float, 4> >" = type { <4 x float> }
%"class.TextureCubeArray<vector<float, 4> >" = type { <4 x float> }
%"$Globals" = type { float, <2 x float>, <2 x float>, float }
%struct.SamplerComparisonState = type { i32 }

define void @main() {
  %texcube_array_texture_cubearray = call %dx.types.Handle @dx.op.createHandleFromBinding(i32 217, %dx.types.ResBind { i32 3, i32 3, i32 0, i8 0 }, i32 3, i1 false)  ; CreateHandleFromBinding(bind,index,nonUniformIndex)
  %texcube_texture_cube = call %dx.types.Handle @dx.op.createHandleFromBinding(i32 217, %dx.types.ResBind { i32 2, i32 2, i32 0, i8 0 }, i32 2, i1 false)  ; CreateHandleFromBinding(bind,index,nonUniformIndex)
  %tex2d_array_texture_2darray = call %dx.types.Handle @dx.op.createHandleFromBinding(i32 217, %dx.types.ResBind { i32 1, i32 1, i32 0, i8 0 }, i32 1, i1 false)  ; CreateHandleFromBinding(bind,index,nonUniformIndex)
  %tex2d_texture_2d = call %dx.types.Handle @dx.op.createHandleFromBinding(i32 217, %dx.types.ResBind zeroinitializer, i32 0, i1 false)  ; CreateHandleFromBinding(bind,index,nonUniformIndex)
  %samp1_sampler = call %dx.types.Handle @dx.op.createHandleFromBinding(i32 217, %dx.types.ResBind { i32 0, i32 0, i32 0, i8 3 }, i32 0, i1 false)  ; CreateHandleFromBinding(bind,index,nonUniformIndex)
  %"$Globals_cbuffer" = call %dx.types.Handle @dx.op.createHandleFromBinding(i32 217, %dx.types.ResBind { i32 0, i32 0, i32 0, i8 2 }, i32 0, i1 false)  ; CreateHandleFromBinding(bind,index,nonUniformIndex)
  %1 = call %dx.types.Handle @dx.op.annotateHandle(i32 216, %dx.types.Handle %"$Globals_cbuffer", %dx.types.ResourceProperties { i32 13, i32 28 })  ; AnnotateHandle(res,props)  resource: CBuffer
  %2 = call float @dx.op.loadInput.f32(i32 4, i32 0, i32 0, i8 0, i32 undef)  ; LoadInput(inputSigId,rowIndex,colIndex,gsVertexAxis)
  %3 = call float @dx.op.loadInput.f32(i32 4, i32 0, i32 0, i8 1, i32 undef)  ; LoadInput(inputSigId,rowIndex,colIndex,gsVertexAxis)
  %4 = call float @dx.op.loadInput.f32(i32 4, i32 0, i32 0, i8 2, i32 undef)  ; LoadInput(inputSigId,rowIndex,colIndex,gsVertexAxis)
  %5 = call float @dx.op.loadInput.f32(i32 4, i32 0, i32 0, i8 3, i32 undef)  ; LoadInput(inputSigId,rowIndex,colIndex,gsVertexAxis)
  %6 = call %dx.types.CBufRet.f32 @dx.op.cbufferLoadLegacy.f32(i32 59, %dx.types.Handle %1, i32 1)  ; CBufferLoadLegacy(handle,regIndex)
  %7 = extractvalue %dx.types.CBufRet.f32 %6, 0
  %8 = extractvalue %dx.types.CBufRet.f32 %6, 1
  %9 = call %dx.types.CBufRet.f32 @dx.op.cbufferLoadLegacy.f32(i32 59, %dx.types.Handle %1, i32 0)  ; CBufferLoadLegacy(handle,regIndex)
  %10 = extractvalue %dx.types.CBufRet.f32 %9, 1
  %11 = extractvalue %dx.types.CBufRet.f32 %9, 2
  %12 = extractvalue %dx.types.CBufRet.f32 %9, 0
  %13 = call %dx.types.Handle @dx.op.annotateHandle(i32 216, %dx.types.Handle %samp1_sampler, %dx.types.ResourceProperties { i32 32782, i32 0 })  ; AnnotateHandle(res,props)  resource: SamplerComparisonState
  %14 = call %dx.types.Handle @dx.op.annotateHandle(i32 216, %dx.types.Handle %texcube_texture_cube, %dx.types.ResourceProperties { i32 5, i32 1033 })  ; AnnotateHandle(res,props)  resource: TextureCube<4xF32>
  %15 = call %dx.types.ResRet.f32 @dx.op.sampleCmpGrad.f32(i32 254, %dx.types.Handle %14, %dx.types.Handle %13, float %2, float %3, float %4, float undef, i32 undef, i32 undef, i32 undef, float %12, float %10, float %10, float %11, float %8, float %8, float %7, float undef)  ; SampleCmpGrad(srv,sampler,coord0,coord1,coord2,coord3,offset0,offset1,offset2,compareValue,ddx0,ddx1,ddx2,ddy0,ddy1,ddy2,clamp)
  %16 = extractvalue %dx.types.ResRet.f32 %15, 0
  %17 = extractvalue %dx.types.CBufRet.f32 %6, 2
  %18 = call %dx.types.Handle @dx.op.annotateHandle(i32 216, %dx.types.Handle %texcube_array_texture_cubearray, %dx.types.ResourceProperties { i32 9, i32 1033 })  ; AnnotateHandle(res,props)  resource: TextureCubeArray<4xF32>
  %19 = call %dx.types.ResRet.f32 @dx.op.sampleCmpGrad.f32(i32 254, %dx.types.Handle %18, %dx.types.Handle %13, float %2, float %3, float %4, float %5, i32 undef, i32 undef, i32 undef, float %12, float %10, float %10, float %11, float %8, float %8, float %7, float %17)  ; SampleCmpGrad(srv,sampler,coord0,coord1,coord2,coord3,offset0,offset1,offset2,compareValue,ddx0,ddx1,ddx2,ddy0,ddy1,ddy2,clamp)
  %20 = extractvalue %dx.types.ResRet.f32 %19, 0
  %21 = fadd fast float %20, %16
  %22 = call %dx.types.Handle @dx.op.annotateHandle(i32 216, %dx.types.Handle %tex2d_array_texture_2darray, %dx.types.ResourceProperties { i32 7, i32 1033 })  ; AnnotateHandle(res,props)  resource: Texture2DArray<4xF32>
  %23 = call %dx.types.ResRet.f32 @dx.op.sampleCmpGrad.f32(i32 254, %dx.types.Handle %22, %dx.types.Handle %13, float %2, float %3, float %4, float undef, i32 -4, i32 1, i32 undef, float %12, float %10, float %11, float undef, float %7, float %8, float undef, float 5.000000e-01)  ; SampleCmpGrad(srv,sampler,coord0,coord1,coord2,coord3,offset0,offset1,offset2,compareValue,ddx0,ddx1,ddx2,ddy0,ddy1,ddy2,clamp)
  %24 = extractvalue %dx.types.ResRet.f32 %23, 0
  %25 = fadd fast float %21, %24
  %26 = call %dx.types.Handle @dx.op.annotateHandle(i32 216, %dx.types.Handle %tex2d_texture_2d, %dx.types.ResourceProperties { i32 2, i32 1033 })  ; AnnotateHandle(res,props)  resource: Texture2D<4xF32>
  %27 = call %dx.types.ResRet.f32 @dx.op.sampleCmpGrad.f32(i32 254, %dx.types.Handle %26, %dx.types.Handle %13, float %2, float %3, float undef, float undef, i32 -3, i32 2, i32 undef, float %12, float %10, float %11, float undef, float %7, float %8, float undef, float 0.000000e+00)  ; SampleCmpGrad(srv,sampler,coord0,coord1,coord2,coord3,offset0,offset1,offset2,compareValue,ddx0,ddx1,ddx2,ddy0,ddy1,ddy2,clamp)
  %28 = extractvalue %dx.types.ResRet.f32 %27, 0
  %29 = extractvalue %dx.types.ResRet.f32 %27, 4
  %30 = call i1 @dx.op.checkAccessFullyMapped.i32(i32 71, i32 %29)  ; CheckAccessFullyMapped(status)
  %31 = fadd fast float %25, %28
  %32 = uitofp i1 %30 to float
  %33 = fadd fast float %31, %32
  call void @dx.op.storeOutput.f32(i32 5, i32 0, i32 0, i8 0, float %33)  ; StoreOutput(outputSigId,rowIndex,colIndex,value)
  ret void
}

; Function Attrs: nounwind readnone
declare float @dx.op.loadInput.f32(i32, i32, i32, i8, i32) #0

; Function Attrs: nounwind
declare void @dx.op.storeOutput.f32(i32, i32, i32, i8, float) #1

; Function Attrs: nounwind readonly
declare %dx.types.ResRet.f32 @dx.op.sampleCmpGrad.f32(i32, %dx.types.Handle, %dx.types.Handle, float, float, float, float, i32, i32, i32, float, float, float, float, float, float, float, float) #2

; Function Attrs: nounwind readonly
declare i1 @dx.op.checkAccessFullyMapped.i32(i32, i32) #2

; Function Attrs: nounwind readonly
declare %dx.types.CBufRet.f32 @dx.op.cbufferLoadLegacy.f32(i32, %dx.types.Handle, i32) #2

; Function Attrs: nounwind readnone
declare %dx.types.Handle @dx.op.annotateHandle(i32, %dx.types.Handle, %dx.types.ResourceProperties) #0

; Function Attrs: nounwind readnone
declare %dx.types.Handle @dx.op.createHandleFromBinding(i32, %dx.types.ResBind, i32, i1) #0

attributes #0 = { nounwind readnone }
attributes #1 = { nounwind }
attributes #2 = { nounwind readonly }

!llvm.ident = !{!0}
!dx.version = !{!1}
!dx.valver = !{!2}
!dx.shaderModel = !{!3}
!dx.resources = !{!4}
!dx.typeAnnotations = !{!15, !21}
!dx.viewIdState = !{!25}
!dx.entryPoints = !{!26}

!0 = !{!"dxc(private) 1.9.0.15336 (main, c7634614682)"}
!1 = !{i32 1, i32 8}
!2 = !{i32 1, i32 10}
!3 = !{!"ps", i32 6, i32 8}
!4 = !{!5, null, !11, !13}
!5 = !{!6, !8, !9, !10}
!6 = !{i32 0, %"class.Texture2D<vector<float, 4> >"* undef, !"tex2d", i32 0, i32 0, i32 1, i32 2, i32 0, !7}
!7 = !{i32 0, i32 9}
!8 = !{i32 1, %"class.Texture2DArray<vector<float, 4> >"* undef, !"tex2d_array", i32 0, i32 1, i32 1, i32 7, i32 0, !7}
!9 = !{i32 2, %"class.TextureCube<vector<float, 4> >"* undef, !"texcube", i32 0, i32 2, i32 1, i32 5, i32 0, !7}
!10 = !{i32 3, %"class.TextureCubeArray<vector<float, 4> >"* undef, !"texcube_array", i32 0, i32 3, i32 1, i32 9, i32 0, !7}
!11 = !{!12}
!12 = !{i32 0, %"$Globals"* undef, !"$Globals", i32 0, i32 0, i32 1, i32 28, null}
!13 = !{!14}
!14 = !{i32 0, %struct.SamplerComparisonState* undef, !"samp1", i32 0, i32 0, i32 1, i32 1, null}
!15 = !{i32 0, %"$Globals" undef, !16}
!16 = !{i32 28, !17, !18, !19, !20}
!17 = !{i32 6, !"cmpVal", i32 3, i32 0, i32 7, i32 9, i32 9, i1 true}
!18 = !{i32 6, !"ddx", i32 3, i32 4, i32 7, i32 9, i32 9, i1 true, i32 13, i32 2}
!19 = !{i32 6, !"ddy", i32 3, i32 16, i32 7, i32 9, i32 9, i1 true, i32 13, i32 2}
!20 = !{i32 6, !"clamp", i32 3, i32 24, i32 7, i32 9, i32 9, i1 true}
!21 = !{i32 1, void ()* @main, !22}
!22 = !{!23}
!23 = !{i32 0, !24, !24}
!24 = !{}
!25 = !{[6 x i32] [i32 4, i32 1, i32 1, i32 1, i32 1, i32 1]}
!26 = !{void ()* @main, !"main", !27, !4, !35}
!27 = !{!28, !32, null}
!28 = !{!29}
!29 = !{i32 0, !"A", i8 9, i8 0, !30, i8 2, i32 1, i8 4, i32 0, i8 0, !31}
!30 = !{i32 0}
!31 = !{i32 3, i32 15}
!32 = !{!33}
!33 = !{i32 0, !"SV_Target", i8 9, i8 16, !30, i8 0, i32 1, i8 1, i32 0, i8 0, !34}
!34 = !{i32 3, i32 1}
!35 = !{i32 0, i64 137438957568}

/Users/cbieneman/dev/DirectXShaderCompiler/include/dxc/Test/WEXAdapter.h:189: Failure
Failed
[  FAILED  ] CompilerTest.BatchHLSL (6079 ms)
[----------] 1 test from CompilerTest (6079 ms total)

[----------] Global test environment tear-down
[==========] 1 test from 1 test case ran. (6079 ms total)
[  PASSED  ] 0 tests.
[  FAILED  ] 1 test, listed below:
[  FAILED  ] CompilerTest.BatchHLSL

 1 FAILED TEST
BEGIN TEST(S): </Users/cbieneman/dev/DirectXShaderCompiler/tools/clang/test/HLSL/../HLSLFileCheck/hlsl/types/modifiers/precise/propagate_to_producers_interproc_matrix.hlsl>
END TEST(S): </Users/cbieneman/dev/DirectXShaderCompiler/tools/clang/test/HLSL/../HLSLFileCheck/hlsl/types/modifiers/precise/propagate_to_producers_interproc_matrix.hlsl>
BEGIN TEST(S): </Users/cbieneman/dev/DirectXShaderCompiler/tools/clang/test/HLSL/../HLSLFileCheck/hlsl/types/modifiers/precise/propagate_to_producers.hlsl>
END TEST(S): </Users/cbieneman/dev/DirectXShaderCompiler/tools/clang/test/HLSL/../HLSLFileCheck/hlsl/types/modifiers/precise/propagate_to_producers.hlsl>
BEGIN TEST(S): </Users/cbieneman/dev/DirectXShaderCompiler/tools/clang/test/HLSL/../HLSLFileCheck/hlsl/types/modifiers/precise/subsequent_assignment.hlsl>
END TEST(S): </Users/cbieneman/dev/DirectXShaderCompiler/tools/clang/test/HLSL/../HLSLFileCheck/hlsl/types/modifiers/precise/subsequent_assignment.hlsl>
BEGIN TEST(S): </Users/cbieneman/dev/DirectXShaderCompiler/tools/clang/test/HLSL/../HLSLFileCheck/hlsl/types/modifiers/precise/propagate_to_consumers.hlsl>
END TEST(S): </Users/cbieneman/dev/DirectXShaderCompiler/tools/clang/test/HLSL/../HLSLFileCheck/hlsl/types/modifiers/precise/propagate_to_consumers.hlsl>
BEGIN TEST(S): </Users/cbieneman/dev/DirectXShaderCompiler/tools/clang/test/HLSL/../HLSLFileCheck/hlsl/types/modifiers/precise/propagate_to_producers_interproc.hlsl>
END TEST(S): </Users/cbieneman/dev/DirectXShaderCompiler/tools/clang/test/HLSL/../HLSLFileCheck/hlsl/types/modifiers/precise/propagate_to_producers_interproc.hlsl>
BEGIN TEST(S): </Users/cbieneman/dev/DirectXShaderCompiler/tools/clang/test/HLSL/../HLSLFileCheck/hlsl/types/modifiers/precise/disable-nrvo.hlsl>
END TEST(S): </Users/cbieneman/dev/DirectXShaderCompiler/tools/clang/test/HLSL/../HLSLFileCheck/hlsl/types/modifiers/precise/disable-nrvo.hlsl>
BEGIN TEST(S): </Users/cbieneman/dev/DirectXShaderCompiler/tools/clang/test/HLSL/../HLSLFileCheck/hlsl/types/modifiers/precise/precise1.hlsl>
END TEST(S): </Users/cbieneman/dev/DirectXShaderCompiler/tools/clang/test/HLSL/../HLSLFileCheck/hlsl/types/modifiers/precise/precise1.hlsl>
BEGIN TEST(S): </Users/cbieneman/dev/DirectXShaderCompiler/tools/clang/test/HLSL/../HLSLFileCheck/hlsl/types/modifiers/precise/static_variable.hlsl>
END TEST(S): </Users/cbieneman/dev/DirectXShaderCompiler/tools/clang/test/HLSL/../HLSLFileCheck/hlsl/types/modifiers/precise/static_variable.hlsl>
BEGIN TEST(S): </Users/cbieneman/dev/DirectXShaderCompiler/tools/clang/test/HLSL/../HLSLFileCheck/hlsl/types/modifiers/precise/vector.hlsl>
END TEST(S): </Users/cbieneman/dev/DirectXShaderCompiler/tools/clang/test/HLSL/../HLSLFileCheck/hlsl/types/modifiers/precise/vector.hlsl>
BEGIN TEST(S): </Users/cbieneman/dev/DirectXShaderCompiler/tools/clang/test/HLSL/../HLSLFileCheck/hlsl/types/modifiers/precise/precise2.hlsl>
END TEST(S): </Users/cbieneman/dev/DirectXShaderCompiler/tools/clang/test/HLSL/../HLSLFileCheck/hlsl/types/modifiers/precise/precise2.hlsl>
BEGIN TEST(S): </Users/cbieneman/dev/DirectXShaderCompiler/tools/clang/test/HLSL/../HLSLFileCheck/hlsl/types/modifiers/precise/initializer.hlsl>
END TEST(S): </Users/cbieneman/dev/DirectXShaderCompiler/tools/clang/test/HLSL/../HLSLFileCheck/hlsl/types/modifiers/precise/initializer.hlsl>
BEGIN TEST(S): </Users/cbieneman/dev/DirectXShaderCompiler/tools/clang/test/HLSL/../HLSLFileCheck/hlsl/types/modifiers/precise/precise_call_not.hlsl>
END TEST(S): </Users/cbieneman/dev/DirectXShaderCompiler/tools/clang/test/HLSL/../HLSLFileCheck/hlsl/types/modifiers/precise/precise_call_not.hlsl>
BEGIN TEST(S): </Users/cbieneman/dev/DirectXShaderCompiler/tools/clang/test/HLSL/../HLSLFileCheck/hlsl/types/modifiers/precise/precise-matrix-subscript.hlsl>
END TEST(S): </Users/cbieneman/dev/DirectXShaderCompiler/tools/clang/test/HLSL/../HLSLFileCheck/hlsl/types/modifiers/precise/precise-matrix-subscript.hlsl>
BEGIN TEST(S): </Users/cbieneman/dev/DirectXShaderCompiler/tools/clang/test/HLSL/../HLSLFileCheck/hlsl/types/modifiers/precise/precise3.hlsl>
END TEST(S): </Users/cbieneman/dev/DirectXShaderCompiler/tools/clang/test/HLSL/../HLSLFileCheck/hlsl/types/modifiers/precise/precise3.hlsl>
BEGIN TEST(S): </Users/cbieneman/dev/DirectXShaderCompiler/tools/clang/test/HLSL/../HLSLFileCheck/hlsl/types/modifiers/precise/precise4.hlsl>
END TEST(S): </Users/cbieneman/dev/DirectXShaderCompiler/tools/clang/test/HLSL/../HLSLFileCheck/hlsl/types/modifiers/precise/precise4.hlsl>
BEGIN TEST(S): </Users/cbieneman/dev/DirectXShaderCompiler/tools/clang/test/HLSL/../HLSLFileCheck/hlsl/types/modifiers/precise/array_elements.hlsl>
END TEST(S): </Users/cbieneman/dev/DirectXShaderCompiler/tools/clang/test/HLSL/../HLSLFileCheck/hlsl/types/modifiers/precise/array_elements.hlsl>
BEGIN TEST(S): </Users/cbieneman/dev/DirectXShaderCompiler/tools/clang/test/HLSL/../HLSLFileCheck/hlsl/types/modifiers/precise/matrix_od.hlsl>
END TEST(S): </Users/cbieneman/dev/DirectXShaderCompiler/tools/clang/test/HLSL/../HLSLFileCheck/hlsl/types/modifiers/precise/matrix_od.hlsl>
BEGIN TEST(S): </Users/cbieneman/dev/DirectXShaderCompiler/tools/clang/test/HLSL/../HLSLFileCheck/hlsl/types/modifiers/precise/matrix.hlsl>
END TEST(S): </Users/cbieneman/dev/DirectXShaderCompiler/tools/clang/test/HLSL/../HLSLFileCheck/hlsl/types/modifiers/precise/matrix.hlsl>
BEGIN TEST(S): </Users/cbieneman/dev/DirectXShaderCompiler/tools/clang/test/HLSL/../HLSLFileCheck/hlsl/types/modifiers/precise/struct_field.hlsl>
END TEST(S): </Users/cbieneman/dev/DirectXShaderCompiler/tools/clang/test/HLSL/../HLSLFileCheck/hlsl/types/modifiers/precise/struct_field.hlsl>
BEGIN TEST(S): </Users/cbieneman/dev/DirectXShaderCompiler/tools/clang/test/HLSL/../HLSLFileCheck/hlsl/types/modifiers/precise/precise5.hlsl>
END TEST(S): </Users/cbieneman/dev/DirectXShaderCompiler/tools/clang/test/HLSL/../HLSLFileCheck/hlsl/types/modifiers/precise/precise5.hlsl>
BEGIN TEST(S): </Users/cbieneman/dev/DirectXShaderCompiler/tools/clang/test/HLSL/../HLSLFileCheck/hlsl/types/modifiers/precise/precise_call.hlsl>
END TEST(S): </Users/cbieneman/dev/DirectXShaderCompiler/tools/clang/test/HLSL/../HLSLFileCheck/hlsl/types/modifiers/precise/precise_call.hlsl>
BEGIN TEST(S): </Users/cbieneman/dev/DirectXShaderCompiler/tools/clang/test/HLSL/../HLSLFileCheck/hlsl/types/modifiers/globallycoherent/globallycoherent_for_arg.hlsl>
END TEST(S): </Users/cbieneman/dev/DirectXShaderCompiler/tools/clang/test/HLSL/../HLSLFileCheck/hlsl/types/modifiers/globallycoherent/globallycoherent_for_arg.hlsl>
BEGIN TEST(S): </Users/cbieneman/dev/DirectXShaderCompiler/tools/clang/test/HLSL/../HLSLFileCheck/hlsl/types/modifiers/globallycoherent/globallycoherent4.hlsl>
END TEST(S): </Users/cbieneman/dev/DirectXShaderCompiler/tools/clang/test/HLSL/../HLSLFileCheck/hlsl/types/modifiers/globallycoherent/globallycoherent4.hlsl>
BEGIN TEST(S): </Users/cbieneman/dev/DirectXShaderCompiler/tools/clang/test/HLSL/../HLSLFileCheck/hlsl/types/modifiers/globallycoherent/globallycoherent3.hlsl>
END TEST(S): </Users/cbieneman/dev/DirectXShaderCompiler/tools/clang/test/HLSL/../HLSLFileCheck/hlsl/types/modifiers/globallycoherent/globallycoherent3.hlsl>
BEGIN TEST(S): </Users/cbieneman/dev/DirectXShaderCompiler/tools/clang/test/HLSL/../HLSLFileCheck/hlsl/types/modifiers/globallycoherent/globallycoherent.hlsl>
END TEST(S): </Users/cbieneman/dev/DirectXShaderCompiler/tools/clang/test/HLSL/../HLSLFileCheck/hlsl/types/modifiers/globallycoherent/globallycoherent.hlsl>
BEGIN TEST(S): </Users/cbieneman/dev/DirectXShaderCompiler/tools/clang/test/HLSL/../HLSLFileCheck/hlsl/types/modifiers/center/center_kwd.hlsl>
END TEST(S): </Users/cbieneman/dev/DirectXShaderCompiler/tools/clang/test/HLSL/../HLSLFileCheck/hlsl/types/modifiers/center/center_kwd.hlsl>
BEGIN TEST(S): </Users/cbieneman/dev/DirectXShaderCompiler/tools/clang/test/HLSL/../HLSLFileCheck/hlsl/types/modifiers/unorm_snorm/assign_different_error.hlsl>
END TEST(S): </Users/cbieneman/dev/DirectXShaderCompiler/tools/clang/test/HLSL/../HLSLFileCheck/hlsl/types/modifiers/unorm_snorm/assign_different_error.hlsl>
BEGIN TEST(S): </Users/cbieneman/dev/DirectXShaderCompiler/tools/clang/test/HLSL/../HLSLFileCheck/hlsl/types/modifiers/unorm_snorm/global_struct_field.hlsl>
END TEST(S): </Users/cbieneman/dev/DirectXShaderCompiler/tools/clang/test/HLSL/../HLSLFileCheck/hlsl/types/modifiers/unorm_snorm/global_struct_field.hlsl>
BEGIN TEST(S): </Users/cbieneman/dev/DirectXShaderCompiler/tools/clang/test/HLSL/../HLSLFileCheck/hlsl/types/modifiers/unorm_snorm/srv_uav.hlsl>
END TEST(S): </Users/cbieneman/dev/DirectXShaderCompiler/tools/clang/test/HLSL/../HLSLFileCheck/hlsl/types/modifiers/unorm_snorm/srv_uav.hlsl>
BEGIN TEST(S): </Users/cbieneman/dev/DirectXShaderCompiler/tools/clang/test/HLSL/../HLSLFileCheck/hlsl/types/modifiers/unorm_snorm/UndefValue2.hlsl>
END TEST(S): </Users/cbieneman/dev/DirectXShaderCompiler/tools/clang/test/HLSL/../HLSLFileCheck/hlsl/types/modifiers/unorm_snorm/UndefValue2.hlsl>
BEGIN TEST(S): </Users/cbieneman/dev/DirectXShaderCompiler/tools/clang/test/HLSL/../HLSLFileCheck/hlsl/types/modifiers/const/hoist_constant_array_15.ll>
END TEST(S): </Users/cbieneman/dev/DirectXShaderCompiler/tools/clang/test/HLSL/../HLSLFileCheck/hlsl/types/modifiers/const/hoist_constant_array_15.ll>
BEGIN TEST(S): </Users/cbieneman/dev/DirectXShaderCompiler/tools/clang/test/HLSL/../HLSLFileCheck/hlsl/types/modifiers/const/hoist_constant_array_14.hlsl>
END TEST(S): </Users/cbieneman/dev/DirectXShaderCompiler/tools/clang/test/HLSL/../HLSLFileCheck/hlsl/types/modifiers/const/hoist_constant_array_14.hlsl>
BEGIN TEST(S): </Users/cbieneman/dev/DirectXShaderCompiler/tools/clang/test/HLSL/../HLSLFileCheck/hlsl/types/modifiers/const/hoist_constant_array_02.hlsl>
END TEST(S): </Users/cbieneman/dev/DirectXShaderCompiler/tools/clang/test/HLSL/../HLSLFileCheck/hlsl/types/modifiers/const/hoist_constant_array_02.hlsl>
BEGIN TEST(S): </Users/cbieneman/dev/DirectXShaderCompiler/tools/clang/test/HLSL/../HLSLFileCheck/hlsl/types/modifiers/const/hoist_constant_array_03.hlsl>
END TEST(S): </Users/cbieneman/dev/DirectXShaderCompiler/tools/clang/test/HLSL/../HLSLFileCheck/hlsl/types/modifiers/const/hoist_constant_array_03.hlsl>
BEGIN TEST(S): </Users/cbieneman/dev/DirectXShaderCompiler/tools/clang/test/HLSL/../HLSLFileCheck/hlsl/types/modifiers/const/hoist_constant_array_12.hlsl>
END TEST(S): </Users/cbieneman/dev/DirectXShaderCompiler/tools/clang/test/HLSL/../HLSLFileCheck/hlsl/types/modifiers/const/hoist_constant_array_12.hlsl>
BEGIN TEST(S): </Users/cbieneman/dev/DirectXShaderCompiler/tools/clang/test/HLSL/../HLSLFileCheck/hlsl/types/modifiers/const/hoist_constant_array_04.hlsl>
END TEST(S): </Users/cbieneman/dev/DirectXShaderCompiler/tools/clang/test/HLSL/../HLSLFileCheck/hlsl/types/modifiers/const/hoist_constant_array_04.hlsl>
BEGIN TEST(S): </Users/cbieneman/dev/DirectXShaderCompiler/tools/clang/test/HLSL/../HLSLFileCheck/hlsl/types/modifiers/const/hoist_constant_array_08.hlsl>
END TEST(S): </Users/cbieneman/dev/DirectXShaderCompiler/tools/clang/test/HLSL/../HLSLFileCheck/hlsl/types/modifiers/const/hoist_constant_array_08.hlsl>
BEGIN TEST(S): </Users/cbieneman/dev/DirectXShaderCompiler/tools/clang/test/HLSL/../HLSLFileCheck/hlsl/types/modifiers/const/hoist_constant_array_09.hlsl>
END TEST(S): </Users/cbieneman/dev/DirectXShaderCompiler/tools/clang/test/HLSL/../HLSLFileCheck/hlsl/types/modifiers/const/hoist_constant_array_09.hlsl>
BEGIN TEST(S): </Users/cbieneman/dev/DirectXShaderCompiler/tools/clang/test/HLSL/../HLSLFileCheck/hlsl/types/modifiers/const/hoist_constant_array_05.hlsl>
END TEST(S): </Users/cbieneman/dev/DirectXShaderCompiler/tools/clang/test/HLSL/../HLSLFileCheck/hlsl/types/modifiers/const/hoist_constant_array_05.hlsl>
BEGIN TEST(S): </Users/cbieneman/dev/DirectXShaderCompiler/tools/clang/test/HLSL/../HLSLFileCheck/hlsl/types/modifiers/const/hoist_constant_array_13.hlsl>
END TEST(S): </Users/cbieneman/dev/DirectXShaderCompiler/tools/clang/test/HLSL/../HLSLFileCheck/hlsl/types/modifiers/const/hoist_constant_array_13.hlsl>
BEGIN TEST(S): </Users/cbieneman/dev/DirectXShaderCompiler/tools/clang/test/HLSL/../HLSLFileCheck/hlsl/types/modifiers/const/hoist_constant_array_06.hlsl>
END TEST(S): </Users/cbieneman/dev/DirectXShaderCompiler/tools/clang/test/HLSL/../HLSLFileCheck/hlsl/types/modifiers/const/hoist_constant_array_06.hlsl>
BEGIN TEST(S): </Users/cbieneman/dev/DirectXShaderCompiler/tools/clang/test/HLSL/../HLSLFileCheck/hlsl/types/modifiers/const/hoist_constant_array_10.hlsl>
END TEST(S): </Users/cbieneman/dev/DirectXShaderCompiler/tools/clang/test/HLSL/../HLSLFileCheck/hlsl/types/modifiers/const/hoist_constant_array_10.hlsl>
BEGIN TEST(S): </Users/cbieneman/dev/DirectXShaderCompiler/tools/clang/test/HLSL/../HLSLFileCheck/hlsl/types/modifiers/const/hoist_constant_array_11.hlsl>
END TEST(S): </Users/cbieneman/dev/DirectXShaderCompiler/tools/clang/test/HLSL/../HLSLFileCheck/hlsl/types/modifiers/const/hoist_constant_array_11.hlsl>
BEGIN TEST(S): </Users/cbieneman/dev/DirectXShaderCompiler/tools/clang/test/HLSL/../HLSLFileCheck/hlsl/types/modifiers/const/hoist_constant_array_07.hlsl>
END TEST(S): </Users/cbieneman/dev/DirectXShaderCompiler/tools/clang/test/HLSL/../HLSLFileCheck/hlsl/types/modifiers/const/hoist_constant_array_07.hlsl>
BEGIN TEST(S): </Users/cbieneman/dev/DirectXShaderCompiler/tools/clang/test/HLSL/../HLSLFileCheck/hlsl/types/modifiers/const/hoist_constant_array_01.hlsl>
END TEST(S): </Users/cbieneman/dev/DirectXShaderCompiler/tools/clang/test/HLSL/../HLSLFileCheck/hlsl/types/modifiers/const/hoist_constant_array_01.hlsl>
BEGIN TEST(S): </Users/cbieneman/dev/DirectXShaderCompiler/tools/clang/test/HLSL/../HLSLFileCheck/hlsl/types/modifiers/matrix_packing/truncation_column_major.hlsl>
END TEST(S): </Users/cbieneman/dev/DirectXShaderCompiler/tools/clang/test/HLSL/../HLSLFileCheck/hlsl/types/modifiers/matrix_packing/truncation_column_major.hlsl>
BEGIN TEST(S): </Users/cbieneman/dev/DirectXShaderCompiler/tools/clang/test/HLSL/../HLSLFileCheck/hlsl/types/modifiers/matrix_packing/pragma_granularity_template_syntax.hlsl>
Run result is not zero
END TEST(S): </Users/cbieneman/dev/DirectXShaderCompiler/tools/clang/test/HLSL/../HLSLFileCheck/hlsl/types/modifiers/matrix_packing/pragma_granularity_template_syntax.hlsl>
BEGIN TEST(S): </Users/cbieneman/dev/DirectXShaderCompiler/tools/clang/test/HLSL/../HLSLFileCheck/hlsl/types/modifiers/matrix_packing/input_column_major.hlsl>
END TEST(S): </Users/cbieneman/dev/DirectXShaderCompiler/tools/clang/test/HLSL/../HLSLFileCheck/hlsl/types/modifiers/matrix_packing/input_column_major.hlsl>
BEGIN TEST(S): </Users/cbieneman/dev/DirectXShaderCompiler/tools/clang/test/HLSL/../HLSLFileCheck/hlsl/types/modifiers/matrix_packing/return_type_with_branches_ast.hlsl>
END TEST(S): </Users/cbieneman/dev/DirectXShaderCompiler/tools/clang/test/HLSL/../HLSLFileCheck/hlsl/types/modifiers/matrix_packing/return_type_with_branches_ast.hlsl>
BEGIN TEST(S): </Users/cbieneman/dev/DirectXShaderCompiler/tools/clang/test/HLSL/../HLSLFileCheck/hlsl/types/modifiers/matrix_packing/static_const_init_list.hlsl>
END TEST(S): </Users/cbieneman/dev/DirectXShaderCompiler/tools/clang/test/HLSL/../HLSLFileCheck/hlsl/types/modifiers/matrix_packing/static_const_init_list.hlsl>
BEGIN TEST(S): </Users/cbieneman/dev/DirectXShaderCompiler/tools/clang/test/HLSL/../HLSLFileCheck/hlsl/types/modifiers/matrix_packing/transpose_in_function.hlsl>
END TEST(S): </Users/cbieneman/dev/DirectXShaderCompiler/tools/clang/test/HLSL/../HLSLFileCheck/hlsl/types/modifiers/matrix_packing/transpose_in_function.hlsl>
BEGIN TEST(S): </Users/cbieneman/dev/DirectXShaderCompiler/tools/clang/test/HLSL/../HLSLFileCheck/hlsl/types/modifiers/matrix_packing/overrides_Zpr.hlsl>
END TEST(S): </Users/cbieneman/dev/DirectXShaderCompiler/tools/clang/test/HLSL/../HLSLFileCheck/hlsl/types/modifiers/matrix_packing/overrides_Zpr.hlsl>
BEGIN TEST(S): </Users/cbieneman/dev/DirectXShaderCompiler/tools/clang/test/HLSL/../HLSLFileCheck/hlsl/types/modifiers/matrix_packing/cbuffer_load.hlsl>
END TEST(S): </Users/cbieneman/dev/DirectXShaderCompiler/tools/clang/test/HLSL/../HLSLFileCheck/hlsl/types/modifiers/matrix_packing/cbuffer_load.hlsl>
BEGIN TEST(S): </Users/cbieneman/dev/DirectXShaderCompiler/tools/clang/test/HLSL/../HLSLFileCheck/hlsl/types/modifiers/matrix_packing/return_type_with_branches.hlsl>
END TEST(S): </Users/cbieneman/dev/DirectXShaderCompiler/tools/clang/test/HLSL/../HLSLFileCheck/hlsl/types/modifiers/matrix_packing/return_type_with_branches.hlsl>
BEGIN TEST(S): </Users/cbieneman/dev/DirectXShaderCompiler/tools/clang/test/HLSL/../HLSLFileCheck/hlsl/types/modifiers/matrix_packing/return_type_multiple_calls.hlsl>
END TEST(S): </Users/cbieneman/dev/DirectXShaderCompiler/tools/clang/test/HLSL/../HLSLFileCheck/hlsl/types/modifiers/matrix_packing/return_type_multiple_calls.hlsl>
BEGIN TEST(S): </Users/cbieneman/dev/DirectXShaderCompiler/tools/clang/test/HLSL/../HLSLFileCheck/hlsl/types/modifiers/matrix_packing/structbuf_load_struct.hlsl>
END TEST(S): </Users/cbieneman/dev/DirectXShaderCompiler/tools/clang/test/HLSL/../HLSLFileCheck/hlsl/types/modifiers/matrix_packing/structbuf_load_struct.hlsl>
BEGIN TEST(S): </Users/cbieneman/dev/DirectXShaderCompiler/tools/clang/test/HLSL/../HLSLFileCheck/hlsl/types/modifiers/matrix_packing/input_row_major.hlsl>
END TEST(S): </Users/cbieneman/dev/DirectXShaderCompiler/tools/clang/test/HLSL/../HLSLFileCheck/hlsl/types/modifiers/matrix_packing/input_row_major.hlsl>
BEGIN TEST(S): </Users/cbieneman/dev/DirectXShaderCompiler/tools/clang/test/HLSL/../HLSLFileCheck/hlsl/types/modifiers/matrix_packing/pragma_granularity.hlsl>
Run result is not zero
END TEST(S): </Users/cbieneman/dev/DirectXShaderCompiler/tools/clang/test/HLSL/../HLSLFileCheck/hlsl/types/modifiers/matrix_packing/pragma_granularity.hlsl>
BEGIN TEST(S): </Users/cbieneman/dev/DirectXShaderCompiler/tools/clang/test/HLSL/../HLSLFileCheck/hlsl/types/modifiers/matrix_packing/output_return.hlsl>
END TEST(S): </Users/cbieneman/dev/DirectXShaderCompiler/tools/clang/test/HLSL/../HLSLFileCheck/hlsl/types/modifiers/matrix_packing/output_return.hlsl>
BEGIN TEST(S): </Users/cbieneman/dev/DirectXShaderCompiler/tools/clang/test/HLSL/../HLSLFileCheck/hlsl/types/modifiers/matrix_packing/output_param.hlsl>
Run result is not zero
END TEST(S): </Users/cbieneman/dev/DirectXShaderCompiler/tools/clang/test/HLSL/../HLSLFileCheck/hlsl/types/modifiers/matrix_packing/output_param.hlsl>
BEGIN TEST(S): </Users/cbieneman/dev/DirectXShaderCompiler/tools/clang/test/HLSL/../HLSLFileCheck/hlsl/types/modifiers/matrix_packing/return_type.hlsl>
END TEST(S): </Users/cbieneman/dev/DirectXShaderCompiler/tools/clang/test/HLSL/../HLSLFileCheck/hlsl/types/modifiers/matrix_packing/return_type.hlsl>
BEGIN TEST(S): </Users/cbieneman/dev/DirectXShaderCompiler/tools/clang/test/HLSL/../HLSLFileCheck/hlsl/types/modifiers/matrix_packing/truncation_row_major.hlsl>
END TEST(S): </Users/cbieneman/dev/DirectXShaderCompiler/tools/clang/test/HLSL/../HLSLFileCheck/hlsl/types/modifiers/matrix_packing/truncation_row_major.hlsl>
BEGIN TEST(S): </Users/cbieneman/dev/DirectXShaderCompiler/tools/clang/test/HLSL/../HLSLFileCheck/hlsl/types/modifiers/matrix_packing/structbuf_store_struct.hlsl>
END TEST(S): </Users/cbieneman/dev/DirectXShaderCompiler/tools/clang/test/HLSL/../HLSLFileCheck/hlsl/types/modifiers/matrix_packing/structbuf_store_struct.hlsl>
BEGIN TEST(S): </Users/cbieneman/dev/DirectXShaderCompiler/tools/clang/test/HLSL/../HLSLFileCheck/hlsl/types/modifiers/matrix_packing/structbuf_store.hlsl>
END TEST(S): </Users/cbieneman/dev/DirectXShaderCompiler/tools/clang/test/HLSL/../HLSLFileCheck/hlsl/types/modifiers/matrix_packing/structbuf_store.hlsl>
BEGIN TEST(S): </Users/cbieneman/dev/DirectXShaderCompiler/tools/clang/test/HLSL/../HLSLFileCheck/hlsl/types/modifiers/matrix_packing/overrides_Zpc.hlsl>
END TEST(S): </Users/cbieneman/dev/DirectXShaderCompiler/tools/clang/test/HLSL/../HLSLFileCheck/hlsl/types/modifiers/matrix_packing/overrides_Zpc.hlsl>
BEGIN TEST(S): </Users/cbieneman/dev/DirectXShaderCompiler/tools/clang/test/HLSL/../HLSLFileCheck/hlsl/types/modifiers/matrix_packing/preserved_with_typedef.hlsl>
END TEST(S): </Users/cbieneman/dev/DirectXShaderCompiler/tools/clang/test/HLSL/../HLSLFileCheck/hlsl/types/modifiers/matrix_packing/preserved_with_typedef.hlsl>
BEGIN TEST(S): </Users/cbieneman/dev/DirectXShaderCompiler/tools/clang/test/HLSL/../HLSLFileCheck/hlsl/types/modifiers/matrix_packing/overrides_ast.hlsl>
END TEST(S): </Users/cbieneman/dev/DirectXShaderCompiler/tools/clang/test/HLSL/../HLSLFileCheck/hlsl/types/modifiers/matrix_packing/overrides_ast.hlsl>
BEGIN TEST(S): </Users/cbieneman/dev/DirectXShaderCompiler/tools/clang/test/HLSL/../HLSLFileCheck/hlsl/types/modifiers/static/static_const_global_1_3.hlsl>
END TEST(S): </Users/cbieneman/dev/DirectXShaderCompiler/tools/clang/test/HLSL/../HLSLFileCheck/hlsl/types/modifiers/static/static_const_global_1_3.hlsl>
BEGIN TEST(S): </Users/cbieneman/dev/DirectXShaderCompiler/tools/clang/test/HLSL/../HLSLFileCheck/hlsl/types/modifiers/static/gv_memcpy_before_alloca.hlsl>
END TEST(S): </Users/cbieneman/dev/DirectXShaderCompiler/tools/clang/test/HLSL/../HLSLFileCheck/hlsl/types/modifiers/static/gv_memcpy_before_alloca.hlsl>
BEGIN TEST(S): </Users/cbieneman/dev/DirectXShaderCompiler/tools/clang/test/HLSL/../HLSLFileCheck/hlsl/types/modifiers/static/static_matrix.hlsl>
END TEST(S): </Users/cbieneman/dev/DirectXShaderCompiler/tools/clang/test/HLSL/../HLSLFileCheck/hlsl/types/modifiers/static/static_matrix.hlsl>
BEGIN TEST(S): </Users/cbieneman/dev/DirectXShaderCompiler/tools/clang/test/HLSL/../HLSLFileCheck/hlsl/types/modifiers/static/gep_phi.hlsl>
END TEST(S): </Users/cbieneman/dev/DirectXShaderCompiler/tools/clang/test/HLSL/../HLSLFileCheck/hlsl/types/modifiers/static/gep_phi.hlsl>
BEGIN TEST(S): </Users/cbieneman/dev/DirectXShaderCompiler/tools/clang/test/HLSL/../HLSLFileCheck/hlsl/types/modifiers/static/cb_static_temp_static.hlsl>
END TEST(S): </Users/cbieneman/dev/DirectXShaderCompiler/tools/clang/test/HLSL/../HLSLFileCheck/hlsl/types/modifiers/static/cb_static_temp_static.hlsl>
BEGIN TEST(S): </Users/cbieneman/dev/DirectXShaderCompiler/tools/clang/test/HLSL/../HLSLFileCheck/hlsl/types/modifiers/static/memcpy_input_to_static.hlsl>
END TEST(S): </Users/cbieneman/dev/DirectXShaderCompiler/tools/clang/test/HLSL/../HLSLFileCheck/hlsl/types/modifiers/static/memcpy_input_to_static.hlsl>
BEGIN TEST(S): </Users/cbieneman/dev/DirectXShaderCompiler/tools/clang/test/HLSL/../HLSLFileCheck/hlsl/types/modifiers/static/static_const_global2.hlsl>
END TEST(S): </Users/cbieneman/dev/DirectXShaderCompiler/tools/clang/test/HLSL/../HLSLFileCheck/hlsl/types/modifiers/static/static_const_global2.hlsl>
BEGIN TEST(S): </Users/cbieneman/dev/DirectXShaderCompiler/tools/clang/test/HLSL/../HLSLFileCheck/hlsl/types/modifiers/static/staticGlobals.hlsl>
END TEST(S): </Users/cbieneman/dev/DirectXShaderCompiler/tools/clang/test/HLSL/../HLSLFileCheck/hlsl/types/modifiers/static/staticGlobals.hlsl>
BEGIN TEST(S): </Users/cbieneman/dev/DirectXShaderCompiler/tools/clang/test/HLSL/../HLSLFileCheck/hlsl/types/modifiers/static/static_global_copy.hlsl>
END TEST(S): </Users/cbieneman/dev/DirectXShaderCompiler/tools/clang/test/HLSL/../HLSLFileCheck/hlsl/types/modifiers/static/static_global_copy.hlsl>
BEGIN TEST(S): </Users/cbieneman/dev/DirectXShaderCompiler/tools/clang/test/HLSL/../HLSLFileCheck/hlsl/types/modifiers/static/staticGlobals2.hlsl>
END TEST(S): </Users/cbieneman/dev/DirectXShaderCompiler/tools/clang/test/HLSL/../HLSLFileCheck/hlsl/types/modifiers/static/staticGlobals2.hlsl>
BEGIN TEST(S): </Users/cbieneman/dev/DirectXShaderCompiler/tools/clang/test/HLSL/../HLSLFileCheck/hlsl/types/modifiers/static/static_resource2.hlsl>
END TEST(S): </Users/cbieneman/dev/DirectXShaderCompiler/tools/clang/test/HLSL/../HLSLFileCheck/hlsl/types/modifiers/static/static_resource2.hlsl>
BEGIN TEST(S): </Users/cbieneman/dev/DirectXShaderCompiler/tools/clang/test/HLSL/../HLSLFileCheck/hlsl/types/modifiers/static/staticGlobals3.hlsl>
END TEST(S): </Users/cbieneman/dev/DirectXShaderCompiler/tools/clang/test/HLSL/../HLSLFileCheck/hlsl/types/modifiers/static/staticGlobals3.hlsl>
BEGIN TEST(S): </Users/cbieneman/dev/DirectXShaderCompiler/tools/clang/test/HLSL/../HLSLFileCheck/hlsl/types/modifiers/static/static_resource.hlsl>
END TEST(S): </Users/cbieneman/dev/DirectXShaderCompiler/tools/clang/test/HLSL/../HLSLFileCheck/hlsl/types/modifiers/static/static_resource.hlsl>
BEGIN TEST(S): </Users/cbieneman/dev/DirectXShaderCompiler/tools/clang/test/HLSL/../HLSLFileCheck/hlsl/types/modifiers/static/staticGlobals4.hlsl>
END TEST(S): </Users/cbieneman/dev/DirectXShaderCompiler/tools/clang/test/HLSL/../HLSLFileCheck/hlsl/types/modifiers/static/staticGlobals4.hlsl>
BEGIN TEST(S): </Users/cbieneman/dev/DirectXShaderCompiler/tools/clang/test/HLSL/../HLSLFileCheck/hlsl/types/modifiers/static/static_const_global.hlsl>
END TEST(S): </Users/cbieneman/dev/DirectXShaderCompiler/tools/clang/test/HLSL/../HLSLFileCheck/hlsl/types/modifiers/static/static_const_global.hlsl>
BEGIN TEST(S): </Users/cbieneman/dev/DirectXShaderCompiler/tools/clang/test/HLSL/../HLSLFileCheck/hlsl/types/modifiers/static/static_global_lib_error.hlsl>
END TEST(S): </Users/cbieneman/dev/DirectXShaderCompiler/tools/clang/test/HLSL/../HLSLFileCheck/hlsl/types/modifiers/static/static_global_lib_error.hlsl>
BEGIN TEST(S): </Users/cbieneman/dev/DirectXShaderCompiler/tools/clang/test/HLSL/../HLSLFileCheck/hlsl/types/modifiers/static/static_imm.hlsl>
END TEST(S): </Users/cbieneman/dev/DirectXShaderCompiler/tools/clang/test/HLSL/../HLSLFileCheck/hlsl/types/modifiers/static/static_imm.hlsl>
BEGIN TEST(S): </Users/cbieneman/dev/DirectXShaderCompiler/tools/clang/test/HLSL/../HLSLFileCheck/hlsl/types/modifiers/static/cbuf_init_static.hlsl>
END TEST(S): </Users/cbieneman/dev/DirectXShaderCompiler/tools/clang/test/HLSL/../HLSLFileCheck/hlsl/types/modifiers/static/cbuf_init_static.hlsl>
BEGIN TEST(S): </Users/cbieneman/dev/DirectXShaderCompiler/tools/clang/test/HLSL/../HLSLFileCheck/hlsl/types/modifiers/static/static_res_array.hlsl>
END TEST(S): </Users/cbieneman/dev/DirectXShaderCompiler/tools/clang/test/HLSL/../HLSLFileCheck/hlsl/types/modifiers/static/static_res_array.hlsl>
BEGIN TEST(S): </Users/cbieneman/dev/DirectXShaderCompiler/tools/clang/test/HLSL/../HLSLFileCheck/hlsl/types/modifiers/static/init_list_function_call.hlsl>
END TEST(S): </Users/cbieneman/dev/DirectXShaderCompiler/tools/clang/test/HLSL/../HLSLFileCheck/hlsl/types/modifiers/static/init_list_function_call.hlsl>
BEGIN TEST(S): </Users/cbieneman/dev/DirectXShaderCompiler/tools/clang/test/HLSL/../HLSLFileCheck/hlsl/types/modifiers/static/staticGlobals5.hlsl>
END TEST(S): </Users/cbieneman/dev/DirectXShaderCompiler/tools/clang/test/HLSL/../HLSLFileCheck/hlsl/types/modifiers/static/staticGlobals5.hlsl>
BEGIN TEST(S): </Users/cbieneman/dev/DirectXShaderCompiler/tools/clang/test/HLSL/../HLSLFileCheck/hlsl/types/modifiers/static/static_const_field.hlsl>
END TEST(S): </Users/cbieneman/dev/DirectXShaderCompiler/tools/clang/test/HLSL/../HLSLFileCheck/hlsl/types/modifiers/static/static_const_field.hlsl>
BEGIN TEST(S): </Users/cbieneman/dev/DirectXShaderCompiler/tools/clang/test/HLSL/../HLSLFileCheck/hlsl/types/modifiers/static/static_global_copy3.hlsl>
END TEST(S): </Users/cbieneman/dev/DirectXShaderCompiler/tools/clang/test/HLSL/../HLSLFileCheck/hlsl/types/modifiers/static/static_global_copy3.hlsl>
BEGIN TEST(S): </Users/cbieneman/dev/DirectXShaderCompiler/tools/clang/test/HLSL/../HLSLFileCheck/hlsl/types/modifiers/groupshared/type-annotation-struct-assignment.hlsl>
END TEST(S): </Users/cbieneman/dev/DirectXShaderCompiler/tools/clang/test/HLSL/../HLSLFileCheck/hlsl/types/modifiers/groupshared/type-annotation-struct-assignment.hlsl>
BEGIN TEST(S): </Users/cbieneman/dev/DirectXShaderCompiler/tools/clang/test/HLSL/../HLSLFileCheck/hlsl/types/modifiers/groupshared/share_mem_phi.hlsl>
END TEST(S): </Users/cbieneman/dev/DirectXShaderCompiler/tools/clang/test/HLSL/../HLSLFileCheck/hlsl/types/modifiers/groupshared/share_mem_phi.hlsl>
BEGIN TEST(S): </Users/cbieneman/dev/DirectXShaderCompiler/tools/clang/test/HLSL/../HLSLFileCheck/hlsl/types/modifiers/groupshared/share_mem_arg.hlsl>
END TEST(S): </Users/cbieneman/dev/DirectXShaderCompiler/tools/clang/test/HLSL/../HLSLFileCheck/hlsl/types/modifiers/groupshared/share_mem_arg.hlsl>
BEGIN TEST(S): </Users/cbieneman/dev/DirectXShaderCompiler/tools/clang/test/HLSL/../HLSLFileCheck/hlsl/types/modifiers/groupshared/share_mem1.hlsl>
END TEST(S): </Users/cbieneman/dev/DirectXShaderCompiler/tools/clang/test/HLSL/../HLSLFileCheck/hlsl/types/modifiers/groupshared/share_mem1.hlsl>
BEGIN TEST(S): </Users/cbieneman/dev/DirectXShaderCompiler/tools/clang/test/HLSL/../HLSLFileCheck/hlsl/types/modifiers/groupshared/groupshared-member-matrix-subscript-col.hlsl>
END TEST(S): </Users/cbieneman/dev/DirectXShaderCompiler/tools/clang/test/HLSL/../HLSLFileCheck/hlsl/types/modifiers/groupshared/groupshared-member-matrix-subscript-col.hlsl>
BEGIN TEST(S): </Users/cbieneman/dev/DirectXShaderCompiler/tools/clang/test/HLSL/../HLSLFileCheck/hlsl/types/modifiers/groupshared/groupshared-member-matrix-subscript2.hlsl>
END TEST(S): </Users/cbieneman/dev/DirectXShaderCompiler/tools/clang/test/HLSL/../HLSLFileCheck/hlsl/types/modifiers/groupshared/groupshared-member-matrix-subscript2.hlsl>
BEGIN TEST(S): </Users/cbieneman/dev/DirectXShaderCompiler/tools/clang/test/HLSL/../HLSLFileCheck/hlsl/types/modifiers/groupshared/groupshared-base-cast.hlsl>
END TEST(S): </Users/cbieneman/dev/DirectXShaderCompiler/tools/clang/test/HLSL/../HLSLFileCheck/hlsl/types/modifiers/groupshared/groupshared-base-cast.hlsl>
BEGIN TEST(S): </Users/cbieneman/dev/DirectXShaderCompiler/tools/clang/test/HLSL/../HLSLFileCheck/hlsl/types/modifiers/groupshared/groupshared-member-matrix-subscript.hlsl>
END TEST(S): </Users/cbieneman/dev/DirectXShaderCompiler/tools/clang/test/HLSL/../HLSLFileCheck/hlsl/types/modifiers/groupshared/groupshared-member-matrix-subscript.hlsl>
BEGIN TEST(S): </Users/cbieneman/dev/DirectXShaderCompiler/tools/clang/test/HLSL/../HLSLFileCheck/hlsl/types/modifiers/groupshared/groupshared-member-matrix-subscript-align.hlsl>
END TEST(S): </Users/cbieneman/dev/DirectXShaderCompiler/tools/clang/test/HLSL/../HLSLFileCheck/hlsl/types/modifiers/groupshared/groupshared-member-matrix-subscript-align.hlsl>
BEGIN TEST(S): </Users/cbieneman/dev/DirectXShaderCompiler/tools/clang/test/HLSL/../HLSLFileCheck/hlsl/types/modifiers/groupshared/alignment/group_share_align2.hlsl>
END TEST(S): </Users/cbieneman/dev/DirectXShaderCompiler/tools/clang/test/HLSL/../HLSLFileCheck/hlsl/types/modifiers/groupshared/alignment/group_share_align2.hlsl>
BEGIN TEST(S): </Users/cbieneman/dev/DirectXShaderCompiler/tools/clang/test/HLSL/../HLSLFileCheck/hlsl/types/modifiers/groupshared/alignment/group_share_align.hlsl>
END TEST(S): </Users/cbieneman/dev/DirectXShaderCompiler/tools/clang/test/HLSL/../HLSLFileCheck/hlsl/types/modifiers/groupshared/alignment/group_share_align.hlsl>
BEGIN TEST(S): </Users/cbieneman/dev/DirectXShaderCompiler/tools/clang/test/HLSL/../HLSLFileCheck/hlsl/types/modifiers/groupshared/this_ptr_address_space.hlsl>
END TEST(S): </Users/cbieneman/dev/DirectXShaderCompiler/tools/clang/test/HLSL/../HLSLFileCheck/hlsl/types/modifiers/groupshared/this_ptr_address_space.hlsl>
BEGIN TEST(S): </Users/cbieneman/dev/DirectXShaderCompiler/tools/clang/test/HLSL/../HLSLFileCheck/hlsl/types/modifiers/global/no_initialization.hlsl>
END TEST(S): </Users/cbieneman/dev/DirectXShaderCompiler/tools/clang/test/HLSL/../HLSLFileCheck/hlsl/types/modifiers/global/no_initialization.hlsl>
BEGIN TEST(S): </Users/cbieneman/dev/DirectXShaderCompiler/tools/clang/test/HLSL/../HLSLFileCheck/hlsl/types/modifiers/global/init_static_global_with_external_function.hlsl>
END TEST(S): </Users/cbieneman/dev/DirectXShaderCompiler/tools/clang/test/HLSL/../HLSLFileCheck/hlsl/types/modifiers/global/init_static_global_with_external_function.hlsl>
BEGIN TEST(S): </Users/cbieneman/dev/DirectXShaderCompiler/tools/clang/test/HLSL/../HLSLFileCheck/hlsl/types/modifiers/global/global-var-write-test01.hlsl>
END TEST(S): </Users/cbieneman/dev/DirectXShaderCompiler/tools/clang/test/HLSL/../HLSLFileCheck/hlsl/types/modifiers/global/global-var-write-test01.hlsl>
BEGIN TEST(S): </Users/cbieneman/dev/DirectXShaderCompiler/tools/clang/test/HLSL/../HLSLFileCheck/hlsl/types/modifiers/global/global-var-write-test02.hlsl>
END TEST(S): </Users/cbieneman/dev/DirectXShaderCompiler/tools/clang/test/HLSL/../HLSLFileCheck/hlsl/types/modifiers/global/global-var-write-test02.hlsl>
BEGIN TEST(S): </Users/cbieneman/dev/DirectXShaderCompiler/tools/clang/test/HLSL/../HLSLFileCheck/hlsl/types/modifiers/global/global-var-write-test03.hlsl>
END TEST(S): </Users/cbieneman/dev/DirectXShaderCompiler/tools/clang/test/HLSL/../HLSLFileCheck/hlsl/types/modifiers/global/global-var-write-test03.hlsl>
BEGIN TEST(S): </Users/cbieneman/dev/DirectXShaderCompiler/tools/clang/test/HLSL/../HLSLFileCheck/hlsl/types/modifiers/global/global-var-write-test04.hlsl>
END TEST(S): </Users/cbieneman/dev/DirectXShaderCompiler/tools/clang/test/HLSL/../HLSLFileCheck/hlsl/types/modifiers/global/global-var-write-test04.hlsl>
BEGIN TEST(S): </Users/cbieneman/dev/DirectXShaderCompiler/tools/clang/test/HLSL/../HLSLFileCheck/hlsl/types/modifiers/global/array_cast.hlsl>
END TEST(S): </Users/cbieneman/dev/DirectXShaderCompiler/tools/clang/test/HLSL/../HLSLFileCheck/hlsl/types/modifiers/global/array_cast.hlsl>
BEGIN TEST(S): </Users/cbieneman/dev/DirectXShaderCompiler/tools/clang/test/HLSL/../HLSLFileCheck/hlsl/types/modifiers/global/global-var-write-test05.hlsl>
END TEST(S): </Users/cbieneman/dev/DirectXShaderCompiler/tools/clang/test/HLSL/../HLSLFileCheck/hlsl/types/modifiers/global/global-var-write-test05.hlsl>
BEGIN TEST(S): </Users/cbieneman/dev/DirectXShaderCompiler/tools/clang/test/HLSL/../HLSLFileCheck/hlsl/types/typedef/typedef_fixed_width_types_pre_2018.hlsl>
END TEST(S): </Users/cbieneman/dev/DirectXShaderCompiler/tools/clang/test/HLSL/../HLSLFileCheck/hlsl/types/typedef/typedef_fixed_width_types_pre_2018.hlsl>
BEGIN TEST(S): </Users/cbieneman/dev/DirectXShaderCompiler/tools/clang/test/HLSL/../HLSLFileCheck/hlsl/types/conversions/implicit-casts_Mod.hlsl>
END TEST(S): </Users/cbieneman/dev/DirectXShaderCompiler/tools/clang/test/HLSL/../HLSLFileCheck/hlsl/types/conversions/implicit-casts_Mod.hlsl>
BEGIN TEST(S): </Users/cbieneman/dev/DirectXShaderCompiler/tools/clang/test/HLSL/../HLSLFileCheck/hlsl/types/conversions/numerical_const_init_list.hlsl>
END TEST(S): </Users/cbieneman/dev/DirectXShaderCompiler/tools/clang/test/HLSL/../HLSLFileCheck/hlsl/types/conversions/numerical_const_init_list.hlsl>
BEGIN TEST(S): </Users/cbieneman/dev/DirectXShaderCompiler/tools/clang/test/HLSL/../HLSLFileCheck/hlsl/types/conversions/scalarToVec.hlsl>
END TEST(S): </Users/cbieneman/dev/DirectXShaderCompiler/tools/clang/test/HLSL/../HLSLFileCheck/hlsl/types/conversions/scalarToVec.hlsl>
BEGIN TEST(S): </Users/cbieneman/dev/DirectXShaderCompiler/tools/clang/test/HLSL/../HLSLFileCheck/hlsl/types/conversions/to_aggregate_ignored.hlsl>
END TEST(S): </Users/cbieneman/dev/DirectXShaderCompiler/tools/clang/test/HLSL/../HLSLFileCheck/hlsl/types/conversions/to_aggregate_ignored.hlsl>
BEGIN TEST(S): </Users/cbieneman/dev/DirectXShaderCompiler/tools/clang/test/HLSL/../HLSLFileCheck/hlsl/types/conversions/scalar-operators_Mod.hlsl>
END TEST(S): </Users/cbieneman/dev/DirectXShaderCompiler/tools/clang/test/HLSL/../HLSLFileCheck/hlsl/types/conversions/scalar-operators_Mod.hlsl>
BEGIN TEST(S): </Users/cbieneman/dev/DirectXShaderCompiler/tools/clang/test/HLSL/../HLSLFileCheck/hlsl/types/conversions/derived_to_base_assign.hlsl>
END TEST(S): </Users/cbieneman/dev/DirectXShaderCompiler/tools/clang/test/HLSL/../HLSLFileCheck/hlsl/types/conversions/derived_to_base_assign.hlsl>
BEGIN TEST(S): </Users/cbieneman/dev/DirectXShaderCompiler/tools/clang/test/HLSL/../HLSLFileCheck/hlsl/types/conversions/scalar-operators-assign_Mod.hlsl>
END TEST(S): </Users/cbieneman/dev/DirectXShaderCompiler/tools/clang/test/HLSL/../HLSLFileCheck/hlsl/types/conversions/scalar-operators-assign_Mod.hlsl>
BEGIN TEST(S): </Users/cbieneman/dev/DirectXShaderCompiler/tools/clang/test/HLSL/../HLSLFileCheck/hlsl/types/conversions/template-checks_Mod.hlsl>
END TEST(S): </Users/cbieneman/dev/DirectXShaderCompiler/tools/clang/test/HLSL/../HLSLFileCheck/hlsl/types/conversions/template-checks_Mod.hlsl>
BEGIN TEST(S): </Users/cbieneman/dev/DirectXShaderCompiler/tools/clang/test/HLSL/../HLSLFileCheck/hlsl/types/conversions/derived_to_base_argument.hlsl>
END TEST(S): </Users/cbieneman/dev/DirectXShaderCompiler/tools/clang/test/HLSL/../HLSLFileCheck/hlsl/types/conversions/derived_to_base_argument.hlsl>
BEGIN TEST(S): </Users/cbieneman/dev/DirectXShaderCompiler/tools/clang/test/HLSL/../HLSLFileCheck/hlsl/types/conversions/inout_numerical.hlsl>
END TEST(S): </Users/cbieneman/dev/DirectXShaderCompiler/tools/clang/test/HLSL/../HLSLFileCheck/hlsl/types/conversions/inout_numerical.hlsl>
BEGIN TEST(S): </Users/cbieneman/dev/DirectXShaderCompiler/tools/clang/test/HLSL/../HLSLFileCheck/hlsl/types/conversions/packreg_Mod.hlsl>
END TEST(S): </Users/cbieneman/dev/DirectXShaderCompiler/tools/clang/test/HLSL/../HLSLFileCheck/hlsl/types/conversions/packreg_Mod.hlsl>
BEGIN TEST(S): </Users/cbieneman/dev/DirectXShaderCompiler/tools/clang/test/HLSL/../HLSLFileCheck/hlsl/types/conversions/numerical_flat_conversion.hlsl>
END TEST(S): </Users/cbieneman/dev/DirectXShaderCompiler/tools/clang/test/HLSL/../HLSLFileCheck/hlsl/types/conversions/numerical_flat_conversion.hlsl>
BEGIN TEST(S): </Users/cbieneman/dev/DirectXShaderCompiler/tools/clang/test/HLSL/../HLSLFileCheck/hlsl/types/conversions/float_to_bool.hlsl>
END TEST(S): </Users/cbieneman/dev/DirectXShaderCompiler/tools/clang/test/HLSL/../HLSLFileCheck/hlsl/types/conversions/float_to_bool.hlsl>
BEGIN TEST(S): </Users/cbieneman/dev/DirectXShaderCompiler/tools/clang/test/HLSL/../HLSLFileCheck/hlsl/types/conversions/between_type_shapes.hlsl>
END TEST(S): </Users/cbieneman/dev/DirectXShaderCompiler/tools/clang/test/HLSL/../HLSLFileCheck/hlsl/types/conversions/between_type_shapes.hlsl>
BEGIN TEST(S): </Users/cbieneman/dev/DirectXShaderCompiler/tools/clang/test/HLSL/../HLSLFileCheck/hlsl/types/conversions/numerical_matrices.hlsl>
END TEST(S): </Users/cbieneman/dev/DirectXShaderCompiler/tools/clang/test/HLSL/../HLSLFileCheck/hlsl/types/conversions/numerical_matrices.hlsl>
BEGIN TEST(S): </Users/cbieneman/dev/DirectXShaderCompiler/tools/clang/test/HLSL/../HLSLFileCheck/hlsl/types/conversions/indexing-operator_Mod.hlsl>
END TEST(S): </Users/cbieneman/dev/DirectXShaderCompiler/tools/clang/test/HLSL/../HLSLFileCheck/hlsl/types/conversions/indexing-operator_Mod.hlsl>
BEGIN TEST(S): </Users/cbieneman/dev/DirectXShaderCompiler/tools/clang/test/HLSL/../HLSLFileCheck/hlsl/types/conversions/string_Mod.hlsl>
END TEST(S): </Users/cbieneman/dev/DirectXShaderCompiler/tools/clang/test/HLSL/../HLSLFileCheck/hlsl/types/conversions/string_Mod.hlsl>
BEGIN TEST(S): </Users/cbieneman/dev/DirectXShaderCompiler/tools/clang/test/HLSL/../HLSLFileCheck/hlsl/types/conversions/semantics_Mod.hlsl>
END TEST(S): </Users/cbieneman/dev/DirectXShaderCompiler/tools/clang/test/HLSL/../HLSLFileCheck/hlsl/types/conversions/semantics_Mod.hlsl>
BEGIN TEST(S): </Users/cbieneman/dev/DirectXShaderCompiler/tools/clang/test/HLSL/../HLSLFileCheck/hlsl/types/conversions/varmods-syntax_Mod.hlsl>
END TEST(S): </Users/cbieneman/dev/DirectXShaderCompiler/tools/clang/test/HLSL/../HLSLFileCheck/hlsl/types/conversions/varmods-syntax_Mod.hlsl>
BEGIN TEST(S): </Users/cbieneman/dev/DirectXShaderCompiler/tools/clang/test/HLSL/../HLSLFileCheck/hlsl/types/conversions/64bit_integer_literals.hlsl>
END TEST(S): </Users/cbieneman/dev/DirectXShaderCompiler/tools/clang/test/HLSL/../HLSLFileCheck/hlsl/types/conversions/64bit_integer_literals.hlsl>
BEGIN TEST(S): </Users/cbieneman/dev/DirectXShaderCompiler/tools/clang/test/HLSL/../HLSLFileCheck/hlsl/types/conversions/numerical_to_aggregate_roundtrip.hlsl>
END TEST(S): </Users/cbieneman/dev/DirectXShaderCompiler/tools/clang/test/HLSL/../HLSLFileCheck/hlsl/types/conversions/numerical_to_aggregate_roundtrip.hlsl>
BEGIN TEST(S): </Users/cbieneman/dev/DirectXShaderCompiler/tools/clang/test/HLSL/../HLSLFileCheck/hlsl/types/conversions/scalar-assignments_Mod.hlsl>
END TEST(S): </Users/cbieneman/dev/DirectXShaderCompiler/tools/clang/test/HLSL/../HLSLFileCheck/hlsl/types/conversions/scalar-assignments_Mod.hlsl>
BEGIN TEST(S): </Users/cbieneman/dev/DirectXShaderCompiler/tools/clang/test/HLSL/../HLSLFileCheck/hlsl/types/conversions/array_copy.hlsl>
END TEST(S): </Users/cbieneman/dev/DirectXShaderCompiler/tools/clang/test/HLSL/../HLSLFileCheck/hlsl/types/conversions/array_copy.hlsl>
BEGIN TEST(S): </Users/cbieneman/dev/DirectXShaderCompiler/tools/clang/test/HLSL/../HLSLFileCheck/hlsl/types/conversions/const-expr_Mod.hlsl>
END TEST(S): </Users/cbieneman/dev/DirectXShaderCompiler/tools/clang/test/HLSL/../HLSLFileCheck/hlsl/types/conversions/const-expr_Mod.hlsl>
BEGIN TEST(S): </Users/cbieneman/dev/DirectXShaderCompiler/tools/clang/test/HLSL/../HLSLFileCheck/hlsl/types/conversions/functions_Mod.hlsl>
END TEST(S): </Users/cbieneman/dev/DirectXShaderCompiler/tools/clang/test/HLSL/../HLSLFileCheck/hlsl/types/conversions/functions_Mod.hlsl>
BEGIN TEST(S): </Users/cbieneman/dev/DirectXShaderCompiler/tools/clang/test/HLSL/../HLSLFileCheck/hlsl/types/conversions/const-exprB_Mod.hlsl>
END TEST(S): </Users/cbieneman/dev/DirectXShaderCompiler/tools/clang/test/HLSL/../HLSLFileCheck/hlsl/types/conversions/const-exprB_Mod.hlsl>
BEGIN TEST(S): </Users/cbieneman/dev/DirectXShaderCompiler/tools/clang/test/HLSL/../HLSLFileCheck/hlsl/types/conversions/toinclude2_Mod.hlsl>
END TEST(S): </Users/cbieneman/dev/DirectXShaderCompiler/tools/clang/test/HLSL/../HLSLFileCheck/hlsl/types/conversions/toinclude2_Mod.hlsl>
BEGIN TEST(S): </Users/cbieneman/dev/DirectXShaderCompiler/tools/clang/test/HLSL/../HLSLFileCheck/hlsl/types/conversions/typemods-syntax_Mod.hlsl>
END TEST(S): </Users/cbieneman/dev/DirectXShaderCompiler/tools/clang/test/HLSL/../HLSLFileCheck/hlsl/types/conversions/typemods-syntax_Mod.hlsl>
BEGIN TEST(S): </Users/cbieneman/dev/DirectXShaderCompiler/tools/clang/test/HLSL/../HLSLFileCheck/hlsl/types/conversions/negative_literal_int_to_float.hlsl>
END TEST(S): </Users/cbieneman/dev/DirectXShaderCompiler/tools/clang/test/HLSL/../HLSLFileCheck/hlsl/types/conversions/negative_literal_int_to_float.hlsl>
BEGIN TEST(S): </Users/cbieneman/dev/DirectXShaderCompiler/tools/clang/test/HLSL/../HLSLFileCheck/hlsl/types/conversions/attributes_Mod.hlsl>
END TEST(S): </Users/cbieneman/dev/DirectXShaderCompiler/tools/clang/test/HLSL/../HLSLFileCheck/hlsl/types/conversions/attributes_Mod.hlsl>
BEGIN TEST(S): </Users/cbieneman/dev/DirectXShaderCompiler/tools/clang/test/HLSL/../HLSLFileCheck/hlsl/types/conversions/literals_exact_precision_Mod.hlsl>
END TEST(S): </Users/cbieneman/dev/DirectXShaderCompiler/tools/clang/test/HLSL/../HLSLFileCheck/hlsl/types/conversions/literals_exact_precision_Mod.hlsl>
BEGIN TEST(S): </Users/cbieneman/dev/DirectXShaderCompiler/tools/clang/test/HLSL/../HLSLFileCheck/hlsl/types/conversions/literals_Mod.hlsl>
END TEST(S): </Users/cbieneman/dev/DirectXShaderCompiler/tools/clang/test/HLSL/../HLSLFileCheck/hlsl/types/conversions/literals_Mod.hlsl>
BEGIN TEST(S): </Users/cbieneman/dev/DirectXShaderCompiler/tools/clang/test/HLSL/../HLSLFileCheck/hlsl/types/array/arrayOfStruct.hlsl>
END TEST(S): </Users/cbieneman/dev/DirectXShaderCompiler/tools/clang/test/HLSL/../HLSLFileCheck/hlsl/types/array/arrayOfStruct.hlsl>
BEGIN TEST(S): </Users/cbieneman/dev/DirectXShaderCompiler/tools/clang/test/HLSL/../HLSLFileCheck/hlsl/types/array/targetArray.hlsl>
END TEST(S): </Users/cbieneman/dev/DirectXShaderCompiler/tools/clang/test/HLSL/../HLSLFileCheck/hlsl/types/array/targetArray.hlsl>
BEGIN TEST(S): </Users/cbieneman/dev/DirectXShaderCompiler/tools/clang/test/HLSL/../HLSLFileCheck/hlsl/types/array/large_resource_array.hlsl>
END TEST(S): </Users/cbieneman/dev/DirectXShaderCompiler/tools/clang/test/HLSL/../HLSLFileCheck/hlsl/types/array/large_resource_array.hlsl>
BEGIN TEST(S): </Users/cbieneman/dev/DirectXShaderCompiler/tools/clang/test/HLSL/../HLSLFileCheck/hlsl/types/array/indexabletemp1.hlsl>
END TEST(S): </Users/cbieneman/dev/DirectXShaderCompiler/tools/clang/test/HLSL/../HLSLFileCheck/hlsl/types/array/indexabletemp1.hlsl>
BEGIN TEST(S): </Users/cbieneman/dev/DirectXShaderCompiler/tools/clang/test/HLSL/../HLSLFileCheck/hlsl/types/array/indexableinput1.hlsl>
END TEST(S): </Users/cbieneman/dev/DirectXShaderCompiler/tools/clang/test/HLSL/../HLSLFileCheck/hlsl/types/array/indexableinput1.hlsl>
BEGIN TEST(S): </Users/cbieneman/dev/DirectXShaderCompiler/tools/clang/test/HLSL/../HLSLFileCheck/hlsl/types/array/initlist_type.hlsl>
END TEST(S): </Users/cbieneman/dev/DirectXShaderCompiler/tools/clang/test/HLSL/../HLSLFileCheck/hlsl/types/array/initlist_type.hlsl>
BEGIN TEST(S): </Users/cbieneman/dev/DirectXShaderCompiler/tools/clang/test/HLSL/../HLSLFileCheck/hlsl/types/array/indexableoutput1.hlsl>
END TEST(S): </Users/cbieneman/dev/DirectXShaderCompiler/tools/clang/test/HLSL/../HLSLFileCheck/hlsl/types/array/indexableoutput1.hlsl>
BEGIN TEST(S): </Users/cbieneman/dev/DirectXShaderCompiler/tools/clang/test/HLSL/../HLSLFileCheck/hlsl/types/array/indexableinput2.hlsl>
END TEST(S): </Users/cbieneman/dev/DirectXShaderCompiler/tools/clang/test/HLSL/../HLSLFileCheck/hlsl/types/array/indexableinput2.hlsl>
BEGIN TEST(S): </Users/cbieneman/dev/DirectXShaderCompiler/tools/clang/test/HLSL/../HLSLFileCheck/hlsl/types/array/indexabletemp2.hlsl>
END TEST(S): </Users/cbieneman/dev/DirectXShaderCompiler/tools/clang/test/HLSL/../HLSLFileCheck/hlsl/types/array/indexabletemp2.hlsl>
BEGIN TEST(S): </Users/cbieneman/dev/DirectXShaderCompiler/tools/clang/test/HLSL/../HLSLFileCheck/hlsl/types/array/indexabletemp3.hlsl>
END TEST(S): </Users/cbieneman/dev/DirectXShaderCompiler/tools/clang/test/HLSL/../HLSLFileCheck/hlsl/types/array/indexabletemp3.hlsl>
BEGIN TEST(S): </Users/cbieneman/dev/DirectXShaderCompiler/tools/clang/test/HLSL/../HLSLFileCheck/hlsl/types/array/indexableinput3.hlsl>
END TEST(S): </Users/cbieneman/dev/DirectXShaderCompiler/tools/clang/test/HLSL/../HLSLFileCheck/hlsl/types/array/indexableinput3.hlsl>
BEGIN TEST(S): </Users/cbieneman/dev/DirectXShaderCompiler/tools/clang/test/HLSL/../HLSLFileCheck/hlsl/types/array/incomp_array.hlsl>
END TEST(S): </Users/cbieneman/dev/DirectXShaderCompiler/tools/clang/test/HLSL/../HLSLFileCheck/hlsl/types/array/incomp_array.hlsl>
BEGIN TEST(S): </Users/cbieneman/dev/DirectXShaderCompiler/tools/clang/test/HLSL/../HLSLFileCheck/hlsl/types/array/icb1.hlsl>
END TEST(S): </Users/cbieneman/dev/DirectXShaderCompiler/tools/clang/test/HLSL/../HLSLFileCheck/hlsl/types/array/icb1.hlsl>
BEGIN TEST(S): </Users/cbieneman/dev/DirectXShaderCompiler/tools/clang/test/HLSL/../HLSLFileCheck/hlsl/types/array/indexableinput4.hlsl>
END TEST(S): </Users/cbieneman/dev/DirectXShaderCompiler/tools/clang/test/HLSL/../HLSLFileCheck/hlsl/types/array/indexableinput4.hlsl>
BEGIN TEST(S): </Users/cbieneman/dev/DirectXShaderCompiler/tools/clang/test/HLSL/../HLSLFileCheck/hlsl/types/cast/bool_cast.hlsl>
END TEST(S): </Users/cbieneman/dev/DirectXShaderCompiler/tools/clang/test/HLSL/../HLSLFileCheck/hlsl/types/cast/bool_cast.hlsl>
BEGIN TEST(S): </Users/cbieneman/dev/DirectXShaderCompiler/tools/clang/test/HLSL/../HLSLFileCheck/hlsl/types/cast/float_cast.hlsl>
END TEST(S): </Users/cbieneman/dev/DirectXShaderCompiler/tools/clang/test/HLSL/../HLSLFileCheck/hlsl/types/cast/float_cast.hlsl>
BEGIN TEST(S): </Users/cbieneman/dev/DirectXShaderCompiler/tools/clang/test/HLSL/../HLSLFileCheck/hlsl/types/cast/constexpr/constexpr_cast_mat_type_stack_oveflow_bug.hlsl>
END TEST(S): </Users/cbieneman/dev/DirectXShaderCompiler/tools/clang/test/HLSL/../HLSLFileCheck/hlsl/types/cast/constexpr/constexpr_cast_mat_type_stack_oveflow_bug.hlsl>
BEGIN TEST(S): </Users/cbieneman/dev/DirectXShaderCompiler/tools/clang/test/HLSL/../HLSLFileCheck/hlsl/types/cast/constexpr/constexpr_cast_mat_scalar.hlsl>
END TEST(S): </Users/cbieneman/dev/DirectXShaderCompiler/tools/clang/test/HLSL/../HLSLFileCheck/hlsl/types/cast/constexpr/constexpr_cast_mat_scalar.hlsl>
BEGIN TEST(S): </Users/cbieneman/dev/DirectXShaderCompiler/tools/clang/test/HLSL/../HLSLFileCheck/hlsl/types/cast/constexpr/constexpr_cast_vec_types_different_comp_count_scalar.hlsl>
END TEST(S): </Users/cbieneman/dev/DirectXShaderCompiler/tools/clang/test/HLSL/../HLSLFileCheck/hlsl/types/cast/constexpr/constexpr_cast_vec_types_different_comp_count_scalar.hlsl>
BEGIN TEST(S): </Users/cbieneman/dev/DirectXShaderCompiler/tools/clang/test/HLSL/../HLSLFileCheck/hlsl/types/cast/constexpr/constexpr_cast_mat_types_same_comp_count.hlsl>
END TEST(S): </Users/cbieneman/dev/DirectXShaderCompiler/tools/clang/test/HLSL/../HLSLFileCheck/hlsl/types/cast/constexpr/constexpr_cast_mat_types_same_comp_count.hlsl>
BEGIN TEST(S): </Users/cbieneman/dev/DirectXShaderCompiler/tools/clang/test/HLSL/../HLSLFileCheck/hlsl/types/cast/constexpr/constexpr_cast_vec_types_same_comp_count.hlsl>
END TEST(S): </Users/cbieneman/dev/DirectXShaderCompiler/tools/clang/test/HLSL/../HLSLFileCheck/hlsl/types/cast/constexpr/constexpr_cast_vec_types_same_comp_count.hlsl>
BEGIN TEST(S): </Users/cbieneman/dev/DirectXShaderCompiler/tools/clang/test/HLSL/../HLSLFileCheck/hlsl/types/cast/bool_cast_initializer_syntax_test.hlsl>
END TEST(S): </Users/cbieneman/dev/DirectXShaderCompiler/tools/clang/test/HLSL/../HLSLFileCheck/hlsl/types/cast/bool_cast_initializer_syntax_test.hlsl>
BEGIN TEST(S): </Users/cbieneman/dev/DirectXShaderCompiler/tools/clang/test/HLSL/../HLSLFileCheck/hlsl/types/cast/StructCast.hlsl>
END TEST(S): </Users/cbieneman/dev/DirectXShaderCompiler/tools/clang/test/HLSL/../HLSLFileCheck/hlsl/types/cast/StructCast.hlsl>
BEGIN TEST(S): </Users/cbieneman/dev/DirectXShaderCompiler/tools/clang/test/HLSL/../HLSLFileCheck/hlsl/types/cast/implicit-cast-almost-identical.hlsl>
END TEST(S): </Users/cbieneman/dev/DirectXShaderCompiler/tools/clang/test/HLSL/../HLSLFileCheck/hlsl/types/cast/implicit-cast-almost-identical.hlsl>
BEGIN TEST(S): </Users/cbieneman/dev/DirectXShaderCompiler/tools/clang/test/HLSL/../HLSLFileCheck/hlsl/types/cast/cast6.hlsl>
END TEST(S): </Users/cbieneman/dev/DirectXShaderCompiler/tools/clang/test/HLSL/../HLSLFileCheck/hlsl/types/cast/cast6.hlsl>
BEGIN TEST(S): </Users/cbieneman/dev/DirectXShaderCompiler/tools/clang/test/HLSL/../HLSLFileCheck/hlsl/types/cast/mat_cast_sub_write.hlsl>
END TEST(S): </Users/cbieneman/dev/DirectXShaderCompiler/tools/clang/test/HLSL/../HLSLFileCheck/hlsl/types/cast/mat_cast_sub_write.hlsl>
BEGIN TEST(S): </Users/cbieneman/dev/DirectXShaderCompiler/tools/clang/test/HLSL/../HLSLFileCheck/hlsl/types/cast/constant_cast.hlsl>
END TEST(S): </Users/cbieneman/dev/DirectXShaderCompiler/tools/clang/test/HLSL/../HLSLFileCheck/hlsl/types/cast/constant_cast.hlsl>
BEGIN TEST(S): </Users/cbieneman/dev/DirectXShaderCompiler/tools/clang/test/HLSL/../HLSLFileCheck/hlsl/types/cast/cast5.hlsl>
END TEST(S): </Users/cbieneman/dev/DirectXShaderCompiler/tools/clang/test/HLSL/../HLSLFileCheck/hlsl/types/cast/cast5.hlsl>
BEGIN TEST(S): </Users/cbieneman/dev/DirectXShaderCompiler/tools/clang/test/HLSL/../HLSLFileCheck/hlsl/types/cast/functionalCast.hlsl>
END TEST(S): </Users/cbieneman/dev/DirectXShaderCompiler/tools/clang/test/HLSL/../HLSLFileCheck/hlsl/types/cast/functionalCast.hlsl>
BEGIN TEST(S): </Users/cbieneman/dev/DirectXShaderCompiler/tools/clang/test/HLSL/../HLSLFileCheck/hlsl/types/cast/identical_layout_structs/implicit_cast_as_streamout_append.hlsl>
END TEST(S): </Users/cbieneman/dev/DirectXShaderCompiler/tools/clang/test/HLSL/../HLSLFileCheck/hlsl/types/cast/identical_layout_structs/implicit_cast_as_streamout_append.hlsl>
BEGIN TEST(S): </Users/cbieneman/dev/DirectXShaderCompiler/tools/clang/test/HLSL/../HLSLFileCheck/hlsl/types/cast/identical_layout_structs/implicit_cast_as_streamout_append-strictudt.hlsl>
END TEST(S): </Users/cbieneman/dev/DirectXShaderCompiler/tools/clang/test/HLSL/../HLSLFileCheck/hlsl/types/cast/identical_layout_structs/implicit_cast_as_streamout_append-strictudt.hlsl>
BEGIN TEST(S): </Users/cbieneman/dev/DirectXShaderCompiler/tools/clang/test/HLSL/../HLSLFileCheck/hlsl/types/cast/identical_layout_structs/implicit_cast_as_func_param_user_scenario-strictudt.hlsl>
END TEST(S): </Users/cbieneman/dev/DirectXShaderCompiler/tools/clang/test/HLSL/../HLSLFileCheck/hlsl/types/cast/identical_layout_structs/implicit_cast_as_func_param_user_scenario-strictudt.hlsl>
BEGIN TEST(S): </Users/cbieneman/dev/DirectXShaderCompiler/tools/clang/test/HLSL/../HLSLFileCheck/hlsl/types/cast/identical_layout_structs/explicit_cast_as_out_param.hlsl>
END TEST(S): </Users/cbieneman/dev/DirectXShaderCompiler/tools/clang/test/HLSL/../HLSLFileCheck/hlsl/types/cast/identical_layout_structs/explicit_cast_as_out_param.hlsl>
BEGIN TEST(S): </Users/cbieneman/dev/DirectXShaderCompiler/tools/clang/test/HLSL/../HLSLFileCheck/hlsl/types/cast/identical_layout_structs/implicit_cast_as_func_param_user_scenario.hlsl>
END TEST(S): </Users/cbieneman/dev/DirectXShaderCompiler/tools/clang/test/HLSL/../HLSLFileCheck/hlsl/types/cast/identical_layout_structs/implicit_cast_as_func_param_user_scenario.hlsl>
BEGIN TEST(S): </Users/cbieneman/dev/DirectXShaderCompiler/tools/clang/test/HLSL/../HLSLFileCheck/hlsl/types/cast/identical_layout_structs/explicit_cast_as_out_param-strictudt.hlsl>
END TEST(S): </Users/cbieneman/dev/DirectXShaderCompiler/tools/clang/test/HLSL/../HLSLFileCheck/hlsl/types/cast/identical_layout_structs/explicit_cast_as_out_param-strictudt.hlsl>
BEGIN TEST(S): </Users/cbieneman/dev/DirectXShaderCompiler/tools/clang/test/HLSL/../HLSLFileCheck/hlsl/types/cast/identical_layout_structs/explicit_cast_as_return_val.hlsl>
END TEST(S): </Users/cbieneman/dev/DirectXShaderCompiler/tools/clang/test/HLSL/../HLSLFileCheck/hlsl/types/cast/identical_layout_structs/explicit_cast_as_return_val.hlsl>
BEGIN TEST(S): </Users/cbieneman/dev/DirectXShaderCompiler/tools/clang/test/HLSL/../HLSLFileCheck/hlsl/types/cast/identical_layout_structs/implicit_cast_as_func_param.hlsl>
END TEST(S): </Users/cbieneman/dev/DirectXShaderCompiler/tools/clang/test/HLSL/../HLSLFileCheck/hlsl/types/cast/identical_layout_structs/implicit_cast_as_func_param.hlsl>
BEGIN TEST(S): </Users/cbieneman/dev/DirectXShaderCompiler/tools/clang/test/HLSL/../HLSLFileCheck/hlsl/types/cast/bool_matrix_conversion.hlsl>
END TEST(S): </Users/cbieneman/dev/DirectXShaderCompiler/tools/clang/test/HLSL/../HLSLFileCheck/hlsl/types/cast/bool_matrix_conversion.hlsl>
BEGIN TEST(S): </Users/cbieneman/dev/DirectXShaderCompiler/tools/clang/test/HLSL/../HLSLFileCheck/hlsl/types/cast/cast8.hlsl>
END TEST(S): </Users/cbieneman/dev/DirectXShaderCompiler/tools/clang/test/HLSL/../HLSLFileCheck/hlsl/types/cast/cast8.hlsl>
BEGIN TEST(S): </Users/cbieneman/dev/DirectXShaderCompiler/tools/clang/test/HLSL/../HLSLFileCheck/hlsl/types/cast/mat_cast_sub_on_param.hlsl>
END TEST(S): </Users/cbieneman/dev/DirectXShaderCompiler/tools/clang/test/HLSL/../HLSLFileCheck/hlsl/types/cast/mat_cast_sub_on_param.hlsl>
BEGIN TEST(S): </Users/cbieneman/dev/DirectXShaderCompiler/tools/clang/test/HLSL/../HLSLFileCheck/hlsl/types/cast/func_cast.hlsl>
END TEST(S): </Users/cbieneman/dev/DirectXShaderCompiler/tools/clang/test/HLSL/../HLSLFileCheck/hlsl/types/cast/func_cast.hlsl>
BEGIN TEST(S): </Users/cbieneman/dev/DirectXShaderCompiler/tools/clang/test/HLSL/../HLSLFileCheck/hlsl/types/cast/structCast2.hlsl>
END TEST(S): </Users/cbieneman/dev/DirectXShaderCompiler/tools/clang/test/HLSL/../HLSLFileCheck/hlsl/types/cast/structCast2.hlsl>
BEGIN TEST(S): </Users/cbieneman/dev/DirectXShaderCompiler/tools/clang/test/HLSL/../HLSLFileCheck/hlsl/types/cast/assignCast.hlsl>
END TEST(S): </Users/cbieneman/dev/DirectXShaderCompiler/tools/clang/test/HLSL/../HLSLFileCheck/hlsl/types/cast/assignCast.hlsl>
BEGIN TEST(S): </Users/cbieneman/dev/DirectXShaderCompiler/tools/clang/test/HLSL/../HLSLFileCheck/hlsl/types/cast/StructCast-strictudt.hlsl>
END TEST(S): </Users/cbieneman/dev/DirectXShaderCompiler/tools/clang/test/HLSL/../HLSLFileCheck/hlsl/types/cast/StructCast-strictudt.hlsl>
BEGIN TEST(S): </Users/cbieneman/dev/DirectXShaderCompiler/tools/clang/test/HLSL/../HLSLFileCheck/hlsl/types/minprecision/minprec6.hlsl>
END TEST(S): </Users/cbieneman/dev/DirectXShaderCompiler/tools/clang/test/HLSL/../HLSLFileCheck/hlsl/types/minprecision/minprec6.hlsl>
BEGIN TEST(S): </Users/cbieneman/dev/DirectXShaderCompiler/tools/clang/test/HLSL/../HLSLFileCheck/hlsl/types/minprecision/minprec7.hlsl>
END TEST(S): </Users/cbieneman/dev/DirectXShaderCompiler/tools/clang/test/HLSL/../HLSLFileCheck/hlsl/types/minprecision/minprec7.hlsl>
BEGIN TEST(S): </Users/cbieneman/dev/DirectXShaderCompiler/tools/clang/test/HLSL/../HLSLFileCheck/hlsl/types/minprecision/minprec_coord.hlsl>
END TEST(S): </Users/cbieneman/dev/DirectXShaderCompiler/tools/clang/test/HLSL/../HLSLFileCheck/hlsl/types/minprecision/minprec_coord.hlsl>
BEGIN TEST(S): </Users/cbieneman/dev/DirectXShaderCompiler/tools/clang/test/HLSL/../HLSLFileCheck/hlsl/types/minprecision/minprec_cast.hlsl>
END TEST(S): </Users/cbieneman/dev/DirectXShaderCompiler/tools/clang/test/HLSL/../HLSLFileCheck/hlsl/types/minprecision/minprec_cast.hlsl>
BEGIN TEST(S): </Users/cbieneman/dev/DirectXShaderCompiler/tools/clang/test/HLSL/../HLSLFileCheck/hlsl/types/minprecision/minprec1.hlsl>
END TEST(S): </Users/cbieneman/dev/DirectXShaderCompiler/tools/clang/test/HLSL/../HLSLFileCheck/hlsl/types/minprecision/minprec1.hlsl>
BEGIN TEST(S): </Users/cbieneman/dev/DirectXShaderCompiler/tools/clang/test/HLSL/../HLSLFileCheck/hlsl/types/minprecision/minprec2.hlsl>
END TEST(S): </Users/cbieneman/dev/DirectXShaderCompiler/tools/clang/test/HLSL/../HLSLFileCheck/hlsl/types/minprecision/minprec2.hlsl>
BEGIN TEST(S): </Users/cbieneman/dev/DirectXShaderCompiler/tools/clang/test/HLSL/../HLSLFileCheck/hlsl/types/minprecision/minprec3.hlsl>
END TEST(S): </Users/cbieneman/dev/DirectXShaderCompiler/tools/clang/test/HLSL/../HLSLFileCheck/hlsl/types/minprecision/minprec3.hlsl>
BEGIN TEST(S): </Users/cbieneman/dev/DirectXShaderCompiler/tools/clang/test/HLSL/../HLSLFileCheck/hlsl/types/minprecision/minprec_imm.hlsl>
END TEST(S): </Users/cbieneman/dev/DirectXShaderCompiler/tools/clang/test/HLSL/../HLSLFileCheck/hlsl/types/minprecision/minprec_imm.hlsl>
BEGIN TEST(S): </Users/cbieneman/dev/DirectXShaderCompiler/tools/clang/test/HLSL/../HLSLFileCheck/hlsl/types/minprecision/minprec4.hlsl>
END TEST(S): </Users/cbieneman/dev/DirectXShaderCompiler/tools/clang/test/HLSL/../HLSLFileCheck/hlsl/types/minprecision/minprec4.hlsl>
BEGIN TEST(S): </Users/cbieneman/dev/DirectXShaderCompiler/tools/clang/test/HLSL/../HLSLFileCheck/hlsl/types/minprecision/minprec5.hlsl>
END TEST(S): </Users/cbieneman/dev/DirectXShaderCompiler/tools/clang/test/HLSL/../HLSLFileCheck/hlsl/types/minprecision/minprec5.hlsl>
BEGIN TEST(S): </Users/cbieneman/dev/DirectXShaderCompiler/tools/clang/test/HLSL/../HLSLFileCheck/hlsl/types/enum/enum5.hlsl>
END TEST(S): </Users/cbieneman/dev/DirectXShaderCompiler/tools/clang/test/HLSL/../HLSLFileCheck/hlsl/types/enum/enum5.hlsl>
BEGIN TEST(S): </Users/cbieneman/dev/DirectXShaderCompiler/tools/clang/test/HLSL/../HLSLFileCheck/hlsl/types/enum/enum4.hlsl>
END TEST(S): </Users/cbieneman/dev/DirectXShaderCompiler/tools/clang/test/HLSL/../HLSLFileCheck/hlsl/types/enum/enum4.hlsl>
BEGIN TEST(S): </Users/cbieneman/dev/DirectXShaderCompiler/tools/clang/test/HLSL/../HLSLFileCheck/hlsl/types/enum/enum3.hlsl>
END TEST(S): </Users/cbieneman/dev/DirectXShaderCompiler/tools/clang/test/HLSL/../HLSLFileCheck/hlsl/types/enum/enum3.hlsl>
BEGIN TEST(S): </Users/cbieneman/dev/DirectXShaderCompiler/tools/clang/test/HLSL/../HLSLFileCheck/hlsl/types/enum/enum2.hlsl>
END TEST(S): </Users/cbieneman/dev/DirectXShaderCompiler/tools/clang/test/HLSL/../HLSLFileCheck/hlsl/types/enum/enum2.hlsl>
BEGIN TEST(S): </Users/cbieneman/dev/DirectXShaderCompiler/tools/clang/test/HLSL/../HLSLFileCheck/hlsl/types/enum/enum1.hlsl>
END TEST(S): </Users/cbieneman/dev/DirectXShaderCompiler/tools/clang/test/HLSL/../HLSLFileCheck/hlsl/types/enum/enum1.hlsl>
BEGIN TEST(S): </Users/cbieneman/dev/DirectXShaderCompiler/tools/clang/test/HLSL/../HLSLFileCheck/hlsl/types/enum/enum6.hlsl>
END TEST(S): </Users/cbieneman/dev/DirectXShaderCompiler/tools/clang/test/HLSL/../HLSLFileCheck/hlsl/types/enum/enum6.hlsl>
BEGIN TEST(S): </Users/cbieneman/dev/DirectXShaderCompiler/tools/clang/test/HLSL/../HLSLFileCheck/hlsl/types/half/int16OpBits.hlsl>
END TEST(S): </Users/cbieneman/dev/DirectXShaderCompiler/tools/clang/test/HLSL/../HLSLFileCheck/hlsl/types/half/int16OpBits.hlsl>
BEGIN TEST(S): </Users/cbieneman/dev/DirectXShaderCompiler/tools/clang/test/HLSL/../HLSLFileCheck/hlsl/types/half/half_mat.hlsl>
END TEST(S): </Users/cbieneman/dev/DirectXShaderCompiler/tools/clang/test/HLSL/../HLSLFileCheck/hlsl/types/half/half_mat.hlsl>
BEGIN TEST(S): </Users/cbieneman/dev/DirectXShaderCompiler/tools/clang/test/HLSL/../HLSLFileCheck/hlsl/types/half/bitcast_16bits.hlsl>
END TEST(S): </Users/cbieneman/dev/DirectXShaderCompiler/tools/clang/test/HLSL/../HLSLFileCheck/hlsl/types/half/bitcast_16bits.hlsl>
BEGIN TEST(S): </Users/cbieneman/dev/DirectXShaderCompiler/tools/clang/test/HLSL/../HLSLFileCheck/hlsl/types/half/int16Op.hlsl>
END TEST(S): </Users/cbieneman/dev/DirectXShaderCompiler/tools/clang/test/HLSL/../HLSLFileCheck/hlsl/types/half/int16Op.hlsl>
BEGIN TEST(S): </Users/cbieneman/dev/DirectXShaderCompiler/tools/clang/test/HLSL/../HLSLFileCheck/hlsl/types/struct/structArray-strictudt.hlsl>
END TEST(S): </Users/cbieneman/dev/DirectXShaderCompiler/tools/clang/test/HLSL/../HLSLFileCheck/hlsl/types/struct/structArray-strictudt.hlsl>
BEGIN TEST(S): </Users/cbieneman/dev/DirectXShaderCompiler/tools/clang/test/HLSL/../HLSLFileCheck/hlsl/types/struct/init_with_empty_field.hlsl>
END TEST(S): </Users/cbieneman/dev/DirectXShaderCompiler/tools/clang/test/HLSL/../HLSLFileCheck/hlsl/types/struct/init_with_empty_field.hlsl>
BEGIN TEST(S): </Users/cbieneman/dev/DirectXShaderCompiler/tools/clang/test/HLSL/../HLSLFileCheck/hlsl/types/struct/self_copy.hlsl>
END TEST(S): </Users/cbieneman/dev/DirectXShaderCompiler/tools/clang/test/HLSL/../HLSLFileCheck/hlsl/types/struct/self_copy.hlsl>
BEGIN TEST(S): </Users/cbieneman/dev/DirectXShaderCompiler/tools/clang/test/HLSL/../HLSLFileCheck/hlsl/types/struct/structArray.hlsl>
END TEST(S): </Users/cbieneman/dev/DirectXShaderCompiler/tools/clang/test/HLSL/../HLSLFileCheck/hlsl/types/struct/structArray.hlsl>
BEGIN TEST(S): </Users/cbieneman/dev/DirectXShaderCompiler/tools/clang/test/HLSL/../HLSLFileCheck/hlsl/types/struct/anonymous.hlsl>
END TEST(S): </Users/cbieneman/dev/DirectXShaderCompiler/tools/clang/test/HLSL/../HLSLFileCheck/hlsl/types/struct/anonymous.hlsl>
BEGIN TEST(S): </Users/cbieneman/dev/DirectXShaderCompiler/tools/clang/test/HLSL/../HLSLFileCheck/hlsl/types/struct/empty_nested_derived_cbuffer.hlsl>
END TEST(S): </Users/cbieneman/dev/DirectXShaderCompiler/tools/clang/test/HLSL/../HLSLFileCheck/hlsl/types/struct/empty_nested_derived_cbuffer.hlsl>
BEGIN TEST(S): </Users/cbieneman/dev/DirectXShaderCompiler/tools/clang/test/HLSL/../HLSLFileCheck/hlsl/types/struct/emptyStruct.hlsl>
END TEST(S): </Users/cbieneman/dev/DirectXShaderCompiler/tools/clang/test/HLSL/../HLSLFileCheck/hlsl/types/struct/emptyStruct.hlsl>
BEGIN TEST(S): </Users/cbieneman/dev/DirectXShaderCompiler/tools/clang/test/HLSL/../HLSLFileCheck/hlsl/types/struct/struct-assignmentsFull_Mod.hlsl>
END TEST(S): </Users/cbieneman/dev/DirectXShaderCompiler/tools/clang/test/HLSL/../HLSLFileCheck/hlsl/types/struct/struct-assignmentsFull_Mod.hlsl>
BEGIN TEST(S): </Users/cbieneman/dev/DirectXShaderCompiler/tools/clang/test/HLSL/../HLSLFileCheck/hlsl/types/struct/method-implicit-this.hlsl>
END TEST(S): </Users/cbieneman/dev/DirectXShaderCompiler/tools/clang/test/HLSL/../HLSLFileCheck/hlsl/types/struct/method-implicit-this.hlsl>
BEGIN TEST(S): </Users/cbieneman/dev/DirectXShaderCompiler/tools/clang/test/HLSL/../HLSLFileCheck/hlsl/types/struct/empty.hlsl>
END TEST(S): </Users/cbieneman/dev/DirectXShaderCompiler/tools/clang/test/HLSL/../HLSLFileCheck/hlsl/types/struct/empty.hlsl>
BEGIN TEST(S): </Users/cbieneman/dev/DirectXShaderCompiler/tools/clang/test/HLSL/../HLSLFileCheck/hlsl/types/struct/anonymous-strictudt.hlsl>
END TEST(S): </Users/cbieneman/dev/DirectXShaderCompiler/tools/clang/test/HLSL/../HLSLFileCheck/hlsl/types/struct/anonymous-strictudt.hlsl>
BEGIN TEST(S): </Users/cbieneman/dev/DirectXShaderCompiler/tools/clang/test/HLSL/../HLSLFileCheck/hlsl/types/struct/bitfields.hlsl>
END TEST(S): </Users/cbieneman/dev/DirectXShaderCompiler/tools/clang/test/HLSL/../HLSLFileCheck/hlsl/types/struct/bitfields.hlsl>
BEGIN TEST(S): </Users/cbieneman/dev/DirectXShaderCompiler/tools/clang/test/HLSL/../HLSLFileCheck/hlsl/types/struct/struct-assignments_Mod.hlsl>
END TEST(S): </Users/cbieneman/dev/DirectXShaderCompiler/tools/clang/test/HLSL/../HLSLFileCheck/hlsl/types/struct/struct-assignments_Mod.hlsl>
BEGIN TEST(S): </Users/cbieneman/dev/DirectXShaderCompiler/tools/clang/test/HLSL/../HLSLFileCheck/hlsl/types/struct/embeddedEmptyStruct.hlsl>
END TEST(S): </Users/cbieneman/dev/DirectXShaderCompiler/tools/clang/test/HLSL/../HLSLFileCheck/hlsl/types/struct/embeddedEmptyStruct.hlsl>
BEGIN TEST(S): </Users/cbieneman/dev/DirectXShaderCompiler/tools/clang/test/HLSL/../HLSLFileCheck/hlsl/types/struct/struct-annotations.hlsl>
END TEST(S): </Users/cbieneman/dev/DirectXShaderCompiler/tools/clang/test/HLSL/../HLSLFileCheck/hlsl/types/struct/struct-annotations.hlsl>
BEGIN TEST(S): </Users/cbieneman/dev/DirectXShaderCompiler/tools/clang/test/HLSL/../HLSLFileCheck/hlsl/types/struct/declaration_in_return_type_error.hlsl>
END TEST(S): </Users/cbieneman/dev/DirectXShaderCompiler/tools/clang/test/HLSL/../HLSLFileCheck/hlsl/types/struct/declaration_in_return_type_error.hlsl>
BEGIN TEST(S): </Users/cbieneman/dev/DirectXShaderCompiler/tools/clang/test/HLSL/../HLSLFileCheck/hlsl/types/boolean/cbuffer_load_whole_matrix.hlsl>
END TEST(S): </Users/cbieneman/dev/DirectXShaderCompiler/tools/clang/test/HLSL/../HLSLFileCheck/hlsl/types/boolean/cbuffer_load_whole_matrix.hlsl>
BEGIN TEST(S): </Users/cbieneman/dev/DirectXShaderCompiler/tools/clang/test/HLSL/../HLSLFileCheck/hlsl/types/boolean/buffer_load_store.hlsl>
END TEST(S): </Users/cbieneman/dev/DirectXShaderCompiler/tools/clang/test/HLSL/../HLSLFileCheck/hlsl/types/boolean/buffer_load_store.hlsl>
BEGIN TEST(S): </Users/cbieneman/dev/DirectXShaderCompiler/tools/clang/test/HLSL/../HLSLFileCheck/hlsl/types/boolean/boolSvTarget.hlsl>
END TEST(S): </Users/cbieneman/dev/DirectXShaderCompiler/tools/clang/test/HLSL/../HLSLFileCheck/hlsl/types/boolean/boolSvTarget.hlsl>
BEGIN TEST(S): </Users/cbieneman/dev/DirectXShaderCompiler/tools/clang/test/HLSL/../HLSLFileCheck/hlsl/types/boolean/local_load_store_scalar.hlsl>
END TEST(S): </Users/cbieneman/dev/DirectXShaderCompiler/tools/clang/test/HLSL/../HLSLFileCheck/hlsl/types/boolean/local_load_store_scalar.hlsl>
BEGIN TEST(S): </Users/cbieneman/dev/DirectXShaderCompiler/tools/clang/test/HLSL/../HLSLFileCheck/hlsl/types/boolean/byteaddressbuffer_load_store.hlsl>
END TEST(S): </Users/cbieneman/dev/DirectXShaderCompiler/tools/clang/test/HLSL/../HLSLFileCheck/hlsl/types/boolean/byteaddressbuffer_load_store.hlsl>
BEGIN TEST(S): </Users/cbieneman/dev/DirectXShaderCompiler/tools/clang/test/HLSL/../HLSLFileCheck/hlsl/types/boolean/bool_codegen_cast_init_list.hlsl>
END TEST(S): </Users/cbieneman/dev/DirectXShaderCompiler/tools/clang/test/HLSL/../HLSLFileCheck/hlsl/types/boolean/bool_codegen_cast_init_list.hlsl>
BEGIN TEST(S): </Users/cbieneman/dev/DirectXShaderCompiler/tools/clang/test/HLSL/../HLSLFileCheck/hlsl/types/boolean/bool_scalar_swizzle.hlsl>
END TEST(S): </Users/cbieneman/dev/DirectXShaderCompiler/tools/clang/test/HLSL/../HLSLFileCheck/hlsl/types/boolean/bool_scalar_swizzle.hlsl>
BEGIN TEST(S): </Users/cbieneman/dev/DirectXShaderCompiler/tools/clang/test/HLSL/../HLSLFileCheck/hlsl/types/boolean/bool_stress.hlsl>
END TEST(S): </Users/cbieneman/dev/DirectXShaderCompiler/tools/clang/test/HLSL/../HLSLFileCheck/hlsl/types/boolean/bool_stress.hlsl>
BEGIN TEST(S): </Users/cbieneman/dev/DirectXShaderCompiler/tools/clang/test/HLSL/../HLSLFileCheck/hlsl/types/boolean/bool_vector_no_nrvo.hlsl>
END TEST(S): </Users/cbieneman/dev/DirectXShaderCompiler/tools/clang/test/HLSL/../HLSLFileCheck/hlsl/types/boolean/bool_vector_no_nrvo.hlsl>
BEGIN TEST(S): </Users/cbieneman/dev/DirectXShaderCompiler/tools/clang/test/HLSL/../HLSLFileCheck/hlsl/types/boolean/local_load_store.hlsl>
END TEST(S): </Users/cbieneman/dev/DirectXShaderCompiler/tools/clang/test/HLSL/../HLSLFileCheck/hlsl/types/boolean/local_load_store.hlsl>
BEGIN TEST(S): </Users/cbieneman/dev/DirectXShaderCompiler/tools/clang/test/HLSL/../HLSLFileCheck/hlsl/types/boolean/buffer_append_consume.hlsl>
END TEST(S): </Users/cbieneman/dev/DirectXShaderCompiler/tools/clang/test/HLSL/../HLSLFileCheck/hlsl/types/boolean/buffer_append_consume.hlsl>
BEGIN TEST(S): </Users/cbieneman/dev/DirectXShaderCompiler/tools/clang/test/HLSL/../HLSLFileCheck/hlsl/types/boolean/boolComb.hlsl>
END TEST(S): </Users/cbieneman/dev/DirectXShaderCompiler/tools/clang/test/HLSL/../HLSLFileCheck/hlsl/types/boolean/boolComb.hlsl>
BEGIN TEST(S): </Users/cbieneman/dev/DirectXShaderCompiler/tools/clang/test/HLSL/../HLSLFileCheck/hlsl/types/boolean/const_init_list_no_crash.hlsl>
END TEST(S): </Users/cbieneman/dev/DirectXShaderCompiler/tools/clang/test/HLSL/../HLSLFileCheck/hlsl/types/boolean/const_init_list_no_crash.hlsl>
BEGIN TEST(S): </Users/cbieneman/dev/DirectXShaderCompiler/tools/clang/test/HLSL/../HLSLFileCheck/hlsl/types/vector/constVecTrunc.hlsl>
END TEST(S): </Users/cbieneman/dev/DirectXShaderCompiler/tools/clang/test/HLSL/../HLSLFileCheck/hlsl/types/vector/constVecTrunc.hlsl>
BEGIN TEST(S): </Users/cbieneman/dev/DirectXShaderCompiler/tools/clang/test/HLSL/../HLSLFileCheck/hlsl/types/vector/vec_comp_arg.hlsl>
END TEST(S): </Users/cbieneman/dev/DirectXShaderCompiler/tools/clang/test/HLSL/../HLSLFileCheck/hlsl/types/vector/vec_comp_arg.hlsl>
BEGIN TEST(S): </Users/cbieneman/dev/DirectXShaderCompiler/tools/clang/test/HLSL/../HLSLFileCheck/hlsl/types/vector/i32colIdx.hlsl>
END TEST(S): </Users/cbieneman/dev/DirectXShaderCompiler/tools/clang/test/HLSL/../HLSLFileCheck/hlsl/types/vector/i32colIdx.hlsl>
BEGIN TEST(S): </Users/cbieneman/dev/DirectXShaderCompiler/tools/clang/test/HLSL/../HLSLFileCheck/hlsl/types/vector/fpexcept.hlsl>
END TEST(S): </Users/cbieneman/dev/DirectXShaderCompiler/tools/clang/test/HLSL/../HLSLFileCheck/hlsl/types/vector/fpexcept.hlsl>
BEGIN TEST(S): </Users/cbieneman/dev/DirectXShaderCompiler/tools/clang/test/HLSL/../HLSLFileCheck/hlsl/types/vector/vector-ast.hlsl>
END TEST(S): </Users/cbieneman/dev/DirectXShaderCompiler/tools/clang/test/HLSL/../HLSLFileCheck/hlsl/types/vector/vector-ast.hlsl>
BEGIN TEST(S): </Users/cbieneman/dev/DirectXShaderCompiler/tools/clang/test/HLSL/../HLSLFileCheck/hlsl/types/vector/vecIndexingInput.hlsl>
END TEST(S): </Users/cbieneman/dev/DirectXShaderCompiler/tools/clang/test/HLSL/../HLSLFileCheck/hlsl/types/vector/vecIndexingInput.hlsl>
BEGIN TEST(S): </Users/cbieneman/dev/DirectXShaderCompiler/tools/clang/test/HLSL/../HLSLFileCheck/hlsl/types/vector/vecCmpCond.hlsl>
END TEST(S): </Users/cbieneman/dev/DirectXShaderCompiler/tools/clang/test/HLSL/../HLSLFileCheck/hlsl/types/vector/vecCmpCond.hlsl>
BEGIN TEST(S): </Users/cbieneman/dev/DirectXShaderCompiler/tools/clang/test/HLSL/../HLSLFileCheck/hlsl/types/vector/vector-assignments_Mod.hlsl>
END TEST(S): </Users/cbieneman/dev/DirectXShaderCompiler/tools/clang/test/HLSL/../HLSLFileCheck/hlsl/types/vector/vector-assignments_Mod.hlsl>
BEGIN TEST(S): </Users/cbieneman/dev/DirectXShaderCompiler/tools/clang/test/HLSL/../HLSLFileCheck/hlsl/types/vector/vector-syntax_Mod.hlsl>
END TEST(S): </Users/cbieneman/dev/DirectXShaderCompiler/tools/clang/test/HLSL/../HLSLFileCheck/hlsl/types/vector/vector-syntax_Mod.hlsl>
BEGIN TEST(S): </Users/cbieneman/dev/DirectXShaderCompiler/tools/clang/test/HLSL/../HLSLFileCheck/hlsl/types/vector/imm0.hlsl>
END TEST(S): </Users/cbieneman/dev/DirectXShaderCompiler/tools/clang/test/HLSL/../HLSLFileCheck/hlsl/types/vector/imm0.hlsl>
BEGIN TEST(S): </Users/cbieneman/dev/DirectXShaderCompiler/tools/clang/test/HLSL/../HLSLFileCheck/hlsl/types/vector/vector-syntax-mix_Mod.hlsl>
END TEST(S): </Users/cbieneman/dev/DirectXShaderCompiler/tools/clang/test/HLSL/../HLSLFileCheck/hlsl/types/vector/vector-syntax-mix_Mod.hlsl>
BEGIN TEST(S): </Users/cbieneman/dev/DirectXShaderCompiler/tools/clang/test/HLSL/../HLSLFileCheck/hlsl/types/vector/vec_elem_const_eval.hlsl>
END TEST(S): </Users/cbieneman/dev/DirectXShaderCompiler/tools/clang/test/HLSL/../HLSLFileCheck/hlsl/types/vector/vec_elem_const_eval.hlsl>
BEGIN TEST(S): </Users/cbieneman/dev/DirectXShaderCompiler/tools/clang/test/HLSL/../HLSLFileCheck/hlsl/types/vector/vecMulMat.hlsl>
END TEST(S): </Users/cbieneman/dev/DirectXShaderCompiler/tools/clang/test/HLSL/../HLSLFileCheck/hlsl/types/vector/vecMulMat.hlsl>
BEGIN TEST(S): </Users/cbieneman/dev/DirectXShaderCompiler/tools/clang/test/HLSL/../HLSLFileCheck/hlsl/types/vector/constoperand1.hlsl>
END TEST(S): </Users/cbieneman/dev/DirectXShaderCompiler/tools/clang/test/HLSL/../HLSLFileCheck/hlsl/types/vector/constoperand1.hlsl>
BEGIN TEST(S): </Users/cbieneman/dev/DirectXShaderCompiler/tools/clang/test/HLSL/../HLSLFileCheck/hlsl/types/vector/vecCombineSel.hlsl>
END TEST(S): </Users/cbieneman/dev/DirectXShaderCompiler/tools/clang/test/HLSL/../HLSLFileCheck/hlsl/types/vector/vecCombineSel.hlsl>
BEGIN TEST(S): </Users/cbieneman/dev/DirectXShaderCompiler/tools/clang/test/HLSL/../HLSLFileCheck/hlsl/types/vector/vec_bitcast.hlsl>
END TEST(S): </Users/cbieneman/dev/DirectXShaderCompiler/tools/clang/test/HLSL/../HLSLFileCheck/hlsl/types/vector/vec_bitcast.hlsl>
BEGIN TEST(S): </Users/cbieneman/dev/DirectXShaderCompiler/tools/clang/test/HLSL/../HLSLFileCheck/hlsl/types/vector/vec_uint_shr.hlsl>
END TEST(S): </Users/cbieneman/dev/DirectXShaderCompiler/tools/clang/test/HLSL/../HLSLFileCheck/hlsl/types/vector/vec_uint_shr.hlsl>
BEGIN TEST(S): </Users/cbieneman/dev/DirectXShaderCompiler/tools/clang/test/HLSL/../HLSLFileCheck/hlsl/types/vector/VectorIndexingAsArgument.hlsl>
END TEST(S): </Users/cbieneman/dev/DirectXShaderCompiler/tools/clang/test/HLSL/../HLSLFileCheck/hlsl/types/vector/VectorIndexingAsArgument.hlsl>
BEGIN TEST(S): </Users/cbieneman/dev/DirectXShaderCompiler/tools/clang/test/HLSL/../HLSLFileCheck/hlsl/types/vector/GetDimOnVectorIndexing.hlsl>
END TEST(S): </Users/cbieneman/dev/DirectXShaderCompiler/tools/clang/test/HLSL/../HLSLFileCheck/hlsl/types/vector/GetDimOnVectorIndexing.hlsl>
BEGIN TEST(S): </Users/cbieneman/dev/DirectXShaderCompiler/tools/clang/test/HLSL/../HLSLFileCheck/hlsl/types/vector/vecTrunc.hlsl>
END TEST(S): </Users/cbieneman/dev/DirectXShaderCompiler/tools/clang/test/HLSL/../HLSLFileCheck/hlsl/types/vector/vecTrunc.hlsl>
BEGIN TEST(S): </Users/cbieneman/dev/DirectXShaderCompiler/tools/clang/test/HLSL/../HLSLFileCheck/hlsl/types/matrix/MatArrayOutput.hlsl>
END TEST(S): </Users/cbieneman/dev/DirectXShaderCompiler/tools/clang/test/HLSL/../HLSLFileCheck/hlsl/types/matrix/MatArrayOutput.hlsl>
BEGIN TEST(S): </Users/cbieneman/dev/DirectXShaderCompiler/tools/clang/test/HLSL/../HLSLFileCheck/hlsl/types/matrix/matElt.hlsl>
END TEST(S): </Users/cbieneman/dev/DirectXShaderCompiler/tools/clang/test/HLSL/../HLSLFileCheck/hlsl/types/matrix/matElt.hlsl>
BEGIN TEST(S): </Users/cbieneman/dev/DirectXShaderCompiler/tools/clang/test/HLSL/../HLSLFileCheck/hlsl/types/matrix/mat_col_default1.hlsl>
END TEST(S): </Users/cbieneman/dev/DirectXShaderCompiler/tools/clang/test/HLSL/../HLSLFileCheck/hlsl/types/matrix/mat_col_default1.hlsl>
BEGIN TEST(S): </Users/cbieneman/dev/DirectXShaderCompiler/tools/clang/test/HLSL/../HLSLFileCheck/hlsl/types/matrix/matSubscript2.hlsl>
END TEST(S): </Users/cbieneman/dev/DirectXShaderCompiler/tools/clang/test/HLSL/../HLSLFileCheck/hlsl/types/matrix/matSubscript2.hlsl>
BEGIN TEST(S): </Users/cbieneman/dev/DirectXShaderCompiler/tools/clang/test/HLSL/../HLSLFileCheck/hlsl/types/matrix/matrixIn1.hlsl>
END TEST(S): </Users/cbieneman/dev/DirectXShaderCompiler/tools/clang/test/HLSL/../HLSLFileCheck/hlsl/types/matrix/matrixIn1.hlsl>
BEGIN TEST(S): </Users/cbieneman/dev/DirectXShaderCompiler/tools/clang/test/HLSL/../HLSLFileCheck/hlsl/types/matrix/mat_param.hlsl>
END TEST(S): </Users/cbieneman/dev/DirectXShaderCompiler/tools/clang/test/HLSL/../HLSLFileCheck/hlsl/types/matrix/mat_param.hlsl>
BEGIN TEST(S): </Users/cbieneman/dev/DirectXShaderCompiler/tools/clang/test/HLSL/../HLSLFileCheck/hlsl/types/matrix/matrix_in_struct_ret.hlsl>
END TEST(S): </Users/cbieneman/dev/DirectXShaderCompiler/tools/clang/test/HLSL/../HLSLFileCheck/hlsl/types/matrix/matrix_in_struct_ret.hlsl>
BEGIN TEST(S): </Users/cbieneman/dev/DirectXShaderCompiler/tools/clang/test/HLSL/../HLSLFileCheck/hlsl/types/matrix/matrix_in_struct.hlsl>
END TEST(S): </Users/cbieneman/dev/DirectXShaderCompiler/tools/clang/test/HLSL/../HLSLFileCheck/hlsl/types/matrix/matrix_in_struct.hlsl>
BEGIN TEST(S): </Users/cbieneman/dev/DirectXShaderCompiler/tools/clang/test/HLSL/../HLSLFileCheck/hlsl/types/matrix/matInit.hlsl>
END TEST(S): </Users/cbieneman/dev/DirectXShaderCompiler/tools/clang/test/HLSL/../HLSLFileCheck/hlsl/types/matrix/matInit.hlsl>
BEGIN TEST(S): </Users/cbieneman/dev/DirectXShaderCompiler/tools/clang/test/HLSL/../HLSLFileCheck/hlsl/types/matrix/MatArrayOutput2.hlsl>
END TEST(S): </Users/cbieneman/dev/DirectXShaderCompiler/tools/clang/test/HLSL/../HLSLFileCheck/hlsl/types/matrix/MatArrayOutput2.hlsl>
BEGIN TEST(S): </Users/cbieneman/dev/DirectXShaderCompiler/tools/clang/test/HLSL/../HLSLFileCheck/hlsl/types/matrix/matSubscript3.hlsl>
END TEST(S): </Users/cbieneman/dev/DirectXShaderCompiler/tools/clang/test/HLSL/../HLSLFileCheck/hlsl/types/matrix/matSubscript3.hlsl>
BEGIN TEST(S): </Users/cbieneman/dev/DirectXShaderCompiler/tools/clang/test/HLSL/../HLSLFileCheck/hlsl/types/matrix/matrixOut.hlsl>
END TEST(S): </Users/cbieneman/dev/DirectXShaderCompiler/tools/clang/test/HLSL/../HLSLFileCheck/hlsl/types/matrix/matrixOut.hlsl>
BEGIN TEST(S): </Users/cbieneman/dev/DirectXShaderCompiler/tools/clang/test/HLSL/../HLSLFileCheck/hlsl/types/matrix/matrix_indexing_cs.hlsl>
END TEST(S): </Users/cbieneman/dev/DirectXShaderCompiler/tools/clang/test/HLSL/../HLSLFileCheck/hlsl/types/matrix/matrix_indexing_cs.hlsl>
BEGIN TEST(S): </Users/cbieneman/dev/DirectXShaderCompiler/tools/clang/test/HLSL/../HLSLFileCheck/hlsl/types/matrix/matOps.hlsl>
END TEST(S): </Users/cbieneman/dev/DirectXShaderCompiler/tools/clang/test/HLSL/../HLSLFileCheck/hlsl/types/matrix/matOps.hlsl>
BEGIN TEST(S): </Users/cbieneman/dev/DirectXShaderCompiler/tools/clang/test/HLSL/../HLSLFileCheck/hlsl/types/matrix/matrixIn.hlsl>
END TEST(S): </Users/cbieneman/dev/DirectXShaderCompiler/tools/clang/test/HLSL/../HLSLFileCheck/hlsl/types/matrix/matrixIn.hlsl>
BEGIN TEST(S): </Users/cbieneman/dev/DirectXShaderCompiler/tools/clang/test/HLSL/../HLSLFileCheck/hlsl/types/matrix/matrixOut1.hlsl>
END TEST(S): </Users/cbieneman/dev/DirectXShaderCompiler/tools/clang/test/HLSL/../HLSLFileCheck/hlsl/types/matrix/matrixOut1.hlsl>
BEGIN TEST(S): </Users/cbieneman/dev/DirectXShaderCompiler/tools/clang/test/HLSL/../HLSLFileCheck/hlsl/types/matrix/matrix-syntax_Mod.hlsl>
END TEST(S): </Users/cbieneman/dev/DirectXShaderCompiler/tools/clang/test/HLSL/../HLSLFileCheck/hlsl/types/matrix/matrix-syntax_Mod.hlsl>
BEGIN TEST(S): </Users/cbieneman/dev/DirectXShaderCompiler/tools/clang/test/HLSL/../HLSLFileCheck/hlsl/types/matrix/matrix_comma.hlsl>
END TEST(S): </Users/cbieneman/dev/DirectXShaderCompiler/tools/clang/test/HLSL/../HLSLFileCheck/hlsl/types/matrix/matrix_comma.hlsl>
BEGIN TEST(S): </Users/cbieneman/dev/DirectXShaderCompiler/tools/clang/test/HLSL/../HLSLFileCheck/hlsl/types/matrix/constMat.hlsl>
END TEST(S): </Users/cbieneman/dev/DirectXShaderCompiler/tools/clang/test/HLSL/../HLSLFileCheck/hlsl/types/matrix/constMat.hlsl>
BEGIN TEST(S): </Users/cbieneman/dev/DirectXShaderCompiler/tools/clang/test/HLSL/../HLSLFileCheck/hlsl/types/matrix/matSubscript4.hlsl>
END TEST(S): </Users/cbieneman/dev/DirectXShaderCompiler/tools/clang/test/HLSL/../HLSLFileCheck/hlsl/types/matrix/matSubscript4.hlsl>
BEGIN TEST(S): </Users/cbieneman/dev/DirectXShaderCompiler/tools/clang/test/HLSL/../HLSLFileCheck/hlsl/types/matrix/matSubscript5.hlsl>
END TEST(S): </Users/cbieneman/dev/DirectXShaderCompiler/tools/clang/test/HLSL/../HLSLFileCheck/hlsl/types/matrix/matSubscript5.hlsl>
BEGIN TEST(S): </Users/cbieneman/dev/DirectXShaderCompiler/tools/clang/test/HLSL/../HLSLFileCheck/hlsl/types/matrix/matrix_subscript_ds.hlsl>
END TEST(S): </Users/cbieneman/dev/DirectXShaderCompiler/tools/clang/test/HLSL/../HLSLFileCheck/hlsl/types/matrix/matrix_subscript_ds.hlsl>
BEGIN TEST(S): </Users/cbieneman/dev/DirectXShaderCompiler/tools/clang/test/HLSL/../HLSLFileCheck/hlsl/types/matrix/matMulMat.hlsl>
END TEST(S): </Users/cbieneman/dev/DirectXShaderCompiler/tools/clang/test/HLSL/../HLSLFileCheck/hlsl/types/matrix/matMulMat.hlsl>
BEGIN TEST(S): </Users/cbieneman/dev/DirectXShaderCompiler/tools/clang/test/HLSL/../HLSLFileCheck/hlsl/types/matrix/matrix_attr.hlsl>
END TEST(S): </Users/cbieneman/dev/DirectXShaderCompiler/tools/clang/test/HLSL/../HLSLFileCheck/hlsl/types/matrix/matrix_attr.hlsl>
BEGIN TEST(S): </Users/cbieneman/dev/DirectXShaderCompiler/tools/clang/test/HLSL/../HLSLFileCheck/hlsl/types/matrix/matSubscript.hlsl>
END TEST(S): </Users/cbieneman/dev/DirectXShaderCompiler/tools/clang/test/HLSL/../HLSLFileCheck/hlsl/types/matrix/matSubscript.hlsl>
BEGIN TEST(S): </Users/cbieneman/dev/DirectXShaderCompiler/tools/clang/test/HLSL/../HLSLFileCheck/hlsl/types/matrix/matrix_return_sub.hlsl>
END TEST(S): </Users/cbieneman/dev/DirectXShaderCompiler/tools/clang/test/HLSL/../HLSLFileCheck/hlsl/types/matrix/matrix_return_sub.hlsl>
BEGIN TEST(S): </Users/cbieneman/dev/DirectXShaderCompiler/tools/clang/test/HLSL/../HLSLFileCheck/hlsl/types/matrix/matrix_idx_with_expr_test01.hlsl>
END TEST(S): </Users/cbieneman/dev/DirectXShaderCompiler/tools/clang/test/HLSL/../HLSLFileCheck/hlsl/types/matrix/matrix_idx_with_expr_test01.hlsl>
BEGIN TEST(S): </Users/cbieneman/dev/DirectXShaderCompiler/tools/clang/test/HLSL/../HLSLFileCheck/hlsl/types/matrix/constMat4.hlsl>
END TEST(S): </Users/cbieneman/dev/DirectXShaderCompiler/tools/clang/test/HLSL/../HLSLFileCheck/hlsl/types/matrix/constMat4.hlsl>
BEGIN TEST(S): </Users/cbieneman/dev/DirectXShaderCompiler/tools/clang/test/HLSL/../HLSLFileCheck/hlsl/types/matrix/matSubscript6.hlsl>
END TEST(S): </Users/cbieneman/dev/DirectXShaderCompiler/tools/clang/test/HLSL/../HLSLFileCheck/hlsl/types/matrix/matSubscript6.hlsl>
BEGIN TEST(S): </Users/cbieneman/dev/DirectXShaderCompiler/tools/clang/test/HLSL/../HLSLFileCheck/hlsl/types/matrix/matrix_subscript_hs.hlsl>
END TEST(S): </Users/cbieneman/dev/DirectXShaderCompiler/tools/clang/test/HLSL/../HLSLFileCheck/hlsl/types/matrix/matrix_subscript_hs.hlsl>
BEGIN TEST(S): </Users/cbieneman/dev/DirectXShaderCompiler/tools/clang/test/HLSL/../HLSLFileCheck/hlsl/types/matrix/default-matrix-in-template.hlsl>
END TEST(S): </Users/cbieneman/dev/DirectXShaderCompiler/tools/clang/test/HLSL/../HLSLFileCheck/hlsl/types/matrix/default-matrix-in-template.hlsl>
BEGIN TEST(S): </Users/cbieneman/dev/DirectXShaderCompiler/tools/clang/test/HLSL/../HLSLFileCheck/hlsl/types/matrix/matSubscript7.hlsl>
END TEST(S): </Users/cbieneman/dev/DirectXShaderCompiler/tools/clang/test/HLSL/../HLSLFileCheck/hlsl/types/matrix/matSubscript7.hlsl>
BEGIN TEST(S): </Users/cbieneman/dev/DirectXShaderCompiler/tools/clang/test/HLSL/../HLSLFileCheck/hlsl/types/matrix/constMat5.hlsl>
END TEST(S): </Users/cbieneman/dev/DirectXShaderCompiler/tools/clang/test/HLSL/../HLSLFileCheck/hlsl/types/matrix/constMat5.hlsl>
BEGIN TEST(S): </Users/cbieneman/dev/DirectXShaderCompiler/tools/clang/test/HLSL/../HLSLFileCheck/hlsl/types/matrix/matrix-assignments_Mod.hlsl>
END TEST(S): </Users/cbieneman/dev/DirectXShaderCompiler/tools/clang/test/HLSL/../HLSLFileCheck/hlsl/types/matrix/matrix-assignments_Mod.hlsl>
BEGIN TEST(S): </Users/cbieneman/dev/DirectXShaderCompiler/tools/clang/test/HLSL/../HLSLFileCheck/hlsl/types/matrix/matrixOut2.hlsl>
END TEST(S): </Users/cbieneman/dev/DirectXShaderCompiler/tools/clang/test/HLSL/../HLSLFileCheck/hlsl/types/matrix/matrixOut2.hlsl>
BEGIN TEST(S): </Users/cbieneman/dev/DirectXShaderCompiler/tools/clang/test/HLSL/../HLSLFileCheck/hlsl/types/matrix/unused_static_global_matrix_array.hlsl>
END TEST(S): </Users/cbieneman/dev/DirectXShaderCompiler/tools/clang/test/HLSL/../HLSLFileCheck/hlsl/types/matrix/unused_static_global_matrix_array.hlsl>
BEGIN TEST(S): </Users/cbieneman/dev/DirectXShaderCompiler/tools/clang/test/HLSL/../HLSLFileCheck/hlsl/types/matrix/mat_param2.hlsl>
END TEST(S): </Users/cbieneman/dev/DirectXShaderCompiler/tools/clang/test/HLSL/../HLSLFileCheck/hlsl/types/matrix/mat_param2.hlsl>
BEGIN TEST(S): </Users/cbieneman/dev/DirectXShaderCompiler/tools/clang/test/HLSL/../HLSLFileCheck/hlsl/types/matrix/hs_static_mat.hlsl>
END TEST(S): </Users/cbieneman/dev/DirectXShaderCompiler/tools/clang/test/HLSL/../HLSLFileCheck/hlsl/types/matrix/hs_static_mat.hlsl>
BEGIN TEST(S): </Users/cbieneman/dev/DirectXShaderCompiler/tools/clang/test/HLSL/../HLSLFileCheck/hlsl/types/matrix/unsignedShortHandMatrixVector.hlsl>
END TEST(S): </Users/cbieneman/dev/DirectXShaderCompiler/tools/clang/test/HLSL/../HLSLFileCheck/hlsl/types/matrix/unsignedShortHandMatrixVector.hlsl>
BEGIN TEST(S): </Users/cbieneman/dev/DirectXShaderCompiler/tools/clang/test/HLSL/../HLSLFileCheck/hlsl/types/matrix/matrix-ast.hlsl>
END TEST(S): </Users/cbieneman/dev/DirectXShaderCompiler/tools/clang/test/HLSL/../HLSLFileCheck/hlsl/types/matrix/matrix-ast.hlsl>
BEGIN TEST(S): </Users/cbieneman/dev/DirectXShaderCompiler/tools/clang/test/HLSL/../HLSLFileCheck/hlsl/types/matrix/constMat2.hlsl>
END TEST(S): </Users/cbieneman/dev/DirectXShaderCompiler/tools/clang/test/HLSL/../HLSLFileCheck/hlsl/types/matrix/constMat2.hlsl>
BEGIN TEST(S): </Users/cbieneman/dev/DirectXShaderCompiler/tools/clang/test/HLSL/../HLSLFileCheck/hlsl/types/matrix/field_mat_copy.hlsl>
END TEST(S): </Users/cbieneman/dev/DirectXShaderCompiler/tools/clang/test/HLSL/../HLSLFileCheck/hlsl/types/matrix/field_mat_copy.hlsl>
BEGIN TEST(S): </Users/cbieneman/dev/DirectXShaderCompiler/tools/clang/test/HLSL/../HLSLFileCheck/hlsl/types/matrix/constMat3.hlsl>
END TEST(S): </Users/cbieneman/dev/DirectXShaderCompiler/tools/clang/test/HLSL/../HLSLFileCheck/hlsl/types/matrix/constMat3.hlsl>
BEGIN TEST(S): </Users/cbieneman/dev/DirectXShaderCompiler/tools/clang/test/HLSL/../HLSLFileCheck/hlsl/types/matrix/matrixIn2.hlsl>
END TEST(S): </Users/cbieneman/dev/DirectXShaderCompiler/tools/clang/test/HLSL/../HLSLFileCheck/hlsl/types/matrix/matrixIn2.hlsl>
BEGIN TEST(S): </Users/cbieneman/dev/DirectXShaderCompiler/tools/clang/test/HLSL/../HLSLFileCheck/hlsl/types/matrix/matrix_subscript.hlsl>
END TEST(S): </Users/cbieneman/dev/DirectXShaderCompiler/tools/clang/test/HLSL/../HLSLFileCheck/hlsl/types/matrix/matrix_subscript.hlsl>
BEGIN TEST(S): </Users/cbieneman/dev/DirectXShaderCompiler/tools/clang/test/HLSL/../HLSLFileCheck/hlsl/types/matrix/matrix_return_sub2.hlsl>
END TEST(S): </Users/cbieneman/dev/DirectXShaderCompiler/tools/clang/test/HLSL/../HLSLFileCheck/hlsl/types/matrix/matrix_return_sub2.hlsl>
BEGIN TEST(S): </Users/cbieneman/dev/DirectXShaderCompiler/tools/clang/test/HLSL/../HLSLFileCheck/hlsl/types/matrix/selMat.hlsl>
END TEST(S): </Users/cbieneman/dev/DirectXShaderCompiler/tools/clang/test/HLSL/../HLSLFileCheck/hlsl/types/matrix/selMat.hlsl>
BEGIN TEST(S): </Users/cbieneman/dev/DirectXShaderCompiler/tools/clang/test/HLSL/../HLSLFileCheck/hlsl/types/matrix/mat_param3.hlsl>
END TEST(S): </Users/cbieneman/dev/DirectXShaderCompiler/tools/clang/test/HLSL/../HLSLFileCheck/hlsl/types/matrix/mat_param3.hlsl>
BEGIN TEST(S): </Users/cbieneman/dev/DirectXShaderCompiler/tools/clang/test/HLSL/../HLSLFileCheck/hlsl/payload_qualifier/trace_calls.hlsl>
END TEST(S): </Users/cbieneman/dev/DirectXShaderCompiler/tools/clang/test/HLSL/../HLSLFileCheck/hlsl/payload_qualifier/trace_calls.hlsl>
BEGIN TEST(S): </Users/cbieneman/dev/DirectXShaderCompiler/tools/clang/test/HLSL/../HLSLFileCheck/hlsl/payload_qualifier/metadata.hlsl>
END TEST(S): </Users/cbieneman/dev/DirectXShaderCompiler/tools/clang/test/HLSL/../HLSLFileCheck/hlsl/payload_qualifier/metadata.hlsl>
BEGIN TEST(S): </Users/cbieneman/dev/DirectXShaderCompiler/tools/clang/test/HLSL/../HLSLFileCheck/hlsl/payload_qualifier/extern_call.hlsl>
Run result is not zero
END TEST(S): </Users/cbieneman/dev/DirectXShaderCompiler/tools/clang/test/HLSL/../HLSLFileCheck/hlsl/payload_qualifier/extern_call.hlsl>
BEGIN TEST(S): </Users/cbieneman/dev/DirectXShaderCompiler/tools/clang/test/HLSL/../HLSLFileCheck/hlsl/payload_qualifier/general.hlsl>
END TEST(S): </Users/cbieneman/dev/DirectXShaderCompiler/tools/clang/test/HLSL/../HLSLFileCheck/hlsl/payload_qualifier/general.hlsl>
BEGIN TEST(S): </Users/cbieneman/dev/DirectXShaderCompiler/tools/clang/test/HLSL/../HLSLFileCheck/hlsl/payload_qualifier/nested_access.hlsl>
Run result is not zero
END TEST(S): </Users/cbieneman/dev/DirectXShaderCompiler/tools/clang/test/HLSL/../HLSLFileCheck/hlsl/payload_qualifier/nested_access.hlsl>
BEGIN TEST(S): </Users/cbieneman/dev/DirectXShaderCompiler/tools/clang/test/HLSL/../HLSLFileCheck/hlsl/payload_qualifier/structs.hlsl>
END TEST(S): </Users/cbieneman/dev/DirectXShaderCompiler/tools/clang/test/HLSL/../HLSLFileCheck/hlsl/payload_qualifier/structs.hlsl>
BEGIN TEST(S): </Users/cbieneman/dev/DirectXShaderCompiler/tools/clang/test/HLSL/../HLSLFileCheck/hlsl/payload_qualifier/combination.hlsl>
END TEST(S): </Users/cbieneman/dev/DirectXShaderCompiler/tools/clang/test/HLSL/../HLSLFileCheck/hlsl/payload_qualifier/combination.hlsl>
BEGIN TEST(S): </Users/cbieneman/dev/DirectXShaderCompiler/tools/clang/test/HLSL/../HLSLFileCheck/hlsl/payload_qualifier/access.hlsl>
Run result is not zero
END TEST(S): </Users/cbieneman/dev/DirectXShaderCompiler/tools/clang/test/HLSL/../HLSLFileCheck/hlsl/payload_qualifier/access.hlsl>
BEGIN TEST(S): </Users/cbieneman/dev/DirectXShaderCompiler/tools/clang/test/HLSL/../HLSLFileCheck/hlsl/operators/implicit-struct-to-scalar.hlsl>
END TEST(S): </Users/cbieneman/dev/DirectXShaderCompiler/tools/clang/test/HLSL/../HLSLFileCheck/hlsl/operators/implicit-struct-to-scalar.hlsl>
BEGIN TEST(S): </Users/cbieneman/dev/DirectXShaderCompiler/tools/clang/test/HLSL/../HLSLFileCheck/hlsl/operators/unary/sizeof.hlsl>
END TEST(S): </Users/cbieneman/dev/DirectXShaderCompiler/tools/clang/test/HLSL/../HLSLFileCheck/hlsl/operators/unary/sizeof.hlsl>
BEGIN TEST(S): </Users/cbieneman/dev/DirectXShaderCompiler/tools/clang/test/HLSL/../HLSLFileCheck/hlsl/operators/unary/increment_decrement_structbuf.hlsl>
END TEST(S): </Users/cbieneman/dev/DirectXShaderCompiler/tools/clang/test/HLSL/../HLSLFileCheck/hlsl/operators/unary/increment_decrement_structbuf.hlsl>
BEGIN TEST(S): </Users/cbieneman/dev/DirectXShaderCompiler/tools/clang/test/HLSL/../HLSLFileCheck/hlsl/operators/unary/neg1.hlsl>
END TEST(S): </Users/cbieneman/dev/DirectXShaderCompiler/tools/clang/test/HLSL/../HLSLFileCheck/hlsl/operators/unary/neg1.hlsl>
BEGIN TEST(S): </Users/cbieneman/dev/DirectXShaderCompiler/tools/clang/test/HLSL/../HLSLFileCheck/hlsl/operators/unary/pre_increment_decrement_chain.hlsl>
END TEST(S): </Users/cbieneman/dev/DirectXShaderCompiler/tools/clang/test/HLSL/../HLSLFileCheck/hlsl/operators/unary/pre_increment_decrement_chain.hlsl>
BEGIN TEST(S): </Users/cbieneman/dev/DirectXShaderCompiler/tools/clang/test/HLSL/../HLSLFileCheck/hlsl/operators/unary/vector_increment_decrement.hlsl>
END TEST(S): </Users/cbieneman/dev/DirectXShaderCompiler/tools/clang/test/HLSL/../HLSLFileCheck/hlsl/operators/unary/vector_increment_decrement.hlsl>
BEGIN TEST(S): </Users/cbieneman/dev/DirectXShaderCompiler/tools/clang/test/HLSL/../HLSLFileCheck/hlsl/operators/unary/increment_decrement_locals.hlsl>
END TEST(S): </Users/cbieneman/dev/DirectXShaderCompiler/tools/clang/test/HLSL/../HLSLFileCheck/hlsl/operators/unary/increment_decrement_locals.hlsl>
BEGIN TEST(S): </Users/cbieneman/dev/DirectXShaderCompiler/tools/clang/test/HLSL/../HLSLFileCheck/hlsl/operators/unary/asfloat_store_combine.hlsl>
END TEST(S): </Users/cbieneman/dev/DirectXShaderCompiler/tools/clang/test/HLSL/../HLSLFileCheck/hlsl/operators/unary/asfloat_store_combine.hlsl>
BEGIN TEST(S): </Users/cbieneman/dev/DirectXShaderCompiler/tools/clang/test/HLSL/../HLSLFileCheck/hlsl/operators/swizzle/swizzle1.hlsl>
END TEST(S): </Users/cbieneman/dev/DirectXShaderCompiler/tools/clang/test/HLSL/../HLSLFileCheck/hlsl/operators/swizzle/swizzle1.hlsl>
BEGIN TEST(S): </Users/cbieneman/dev/DirectXShaderCompiler/tools/clang/test/HLSL/../HLSLFileCheck/hlsl/operators/swizzle/swizzleBitfield.hlsl>
END TEST(S): </Users/cbieneman/dev/DirectXShaderCompiler/tools/clang/test/HLSL/../HLSLFileCheck/hlsl/operators/swizzle/swizzleBitfield.hlsl>
BEGIN TEST(S): </Users/cbieneman/dev/DirectXShaderCompiler/tools/clang/test/HLSL/../HLSLFileCheck/hlsl/operators/swizzle/swizzleInCorrectDelayedTyposInExpr.hlsl>
END TEST(S): </Users/cbieneman/dev/DirectXShaderCompiler/tools/clang/test/HLSL/../HLSLFileCheck/hlsl/operators/swizzle/swizzleInCorrectDelayedTyposInExpr.hlsl>
BEGIN TEST(S): </Users/cbieneman/dev/DirectXShaderCompiler/tools/clang/test/HLSL/../HLSLFileCheck/hlsl/operators/swizzle/swizzleIndexing.hlsl>
END TEST(S): </Users/cbieneman/dev/DirectXShaderCompiler/tools/clang/test/HLSL/../HLSLFileCheck/hlsl/operators/swizzle/swizzleIndexing.hlsl>
BEGIN TEST(S): </Users/cbieneman/dev/DirectXShaderCompiler/tools/clang/test/HLSL/../HLSLFileCheck/hlsl/operators/swizzle/swizzle2.hlsl>
END TEST(S): </Users/cbieneman/dev/DirectXShaderCompiler/tools/clang/test/HLSL/../HLSLFileCheck/hlsl/operators/swizzle/swizzle2.hlsl>
BEGIN TEST(S): </Users/cbieneman/dev/DirectXShaderCompiler/tools/clang/test/HLSL/../HLSLFileCheck/hlsl/operators/swizzle/swizzleAtomic.hlsl>
Run result is not zero
END TEST(S): </Users/cbieneman/dev/DirectXShaderCompiler/tools/clang/test/HLSL/../HLSLFileCheck/hlsl/operators/swizzle/swizzleAtomic.hlsl>
BEGIN TEST(S): </Users/cbieneman/dev/DirectXShaderCompiler/tools/clang/test/HLSL/../HLSLFileCheck/hlsl/operators/swizzle/swizzleAtomic2.hlsl>
END TEST(S): </Users/cbieneman/dev/DirectXShaderCompiler/tools/clang/test/HLSL/../HLSLFileCheck/hlsl/operators/swizzle/swizzleAtomic2.hlsl>
BEGIN TEST(S): </Users/cbieneman/dev/DirectXShaderCompiler/tools/clang/test/HLSL/../HLSLFileCheck/hlsl/operators/ternary-return-matrix.hlsl>
END TEST(S): </Users/cbieneman/dev/DirectXShaderCompiler/tools/clang/test/HLSL/../HLSLFileCheck/hlsl/operators/ternary-return-matrix.hlsl>
BEGIN TEST(S): </Users/cbieneman/dev/DirectXShaderCompiler/tools/clang/test/HLSL/../HLSLFileCheck/hlsl/operators/binary/shift-mask.hlsl>
END TEST(S): </Users/cbieneman/dev/DirectXShaderCompiler/tools/clang/test/HLSL/../HLSLFileCheck/hlsl/operators/binary/shift-mask.hlsl>
BEGIN TEST(S): </Users/cbieneman/dev/DirectXShaderCompiler/tools/clang/test/HLSL/../HLSLFileCheck/hlsl/operators/binary/shift.hlsl>
END TEST(S): </Users/cbieneman/dev/DirectXShaderCompiler/tools/clang/test/HLSL/../HLSLFileCheck/hlsl/operators/binary/shift.hlsl>
BEGIN TEST(S): </Users/cbieneman/dev/DirectXShaderCompiler/tools/clang/test/HLSL/../HLSLFileCheck/hlsl/operators/binary/literalShift.hlsl>
END TEST(S): </Users/cbieneman/dev/DirectXShaderCompiler/tools/clang/test/HLSL/../HLSLFileCheck/hlsl/operators/binary/literalShift.hlsl>
BEGIN TEST(S): </Users/cbieneman/dev/DirectXShaderCompiler/tools/clang/test/HLSL/../HLSLFileCheck/hlsl/operators/binary/fmodPs.hlsl>
END TEST(S): </Users/cbieneman/dev/DirectXShaderCompiler/tools/clang/test/HLSL/../HLSLFileCheck/hlsl/operators/binary/fmodPs.hlsl>
BEGIN TEST(S): </Users/cbieneman/dev/DirectXShaderCompiler/tools/clang/test/HLSL/../HLSLFileCheck/hlsl/operators/binary/divZero.hlsl>
END TEST(S): </Users/cbieneman/dev/DirectXShaderCompiler/tools/clang/test/HLSL/../HLSLFileCheck/hlsl/operators/binary/divZero.hlsl>
BEGIN TEST(S): </Users/cbieneman/dev/DirectXShaderCompiler/tools/clang/test/HLSL/../HLSLFileCheck/hlsl/operators/binary/vector_arithmetic.hlsl>
END TEST(S): </Users/cbieneman/dev/DirectXShaderCompiler/tools/clang/test/HLSL/../HLSLFileCheck/hlsl/operators/binary/vector_arithmetic.hlsl>
BEGIN TEST(S): </Users/cbieneman/dev/DirectXShaderCompiler/tools/clang/test/HLSL/../HLSLFileCheck/hlsl/operators/binary/arithmetic.hlsl>
END TEST(S): </Users/cbieneman/dev/DirectXShaderCompiler/tools/clang/test/HLSL/../HLSLFileCheck/hlsl/operators/binary/arithmetic.hlsl>
BEGIN TEST(S): </Users/cbieneman/dev/DirectXShaderCompiler/tools/clang/test/HLSL/../HLSLFileCheck/hlsl/operators/binary/shr.hlsl>
END TEST(S): </Users/cbieneman/dev/DirectXShaderCompiler/tools/clang/test/HLSL/../HLSLFileCheck/hlsl/operators/binary/shr.hlsl>
BEGIN TEST(S): </Users/cbieneman/dev/DirectXShaderCompiler/tools/clang/test/HLSL/../HLSLFileCheck/hlsl/operators/binary/shift-fold.hlsl>
END TEST(S): </Users/cbieneman/dev/DirectXShaderCompiler/tools/clang/test/HLSL/../HLSLFileCheck/hlsl/operators/binary/shift-fold.hlsl>
BEGIN TEST(S): </Users/cbieneman/dev/DirectXShaderCompiler/tools/clang/test/HLSL/../HLSLFileCheck/hlsl/operators/binary/immSel.hlsl>
END TEST(S): </Users/cbieneman/dev/DirectXShaderCompiler/tools/clang/test/HLSL/../HLSLFileCheck/hlsl/operators/binary/immSel.hlsl>
BEGIN TEST(S): </Users/cbieneman/dev/DirectXShaderCompiler/tools/clang/test/HLSL/../HLSLFileCheck/hlsl/operators/binary/binary1.hlsl>
END TEST(S): </Users/cbieneman/dev/DirectXShaderCompiler/tools/clang/test/HLSL/../HLSLFileCheck/hlsl/operators/binary/binary1.hlsl>
BEGIN TEST(S): </Users/cbieneman/dev/DirectXShaderCompiler/tools/clang/test/HLSL/../HLSLFileCheck/hlsl/operators/select/sel_sampler.hlsl>
END TEST(S): </Users/cbieneman/dev/DirectXShaderCompiler/tools/clang/test/HLSL/../HLSLFileCheck/hlsl/operators/select/sel_sampler.hlsl>
BEGIN TEST(S): </Users/cbieneman/dev/DirectXShaderCompiler/tools/clang/test/HLSL/../HLSLFileCheck/hlsl/operators/select/sel_vec1_mixed.hlsl>
END TEST(S): </Users/cbieneman/dev/DirectXShaderCompiler/tools/clang/test/HLSL/../HLSLFileCheck/hlsl/operators/select/sel_vec1_mixed.hlsl>
BEGIN TEST(S): </Users/cbieneman/dev/DirectXShaderCompiler/tools/clang/test/HLSL/../HLSLFileCheck/hlsl/operators/ternary-enum.hlsl>
END TEST(S): </Users/cbieneman/dev/DirectXShaderCompiler/tools/clang/test/HLSL/../HLSLFileCheck/hlsl/operators/ternary-enum.hlsl>
BEGIN TEST(S): </Users/cbieneman/dev/DirectXShaderCompiler/tools/clang/test/HLSL/../HLSLFileCheck/hlsl/signature/signature_packing.hlsl>
END TEST(S): </Users/cbieneman/dev/DirectXShaderCompiler/tools/clang/test/HLSL/../HLSLFileCheck/hlsl/signature/signature_packing.hlsl>
BEGIN TEST(S): </Users/cbieneman/dev/DirectXShaderCompiler/tools/clang/test/HLSL/../HLSLFileCheck/hlsl/signature/sig-bool-as-uint.hlsl>
END TEST(S): </Users/cbieneman/dev/DirectXShaderCompiler/tools/clang/test/HLSL/../HLSLFileCheck/hlsl/signature/sig-bool-as-uint.hlsl>
BEGIN TEST(S): </Users/cbieneman/dev/DirectXShaderCompiler/tools/clang/test/HLSL/../HLSLFileCheck/hlsl/signature/sig-dedup.hlsl>
END TEST(S): </Users/cbieneman/dev/DirectXShaderCompiler/tools/clang/test/HLSL/../HLSLFileCheck/hlsl/signature/sig-dedup.hlsl>
BEGIN TEST(S): </Users/cbieneman/dev/DirectXShaderCompiler/tools/clang/test/HLSL/../HLSLFileCheck/hlsl/signature/sig-flatten-struct-array.hlsl>
END TEST(S): </Users/cbieneman/dev/DirectXShaderCompiler/tools/clang/test/HLSL/../HLSLFileCheck/hlsl/signature/sig-flatten-struct-array.hlsl>
BEGIN TEST(S): </Users/cbieneman/dev/DirectXShaderCompiler/tools/clang/test/HLSL/../HLSLFileCheck/hlsl/linker/resources/preserve_cb_types.hlsl>
END TEST(S): </Users/cbieneman/dev/DirectXShaderCompiler/tools/clang/test/HLSL/../HLSLFileCheck/hlsl/linker/resources/preserve_cb_types.hlsl>
BEGIN TEST(S): </Users/cbieneman/dev/DirectXShaderCompiler/tools/clang/test/HLSL/../HLSLFileCheck/hlsl/linker/resources/preserve_sb_types.hlsl>
END TEST(S): </Users/cbieneman/dev/DirectXShaderCompiler/tools/clang/test/HLSL/../HLSLFileCheck/hlsl/linker/resources/preserve_sb_types.hlsl>
BEGIN TEST(S): </Users/cbieneman/dev/DirectXShaderCompiler/tools/clang/test/HLSL/../HLSLFileCheck/hlsl/classes/derived-to-base-casting.hlsl>
END TEST(S): </Users/cbieneman/dev/DirectXShaderCompiler/tools/clang/test/HLSL/../HLSLFileCheck/hlsl/classes/derived-to-base-casting.hlsl>
BEGIN TEST(S): </Users/cbieneman/dev/DirectXShaderCompiler/tools/clang/test/HLSL/../HLSLFileCheck/hlsl/classes/mismatch_type_in_memcpy.hlsl>
END TEST(S): </Users/cbieneman/dev/DirectXShaderCompiler/tools/clang/test/HLSL/../HLSLFileCheck/hlsl/classes/mismatch_type_in_memcpy.hlsl>
BEGIN TEST(S): </Users/cbieneman/dev/DirectXShaderCompiler/tools/clang/test/HLSL/../HLSLFileCheck/hlsl/classes/mismatch_class_implicit_cast.hlsl>
END TEST(S): </Users/cbieneman/dev/DirectXShaderCompiler/tools/clang/test/HLSL/../HLSLFileCheck/hlsl/classes/mismatch_class_implicit_cast.hlsl>
BEGIN TEST(S): </Users/cbieneman/dev/DirectXShaderCompiler/tools/clang/test/HLSL/../HLSLFileCheck/hlsl/classes/ThisReference.hlsl>
END TEST(S): </Users/cbieneman/dev/DirectXShaderCompiler/tools/clang/test/HLSL/../HLSLFileCheck/hlsl/classes/ThisReference.hlsl>
BEGIN TEST(S): </Users/cbieneman/dev/DirectXShaderCompiler/tools/clang/test/HLSL/../HLSLFileCheck/hlsl/classes/template_base_this.hlsl>
END TEST(S): </Users/cbieneman/dev/DirectXShaderCompiler/tools/clang/test/HLSL/../HLSLFileCheck/hlsl/classes/template_base_this.hlsl>
BEGIN TEST(S): </Users/cbieneman/dev/DirectXShaderCompiler/tools/clang/test/HLSL/../HLSLFileCheck/hlsl/classes/this_reference_2018.hlsl>
END TEST(S): </Users/cbieneman/dev/DirectXShaderCompiler/tools/clang/test/HLSL/../HLSLFileCheck/hlsl/classes/this_reference_2018.hlsl>
BEGIN TEST(S): </Users/cbieneman/dev/DirectXShaderCompiler/tools/clang/test/HLSL/../HLSLFileCheck/hlsl/classes/class_method_overload.hlsl>
END TEST(S): </Users/cbieneman/dev/DirectXShaderCompiler/tools/clang/test/HLSL/../HLSLFileCheck/hlsl/classes/class_method_overload.hlsl>
BEGIN TEST(S): </Users/cbieneman/dev/DirectXShaderCompiler/tools/clang/test/HLSL/../HLSLFileCheck/hlsl/classes/this_cast_to_base_class.hlsl>
END TEST(S): </Users/cbieneman/dev/DirectXShaderCompiler/tools/clang/test/HLSL/../HLSLFileCheck/hlsl/classes/this_cast_to_base_class.hlsl>
BEGIN TEST(S): </Users/cbieneman/dev/DirectXShaderCompiler/tools/clang/test/HLSL/../HLSLFileCheck/hlsl/classes/parent_method.hlsl>
END TEST(S): </Users/cbieneman/dev/DirectXShaderCompiler/tools/clang/test/HLSL/../HLSLFileCheck/hlsl/classes/parent_method.hlsl>
BEGIN TEST(S): </Users/cbieneman/dev/DirectXShaderCompiler/tools/clang/test/HLSL/../HLSLFileCheck/hlsl/classes/class.hlsl>
END TEST(S): </Users/cbieneman/dev/DirectXShaderCompiler/tools/clang/test/HLSL/../HLSLFileCheck/hlsl/classes/class.hlsl>
BEGIN TEST(S): </Users/cbieneman/dev/DirectXShaderCompiler/tools/clang/test/HLSL/../HLSLFileCheck/hlsl/entry/attributes/wavesize-compute-node-ast.hlsl>
END TEST(S): </Users/cbieneman/dev/DirectXShaderCompiler/tools/clang/test/HLSL/../HLSLFileCheck/hlsl/entry/attributes/wavesize-compute-node-ast.hlsl>
BEGIN TEST(S): </Users/cbieneman/dev/DirectXShaderCompiler/tools/clang/test/HLSL/../HLSLFileCheck/hlsl/entry/attributes/WaveSizeAttrAllowed5.hlsl>
END TEST(S): </Users/cbieneman/dev/DirectXShaderCompiler/tools/clang/test/HLSL/../HLSLFileCheck/hlsl/entry/attributes/WaveSizeAttrAllowed5.hlsl>
BEGIN TEST(S): </Users/cbieneman/dev/DirectXShaderCompiler/tools/clang/test/HLSL/../HLSLFileCheck/hlsl/entry/attributes/wavesize_range_valid.hlsl>
END TEST(S): </Users/cbieneman/dev/DirectXShaderCompiler/tools/clang/test/HLSL/../HLSLFileCheck/hlsl/entry/attributes/wavesize_range_valid.hlsl>
BEGIN TEST(S): </Users/cbieneman/dev/DirectXShaderCompiler/tools/clang/test/HLSL/../HLSLFileCheck/hlsl/entry/attributes/WaveSizeAttrAllowed4.hlsl>
END TEST(S): </Users/cbieneman/dev/DirectXShaderCompiler/tools/clang/test/HLSL/../HLSLFileCheck/hlsl/entry/attributes/WaveSizeAttrAllowed4.hlsl>
BEGIN TEST(S): </Users/cbieneman/dev/DirectXShaderCompiler/tools/clang/test/HLSL/../HLSLFileCheck/hlsl/entry/attributes/WaveSizeAttrAllowed3.hlsl>
END TEST(S): </Users/cbieneman/dev/DirectXShaderCompiler/tools/clang/test/HLSL/../HLSLFileCheck/hlsl/entry/attributes/WaveSizeAttrAllowed3.hlsl>
BEGIN TEST(S): </Users/cbieneman/dev/DirectXShaderCompiler/tools/clang/test/HLSL/../HLSLFileCheck/hlsl/entry/attributes/wavesize-compute-node-dxil.hlsl>
END TEST(S): </Users/cbieneman/dev/DirectXShaderCompiler/tools/clang/test/HLSL/../HLSLFileCheck/hlsl/entry/attributes/wavesize-compute-node-dxil.hlsl>
BEGIN TEST(S): </Users/cbieneman/dev/DirectXShaderCompiler/tools/clang/test/HLSL/../HLSLFileCheck/hlsl/entry/attributes/WaveSizeAttrAllowed2.hlsl>
END TEST(S): </Users/cbieneman/dev/DirectXShaderCompiler/tools/clang/test/HLSL/../HLSLFileCheck/hlsl/entry/attributes/WaveSizeAttrAllowed2.hlsl>
BEGIN TEST(S): </Users/cbieneman/dev/DirectXShaderCompiler/tools/clang/test/HLSL/../HLSLFileCheck/hlsl/entry/attributes/WaveSizeAttrAllowed1.hlsl>
END TEST(S): </Users/cbieneman/dev/DirectXShaderCompiler/tools/clang/test/HLSL/../HLSLFileCheck/hlsl/entry/attributes/WaveSizeAttrAllowed1.hlsl>
BEGIN TEST(S): </Users/cbieneman/dev/DirectXShaderCompiler/tools/clang/test/HLSL/../HLSLFileCheck/hlsl/entry/attributes/wavesize-compute-node-rdat.hlsl>
END TEST(S): </Users/cbieneman/dev/DirectXShaderCompiler/tools/clang/test/HLSL/../HLSLFileCheck/hlsl/entry/attributes/wavesize-compute-node-rdat.hlsl>
BEGIN TEST(S): </Users/cbieneman/dev/DirectXShaderCompiler/tools/clang/test/HLSL/../HLSLFileCheck/hlsl/entry/attributes/WaveSizeAttrAllowed6.hlsl>
END TEST(S): </Users/cbieneman/dev/DirectXShaderCompiler/tools/clang/test/HLSL/../HLSLFileCheck/hlsl/entry/attributes/WaveSizeAttrAllowed6.hlsl>
BEGIN TEST(S): </Users/cbieneman/dev/DirectXShaderCompiler/tools/clang/test/HLSL/../HLSLFileCheck/hlsl/template/strict-udt-casting-2.hlsl>
END TEST(S): </Users/cbieneman/dev/DirectXShaderCompiler/tools/clang/test/HLSL/../HLSLFileCheck/hlsl/template/strict-udt-casting-2.hlsl>
BEGIN TEST(S): </Users/cbieneman/dev/DirectXShaderCompiler/tools/clang/test/HLSL/../HLSLFileCheck/hlsl/template/AnyAll.hlsl>
END TEST(S): </Users/cbieneman/dev/DirectXShaderCompiler/tools/clang/test/HLSL/../HLSLFileCheck/hlsl/template/AnyAll.hlsl>
BEGIN TEST(S): </Users/cbieneman/dev/DirectXShaderCompiler/tools/clang/test/HLSL/../HLSLFileCheck/hlsl/template/PrefixPostfixOps.hlsl>
END TEST(S): </Users/cbieneman/dev/DirectXShaderCompiler/tools/clang/test/HLSL/../HLSLFileCheck/hlsl/template/PrefixPostfixOps.hlsl>
BEGIN TEST(S): </Users/cbieneman/dev/DirectXShaderCompiler/tools/clang/test/HLSL/../HLSLFileCheck/hlsl/template/FloatLiteralParameter.hlsl>
END TEST(S): </Users/cbieneman/dev/DirectXShaderCompiler/tools/clang/test/HLSL/../HLSLFileCheck/hlsl/template/FloatLiteralParameter.hlsl>
BEGIN TEST(S): </Users/cbieneman/dev/DirectXShaderCompiler/tools/clang/test/HLSL/../HLSLFileCheck/hlsl/template/4771-udt-parameter-validation.hlsl>
END TEST(S): </Users/cbieneman/dev/DirectXShaderCompiler/tools/clang/test/HLSL/../HLSLFileCheck/hlsl/template/4771-udt-parameter-validation.hlsl>
BEGIN TEST(S): </Users/cbieneman/dev/DirectXShaderCompiler/tools/clang/test/HLSL/../HLSLFileCheck/hlsl/template/IntLiteralParameter.hlsl>
END TEST(S): </Users/cbieneman/dev/DirectXShaderCompiler/tools/clang/test/HLSL/../HLSLFileCheck/hlsl/template/IntLiteralParameter.hlsl>
BEGIN TEST(S): </Users/cbieneman/dev/DirectXShaderCompiler/tools/clang/test/HLSL/../HLSLFileCheck/hlsl/template/templateMethod.hlsl>
END TEST(S): </Users/cbieneman/dev/DirectXShaderCompiler/tools/clang/test/HLSL/../HLSLFileCheck/hlsl/template/templateMethod.hlsl>
BEGIN TEST(S): </Users/cbieneman/dev/DirectXShaderCompiler/tools/clang/test/HLSL/../HLSLFileCheck/hlsl/template/DependentTypeInObjectParam.hlsl>
END TEST(S): </Users/cbieneman/dev/DirectXShaderCompiler/tools/clang/test/HLSL/../HLSLFileCheck/hlsl/template/DependentTypeInObjectParam.hlsl>
BEGIN TEST(S): </Users/cbieneman/dev/DirectXShaderCompiler/tools/clang/test/HLSL/../HLSLFileCheck/hlsl/template/factorial.hlsl>
END TEST(S): </Users/cbieneman/dev/DirectXShaderCompiler/tools/clang/test/HLSL/../HLSLFileCheck/hlsl/template/factorial.hlsl>
BEGIN TEST(S): </Users/cbieneman/dev/DirectXShaderCompiler/tools/clang/test/HLSL/../HLSLFileCheck/hlsl/template/FunctionOverloads.hlsl>
END TEST(S): </Users/cbieneman/dev/DirectXShaderCompiler/tools/clang/test/HLSL/../HLSLFileCheck/hlsl/template/FunctionOverloads.hlsl>
BEGIN TEST(S): </Users/cbieneman/dev/DirectXShaderCompiler/tools/clang/test/HLSL/../HLSLFileCheck/hlsl/template/DependentNonTypeParam.hlsl>
END TEST(S): </Users/cbieneman/dev/DirectXShaderCompiler/tools/clang/test/HLSL/../HLSLFileCheck/hlsl/template/DependentNonTypeParam.hlsl>
BEGIN TEST(S): </Users/cbieneman/dev/DirectXShaderCompiler/tools/clang/test/HLSL/../HLSLFileCheck/hlsl/template/BitwiseOps.hlsl>
END TEST(S): </Users/cbieneman/dev/DirectXShaderCompiler/tools/clang/test/HLSL/../HLSLFileCheck/hlsl/template/BitwiseOps.hlsl>
BEGIN TEST(S): </Users/cbieneman/dev/DirectXShaderCompiler/tools/clang/test/HLSL/../HLSLFileCheck/hlsl/template/RandomGenerators.hlsl>
END TEST(S): </Users/cbieneman/dev/DirectXShaderCompiler/tools/clang/test/HLSL/../HLSLFileCheck/hlsl/template/RandomGenerators.hlsl>
BEGIN TEST(S): </Users/cbieneman/dev/DirectXShaderCompiler/tools/clang/test/HLSL/../HLSLFileCheck/hlsl/template/BooleanMathOps.hlsl>
END TEST(S): </Users/cbieneman/dev/DirectXShaderCompiler/tools/clang/test/HLSL/../HLSLFileCheck/hlsl/template/BooleanMathOps.hlsl>
BEGIN TEST(S): </Users/cbieneman/dev/DirectXShaderCompiler/tools/clang/test/HLSL/../HLSLFileCheck/hlsl/template/enum-scope-in-template-func.hlsl>
END TEST(S): </Users/cbieneman/dev/DirectXShaderCompiler/tools/clang/test/HLSL/../HLSLFileCheck/hlsl/template/enum-scope-in-template-func.hlsl>
BEGIN TEST(S): </Users/cbieneman/dev/DirectXShaderCompiler/tools/clang/test/HLSL/../HLSLFileCheck/hlsl/template/complete-array-parameter.hlsl>
END TEST(S): </Users/cbieneman/dev/DirectXShaderCompiler/tools/clang/test/HLSL/../HLSLFileCheck/hlsl/template/complete-array-parameter.hlsl>
BEGIN TEST(S): </Users/cbieneman/dev/DirectXShaderCompiler/tools/clang/test/HLSL/../HLSLFileCheck/hlsl/template/InstantiateDefaultArgResource.hlsl>
END TEST(S): </Users/cbieneman/dev/DirectXShaderCompiler/tools/clang/test/HLSL/../HLSLFileCheck/hlsl/template/InstantiateDefaultArgResource.hlsl>
BEGIN TEST(S): </Users/cbieneman/dev/DirectXShaderCompiler/tools/clang/test/HLSL/../HLSLFileCheck/hlsl/template/templateStructFunc2.hlsl>
END TEST(S): </Users/cbieneman/dev/DirectXShaderCompiler/tools/clang/test/HLSL/../HLSLFileCheck/hlsl/template/templateStructFunc2.hlsl>
BEGIN TEST(S): </Users/cbieneman/dev/DirectXShaderCompiler/tools/clang/test/HLSL/../HLSLFileCheck/hlsl/template/3731-resource-descriptor-heap.hlsl>
END TEST(S): </Users/cbieneman/dev/DirectXShaderCompiler/tools/clang/test/HLSL/../HLSLFileCheck/hlsl/template/3731-resource-descriptor-heap.hlsl>
BEGIN TEST(S): </Users/cbieneman/dev/DirectXShaderCompiler/tools/clang/test/HLSL/../HLSLFileCheck/hlsl/template/AddMulOps.hlsl>
END TEST(S): </Users/cbieneman/dev/DirectXShaderCompiler/tools/clang/test/HLSL/../HLSLFileCheck/hlsl/template/AddMulOps.hlsl>
BEGIN TEST(S): </Users/cbieneman/dev/DirectXShaderCompiler/tools/clang/test/HLSL/../HLSLFileCheck/hlsl/template/template-param-modifiers.hlsl>
END TEST(S): </Users/cbieneman/dev/DirectXShaderCompiler/tools/clang/test/HLSL/../HLSLFileCheck/hlsl/template/template-param-modifiers.hlsl>
BEGIN TEST(S): </Users/cbieneman/dev/DirectXShaderCompiler/tools/clang/test/HLSL/../HLSLFileCheck/hlsl/template/variadic.hlsl>
END TEST(S): </Users/cbieneman/dev/DirectXShaderCompiler/tools/clang/test/HLSL/../HLSLFileCheck/hlsl/template/variadic.hlsl>
BEGIN TEST(S): </Users/cbieneman/dev/DirectXShaderCompiler/tools/clang/test/HLSL/../HLSLFileCheck/hlsl/template/enum-forward.hlsl>
END TEST(S): </Users/cbieneman/dev/DirectXShaderCompiler/tools/clang/test/HLSL/../HLSLFileCheck/hlsl/template/enum-forward.hlsl>
BEGIN TEST(S): </Users/cbieneman/dev/DirectXShaderCompiler/tools/clang/test/HLSL/../HLSLFileCheck/hlsl/template/InstantiateHLSLAttributes.hlsl>
END TEST(S): </Users/cbieneman/dev/DirectXShaderCompiler/tools/clang/test/HLSL/../HLSLFileCheck/hlsl/template/InstantiateHLSLAttributes.hlsl>
BEGIN TEST(S): </Users/cbieneman/dev/DirectXShaderCompiler/tools/clang/test/HLSL/../HLSLFileCheck/hlsl/template/AssignmentOps.hlsl>
END TEST(S): </Users/cbieneman/dev/DirectXShaderCompiler/tools/clang/test/HLSL/../HLSLFileCheck/hlsl/template/AssignmentOps.hlsl>
BEGIN TEST(S): </Users/cbieneman/dev/DirectXShaderCompiler/tools/clang/test/HLSL/../HLSLFileCheck/hlsl/template/missing_typename.hlsl>
END TEST(S): </Users/cbieneman/dev/DirectXShaderCompiler/tools/clang/test/HLSL/../HLSLFileCheck/hlsl/template/missing_typename.hlsl>
BEGIN TEST(S): </Users/cbieneman/dev/DirectXShaderCompiler/tools/clang/test/HLSL/../HLSLFileCheck/hlsl/template/template_alias_empty_arg.hlsl>
END TEST(S): </Users/cbieneman/dev/DirectXShaderCompiler/tools/clang/test/HLSL/../HLSLFileCheck/hlsl/template/template_alias_empty_arg.hlsl>
BEGIN TEST(S): </Users/cbieneman/dev/DirectXShaderCompiler/tools/clang/test/HLSL/../HLSLFileCheck/hlsl/template/elaborated-type-specifier.hlsl>
END TEST(S): </Users/cbieneman/dev/DirectXShaderCompiler/tools/clang/test/HLSL/../HLSLFileCheck/hlsl/template/elaborated-type-specifier.hlsl>
BEGIN TEST(S): </Users/cbieneman/dev/DirectXShaderCompiler/tools/clang/test/HLSL/../HLSLFileCheck/hlsl/template/InstantiateDefaultArgMember.hlsl>
END TEST(S): </Users/cbieneman/dev/DirectXShaderCompiler/tools/clang/test/HLSL/../HLSLFileCheck/hlsl/template/InstantiateDefaultArgMember.hlsl>
BEGIN TEST(S): </Users/cbieneman/dev/DirectXShaderCompiler/tools/clang/test/HLSL/../HLSLFileCheck/hlsl/template/ByteAddressBufferLoad.hlsl>
END TEST(S): </Users/cbieneman/dev/DirectXShaderCompiler/tools/clang/test/HLSL/../HLSLFileCheck/hlsl/template/ByteAddressBufferLoad.hlsl>
BEGIN TEST(S): </Users/cbieneman/dev/DirectXShaderCompiler/tools/clang/test/HLSL/../HLSLFileCheck/hlsl/template/BitwiseAssignOps.hlsl>
END TEST(S): </Users/cbieneman/dev/DirectXShaderCompiler/tools/clang/test/HLSL/../HLSLFileCheck/hlsl/template/BitwiseAssignOps.hlsl>
BEGIN TEST(S): </Users/cbieneman/dev/DirectXShaderCompiler/tools/clang/test/HLSL/../HLSLFileCheck/hlsl/template/templateTypename.hlsl>
END TEST(S): </Users/cbieneman/dev/DirectXShaderCompiler/tools/clang/test/HLSL/../HLSLFileCheck/hlsl/template/templateTypename.hlsl>
BEGIN TEST(S): </Users/cbieneman/dev/DirectXShaderCompiler/tools/clang/test/HLSL/../HLSLFileCheck/hlsl/template/InstantiateDefaultArg.hlsl>
END TEST(S): </Users/cbieneman/dev/DirectXShaderCompiler/tools/clang/test/HLSL/../HLSLFileCheck/hlsl/template/InstantiateDefaultArg.hlsl>
BEGIN TEST(S): </Users/cbieneman/dev/DirectXShaderCompiler/tools/clang/test/HLSL/../HLSLFileCheck/hlsl/template/BufferInExpansion.hlsl>
END TEST(S): </Users/cbieneman/dev/DirectXShaderCompiler/tools/clang/test/HLSL/../HLSLFileCheck/hlsl/template/BufferInExpansion.hlsl>
BEGIN TEST(S): </Users/cbieneman/dev/DirectXShaderCompiler/tools/clang/test/HLSL/../HLSLFileCheck/hlsl/template/ackermann.hlsl>
END TEST(S): </Users/cbieneman/dev/DirectXShaderCompiler/tools/clang/test/HLSL/../HLSLFileCheck/hlsl/template/ackermann.hlsl>
BEGIN TEST(S): </Users/cbieneman/dev/DirectXShaderCompiler/tools/clang/test/HLSL/../HLSLFileCheck/hlsl/template/templateStructFunc.hlsl>
END TEST(S): </Users/cbieneman/dev/DirectXShaderCompiler/tools/clang/test/HLSL/../HLSLFileCheck/hlsl/template/templateStructFunc.hlsl>
BEGIN TEST(S): </Users/cbieneman/dev/DirectXShaderCompiler/tools/clang/test/HLSL/../HLSLFileCheck/hlsl/template/templateFunc.hlsl>
END TEST(S): </Users/cbieneman/dev/DirectXShaderCompiler/tools/clang/test/HLSL/../HLSLFileCheck/hlsl/template/templateFunc.hlsl>
BEGIN TEST(S): </Users/cbieneman/dev/DirectXShaderCompiler/tools/clang/test/HLSL/../HLSLFileCheck/hlsl/template/InstantiateSemantics.hlsl>
END TEST(S): </Users/cbieneman/dev/DirectXShaderCompiler/tools/clang/test/HLSL/../HLSLFileCheck/hlsl/template/InstantiateSemantics.hlsl>
BEGIN TEST(S): </Users/cbieneman/dev/DirectXShaderCompiler/tools/clang/test/HLSL/../HLSLFileCheck/hlsl/template/OmitDefaulted.hlsl>
END TEST(S): </Users/cbieneman/dev/DirectXShaderCompiler/tools/clang/test/HLSL/../HLSLFileCheck/hlsl/template/OmitDefaulted.hlsl>
BEGIN TEST(S): </Users/cbieneman/dev/DirectXShaderCompiler/tools/clang/test/HLSL/../HLSLFileCheck/hlsl/template/InstantiateBufferParamTypes.hlsl>
END TEST(S): </Users/cbieneman/dev/DirectXShaderCompiler/tools/clang/test/HLSL/../HLSLFileCheck/hlsl/template/InstantiateBufferParamTypes.hlsl>
BEGIN TEST(S): </Users/cbieneman/dev/DirectXShaderCompiler/tools/clang/test/HLSL/../HLSLFileCheck/hlsl/template/DependentWithBuiltinTemplate.hlsl>
END TEST(S): </Users/cbieneman/dev/DirectXShaderCompiler/tools/clang/test/HLSL/../HLSLFileCheck/hlsl/template/DependentWithBuiltinTemplate.hlsl>
BEGIN TEST(S): </Users/cbieneman/dev/DirectXShaderCompiler/tools/clang/test/HLSL/../HLSLFileCheck/hlsl/template/templateSubscripts.hlsl>
END TEST(S): </Users/cbieneman/dev/DirectXShaderCompiler/tools/clang/test/HLSL/../HLSLFileCheck/hlsl/template/templateSubscripts.hlsl>
BEGIN TEST(S): </Users/cbieneman/dev/DirectXShaderCompiler/tools/clang/test/HLSL/../HLSLFileCheck/hlsl/template/ComparisonOps.hlsl>
END TEST(S): </Users/cbieneman/dev/DirectXShaderCompiler/tools/clang/test/HLSL/../HLSLFileCheck/hlsl/template/ComparisonOps.hlsl>
BEGIN TEST(S): </Users/cbieneman/dev/DirectXShaderCompiler/tools/clang/test/HLSL/../HLSLFileCheck/hlsl/template/ThisAccess.hlsl>
END TEST(S): </Users/cbieneman/dev/DirectXShaderCompiler/tools/clang/test/HLSL/../HLSLFileCheck/hlsl/template/ThisAccess.hlsl>
BEGIN TEST(S): </Users/cbieneman/dev/DirectXShaderCompiler/tools/clang/test/HLSL/../HLSLFileCheck/hlsl/template/dependent-sized_array.hlsl>
END TEST(S): </Users/cbieneman/dev/DirectXShaderCompiler/tools/clang/test/HLSL/../HLSLFileCheck/hlsl/template/dependent-sized_array.hlsl>
BEGIN TEST(S): </Users/cbieneman/dev/DirectXShaderCompiler/tools/clang/test/HLSL/../HLSLFileCheck/hlsl/template/templateStruct.hlsl>
END TEST(S): </Users/cbieneman/dev/DirectXShaderCompiler/tools/clang/test/HLSL/../HLSLFileCheck/hlsl/template/templateStruct.hlsl>
BEGIN TEST(S): </Users/cbieneman/dev/DirectXShaderCompiler/tools/clang/test/HLSL/../HLSLFileCheck/hlsl/template/InstantiateObjectMethods.hlsl>
END TEST(S): </Users/cbieneman/dev/DirectXShaderCompiler/tools/clang/test/HLSL/../HLSLFileCheck/hlsl/template/InstantiateObjectMethods.hlsl>
BEGIN TEST(S): </Users/cbieneman/dev/DirectXShaderCompiler/tools/clang/test/HLSL/../HLSLFileCheck/hlsl/template/strict-udt-casting-1.hlsl>
END TEST(S): </Users/cbieneman/dev/DirectXShaderCompiler/tools/clang/test/HLSL/../HLSLFileCheck/hlsl/template/strict-udt-casting-1.hlsl>
BEGIN TEST(S): </Users/cbieneman/dev/DirectXShaderCompiler/tools/clang/test/HLSL/../HLSLFileCheck/hlsl/objects/RWTexture/multiple_stores_structured_buffer.hlsl>
END TEST(S): </Users/cbieneman/dev/DirectXShaderCompiler/tools/clang/test/HLSL/../HLSLFileCheck/hlsl/objects/RWTexture/multiple_stores_structured_buffer.hlsl>
BEGIN TEST(S): </Users/cbieneman/dev/DirectXShaderCompiler/tools/clang/test/HLSL/../HLSLFileCheck/hlsl/objects/RWTexture/RWTexture-ast.hlsl>
END TEST(S): </Users/cbieneman/dev/DirectXShaderCompiler/tools/clang/test/HLSL/../HLSLFileCheck/hlsl/objects/RWTexture/RWTexture-ast.hlsl>
BEGIN TEST(S): </Users/cbieneman/dev/DirectXShaderCompiler/tools/clang/test/HLSL/../HLSLFileCheck/hlsl/objects/RWTexture/multiple_stores.hlsl>
END TEST(S): </Users/cbieneman/dev/DirectXShaderCompiler/tools/clang/test/HLSL/../HLSLFileCheck/hlsl/objects/RWTexture/multiple_stores.hlsl>
BEGIN TEST(S): </Users/cbieneman/dev/DirectXShaderCompiler/tools/clang/test/HLSL/../HLSLFileCheck/hlsl/objects/RWTexture/multiple_stores_buffer.hlsl>
END TEST(S): </Users/cbieneman/dev/DirectXShaderCompiler/tools/clang/test/HLSL/../HLSLFileCheck/hlsl/objects/RWTexture/multiple_stores_buffer.hlsl>
BEGIN TEST(S): </Users/cbieneman/dev/DirectXShaderCompiler/tools/clang/test/HLSL/../HLSLFileCheck/hlsl/objects/RWTexture/rwtexture2dms.hlsl>
END TEST(S): </Users/cbieneman/dev/DirectXShaderCompiler/tools/clang/test/HLSL/../HLSLFileCheck/hlsl/objects/RWTexture/rwtexture2dms.hlsl>
BEGIN TEST(S): </Users/cbieneman/dev/DirectXShaderCompiler/tools/clang/test/HLSL/../HLSLFileCheck/hlsl/objects/AppendStructuredBuffer/append_mat_col_major.hlsl>
END TEST(S): </Users/cbieneman/dev/DirectXShaderCompiler/tools/clang/test/HLSL/../HLSLFileCheck/hlsl/objects/AppendStructuredBuffer/append_mat_col_major.hlsl>
BEGIN TEST(S): </Users/cbieneman/dev/DirectXShaderCompiler/tools/clang/test/HLSL/../HLSLFileCheck/hlsl/objects/AppendStructuredBuffer/append_mat_row_major.hlsl>
END TEST(S): </Users/cbieneman/dev/DirectXShaderCompiler/tools/clang/test/HLSL/../HLSLFileCheck/hlsl/objects/AppendStructuredBuffer/append_mat_row_major.hlsl>
BEGIN TEST(S): </Users/cbieneman/dev/DirectXShaderCompiler/tools/clang/test/HLSL/../HLSLFileCheck/hlsl/objects/RasterizerOrderedBuffer/rovtype.hlsl>
END TEST(S): </Users/cbieneman/dev/DirectXShaderCompiler/tools/clang/test/HLSL/../HLSLFileCheck/hlsl/objects/RasterizerOrderedBuffer/rovtype.hlsl>
BEGIN TEST(S): </Users/cbieneman/dev/DirectXShaderCompiler/tools/clang/test/HLSL/../HLSLFileCheck/hlsl/objects/RasterizerOrderedBuffer/rovs.hlsl>
END TEST(S): </Users/cbieneman/dev/DirectXShaderCompiler/tools/clang/test/HLSL/../HLSLFileCheck/hlsl/objects/RasterizerOrderedBuffer/rovs.hlsl>
BEGIN TEST(S): </Users/cbieneman/dev/DirectXShaderCompiler/tools/clang/test/HLSL/../HLSLFileCheck/hlsl/objects/StructuredBuffer/updateCounter.hlsl>
END TEST(S): </Users/cbieneman/dev/DirectXShaderCompiler/tools/clang/test/HLSL/../HLSLFileCheck/hlsl/objects/StructuredBuffer/updateCounter.hlsl>
BEGIN TEST(S): </Users/cbieneman/dev/DirectXShaderCompiler/tools/clang/test/HLSL/../HLSLFileCheck/hlsl/objects/StructuredBuffer/resPhi.hlsl>
END TEST(S): </Users/cbieneman/dev/DirectXShaderCompiler/tools/clang/test/HLSL/../HLSLFileCheck/hlsl/objects/StructuredBuffer/resPhi.hlsl>
BEGIN TEST(S): </Users/cbieneman/dev/DirectXShaderCompiler/tools/clang/test/HLSL/../HLSLFileCheck/hlsl/objects/StructuredBuffer/nest_struct_uav.hlsl>
END TEST(S): </Users/cbieneman/dev/DirectXShaderCompiler/tools/clang/test/HLSL/../HLSLFileCheck/hlsl/objects/StructuredBuffer/nest_struct_uav.hlsl>
BEGIN TEST(S): </Users/cbieneman/dev/DirectXShaderCompiler/tools/clang/test/HLSL/../HLSLFileCheck/hlsl/objects/StructuredBuffer/selectObj4.hlsl>
END TEST(S): </Users/cbieneman/dev/DirectXShaderCompiler/tools/clang/test/HLSL/../HLSLFileCheck/hlsl/objects/StructuredBuffer/selectObj4.hlsl>
BEGIN TEST(S): </Users/cbieneman/dev/DirectXShaderCompiler/tools/clang/test/HLSL/../HLSLFileCheck/hlsl/objects/StructuredBuffer/res_select3.hlsl>
END TEST(S): </Users/cbieneman/dev/DirectXShaderCompiler/tools/clang/test/HLSL/../HLSLFileCheck/hlsl/objects/StructuredBuffer/res_select3.hlsl>
BEGIN TEST(S): </Users/cbieneman/dev/DirectXShaderCompiler/tools/clang/test/HLSL/../HLSLFileCheck/hlsl/objects/StructuredBuffer/struct_buf6.hlsl>
END TEST(S): </Users/cbieneman/dev/DirectXShaderCompiler/tools/clang/test/HLSL/../HLSLFileCheck/hlsl/objects/StructuredBuffer/struct_buf6.hlsl>
BEGIN TEST(S): </Users/cbieneman/dev/DirectXShaderCompiler/tools/clang/test/HLSL/../HLSLFileCheck/hlsl/objects/StructuredBuffer/selectObj5.hlsl>
END TEST(S): </Users/cbieneman/dev/DirectXShaderCompiler/tools/clang/test/HLSL/../HLSLFileCheck/hlsl/objects/StructuredBuffer/selectObj5.hlsl>
BEGIN TEST(S): </Users/cbieneman/dev/DirectXShaderCompiler/tools/clang/test/HLSL/../HLSLFileCheck/hlsl/objects/StructuredBuffer/res64bit.hlsl>
END TEST(S): </Users/cbieneman/dev/DirectXShaderCompiler/tools/clang/test/HLSL/../HLSLFileCheck/hlsl/objects/StructuredBuffer/res64bit.hlsl>
BEGIN TEST(S): </Users/cbieneman/dev/DirectXShaderCompiler/tools/clang/test/HLSL/../HLSLFileCheck/hlsl/objects/StructuredBuffer/selectObj2.hlsl>
END TEST(S): </Users/cbieneman/dev/DirectXShaderCompiler/tools/clang/test/HLSL/../HLSLFileCheck/hlsl/objects/StructuredBuffer/selectObj2.hlsl>
BEGIN TEST(S): </Users/cbieneman/dev/DirectXShaderCompiler/tools/clang/test/HLSL/../HLSLFileCheck/hlsl/objects/StructuredBuffer/struct_buf_mat_subscript_method.hlsl>
END TEST(S): </Users/cbieneman/dev/DirectXShaderCompiler/tools/clang/test/HLSL/../HLSLFileCheck/hlsl/objects/StructuredBuffer/struct_buf_mat_subscript_method.hlsl>
BEGIN TEST(S): </Users/cbieneman/dev/DirectXShaderCompiler/tools/clang/test/HLSL/../HLSLFileCheck/hlsl/objects/StructuredBuffer/struct_buf_mat_load_method.hlsl>
END TEST(S): </Users/cbieneman/dev/DirectXShaderCompiler/tools/clang/test/HLSL/../HLSLFileCheck/hlsl/objects/StructuredBuffer/struct_buf_mat_load_method.hlsl>
BEGIN TEST(S): </Users/cbieneman/dev/DirectXShaderCompiler/tools/clang/test/HLSL/../HLSLFileCheck/hlsl/objects/StructuredBuffer/res_select4_x.hlsl>
END TEST(S): </Users/cbieneman/dev/DirectXShaderCompiler/tools/clang/test/HLSL/../HLSLFileCheck/hlsl/objects/StructuredBuffer/res_select4_x.hlsl>
BEGIN TEST(S): </Users/cbieneman/dev/DirectXShaderCompiler/tools/clang/test/HLSL/../HLSLFileCheck/hlsl/objects/StructuredBuffer/struct_buf1.hlsl>
END TEST(S): </Users/cbieneman/dev/DirectXShaderCompiler/tools/clang/test/HLSL/../HLSLFileCheck/hlsl/objects/StructuredBuffer/struct_buf1.hlsl>
BEGIN TEST(S): </Users/cbieneman/dev/DirectXShaderCompiler/tools/clang/test/HLSL/../HLSLFileCheck/hlsl/objects/StructuredBuffer/res_select4.hlsl>
END TEST(S): </Users/cbieneman/dev/DirectXShaderCompiler/tools/clang/test/HLSL/../HLSLFileCheck/hlsl/objects/StructuredBuffer/res_select4.hlsl>
BEGIN TEST(S): </Users/cbieneman/dev/DirectXShaderCompiler/tools/clang/test/HLSL/../HLSLFileCheck/hlsl/objects/StructuredBuffer/selectObj3.hlsl>
END TEST(S): </Users/cbieneman/dev/DirectXShaderCompiler/tools/clang/test/HLSL/../HLSLFileCheck/hlsl/objects/StructuredBuffer/selectObj3.hlsl>
BEGIN TEST(S): </Users/cbieneman/dev/DirectXShaderCompiler/tools/clang/test/HLSL/../HLSLFileCheck/hlsl/objects/StructuredBuffer/struct_buf2.hlsl>
END TEST(S): </Users/cbieneman/dev/DirectXShaderCompiler/tools/clang/test/HLSL/../HLSLFileCheck/hlsl/objects/StructuredBuffer/struct_buf2.hlsl>
BEGIN TEST(S): </Users/cbieneman/dev/DirectXShaderCompiler/tools/clang/test/HLSL/../HLSLFileCheck/hlsl/objects/StructuredBuffer/writeMaskBuf.hlsl>
END TEST(S): </Users/cbieneman/dev/DirectXShaderCompiler/tools/clang/test/HLSL/../HLSLFileCheck/hlsl/objects/StructuredBuffer/writeMaskBuf.hlsl>
BEGIN TEST(S): </Users/cbieneman/dev/DirectXShaderCompiler/tools/clang/test/HLSL/../HLSLFileCheck/hlsl/objects/StructuredBuffer/rawbufferloadstore_64bit_6_3.hlsl>
END TEST(S): </Users/cbieneman/dev/DirectXShaderCompiler/tools/clang/test/HLSL/../HLSLFileCheck/hlsl/objects/StructuredBuffer/rawbufferloadstore_64bit_6_3.hlsl>
BEGIN TEST(S): </Users/cbieneman/dev/DirectXShaderCompiler/tools/clang/test/HLSL/../HLSLFileCheck/hlsl/objects/StructuredBuffer/struct_buf_class_elt.hlsl>
END TEST(S): </Users/cbieneman/dev/DirectXShaderCompiler/tools/clang/test/HLSL/../HLSLFileCheck/hlsl/objects/StructuredBuffer/struct_buf_class_elt.hlsl>
BEGIN TEST(S): </Users/cbieneman/dev/DirectXShaderCompiler/tools/clang/test/HLSL/../HLSLFileCheck/hlsl/objects/StructuredBuffer/rawbufferloadstore_64bit_6_2.hlsl>
END TEST(S): </Users/cbieneman/dev/DirectXShaderCompiler/tools/clang/test/HLSL/../HLSLFileCheck/hlsl/objects/StructuredBuffer/rawbufferloadstore_64bit_6_2.hlsl>
BEGIN TEST(S): </Users/cbieneman/dev/DirectXShaderCompiler/tools/clang/test/HLSL/../HLSLFileCheck/hlsl/objects/StructuredBuffer/struct_buf_new_layout.hlsl>
END TEST(S): </Users/cbieneman/dev/DirectXShaderCompiler/tools/clang/test/HLSL/../HLSLFileCheck/hlsl/objects/StructuredBuffer/struct_buf_new_layout.hlsl>
BEGIN TEST(S): </Users/cbieneman/dev/DirectXShaderCompiler/tools/clang/test/HLSL/../HLSLFileCheck/hlsl/objects/StructuredBuffer/selectObj.hlsl>
END TEST(S): </Users/cbieneman/dev/DirectXShaderCompiler/tools/clang/test/HLSL/../HLSLFileCheck/hlsl/objects/StructuredBuffer/selectObj.hlsl>
BEGIN TEST(S): </Users/cbieneman/dev/DirectXShaderCompiler/tools/clang/test/HLSL/../HLSLFileCheck/hlsl/objects/StructuredBuffer/res_select3_x.hlsl>
END TEST(S): </Users/cbieneman/dev/DirectXShaderCompiler/tools/clang/test/HLSL/../HLSLFileCheck/hlsl/objects/StructuredBuffer/res_select3_x.hlsl>
BEGIN TEST(S): </Users/cbieneman/dev/DirectXShaderCompiler/tools/clang/test/HLSL/../HLSLFileCheck/hlsl/objects/StructuredBuffer/alignment/struct_buf_16bit_type_2byte_alignment.hlsl>
END TEST(S): </Users/cbieneman/dev/DirectXShaderCompiler/tools/clang/test/HLSL/../HLSLFileCheck/hlsl/objects/StructuredBuffer/alignment/struct_buf_16bit_type_2byte_alignment.hlsl>
BEGIN TEST(S): </Users/cbieneman/dev/DirectXShaderCompiler/tools/clang/test/HLSL/../HLSLFileCheck/hlsl/objects/StructuredBuffer/alignment/struct_buf_64bit_type_8byte_alignment.hlsl>
END TEST(S): </Users/cbieneman/dev/DirectXShaderCompiler/tools/clang/test/HLSL/../HLSLFileCheck/hlsl/objects/StructuredBuffer/alignment/struct_buf_64bit_type_8byte_alignment.hlsl>
BEGIN TEST(S): </Users/cbieneman/dev/DirectXShaderCompiler/tools/clang/test/HLSL/../HLSLFileCheck/hlsl/objects/StructuredBuffer/alignment/struct_buf_32bit_type_4byte_alignment.hlsl>
END TEST(S): </Users/cbieneman/dev/DirectXShaderCompiler/tools/clang/test/HLSL/../HLSLFileCheck/hlsl/objects/StructuredBuffer/alignment/struct_buf_32bit_type_4byte_alignment.hlsl>
BEGIN TEST(S): </Users/cbieneman/dev/DirectXShaderCompiler/tools/clang/test/HLSL/../HLSLFileCheck/hlsl/objects/StructuredBuffer/struct_buf3.hlsl>
END TEST(S): </Users/cbieneman/dev/DirectXShaderCompiler/tools/clang/test/HLSL/../HLSLFileCheck/hlsl/objects/StructuredBuffer/struct_buf3.hlsl>
BEGIN TEST(S): </Users/cbieneman/dev/DirectXShaderCompiler/tools/clang/test/HLSL/../HLSLFileCheck/hlsl/objects/StructuredBuffer/struct_buf4.hlsl>
END TEST(S): </Users/cbieneman/dev/DirectXShaderCompiler/tools/clang/test/HLSL/../HLSLFileCheck/hlsl/objects/StructuredBuffer/struct_buf4.hlsl>
BEGIN TEST(S): </Users/cbieneman/dev/DirectXShaderCompiler/tools/clang/test/HLSL/../HLSLFileCheck/hlsl/objects/StructuredBuffer/layout.hlsl>
END TEST(S): </Users/cbieneman/dev/DirectXShaderCompiler/tools/clang/test/HLSL/../HLSLFileCheck/hlsl/objects/StructuredBuffer/layout.hlsl>
BEGIN TEST(S): </Users/cbieneman/dev/DirectXShaderCompiler/tools/clang/test/HLSL/../HLSLFileCheck/hlsl/objects/StructuredBuffer/struct_bufHasCounter2.hlsl>
END TEST(S): </Users/cbieneman/dev/DirectXShaderCompiler/tools/clang/test/HLSL/../HLSLFileCheck/hlsl/objects/StructuredBuffer/struct_bufHasCounter2.hlsl>
BEGIN TEST(S): </Users/cbieneman/dev/DirectXShaderCompiler/tools/clang/test/HLSL/../HLSLFileCheck/hlsl/objects/StructuredBuffer/struct_bufHasCounter.hlsl>
END TEST(S): </Users/cbieneman/dev/DirectXShaderCompiler/tools/clang/test/HLSL/../HLSLFileCheck/hlsl/objects/StructuredBuffer/struct_bufHasCounter.hlsl>
BEGIN TEST(S): </Users/cbieneman/dev/DirectXShaderCompiler/tools/clang/test/HLSL/../HLSLFileCheck/hlsl/objects/StructuredBuffer/struct_buf5.hlsl>
END TEST(S): </Users/cbieneman/dev/DirectXShaderCompiler/tools/clang/test/HLSL/../HLSLFileCheck/hlsl/objects/StructuredBuffer/struct_buf5.hlsl>
BEGIN TEST(S): </Users/cbieneman/dev/DirectXShaderCompiler/tools/clang/test/HLSL/../HLSLFileCheck/hlsl/objects/StructuredBuffer/res_select.hlsl>
END TEST(S): </Users/cbieneman/dev/DirectXShaderCompiler/tools/clang/test/HLSL/../HLSLFileCheck/hlsl/objects/StructuredBuffer/res_select.hlsl>
BEGIN TEST(S): </Users/cbieneman/dev/DirectXShaderCompiler/tools/clang/test/HLSL/../HLSLFileCheck/hlsl/objects/Cbuffer/NonUniform-ConstantBuffer.hlsl>
END TEST(S): </Users/cbieneman/dev/DirectXShaderCompiler/tools/clang/test/HLSL/../HLSLFileCheck/hlsl/objects/Cbuffer/NonUniform-ConstantBuffer.hlsl>
BEGIN TEST(S): </Users/cbieneman/dev/DirectXShaderCompiler/tools/clang/test/HLSL/../HLSLFileCheck/hlsl/objects/Cbuffer/uint64_2.hlsl>
END TEST(S): </Users/cbieneman/dev/DirectXShaderCompiler/tools/clang/test/HLSL/../HLSLFileCheck/hlsl/objects/Cbuffer/uint64_2.hlsl>
BEGIN TEST(S): </Users/cbieneman/dev/DirectXShaderCompiler/tools/clang/test/HLSL/../HLSLFileCheck/hlsl/objects/Cbuffer/resource-in-cb.hlsl>
END TEST(S): </Users/cbieneman/dev/DirectXShaderCompiler/tools/clang/test/HLSL/../HLSLFileCheck/hlsl/objects/Cbuffer/resource-in-cb.hlsl>
BEGIN TEST(S): </Users/cbieneman/dev/DirectXShaderCompiler/tools/clang/test/HLSL/../HLSLFileCheck/hlsl/objects/Cbuffer/class-in-ConstantBuffer.hlsl>
END TEST(S): </Users/cbieneman/dev/DirectXShaderCompiler/tools/clang/test/HLSL/../HLSLFileCheck/hlsl/objects/Cbuffer/class-in-ConstantBuffer.hlsl>
BEGIN TEST(S): </Users/cbieneman/dev/DirectXShaderCompiler/tools/clang/test/HLSL/../HLSLFileCheck/hlsl/objects/Cbuffer/retTBV.hlsl>
END TEST(S): </Users/cbieneman/dev/DirectXShaderCompiler/tools/clang/test/HLSL/../HLSLFileCheck/hlsl/objects/Cbuffer/retTBV.hlsl>
BEGIN TEST(S): </Users/cbieneman/dev/DirectXShaderCompiler/tools/clang/test/HLSL/../HLSLFileCheck/hlsl/objects/Cbuffer/namespace_in_cb.hlsl>
END TEST(S): </Users/cbieneman/dev/DirectXShaderCompiler/tools/clang/test/HLSL/../HLSLFileCheck/hlsl/objects/Cbuffer/namespace_in_cb.hlsl>
BEGIN TEST(S): </Users/cbieneman/dev/DirectXShaderCompiler/tools/clang/test/HLSL/../HLSLFileCheck/hlsl/objects/Cbuffer/retTBV3.hlsl>
END TEST(S): </Users/cbieneman/dev/DirectXShaderCompiler/tools/clang/test/HLSL/../HLSLFileCheck/hlsl/objects/Cbuffer/retTBV3.hlsl>
BEGIN TEST(S): </Users/cbieneman/dev/DirectXShaderCompiler/tools/clang/test/HLSL/../HLSLFileCheck/hlsl/objects/Cbuffer/CBV-paren-expr.hlsl>
END TEST(S): </Users/cbieneman/dev/DirectXShaderCompiler/tools/clang/test/HLSL/../HLSLFileCheck/hlsl/objects/Cbuffer/CBV-paren-expr.hlsl>
BEGIN TEST(S): </Users/cbieneman/dev/DirectXShaderCompiler/tools/clang/test/HLSL/../HLSLFileCheck/hlsl/objects/Cbuffer/retTBV2.hlsl>
END TEST(S): </Users/cbieneman/dev/DirectXShaderCompiler/tools/clang/test/HLSL/../HLSLFileCheck/hlsl/objects/Cbuffer/retTBV2.hlsl>
BEGIN TEST(S): </Users/cbieneman/dev/DirectXShaderCompiler/tools/clang/test/HLSL/../HLSLFileCheck/hlsl/objects/Cbuffer/uint64_1.hlsl>
END TEST(S): </Users/cbieneman/dev/DirectXShaderCompiler/tools/clang/test/HLSL/../HLSLFileCheck/hlsl/objects/Cbuffer/uint64_1.hlsl>
BEGIN TEST(S): </Users/cbieneman/dev/DirectXShaderCompiler/tools/clang/test/HLSL/../HLSLFileCheck/hlsl/objects/Cbuffer/retCBV.hlsl>
END TEST(S): </Users/cbieneman/dev/DirectXShaderCompiler/tools/clang/test/HLSL/../HLSLFileCheck/hlsl/objects/Cbuffer/retCBV.hlsl>
BEGIN TEST(S): </Users/cbieneman/dev/DirectXShaderCompiler/tools/clang/test/HLSL/../HLSLFileCheck/hlsl/objects/Cbuffer/retCBV2.hlsl>
END TEST(S): </Users/cbieneman/dev/DirectXShaderCompiler/tools/clang/test/HLSL/../HLSLFileCheck/hlsl/objects/Cbuffer/retCBV2.hlsl>
BEGIN TEST(S): </Users/cbieneman/dev/DirectXShaderCompiler/tools/clang/test/HLSL/../HLSLFileCheck/hlsl/objects/Cbuffer/retCBV3.hlsl>
END TEST(S): </Users/cbieneman/dev/DirectXShaderCompiler/tools/clang/test/HLSL/../HLSLFileCheck/hlsl/objects/Cbuffer/retCBV3.hlsl>
BEGIN TEST(S): </Users/cbieneman/dev/DirectXShaderCompiler/tools/clang/test/HLSL/../HLSLFileCheck/hlsl/objects/ConstStaticGlobal/const_static_global.hlsl>
END TEST(S): </Users/cbieneman/dev/DirectXShaderCompiler/tools/clang/test/HLSL/../HLSLFileCheck/hlsl/objects/ConstStaticGlobal/const_static_global.hlsl>
BEGIN TEST(S): </Users/cbieneman/dev/DirectXShaderCompiler/tools/clang/test/HLSL/../HLSLFileCheck/hlsl/objects/ByteAddressBuffer/load_type_shapes_sm62.hlsl>
END TEST(S): </Users/cbieneman/dev/DirectXShaderCompiler/tools/clang/test/HLSL/../HLSLFileCheck/hlsl/objects/ByteAddressBuffer/load_type_shapes_sm62.hlsl>
BEGIN TEST(S): </Users/cbieneman/dev/DirectXShaderCompiler/tools/clang/test/HLSL/../HLSLFileCheck/hlsl/objects/ByteAddressBuffer/bab_templated_load_method.hlsl>
END TEST(S): </Users/cbieneman/dev/DirectXShaderCompiler/tools/clang/test/HLSL/../HLSLFileCheck/hlsl/objects/ByteAddressBuffer/bab_templated_load_method.hlsl>
BEGIN TEST(S): </Users/cbieneman/dev/DirectXShaderCompiler/tools/clang/test/HLSL/../HLSLFileCheck/hlsl/objects/ByteAddressBuffer/rwbab_incomplete_mat_store_const_init_zpc.hlsl>
END TEST(S): </Users/cbieneman/dev/DirectXShaderCompiler/tools/clang/test/HLSL/../HLSLFileCheck/hlsl/objects/ByteAddressBuffer/rwbab_incomplete_mat_store_const_init_zpc.hlsl>
BEGIN TEST(S): </Users/cbieneman/dev/DirectXShaderCompiler/tools/clang/test/HLSL/../HLSLFileCheck/hlsl/objects/ByteAddressBuffer/local_res_array3.hlsl>
END TEST(S): </Users/cbieneman/dev/DirectXShaderCompiler/tools/clang/test/HLSL/../HLSLFileCheck/hlsl/objects/ByteAddressBuffer/local_res_array3.hlsl>
BEGIN TEST(S): </Users/cbieneman/dev/DirectXShaderCompiler/tools/clang/test/HLSL/../HLSLFileCheck/hlsl/objects/ByteAddressBuffer/rwbab_store_struct_with_mat_const_init_zpc.hlsl>
END TEST(S): </Users/cbieneman/dev/DirectXShaderCompiler/tools/clang/test/HLSL/../HLSLFileCheck/hlsl/objects/ByteAddressBuffer/rwbab_store_struct_with_mat_const_init_zpc.hlsl>
BEGIN TEST(S): </Users/cbieneman/dev/DirectXShaderCompiler/tools/clang/test/HLSL/../HLSLFileCheck/hlsl/objects/ByteAddressBuffer/bab-array-alias.hlsl>
END TEST(S): </Users/cbieneman/dev/DirectXShaderCompiler/tools/clang/test/HLSL/../HLSLFileCheck/hlsl/objects/ByteAddressBuffer/bab-array-alias.hlsl>
BEGIN TEST(S): </Users/cbieneman/dev/DirectXShaderCompiler/tools/clang/test/HLSL/../HLSLFileCheck/hlsl/objects/ByteAddressBuffer/rwbab_incomplete_mat_store_zpr.hlsl>
END TEST(S): </Users/cbieneman/dev/DirectXShaderCompiler/tools/clang/test/HLSL/../HLSLFileCheck/hlsl/objects/ByteAddressBuffer/rwbab_incomplete_mat_store_zpr.hlsl>
BEGIN TEST(S): </Users/cbieneman/dev/DirectXShaderCompiler/tools/clang/test/HLSL/../HLSLFileCheck/hlsl/objects/ByteAddressBuffer/raw_buf1.hlsl>
END TEST(S): </Users/cbieneman/dev/DirectXShaderCompiler/tools/clang/test/HLSL/../HLSLFileCheck/hlsl/objects/ByteAddressBuffer/raw_buf1.hlsl>
BEGIN TEST(S): </Users/cbieneman/dev/DirectXShaderCompiler/tools/clang/test/HLSL/../HLSLFileCheck/hlsl/objects/ByteAddressBuffer/min_precision_raw_load_store.hlsl>
END TEST(S): </Users/cbieneman/dev/DirectXShaderCompiler/tools/clang/test/HLSL/../HLSLFileCheck/hlsl/objects/ByteAddressBuffer/min_precision_raw_load_store.hlsl>
BEGIN TEST(S): </Users/cbieneman/dev/DirectXShaderCompiler/tools/clang/test/HLSL/../HLSLFileCheck/hlsl/objects/ByteAddressBuffer/local_res_array2.hlsl>
END TEST(S): </Users/cbieneman/dev/DirectXShaderCompiler/tools/clang/test/HLSL/../HLSLFileCheck/hlsl/objects/ByteAddressBuffer/local_res_array2.hlsl>
BEGIN TEST(S): </Users/cbieneman/dev/DirectXShaderCompiler/tools/clang/test/HLSL/../HLSLFileCheck/hlsl/objects/ByteAddressBuffer/raw_buf2.hlsl>
END TEST(S): </Users/cbieneman/dev/DirectXShaderCompiler/tools/clang/test/HLSL/../HLSLFileCheck/hlsl/objects/ByteAddressBuffer/raw_buf2.hlsl>
BEGIN TEST(S): </Users/cbieneman/dev/DirectXShaderCompiler/tools/clang/test/HLSL/../HLSLFileCheck/hlsl/objects/ByteAddressBuffer/local_res_array.hlsl>
END TEST(S): </Users/cbieneman/dev/DirectXShaderCompiler/tools/clang/test/HLSL/../HLSLFileCheck/hlsl/objects/ByteAddressBuffer/local_res_array.hlsl>
BEGIN TEST(S): </Users/cbieneman/dev/DirectXShaderCompiler/tools/clang/test/HLSL/../HLSLFileCheck/hlsl/objects/ByteAddressBuffer/rwbab_incomplete_mat_store_const_init_zpr.hlsl>
END TEST(S): </Users/cbieneman/dev/DirectXShaderCompiler/tools/clang/test/HLSL/../HLSLFileCheck/hlsl/objects/ByteAddressBuffer/rwbab_incomplete_mat_store_const_init_zpr.hlsl>
BEGIN TEST(S): </Users/cbieneman/dev/DirectXShaderCompiler/tools/clang/test/HLSL/../HLSLFileCheck/hlsl/objects/ByteAddressBuffer/raw_buf3.hlsl>
END TEST(S): </Users/cbieneman/dev/DirectXShaderCompiler/tools/clang/test/HLSL/../HLSLFileCheck/hlsl/objects/ByteAddressBuffer/raw_buf3.hlsl>
BEGIN TEST(S): </Users/cbieneman/dev/DirectXShaderCompiler/tools/clang/test/HLSL/../HLSLFileCheck/hlsl/objects/ByteAddressBuffer/load_type_shapes_sm60.hlsl>
END TEST(S): </Users/cbieneman/dev/DirectXShaderCompiler/tools/clang/test/HLSL/../HLSLFileCheck/hlsl/objects/ByteAddressBuffer/load_type_shapes_sm60.hlsl>
BEGIN TEST(S): </Users/cbieneman/dev/DirectXShaderCompiler/tools/clang/test/HLSL/../HLSLFileCheck/hlsl/objects/ByteAddressBuffer/store_type_shapes.hlsl>
END TEST(S): </Users/cbieneman/dev/DirectXShaderCompiler/tools/clang/test/HLSL/../HLSLFileCheck/hlsl/objects/ByteAddressBuffer/store_type_shapes.hlsl>
BEGIN TEST(S): </Users/cbieneman/dev/DirectXShaderCompiler/tools/clang/test/HLSL/../HLSLFileCheck/hlsl/objects/ByteAddressBuffer/rwbab_store_struct_with_mat_const_init_zpr.hlsl>
END TEST(S): </Users/cbieneman/dev/DirectXShaderCompiler/tools/clang/test/HLSL/../HLSLFileCheck/hlsl/objects/ByteAddressBuffer/rwbab_store_struct_with_mat_const_init_zpr.hlsl>
BEGIN TEST(S): </Users/cbieneman/dev/DirectXShaderCompiler/tools/clang/test/HLSL/../HLSLFileCheck/hlsl/objects/ByteAddressBuffer/raw_buf4.hlsl>
END TEST(S): </Users/cbieneman/dev/DirectXShaderCompiler/tools/clang/test/HLSL/../HLSLFileCheck/hlsl/objects/ByteAddressBuffer/raw_buf4.hlsl>
BEGIN TEST(S): </Users/cbieneman/dev/DirectXShaderCompiler/tools/clang/test/HLSL/../HLSLFileCheck/hlsl/objects/ByteAddressBuffer/uav_raw1.hlsl>
END TEST(S): </Users/cbieneman/dev/DirectXShaderCompiler/tools/clang/test/HLSL/../HLSLFileCheck/hlsl/objects/ByteAddressBuffer/uav_raw1.hlsl>
BEGIN TEST(S): </Users/cbieneman/dev/DirectXShaderCompiler/tools/clang/test/HLSL/../HLSLFileCheck/hlsl/objects/ByteAddressBuffer/raw_buf5.hlsl>
END TEST(S): </Users/cbieneman/dev/DirectXShaderCompiler/tools/clang/test/HLSL/../HLSLFileCheck/hlsl/objects/ByteAddressBuffer/raw_buf5.hlsl>
BEGIN TEST(S): </Users/cbieneman/dev/DirectXShaderCompiler/tools/clang/test/HLSL/../HLSLFileCheck/hlsl/objects/ByteAddressBuffer/rwbab_store_struct_with_mat_zpr.hlsl>
END TEST(S): </Users/cbieneman/dev/DirectXShaderCompiler/tools/clang/test/HLSL/../HLSLFileCheck/hlsl/objects/ByteAddressBuffer/rwbab_store_struct_with_mat_zpr.hlsl>
BEGIN TEST(S): </Users/cbieneman/dev/DirectXShaderCompiler/tools/clang/test/HLSL/../HLSLFileCheck/hlsl/objects/ByteAddressBuffer/store_template_specification.hlsl>
END TEST(S): </Users/cbieneman/dev/DirectXShaderCompiler/tools/clang/test/HLSL/../HLSLFileCheck/hlsl/objects/ByteAddressBuffer/store_template_specification.hlsl>
BEGIN TEST(S): </Users/cbieneman/dev/DirectXShaderCompiler/tools/clang/test/HLSL/../HLSLFileCheck/hlsl/objects/CbufferLegacy/cbufferSize2.hlsl>
END TEST(S): </Users/cbieneman/dev/DirectXShaderCompiler/tools/clang/test/HLSL/../HLSLFileCheck/hlsl/objects/CbufferLegacy/cbufferSize2.hlsl>
BEGIN TEST(S): </Users/cbieneman/dev/DirectXShaderCompiler/tools/clang/test/HLSL/../HLSLFileCheck/hlsl/objects/CbufferLegacy/cbuffer_half_vect_idx.hlsl>
END TEST(S): </Users/cbieneman/dev/DirectXShaderCompiler/tools/clang/test/HLSL/../HLSLFileCheck/hlsl/objects/CbufferLegacy/cbuffer_half_vect_idx.hlsl>
BEGIN TEST(S): </Users/cbieneman/dev/DirectXShaderCompiler/tools/clang/test/HLSL/../HLSLFileCheck/hlsl/objects/CbufferLegacy/cbuffer1.50.hlsl>
END TEST(S): </Users/cbieneman/dev/DirectXShaderCompiler/tools/clang/test/HLSL/../HLSLFileCheck/hlsl/objects/CbufferLegacy/cbuffer1.50.hlsl>
BEGIN TEST(S): </Users/cbieneman/dev/DirectXShaderCompiler/tools/clang/test/HLSL/../HLSLFileCheck/hlsl/objects/CbufferLegacy/cbuffer_unused.hlsl>
END TEST(S): </Users/cbieneman/dev/DirectXShaderCompiler/tools/clang/test/HLSL/../HLSLFileCheck/hlsl/objects/CbufferLegacy/cbuffer_unused.hlsl>
BEGIN TEST(S): </Users/cbieneman/dev/DirectXShaderCompiler/tools/clang/test/HLSL/../HLSLFileCheck/hlsl/objects/CbufferLegacy/vector_subscript_16bit.hlsl>
END TEST(S): </Users/cbieneman/dev/DirectXShaderCompiler/tools/clang/test/HLSL/../HLSLFileCheck/hlsl/objects/CbufferLegacy/vector_subscript_16bit.hlsl>
BEGIN TEST(S): </Users/cbieneman/dev/DirectXShaderCompiler/tools/clang/test/HLSL/../HLSLFileCheck/hlsl/objects/CbufferLegacy/resource-in-cb2.hlsl>
END TEST(S): </Users/cbieneman/dev/DirectXShaderCompiler/tools/clang/test/HLSL/../HLSLFileCheck/hlsl/objects/CbufferLegacy/resource-in-cb2.hlsl>
BEGIN TEST(S): </Users/cbieneman/dev/DirectXShaderCompiler/tools/clang/test/HLSL/../HLSLFileCheck/hlsl/objects/CbufferLegacy/cb_array_mutate2.hlsl>
END TEST(S): </Users/cbieneman/dev/DirectXShaderCompiler/tools/clang/test/HLSL/../HLSLFileCheck/hlsl/objects/CbufferLegacy/cb_array_mutate2.hlsl>
BEGIN TEST(S): </Users/cbieneman/dev/DirectXShaderCompiler/tools/clang/test/HLSL/../HLSLFileCheck/hlsl/objects/CbufferLegacy/RValSubscript.hlsl>
END TEST(S): </Users/cbieneman/dev/DirectXShaderCompiler/tools/clang/test/HLSL/../HLSLFileCheck/hlsl/objects/CbufferLegacy/RValSubscript.hlsl>
BEGIN TEST(S): </Users/cbieneman/dev/DirectXShaderCompiler/tools/clang/test/HLSL/../HLSLFileCheck/hlsl/objects/CbufferLegacy/double4_indexing.hlsl>
END TEST(S): </Users/cbieneman/dev/DirectXShaderCompiler/tools/clang/test/HLSL/../HLSLFileCheck/hlsl/objects/CbufferLegacy/double4_indexing.hlsl>
BEGIN TEST(S): </Users/cbieneman/dev/DirectXShaderCompiler/tools/clang/test/HLSL/../HLSLFileCheck/hlsl/objects/CbufferLegacy/cb_array_mutate3.hlsl>
END TEST(S): </Users/cbieneman/dev/DirectXShaderCompiler/tools/clang/test/HLSL/../HLSLFileCheck/hlsl/objects/CbufferLegacy/cb_array_mutate3.hlsl>
BEGIN TEST(S): </Users/cbieneman/dev/DirectXShaderCompiler/tools/clang/test/HLSL/../HLSLFileCheck/hlsl/objects/CbufferLegacy/resource-in-cb3.hlsl>
END TEST(S): </Users/cbieneman/dev/DirectXShaderCompiler/tools/clang/test/HLSL/../HLSLFileCheck/hlsl/objects/CbufferLegacy/resource-in-cb3.hlsl>
BEGIN TEST(S): </Users/cbieneman/dev/DirectXShaderCompiler/tools/clang/test/HLSL/../HLSLFileCheck/hlsl/objects/CbufferLegacy/dynamic-resources.hlsl>
END TEST(S): </Users/cbieneman/dev/DirectXShaderCompiler/tools/clang/test/HLSL/../HLSLFileCheck/hlsl/objects/CbufferLegacy/dynamic-resources.hlsl>
BEGIN TEST(S): </Users/cbieneman/dev/DirectXShaderCompiler/tools/clang/test/HLSL/../HLSLFileCheck/hlsl/objects/CbufferLegacy/vector_subscript_error.hlsl>
END TEST(S): </Users/cbieneman/dev/DirectXShaderCompiler/tools/clang/test/HLSL/../HLSLFileCheck/hlsl/objects/CbufferLegacy/vector_subscript_error.hlsl>
BEGIN TEST(S): </Users/cbieneman/dev/DirectXShaderCompiler/tools/clang/test/HLSL/../HLSLFileCheck/hlsl/objects/CbufferLegacy/cb_array.hlsl>
END TEST(S): </Users/cbieneman/dev/DirectXShaderCompiler/tools/clang/test/HLSL/../HLSLFileCheck/hlsl/objects/CbufferLegacy/cb_array.hlsl>
BEGIN TEST(S): </Users/cbieneman/dev/DirectXShaderCompiler/tools/clang/test/HLSL/../HLSLFileCheck/hlsl/objects/CbufferLegacy/cbuffer1.51.hlsl>
END TEST(S): </Users/cbieneman/dev/DirectXShaderCompiler/tools/clang/test/HLSL/../HLSLFileCheck/hlsl/objects/CbufferLegacy/cbuffer1.51.hlsl>
BEGIN TEST(S): </Users/cbieneman/dev/DirectXShaderCompiler/tools/clang/test/HLSL/../HLSLFileCheck/hlsl/objects/CbufferLegacy/cbuffer_fn.hlsl>
END TEST(S): </Users/cbieneman/dev/DirectXShaderCompiler/tools/clang/test/HLSL/../HLSLFileCheck/hlsl/objects/CbufferLegacy/cbuffer_fn.hlsl>
BEGIN TEST(S): </Users/cbieneman/dev/DirectXShaderCompiler/tools/clang/test/HLSL/../HLSLFileCheck/hlsl/objects/CbufferLegacy/cbuffer_copy4.hlsl>
END TEST(S): </Users/cbieneman/dev/DirectXShaderCompiler/tools/clang/test/HLSL/../HLSLFileCheck/hlsl/objects/CbufferLegacy/cbuffer_copy4.hlsl>
BEGIN TEST(S): </Users/cbieneman/dev/DirectXShaderCompiler/tools/clang/test/HLSL/../HLSLFileCheck/hlsl/objects/CbufferLegacy/cbufferSize3.hlsl>
END TEST(S): </Users/cbieneman/dev/DirectXShaderCompiler/tools/clang/test/HLSL/../HLSLFileCheck/hlsl/objects/CbufferLegacy/cbufferSize3.hlsl>
BEGIN TEST(S): </Users/cbieneman/dev/DirectXShaderCompiler/tools/clang/test/HLSL/../HLSLFileCheck/hlsl/objects/CbufferLegacy/globals_buffer_register_annotation.hlsl>
END TEST(S): </Users/cbieneman/dev/DirectXShaderCompiler/tools/clang/test/HLSL/../HLSLFileCheck/hlsl/objects/CbufferLegacy/globals_buffer_register_annotation.hlsl>
BEGIN TEST(S): </Users/cbieneman/dev/DirectXShaderCompiler/tools/clang/test/HLSL/../HLSLFileCheck/hlsl/objects/CbufferLegacy/write_const_debug_info.hlsl>
END TEST(S): </Users/cbieneman/dev/DirectXShaderCompiler/tools/clang/test/HLSL/../HLSLFileCheck/hlsl/objects/CbufferLegacy/write_const_debug_info.hlsl>
BEGIN TEST(S): </Users/cbieneman/dev/DirectXShaderCompiler/tools/clang/test/HLSL/../HLSLFileCheck/hlsl/objects/CbufferLegacy/vector_subscript_16bit_error.hlsl>
END TEST(S): </Users/cbieneman/dev/DirectXShaderCompiler/tools/clang/test/HLSL/../HLSLFileCheck/hlsl/objects/CbufferLegacy/vector_subscript_16bit_error.hlsl>
BEGIN TEST(S): </Users/cbieneman/dev/DirectXShaderCompiler/tools/clang/test/HLSL/../HLSLFileCheck/hlsl/objects/CbufferLegacy/resource-in-cb4.hlsl>
END TEST(S): </Users/cbieneman/dev/DirectXShaderCompiler/tools/clang/test/HLSL/../HLSLFileCheck/hlsl/objects/CbufferLegacy/resource-in-cb4.hlsl>
BEGIN TEST(S): </Users/cbieneman/dev/DirectXShaderCompiler/tools/clang/test/HLSL/../HLSLFileCheck/hlsl/objects/CbufferLegacy/cbufferMinPrec.hlsl>
END TEST(S): </Users/cbieneman/dev/DirectXShaderCompiler/tools/clang/test/HLSL/../HLSLFileCheck/hlsl/objects/CbufferLegacy/cbufferMinPrec.hlsl>
BEGIN TEST(S): </Users/cbieneman/dev/DirectXShaderCompiler/tools/clang/test/HLSL/../HLSLFileCheck/hlsl/objects/CbufferLegacy/array1.hlsl>
END TEST(S): </Users/cbieneman/dev/DirectXShaderCompiler/tools/clang/test/HLSL/../HLSLFileCheck/hlsl/objects/CbufferLegacy/array1.hlsl>
BEGIN TEST(S): </Users/cbieneman/dev/DirectXShaderCompiler/tools/clang/test/HLSL/../HLSLFileCheck/hlsl/objects/CbufferLegacy/legacy_struct.hlsl>
END TEST(S): </Users/cbieneman/dev/DirectXShaderCompiler/tools/clang/test/HLSL/../HLSLFileCheck/hlsl/objects/CbufferLegacy/legacy_struct.hlsl>
BEGIN TEST(S): </Users/cbieneman/dev/DirectXShaderCompiler/tools/clang/test/HLSL/../HLSLFileCheck/hlsl/objects/CbufferLegacy/cbufferSize4.hlsl>
END TEST(S): </Users/cbieneman/dev/DirectXShaderCompiler/tools/clang/test/HLSL/../HLSLFileCheck/hlsl/objects/CbufferLegacy/cbufferSize4.hlsl>
BEGIN TEST(S): </Users/cbieneman/dev/DirectXShaderCompiler/tools/clang/test/HLSL/../HLSLFileCheck/hlsl/objects/CbufferLegacy/cbufferInt16.hlsl>
END TEST(S): </Users/cbieneman/dev/DirectXShaderCompiler/tools/clang/test/HLSL/../HLSLFileCheck/hlsl/objects/CbufferLegacy/cbufferInt16.hlsl>
BEGIN TEST(S): </Users/cbieneman/dev/DirectXShaderCompiler/tools/clang/test/HLSL/../HLSLFileCheck/hlsl/objects/CbufferLegacy/cbuffer_copy3.hlsl>
END TEST(S): </Users/cbieneman/dev/DirectXShaderCompiler/tools/clang/test/HLSL/../HLSLFileCheck/hlsl/objects/CbufferLegacy/cbuffer_copy3.hlsl>
BEGIN TEST(S): </Users/cbieneman/dev/DirectXShaderCompiler/tools/clang/test/HLSL/../HLSLFileCheck/hlsl/objects/CbufferLegacy/cbuffer3.51.hlsl>
END TEST(S): </Users/cbieneman/dev/DirectXShaderCompiler/tools/clang/test/HLSL/../HLSLFileCheck/hlsl/objects/CbufferLegacy/cbuffer3.51.hlsl>
BEGIN TEST(S): </Users/cbieneman/dev/DirectXShaderCompiler/tools/clang/test/HLSL/../HLSLFileCheck/hlsl/objects/CbufferLegacy/cbuffer64Types.hlsl>
END TEST(S): </Users/cbieneman/dev/DirectXShaderCompiler/tools/clang/test/HLSL/../HLSLFileCheck/hlsl/objects/CbufferLegacy/cbuffer64Types.hlsl>
BEGIN TEST(S): </Users/cbieneman/dev/DirectXShaderCompiler/tools/clang/test/HLSL/../HLSLFileCheck/hlsl/objects/CbufferLegacy/cbuffer2.50.hlsl>
END TEST(S): </Users/cbieneman/dev/DirectXShaderCompiler/tools/clang/test/HLSL/../HLSLFileCheck/hlsl/objects/CbufferLegacy/cbuffer2.50.hlsl>
BEGIN TEST(S): </Users/cbieneman/dev/DirectXShaderCompiler/tools/clang/test/HLSL/../HLSLFileCheck/hlsl/objects/CbufferLegacy/resource-in-cb.hlsl>
END TEST(S): </Users/cbieneman/dev/DirectXShaderCompiler/tools/clang/test/HLSL/../HLSLFileCheck/hlsl/objects/CbufferLegacy/resource-in-cb.hlsl>
BEGIN TEST(S): </Users/cbieneman/dev/DirectXShaderCompiler/tools/clang/test/HLSL/../HLSLFileCheck/hlsl/objects/CbufferLegacy/cbufferInt16-struct.hlsl>
END TEST(S): </Users/cbieneman/dev/DirectXShaderCompiler/tools/clang/test/HLSL/../HLSLFileCheck/hlsl/objects/CbufferLegacy/cbufferInt16-struct.hlsl>
BEGIN TEST(S): </Users/cbieneman/dev/DirectXShaderCompiler/tools/clang/test/HLSL/../HLSLFileCheck/hlsl/objects/CbufferLegacy/cbuffer2.51.hlsl>
END TEST(S): </Users/cbieneman/dev/DirectXShaderCompiler/tools/clang/test/HLSL/../HLSLFileCheck/hlsl/objects/CbufferLegacy/cbuffer2.51.hlsl>
BEGIN TEST(S): </Users/cbieneman/dev/DirectXShaderCompiler/tools/clang/test/HLSL/../HLSLFileCheck/hlsl/objects/CbufferLegacy/vec_indexing_with_offset.hlsl>
END TEST(S): </Users/cbieneman/dev/DirectXShaderCompiler/tools/clang/test/HLSL/../HLSLFileCheck/hlsl/objects/CbufferLegacy/vec_indexing_with_offset.hlsl>
BEGIN TEST(S): </Users/cbieneman/dev/DirectXShaderCompiler/tools/clang/test/HLSL/../HLSLFileCheck/hlsl/objects/CbufferLegacy/cbuffer_unused2.hlsl>
END TEST(S): </Users/cbieneman/dev/DirectXShaderCompiler/tools/clang/test/HLSL/../HLSLFileCheck/hlsl/objects/CbufferLegacy/cbuffer_unused2.hlsl>
BEGIN TEST(S): </Users/cbieneman/dev/DirectXShaderCompiler/tools/clang/test/HLSL/../HLSLFileCheck/hlsl/objects/CbufferLegacy/cbuffer3.50.hlsl>
END TEST(S): </Users/cbieneman/dev/DirectXShaderCompiler/tools/clang/test/HLSL/../HLSLFileCheck/hlsl/objects/CbufferLegacy/cbuffer3.50.hlsl>
BEGIN TEST(S): </Users/cbieneman/dev/DirectXShaderCompiler/tools/clang/test/HLSL/../HLSLFileCheck/hlsl/objects/CbufferLegacy/cbuffer_copy2.hlsl>
END TEST(S): </Users/cbieneman/dev/DirectXShaderCompiler/tools/clang/test/HLSL/../HLSLFileCheck/hlsl/objects/CbufferLegacy/cbuffer_copy2.hlsl>
BEGIN TEST(S): </Users/cbieneman/dev/DirectXShaderCompiler/tools/clang/test/HLSL/../HLSLFileCheck/hlsl/objects/CbufferLegacy/cbufferSize5.hlsl>
END TEST(S): </Users/cbieneman/dev/DirectXShaderCompiler/tools/clang/test/HLSL/../HLSLFileCheck/hlsl/objects/CbufferLegacy/cbufferSize5.hlsl>
BEGIN TEST(S): </Users/cbieneman/dev/DirectXShaderCompiler/tools/clang/test/HLSL/../HLSLFileCheck/hlsl/objects/CbufferLegacy/cbv_array_update.hlsl>
END TEST(S): </Users/cbieneman/dev/DirectXShaderCompiler/tools/clang/test/HLSL/../HLSLFileCheck/hlsl/objects/CbufferLegacy/cbv_array_update.hlsl>
BEGIN TEST(S): </Users/cbieneman/dev/DirectXShaderCompiler/tools/clang/test/HLSL/../HLSLFileCheck/hlsl/objects/CbufferLegacy/constantbuffer_wrong_conversion.hlsl>
END TEST(S): </Users/cbieneman/dev/DirectXShaderCompiler/tools/clang/test/HLSL/../HLSLFileCheck/hlsl/objects/CbufferLegacy/constantbuffer_wrong_conversion.hlsl>
BEGIN TEST(S): </Users/cbieneman/dev/DirectXShaderCompiler/tools/clang/test/HLSL/../HLSLFileCheck/hlsl/objects/CbufferLegacy/cbufferAlloc_legacy.hlsl>
END TEST(S): </Users/cbieneman/dev/DirectXShaderCompiler/tools/clang/test/HLSL/../HLSLFileCheck/hlsl/objects/CbufferLegacy/cbufferAlloc_legacy.hlsl>
BEGIN TEST(S): </Users/cbieneman/dev/DirectXShaderCompiler/tools/clang/test/HLSL/../HLSLFileCheck/hlsl/objects/CbufferLegacy/vector_subscript.hlsl>
END TEST(S): </Users/cbieneman/dev/DirectXShaderCompiler/tools/clang/test/HLSL/../HLSLFileCheck/hlsl/objects/CbufferLegacy/vector_subscript.hlsl>
BEGIN TEST(S): </Users/cbieneman/dev/DirectXShaderCompiler/tools/clang/test/HLSL/../HLSLFileCheck/hlsl/objects/CbufferLegacy/cbuffer-struct.hlsl>
END TEST(S): </Users/cbieneman/dev/DirectXShaderCompiler/tools/clang/test/HLSL/../HLSLFileCheck/hlsl/objects/CbufferLegacy/cbuffer-struct.hlsl>
BEGIN TEST(S): </Users/cbieneman/dev/DirectXShaderCompiler/tools/clang/test/HLSL/../HLSLFileCheck/hlsl/objects/CbufferLegacy/constantbuffer_array.hlsl>
END TEST(S): </Users/cbieneman/dev/DirectXShaderCompiler/tools/clang/test/HLSL/../HLSLFileCheck/hlsl/objects/CbufferLegacy/constantbuffer_array.hlsl>
BEGIN TEST(S): </Users/cbieneman/dev/DirectXShaderCompiler/tools/clang/test/HLSL/../HLSLFileCheck/hlsl/objects/CbufferLegacy/cbuffer_fn_copy.hlsl>
END TEST(S): </Users/cbieneman/dev/DirectXShaderCompiler/tools/clang/test/HLSL/../HLSLFileCheck/hlsl/objects/CbufferLegacy/cbuffer_fn_copy.hlsl>
BEGIN TEST(S): </Users/cbieneman/dev/DirectXShaderCompiler/tools/clang/test/HLSL/../HLSLFileCheck/hlsl/objects/CbufferLegacy/int_const_init.hlsl>
END TEST(S): </Users/cbieneman/dev/DirectXShaderCompiler/tools/clang/test/HLSL/../HLSLFileCheck/hlsl/objects/CbufferLegacy/int_const_init.hlsl>
BEGIN TEST(S): </Users/cbieneman/dev/DirectXShaderCompiler/tools/clang/test/HLSL/../HLSLFileCheck/hlsl/objects/CbufferLegacy/cbuffer_copy1.hlsl>
END TEST(S): </Users/cbieneman/dev/DirectXShaderCompiler/tools/clang/test/HLSL/../HLSLFileCheck/hlsl/objects/CbufferLegacy/cbuffer_copy1.hlsl>
BEGIN TEST(S): </Users/cbieneman/dev/DirectXShaderCompiler/tools/clang/test/HLSL/../HLSLFileCheck/hlsl/objects/CbufferLegacy/const_init.hlsl>
END TEST(S): </Users/cbieneman/dev/DirectXShaderCompiler/tools/clang/test/HLSL/../HLSLFileCheck/hlsl/objects/CbufferLegacy/const_init.hlsl>
BEGIN TEST(S): </Users/cbieneman/dev/DirectXShaderCompiler/tools/clang/test/HLSL/../HLSLFileCheck/hlsl/objects/CbufferLegacy/cbufferSize6.hlsl>
END TEST(S): </Users/cbieneman/dev/DirectXShaderCompiler/tools/clang/test/HLSL/../HLSLFileCheck/hlsl/objects/CbufferLegacy/cbufferSize6.hlsl>
BEGIN TEST(S): </Users/cbieneman/dev/DirectXShaderCompiler/tools/clang/test/HLSL/../HLSLFileCheck/hlsl/objects/CbufferLegacy/ctbuf.hlsl>
END TEST(S): </Users/cbieneman/dev/DirectXShaderCompiler/tools/clang/test/HLSL/../HLSLFileCheck/hlsl/objects/CbufferLegacy/ctbuf.hlsl>
BEGIN TEST(S): </Users/cbieneman/dev/DirectXShaderCompiler/tools/clang/test/HLSL/../HLSLFileCheck/hlsl/objects/CbufferLegacy/cbuffer_copy.hlsl>
END TEST(S): </Users/cbieneman/dev/DirectXShaderCompiler/tools/clang/test/HLSL/../HLSLFileCheck/hlsl/objects/CbufferLegacy/cbuffer_copy.hlsl>
BEGIN TEST(S): </Users/cbieneman/dev/DirectXShaderCompiler/tools/clang/test/HLSL/../HLSLFileCheck/hlsl/objects/CbufferLegacy/vec_indexing_with_offset_16bit.hlsl>
END TEST(S): </Users/cbieneman/dev/DirectXShaderCompiler/tools/clang/test/HLSL/../HLSLFileCheck/hlsl/objects/CbufferLegacy/vec_indexing_with_offset_16bit.hlsl>
BEGIN TEST(S): </Users/cbieneman/dev/DirectXShaderCompiler/tools/clang/test/HLSL/../HLSLFileCheck/hlsl/objects/CbufferLegacy/cbuffer6.51.hlsl>
END TEST(S): </Users/cbieneman/dev/DirectXShaderCompiler/tools/clang/test/HLSL/../HLSLFileCheck/hlsl/objects/CbufferLegacy/cbuffer6.51.hlsl>
BEGIN TEST(S): </Users/cbieneman/dev/DirectXShaderCompiler/tools/clang/test/HLSL/../HLSLFileCheck/hlsl/objects/CbufferLegacy/vector_subscript_error_noscope.hlsl>
END TEST(S): </Users/cbieneman/dev/DirectXShaderCompiler/tools/clang/test/HLSL/../HLSLFileCheck/hlsl/objects/CbufferLegacy/vector_subscript_error_noscope.hlsl>
BEGIN TEST(S): </Users/cbieneman/dev/DirectXShaderCompiler/tools/clang/test/HLSL/../HLSLFileCheck/hlsl/objects/CbufferLegacy/cbufer_init_not_ice.hlsl>
END TEST(S): </Users/cbieneman/dev/DirectXShaderCompiler/tools/clang/test/HLSL/../HLSLFileCheck/hlsl/objects/CbufferLegacy/cbufer_init_not_ice.hlsl>
BEGIN TEST(S): </Users/cbieneman/dev/DirectXShaderCompiler/tools/clang/test/HLSL/../HLSLFileCheck/hlsl/objects/CbufferLegacy/cbufferOffset.hlsl>
END TEST(S): </Users/cbieneman/dev/DirectXShaderCompiler/tools/clang/test/HLSL/../HLSLFileCheck/hlsl/objects/CbufferLegacy/cbufferOffset.hlsl>
BEGIN TEST(S): </Users/cbieneman/dev/DirectXShaderCompiler/tools/clang/test/HLSL/../HLSLFileCheck/hlsl/objects/CbufferLegacy/cbufferHalf-struct.hlsl>
END TEST(S): </Users/cbieneman/dev/DirectXShaderCompiler/tools/clang/test/HLSL/../HLSLFileCheck/hlsl/objects/CbufferLegacy/cbufferHalf-struct.hlsl>
BEGIN TEST(S): </Users/cbieneman/dev/DirectXShaderCompiler/tools/clang/test/HLSL/../HLSLFileCheck/hlsl/objects/CbufferLegacy/mat_row_dyn_cb.hlsl>
END TEST(S): </Users/cbieneman/dev/DirectXShaderCompiler/tools/clang/test/HLSL/../HLSLFileCheck/hlsl/objects/CbufferLegacy/mat_row_dyn_cb.hlsl>
BEGIN TEST(S): </Users/cbieneman/dev/DirectXShaderCompiler/tools/clang/test/HLSL/../HLSLFileCheck/hlsl/objects/CbufferLegacy/cb_array_mutate.hlsl>
END TEST(S): </Users/cbieneman/dev/DirectXShaderCompiler/tools/clang/test/HLSL/../HLSLFileCheck/hlsl/objects/CbufferLegacy/cb_array_mutate.hlsl>
BEGIN TEST(S): </Users/cbieneman/dev/DirectXShaderCompiler/tools/clang/test/HLSL/../HLSLFileCheck/hlsl/objects/CbufferLegacy/cbuffer_default_val.hlsl>
END TEST(S): </Users/cbieneman/dev/DirectXShaderCompiler/tools/clang/test/HLSL/../HLSLFileCheck/hlsl/objects/CbufferLegacy/cbuffer_default_val.hlsl>
BEGIN TEST(S): </Users/cbieneman/dev/DirectXShaderCompiler/tools/clang/test/HLSL/../HLSLFileCheck/hlsl/objects/CbufferLegacy/layout.hlsl>
END TEST(S): </Users/cbieneman/dev/DirectXShaderCompiler/tools/clang/test/HLSL/../HLSLFileCheck/hlsl/objects/CbufferLegacy/layout.hlsl>
BEGIN TEST(S): </Users/cbieneman/dev/DirectXShaderCompiler/tools/clang/test/HLSL/../HLSLFileCheck/hlsl/objects/CbufferLegacy/local_constant.hlsl>
END TEST(S): </Users/cbieneman/dev/DirectXShaderCompiler/tools/clang/test/HLSL/../HLSLFileCheck/hlsl/objects/CbufferLegacy/local_constant.hlsl>
BEGIN TEST(S): </Users/cbieneman/dev/DirectXShaderCompiler/tools/clang/test/HLSL/../HLSLFileCheck/hlsl/objects/CbufferLegacy/cbuffer-structarray.hlsl>
END TEST(S): </Users/cbieneman/dev/DirectXShaderCompiler/tools/clang/test/HLSL/../HLSLFileCheck/hlsl/objects/CbufferLegacy/cbuffer-structarray.hlsl>
BEGIN TEST(S): </Users/cbieneman/dev/DirectXShaderCompiler/tools/clang/test/HLSL/../HLSLFileCheck/hlsl/objects/CbufferLegacy/cbufferSize1.hlsl>
END TEST(S): </Users/cbieneman/dev/DirectXShaderCompiler/tools/clang/test/HLSL/../HLSLFileCheck/hlsl/objects/CbufferLegacy/cbufferSize1.hlsl>
BEGIN TEST(S): </Users/cbieneman/dev/DirectXShaderCompiler/tools/clang/test/HLSL/../HLSLFileCheck/hlsl/objects/CbufferLegacy/cbufferHalf.hlsl>
END TEST(S): </Users/cbieneman/dev/DirectXShaderCompiler/tools/clang/test/HLSL/../HLSLFileCheck/hlsl/objects/CbufferLegacy/cbufferHalf.hlsl>
BEGIN TEST(S): </Users/cbieneman/dev/DirectXShaderCompiler/tools/clang/test/HLSL/../HLSLFileCheck/hlsl/objects/CbufferLegacy/cbuffer5.51.hlsl>
END TEST(S): </Users/cbieneman/dev/DirectXShaderCompiler/tools/clang/test/HLSL/../HLSLFileCheck/hlsl/objects/CbufferLegacy/cbuffer5.51.hlsl>
BEGIN TEST(S): </Users/cbieneman/dev/DirectXShaderCompiler/tools/clang/test/HLSL/../HLSLFileCheck/hlsl/objects/Tbuffer/resource-in-tb.hlsl>
END TEST(S): </Users/cbieneman/dev/DirectXShaderCompiler/tools/clang/test/HLSL/../HLSLFileCheck/hlsl/objects/Tbuffer/resource-in-tb.hlsl>
BEGIN TEST(S): </Users/cbieneman/dev/DirectXShaderCompiler/tools/clang/test/HLSL/../HLSLFileCheck/hlsl/objects/Tbuffer/resource-in-tb2.hlsl>
END TEST(S): </Users/cbieneman/dev/DirectXShaderCompiler/tools/clang/test/HLSL/../HLSLFileCheck/hlsl/objects/Tbuffer/resource-in-tb2.hlsl>
BEGIN TEST(S): </Users/cbieneman/dev/DirectXShaderCompiler/tools/clang/test/HLSL/../HLSLFileCheck/hlsl/objects/Scenarios/glc-dynamic-return.hlsl>
END TEST(S): </Users/cbieneman/dev/DirectXShaderCompiler/tools/clang/test/HLSL/../HLSLFileCheck/hlsl/objects/Scenarios/glc-dynamic-return.hlsl>
BEGIN TEST(S): </Users/cbieneman/dev/DirectXShaderCompiler/tools/clang/test/HLSL/../HLSLFileCheck/hlsl/objects/Scenarios/unbounded-resource-arrays.hlsl>
END TEST(S): </Users/cbieneman/dev/DirectXShaderCompiler/tools/clang/test/HLSL/../HLSLFileCheck/hlsl/objects/Scenarios/unbounded-resource-arrays.hlsl>
BEGIN TEST(S): </Users/cbieneman/dev/DirectXShaderCompiler/tools/clang/test/HLSL/../HLSLFileCheck/hlsl/objects/Texture/createHandle_multi.hlsl>
END TEST(S): </Users/cbieneman/dev/DirectXShaderCompiler/tools/clang/test/HLSL/../HLSLFileCheck/hlsl/objects/Texture/createHandle_multi.hlsl>
BEGIN TEST(S): </Users/cbieneman/dev/DirectXShaderCompiler/tools/clang/test/HLSL/../HLSLFileCheck/hlsl/objects/Texture/convergent.hlsl>
END TEST(S): </Users/cbieneman/dev/DirectXShaderCompiler/tools/clang/test/HLSL/../HLSLFileCheck/hlsl/objects/Texture/convergent.hlsl>
BEGIN TEST(S): </Users/cbieneman/dev/DirectXShaderCompiler/tools/clang/test/HLSL/../HLSLFileCheck/hlsl/objects/Texture/uav_typed_store.hlsl>
END TEST(S): </Users/cbieneman/dev/DirectXShaderCompiler/tools/clang/test/HLSL/../HLSLFileCheck/hlsl/objects/Texture/uav_typed_store.hlsl>
BEGIN TEST(S): </Users/cbieneman/dev/DirectXShaderCompiler/tools/clang/test/HLSL/../HLSLFileCheck/hlsl/objects/Texture/local_resource1.hlsl>
END TEST(S): </Users/cbieneman/dev/DirectXShaderCompiler/tools/clang/test/HLSL/../HLSLFileCheck/hlsl/objects/Texture/local_resource1.hlsl>
BEGIN TEST(S): </Users/cbieneman/dev/DirectXShaderCompiler/tools/clang/test/HLSL/../HLSLFileCheck/hlsl/objects/Texture/extern_res.hlsl>
END TEST(S): </Users/cbieneman/dev/DirectXShaderCompiler/tools/clang/test/HLSL/../HLSLFileCheck/hlsl/objects/Texture/extern_res.hlsl>
BEGIN TEST(S): </Users/cbieneman/dev/DirectXShaderCompiler/tools/clang/test/HLSL/../HLSLFileCheck/hlsl/objects/Texture/gather_raw_badtypes.hlsl>
END TEST(S): </Users/cbieneman/dev/DirectXShaderCompiler/tools/clang/test/HLSL/../HLSLFileCheck/hlsl/objects/Texture/gather_raw_badtypes.hlsl>
BEGIN TEST(S): </Users/cbieneman/dev/DirectXShaderCompiler/tools/clang/test/HLSL/../HLSLFileCheck/hlsl/objects/Texture/texture_16bittypes.hlsl>
END TEST(S): </Users/cbieneman/dev/DirectXShaderCompiler/tools/clang/test/HLSL/../HLSLFileCheck/hlsl/objects/Texture/texture_16bittypes.hlsl>
BEGIN TEST(S): </Users/cbieneman/dev/DirectXShaderCompiler/tools/clang/test/HLSL/../HLSLFileCheck/hlsl/objects/Texture/gather.hlsl>
END TEST(S): </Users/cbieneman/dev/DirectXShaderCompiler/tools/clang/test/HLSL/../HLSLFileCheck/hlsl/objects/Texture/gather.hlsl>
BEGIN TEST(S): </Users/cbieneman/dev/DirectXShaderCompiler/tools/clang/test/HLSL/../HLSLFileCheck/hlsl/objects/Texture/sampleCmpL.hlsl>
END TEST(S): </Users/cbieneman/dev/DirectXShaderCompiler/tools/clang/test/HLSL/../HLSLFileCheck/hlsl/objects/Texture/sampleCmpL.hlsl>
BEGIN TEST(S): </Users/cbieneman/dev/DirectXShaderCompiler/tools/clang/test/HLSL/../HLSLFileCheck/hlsl/objects/Texture/sample1.hlsl>
END TEST(S): </Users/cbieneman/dev/DirectXShaderCompiler/tools/clang/test/HLSL/../HLSLFileCheck/hlsl/objects/Texture/sample1.hlsl>
BEGIN TEST(S): </Users/cbieneman/dev/DirectXShaderCompiler/tools/clang/test/HLSL/../HLSLFileCheck/hlsl/objects/Texture/TexSubscript.hlsl>
END TEST(S): </Users/cbieneman/dev/DirectXShaderCompiler/tools/clang/test/HLSL/../HLSLFileCheck/hlsl/objects/Texture/TexSubscript.hlsl>
BEGIN TEST(S): </Users/cbieneman/dev/DirectXShaderCompiler/tools/clang/test/HLSL/../HLSLFileCheck/hlsl/objects/Texture/local_resource7_dbg.hlsl>
END TEST(S): </Users/cbieneman/dev/DirectXShaderCompiler/tools/clang/test/HLSL/../HLSLFileCheck/hlsl/objects/Texture/local_resource7_dbg.hlsl>
BEGIN TEST(S): </Users/cbieneman/dev/DirectXShaderCompiler/tools/clang/test/HLSL/../HLSLFileCheck/hlsl/objects/Texture/gatherCmp.hlsl>
END TEST(S): </Users/cbieneman/dev/DirectXShaderCompiler/tools/clang/test/HLSL/../HLSLFileCheck/hlsl/objects/Texture/gatherCmp.hlsl>
BEGIN TEST(S): </Users/cbieneman/dev/DirectXShaderCompiler/tools/clang/test/HLSL/../HLSLFileCheck/hlsl/objects/Texture/derivatives_in_csmsas.hlsl>
END TEST(S): </Users/cbieneman/dev/DirectXShaderCompiler/tools/clang/test/HLSL/../HLSLFileCheck/hlsl/objects/Texture/derivatives_in_csmsas.hlsl>
BEGIN TEST(S): </Users/cbieneman/dev/DirectXShaderCompiler/tools/clang/test/HLSL/../HLSLFileCheck/hlsl/objects/Texture/gather_cs.hlsl>
END TEST(S): </Users/cbieneman/dev/DirectXShaderCompiler/tools/clang/test/HLSL/../HLSLFileCheck/hlsl/objects/Texture/gather_cs.hlsl>
BEGIN TEST(S): </Users/cbieneman/dev/DirectXShaderCompiler/tools/clang/test/HLSL/../HLSLFileCheck/hlsl/objects/Texture/uav_typed_load_store3.hlsl>
END TEST(S): </Users/cbieneman/dev/DirectXShaderCompiler/tools/clang/test/HLSL/../HLSLFileCheck/hlsl/objects/Texture/uav_typed_load_store3.hlsl>
BEGIN TEST(S): </Users/cbieneman/dev/DirectXShaderCompiler/tools/clang/test/HLSL/../HLSLFileCheck/hlsl/objects/Texture/local_resource7.hlsl>
END TEST(S): </Users/cbieneman/dev/DirectXShaderCompiler/tools/clang/test/HLSL/../HLSLFileCheck/hlsl/objects/Texture/local_resource7.hlsl>
BEGIN TEST(S): </Users/cbieneman/dev/DirectXShaderCompiler/tools/clang/test/HLSL/../HLSLFileCheck/hlsl/objects/Texture/sampleCmpLZ.hlsl>
END TEST(S): </Users/cbieneman/dev/DirectXShaderCompiler/tools/clang/test/HLSL/../HLSLFileCheck/hlsl/objects/Texture/sampleCmpLZ.hlsl>
BEGIN TEST(S): </Users/cbieneman/dev/DirectXShaderCompiler/tools/clang/test/HLSL/../HLSLFileCheck/hlsl/objects/Texture/gatherOffset2.hlsl>
END TEST(S): </Users/cbieneman/dev/DirectXShaderCompiler/tools/clang/test/HLSL/../HLSLFileCheck/hlsl/objects/Texture/gatherOffset2.hlsl>
BEGIN TEST(S): </Users/cbieneman/dev/DirectXShaderCompiler/tools/clang/test/HLSL/../HLSLFileCheck/hlsl/objects/Texture/SampleCmpBias.hlsl>
Run result is not zero
END TEST(S): </Users/cbieneman/dev/DirectXShaderCompiler/tools/clang/test/HLSL/../HLSLFileCheck/hlsl/objects/Texture/SampleCmpBias.hlsl>
BEGIN TEST(S): </Users/cbieneman/dev/DirectXShaderCompiler/tools/clang/test/HLSL/../HLSLFileCheck/hlsl/objects/Texture/gather_raw.hlsl>
END TEST(S): </Users/cbieneman/dev/DirectXShaderCompiler/tools/clang/test/HLSL/../HLSLFileCheck/hlsl/objects/Texture/gather_raw.hlsl>
BEGIN TEST(S): </Users/cbieneman/dev/DirectXShaderCompiler/tools/clang/test/HLSL/../HLSLFileCheck/hlsl/objects/Texture/res_in_struct.hlsl>
END TEST(S): </Users/cbieneman/dev/DirectXShaderCompiler/tools/clang/test/HLSL/../HLSLFileCheck/hlsl/objects/Texture/res_in_struct.hlsl>
BEGIN TEST(S): </Users/cbieneman/dev/DirectXShaderCompiler/tools/clang/test/HLSL/../HLSLFileCheck/hlsl/objects/Texture/sampleCmpLZ2.hlsl>
END TEST(S): </Users/cbieneman/dev/DirectXShaderCompiler/tools/clang/test/HLSL/../HLSLFileCheck/hlsl/objects/Texture/sampleCmpLZ2.hlsl>
BEGIN TEST(S): </Users/cbieneman/dev/DirectXShaderCompiler/tools/clang/test/HLSL/../HLSLFileCheck/hlsl/objects/Texture/srv_ms_load1.hlsl>
END TEST(S): </Users/cbieneman/dev/DirectXShaderCompiler/tools/clang/test/HLSL/../HLSLFileCheck/hlsl/objects/Texture/srv_ms_load1.hlsl>
BEGIN TEST(S): </Users/cbieneman/dev/DirectXShaderCompiler/tools/clang/test/HLSL/../HLSLFileCheck/hlsl/objects/Texture/texture_of_array_error.hlsl>
END TEST(S): </Users/cbieneman/dev/DirectXShaderCompiler/tools/clang/test/HLSL/../HLSLFileCheck/hlsl/objects/Texture/texture_of_array_error.hlsl>
BEGIN TEST(S): </Users/cbieneman/dev/DirectXShaderCompiler/tools/clang/test/HLSL/../HLSLFileCheck/hlsl/objects/Texture/cube_gather.hlsl>
END TEST(S): </Users/cbieneman/dev/DirectXShaderCompiler/tools/clang/test/HLSL/../HLSLFileCheck/hlsl/objects/Texture/cube_gather.hlsl>
BEGIN TEST(S): </Users/cbieneman/dev/DirectXShaderCompiler/tools/clang/test/HLSL/../HLSLFileCheck/hlsl/objects/Texture/sample_kwd.hlsl>
END TEST(S): </Users/cbieneman/dev/DirectXShaderCompiler/tools/clang/test/HLSL/../HLSLFileCheck/hlsl/objects/Texture/sample_kwd.hlsl>
BEGIN TEST(S): </Users/cbieneman/dev/DirectXShaderCompiler/tools/clang/test/HLSL/../HLSLFileCheck/hlsl/objects/Texture/gatherOffset.hlsl>
END TEST(S): </Users/cbieneman/dev/DirectXShaderCompiler/tools/clang/test/HLSL/../HLSLFileCheck/hlsl/objects/Texture/gatherOffset.hlsl>
BEGIN TEST(S): </Users/cbieneman/dev/DirectXShaderCompiler/tools/clang/test/HLSL/../HLSLFileCheck/hlsl/objects/Texture/resPhi2.hlsl>
END TEST(S): </Users/cbieneman/dev/DirectXShaderCompiler/tools/clang/test/HLSL/../HLSLFileCheck/hlsl/objects/Texture/resPhi2.hlsl>
BEGIN TEST(S): </Users/cbieneman/dev/DirectXShaderCompiler/tools/clang/test/HLSL/../HLSLFileCheck/hlsl/objects/Texture/assign_texture_error.hlsl>
END TEST(S): </Users/cbieneman/dev/DirectXShaderCompiler/tools/clang/test/HLSL/../HLSLFileCheck/hlsl/objects/Texture/assign_texture_error.hlsl>
BEGIN TEST(S): </Users/cbieneman/dev/DirectXShaderCompiler/tools/clang/test/HLSL/../HLSLFileCheck/hlsl/objects/Texture/srv_typed_load1.hlsl>
END TEST(S): </Users/cbieneman/dev/DirectXShaderCompiler/tools/clang/test/HLSL/../HLSLFileCheck/hlsl/objects/Texture/srv_typed_load1.hlsl>
BEGIN TEST(S): </Users/cbieneman/dev/DirectXShaderCompiler/tools/clang/test/HLSL/../HLSLFileCheck/hlsl/objects/Texture/has_lod_clmap.hlsl>
END TEST(S): </Users/cbieneman/dev/DirectXShaderCompiler/tools/clang/test/HLSL/../HLSLFileCheck/hlsl/objects/Texture/has_lod_clmap.hlsl>
BEGIN TEST(S): </Users/cbieneman/dev/DirectXShaderCompiler/tools/clang/test/HLSL/../HLSLFileCheck/hlsl/objects/Texture/sampleGrad.hlsl>
END TEST(S): </Users/cbieneman/dev/DirectXShaderCompiler/tools/clang/test/HLSL/../HLSLFileCheck/hlsl/objects/Texture/sampleGrad.hlsl>
BEGIN TEST(S): </Users/cbieneman/dev/DirectXShaderCompiler/tools/clang/test/HLSL/../HLSLFileCheck/hlsl/objects/Texture/sampleL.hlsl>
END TEST(S): </Users/cbieneman/dev/DirectXShaderCompiler/tools/clang/test/HLSL/../HLSLFileCheck/hlsl/objects/Texture/sampleL.hlsl>
BEGIN TEST(S): </Users/cbieneman/dev/DirectXShaderCompiler/tools/clang/test/HLSL/../HLSLFileCheck/hlsl/objects/Texture/CalcLODWithSamplerComparison.hlsl>
Run result is not zero
END TEST(S): </Users/cbieneman/dev/DirectXShaderCompiler/tools/clang/test/HLSL/../HLSLFileCheck/hlsl/objects/Texture/CalcLODWithSamplerComparison.hlsl>
BEGIN TEST(S): </Users/cbieneman/dev/DirectXShaderCompiler/tools/clang/test/HLSL/../HLSLFileCheck/hlsl/objects/Texture/srv_typed_load2.hlsl>
END TEST(S): </Users/cbieneman/dev/DirectXShaderCompiler/tools/clang/test/HLSL/../HLSLFileCheck/hlsl/objects/Texture/srv_typed_load2.hlsl>
BEGIN TEST(S): </Users/cbieneman/dev/DirectXShaderCompiler/tools/clang/test/HLSL/../HLSLFileCheck/hlsl/objects/Texture/sample4.hlsl>
END TEST(S): </Users/cbieneman/dev/DirectXShaderCompiler/tools/clang/test/HLSL/../HLSLFileCheck/hlsl/objects/Texture/sample4.hlsl>
BEGIN TEST(S): </Users/cbieneman/dev/DirectXShaderCompiler/tools/clang/test/HLSL/../HLSLFileCheck/hlsl/objects/Texture/calcLod2DArray.hlsl>
END TEST(S): </Users/cbieneman/dev/DirectXShaderCompiler/tools/clang/test/HLSL/../HLSLFileCheck/hlsl/objects/Texture/calcLod2DArray.hlsl>
BEGIN TEST(S): </Users/cbieneman/dev/DirectXShaderCompiler/tools/clang/test/HLSL/../HLSLFileCheck/hlsl/objects/Texture/Sample_node.hlsl>
Run result is not zero
END TEST(S): </Users/cbieneman/dev/DirectXShaderCompiler/tools/clang/test/HLSL/../HLSLFileCheck/hlsl/objects/Texture/Sample_node.hlsl>
BEGIN TEST(S): </Users/cbieneman/dev/DirectXShaderCompiler/tools/clang/test/HLSL/../HLSLFileCheck/hlsl/objects/Texture/cube_sample.hlsl>
END TEST(S): </Users/cbieneman/dev/DirectXShaderCompiler/tools/clang/test/HLSL/../HLSLFileCheck/hlsl/objects/Texture/cube_sample.hlsl>
BEGIN TEST(S): </Users/cbieneman/dev/DirectXShaderCompiler/tools/clang/test/HLSL/../HLSLFileCheck/hlsl/objects/Texture/texture_of_struct_error.hlsl>
END TEST(S): </Users/cbieneman/dev/DirectXShaderCompiler/tools/clang/test/HLSL/../HLSLFileCheck/hlsl/objects/Texture/texture_of_struct_error.hlsl>
BEGIN TEST(S): </Users/cbieneman/dev/DirectXShaderCompiler/tools/clang/test/HLSL/../HLSLFileCheck/hlsl/objects/Texture/gather_not_convergent.hlsl>
END TEST(S): </Users/cbieneman/dev/DirectXShaderCompiler/tools/clang/test/HLSL/../HLSLFileCheck/hlsl/objects/Texture/gather_not_convergent.hlsl>
BEGIN TEST(S): </Users/cbieneman/dev/DirectXShaderCompiler/tools/clang/test/HLSL/../HLSLFileCheck/hlsl/objects/Texture/sampleInteger.hlsl>
END TEST(S): </Users/cbieneman/dev/DirectXShaderCompiler/tools/clang/test/HLSL/../HLSLFileCheck/hlsl/objects/Texture/sampleInteger.hlsl>
BEGIN TEST(S): </Users/cbieneman/dev/DirectXShaderCompiler/tools/clang/test/HLSL/../HLSLFileCheck/hlsl/objects/Texture/uintSample.hlsl>
END TEST(S): </Users/cbieneman/dev/DirectXShaderCompiler/tools/clang/test/HLSL/../HLSLFileCheck/hlsl/objects/Texture/uintSample.hlsl>
BEGIN TEST(S): </Users/cbieneman/dev/DirectXShaderCompiler/tools/clang/test/HLSL/../HLSLFileCheck/hlsl/objects/Texture/srv_ms_load2.hlsl>
END TEST(S): </Users/cbieneman/dev/DirectXShaderCompiler/tools/clang/test/HLSL/../HLSLFileCheck/hlsl/objects/Texture/srv_ms_load2.hlsl>
BEGIN TEST(S): </Users/cbieneman/dev/DirectXShaderCompiler/tools/clang/test/HLSL/../HLSLFileCheck/hlsl/objects/Texture/sample5.hlsl>
END TEST(S): </Users/cbieneman/dev/DirectXShaderCompiler/tools/clang/test/HLSL/../HLSLFileCheck/hlsl/objects/Texture/sample5.hlsl>
BEGIN TEST(S): </Users/cbieneman/dev/DirectXShaderCompiler/tools/clang/test/HLSL/../HLSLFileCheck/hlsl/objects/Texture/local_resource4.hlsl>
END TEST(S): </Users/cbieneman/dev/DirectXShaderCompiler/tools/clang/test/HLSL/../HLSLFileCheck/hlsl/objects/Texture/local_resource4.hlsl>
BEGIN TEST(S): </Users/cbieneman/dev/DirectXShaderCompiler/tools/clang/test/HLSL/../HLSLFileCheck/hlsl/objects/Texture/no_lod_clmap.hlsl>
END TEST(S): </Users/cbieneman/dev/DirectXShaderCompiler/tools/clang/test/HLSL/../HLSLFileCheck/hlsl/objects/Texture/no_lod_clmap.hlsl>
BEGIN TEST(S): </Users/cbieneman/dev/DirectXShaderCompiler/tools/clang/test/HLSL/../HLSLFileCheck/hlsl/objects/Texture/local_res_fail_map_error_msg.hlsl>
END TEST(S): </Users/cbieneman/dev/DirectXShaderCompiler/tools/clang/test/HLSL/../HLSLFileCheck/hlsl/objects/Texture/local_res_fail_map_error_msg.hlsl>
BEGIN TEST(S): </Users/cbieneman/dev/DirectXShaderCompiler/tools/clang/test/HLSL/../HLSLFileCheck/hlsl/objects/Texture/gatherCubeOffset.hlsl>
END TEST(S): </Users/cbieneman/dev/DirectXShaderCompiler/tools/clang/test/HLSL/../HLSLFileCheck/hlsl/objects/Texture/gatherCubeOffset.hlsl>
BEGIN TEST(S): </Users/cbieneman/dev/DirectXShaderCompiler/tools/clang/test/HLSL/../HLSLFileCheck/hlsl/objects/Texture/convergent_cs.hlsl>
END TEST(S): </Users/cbieneman/dev/DirectXShaderCompiler/tools/clang/test/HLSL/../HLSLFileCheck/hlsl/objects/Texture/convergent_cs.hlsl>
BEGIN TEST(S): </Users/cbieneman/dev/DirectXShaderCompiler/tools/clang/test/HLSL/../HLSLFileCheck/hlsl/objects/Texture/texture_of_matrix_error.hlsl>
END TEST(S): </Users/cbieneman/dev/DirectXShaderCompiler/tools/clang/test/HLSL/../HLSLFileCheck/hlsl/objects/Texture/texture_of_matrix_error.hlsl>
BEGIN TEST(S): </Users/cbieneman/dev/DirectXShaderCompiler/tools/clang/test/HLSL/../HLSLFileCheck/hlsl/objects/Texture/sampleCmp.hlsl>
END TEST(S): </Users/cbieneman/dev/DirectXShaderCompiler/tools/clang/test/HLSL/../HLSLFileCheck/hlsl/objects/Texture/sampleCmp.hlsl>
BEGIN TEST(S): </Users/cbieneman/dev/DirectXShaderCompiler/tools/clang/test/HLSL/../HLSLFileCheck/hlsl/objects/Texture/SampleCmpGrad.hlsl>
Run result is not zero
END TEST(S): </Users/cbieneman/dev/DirectXShaderCompiler/tools/clang/test/HLSL/../HLSLFileCheck/hlsl/objects/Texture/SampleCmpGrad.hlsl>
BEGIN TEST(S): </Users/cbieneman/dev/DirectXShaderCompiler/tools/clang/test/HLSL/../HLSLFileCheck/hlsl/objects/Texture/sample2.hlsl>
END TEST(S): </Users/cbieneman/dev/DirectXShaderCompiler/tools/clang/test/HLSL/../HLSLFileCheck/hlsl/objects/Texture/sample2.hlsl>
BEGIN TEST(S): </Users/cbieneman/dev/DirectXShaderCompiler/tools/clang/test/HLSL/../HLSLFileCheck/hlsl/objects/Texture/sample3.hlsl>
END TEST(S): </Users/cbieneman/dev/DirectXShaderCompiler/tools/clang/test/HLSL/../HLSLFileCheck/hlsl/objects/Texture/sample3.hlsl>
BEGIN TEST(S): </Users/cbieneman/dev/DirectXShaderCompiler/tools/clang/test/HLSL/../HLSLFileCheck/hlsl/objects/Texture/sampleBias.hlsl>
END TEST(S): </Users/cbieneman/dev/DirectXShaderCompiler/tools/clang/test/HLSL/../HLSLFileCheck/hlsl/objects/Texture/sampleBias.hlsl>
BEGIN TEST(S): </Users/cbieneman/dev/DirectXShaderCompiler/tools/clang/test/HLSL/../HLSLFileCheck/hlsl/objects/Texture/uav_typed_load_store1.hlsl>
END TEST(S): </Users/cbieneman/dev/DirectXShaderCompiler/tools/clang/test/HLSL/../HLSLFileCheck/hlsl/objects/Texture/uav_typed_load_store1.hlsl>
BEGIN TEST(S): </Users/cbieneman/dev/DirectXShaderCompiler/tools/clang/test/HLSL/../HLSLFileCheck/hlsl/objects/Texture/createHandle_multi2.hlsl>
END TEST(S): </Users/cbieneman/dev/DirectXShaderCompiler/tools/clang/test/HLSL/../HLSLFileCheck/hlsl/objects/Texture/createHandle_multi2.hlsl>
BEGIN TEST(S): </Users/cbieneman/dev/DirectXShaderCompiler/tools/clang/test/HLSL/../HLSLFileCheck/hlsl/objects/RayQuery/intrinsicAttributeCollision.hlsl>
END TEST(S): </Users/cbieneman/dev/DirectXShaderCompiler/tools/clang/test/HLSL/../HLSLFileCheck/hlsl/objects/RayQuery/intrinsicAttributeCollision.hlsl>
BEGIN TEST(S): </Users/cbieneman/dev/DirectXShaderCompiler/tools/clang/test/HLSL/../HLSLFileCheck/hlsl/objects/RayQuery/readnone_intrinsicAttributeCollision.hlsl>
END TEST(S): </Users/cbieneman/dev/DirectXShaderCompiler/tools/clang/test/HLSL/../HLSLFileCheck/hlsl/objects/RayQuery/readnone_intrinsicAttributeCollision.hlsl>
BEGIN TEST(S): </Users/cbieneman/dev/DirectXShaderCompiler/tools/clang/test/HLSL/../HLSLFileCheck/hlsl/objects/RayQuery/wave_intrinsicAttributeCollision.hlsl>
END TEST(S): </Users/cbieneman/dev/DirectXShaderCompiler/tools/clang/test/HLSL/../HLSLFileCheck/hlsl/objects/RayQuery/wave_intrinsicAttributeCollision.hlsl>
BEGIN TEST(S): </Users/cbieneman/dev/DirectXShaderCompiler/tools/clang/test/HLSL/../HLSLFileCheck/hlsl/objects/RayQuery/rayquery-no-cse.hlsl>
END TEST(S): </Users/cbieneman/dev/DirectXShaderCompiler/tools/clang/test/HLSL/../HLSLFileCheck/hlsl/objects/RayQuery/rayquery-no-cse.hlsl>
BEGIN TEST(S): </Users/cbieneman/dev/DirectXShaderCompiler/tools/clang/test/HLSL/../HLSLFileCheck/hlsl/objects/RayQuery/rayquery-decls.hlsl>
END TEST(S): </Users/cbieneman/dev/DirectXShaderCompiler/tools/clang/test/HLSL/../HLSLFileCheck/hlsl/objects/RayQuery/rayquery-decls.hlsl>
BEGIN TEST(S): </Users/cbieneman/dev/DirectXShaderCompiler/tools/clang/test/HLSL/../HLSLFileCheck/hlsl/objects/RayQuery/rayquery-array.hlsl>
END TEST(S): </Users/cbieneman/dev/DirectXShaderCompiler/tools/clang/test/HLSL/../HLSLFileCheck/hlsl/objects/RayQuery/rayquery-array.hlsl>
BEGIN TEST(S): </Users/cbieneman/dev/DirectXShaderCompiler/tools/clang/test/HLSL/../HLSLFileCheck/hlsl/objects/RayQuery/rayquery-array-2d-dynamic.hlsl>
END TEST(S): </Users/cbieneman/dev/DirectXShaderCompiler/tools/clang/test/HLSL/../HLSLFileCheck/hlsl/objects/RayQuery/rayquery-array-2d-dynamic.hlsl>
BEGIN TEST(S): </Users/cbieneman/dev/DirectXShaderCompiler/tools/clang/test/HLSL/../HLSLFileCheck/hlsl/objects/RayQuery/tryAllOps.hlsl>
END TEST(S): </Users/cbieneman/dev/DirectXShaderCompiler/tools/clang/test/HLSL/../HLSLFileCheck/hlsl/objects/RayQuery/tryAllOps.hlsl>
BEGIN TEST(S): </Users/cbieneman/dev/DirectXShaderCompiler/tools/clang/test/HLSL/../HLSLFileCheck/hlsl/objects/ConsumeStructuredBuffer/consume_mat_col_major.hlsl>
END TEST(S): </Users/cbieneman/dev/DirectXShaderCompiler/tools/clang/test/HLSL/../HLSLFileCheck/hlsl/objects/ConsumeStructuredBuffer/consume_mat_col_major.hlsl>
BEGIN TEST(S): </Users/cbieneman/dev/DirectXShaderCompiler/tools/clang/test/HLSL/../HLSLFileCheck/hlsl/objects/ConsumeStructuredBuffer/consume_mat_row_major.hlsl>
END TEST(S): </Users/cbieneman/dev/DirectXShaderCompiler/tools/clang/test/HLSL/../HLSLFileCheck/hlsl/objects/ConsumeStructuredBuffer/consume_mat_row_major.hlsl>
BEGIN TEST(S): </Users/cbieneman/dev/DirectXShaderCompiler/tools/clang/test/HLSL/../HLSLFileCheck/hlsl/objects/FeedbackTexture/feedback_convergent.hlsl>
END TEST(S): </Users/cbieneman/dev/DirectXShaderCompiler/tools/clang/test/HLSL/../HLSLFileCheck/hlsl/objects/FeedbackTexture/feedback_convergent.hlsl>
BEGIN TEST(S): </Users/cbieneman/dev/DirectXShaderCompiler/tools/clang/test/HLSL/../HLSLFileCheck/hlsl/objects/FeedbackTexture/feedback_metadata.hlsl>
END TEST(S): </Users/cbieneman/dev/DirectXShaderCompiler/tools/clang/test/HLSL/../HLSLFileCheck/hlsl/objects/FeedbackTexture/feedback_metadata.hlsl>
BEGIN TEST(S): </Users/cbieneman/dev/DirectXShaderCompiler/tools/clang/test/HLSL/../HLSLFileCheck/hlsl/objects/FeedbackTexture/feedback.hlsl>
END TEST(S): </Users/cbieneman/dev/DirectXShaderCompiler/tools/clang/test/HLSL/../HLSLFileCheck/hlsl/objects/FeedbackTexture/feedback.hlsl>
BEGIN TEST(S): </Users/cbieneman/dev/DirectXShaderCompiler/tools/clang/test/HLSL/../HLSLFileCheck/hlsl/objects/FeedbackTexture/feedback_array.hlsl>
END TEST(S): </Users/cbieneman/dev/DirectXShaderCompiler/tools/clang/test/HLSL/../HLSLFileCheck/hlsl/objects/FeedbackTexture/feedback_array.hlsl>
BEGIN TEST(S): </Users/cbieneman/dev/DirectXShaderCompiler/tools/clang/test/HLSL/../HLSLFileCheck/hlsl/objects/FeedbackTexture/feedback-reflect.hlsl>
END TEST(S): </Users/cbieneman/dev/DirectXShaderCompiler/tools/clang/test/HLSL/../HLSLFileCheck/hlsl/objects/FeedbackTexture/feedback-reflect.hlsl>
BEGIN TEST(S): </Users/cbieneman/dev/DirectXShaderCompiler/tools/clang/test/HLSL/../HLSLFileCheck/hlsl/objects/Buffer/uav_typed_load_store2.hlsl>
END TEST(S): </Users/cbieneman/dev/DirectXShaderCompiler/tools/clang/test/HLSL/../HLSLFileCheck/hlsl/objects/Buffer/uav_typed_load_store2.hlsl>
BEGIN TEST(S): </Users/cbieneman/dev/DirectXShaderCompiler/tools/clang/test/HLSL/../HLSLFileCheck/hlsl/objects/Buffer/uavArray64.hlsl>
END TEST(S): </Users/cbieneman/dev/DirectXShaderCompiler/tools/clang/test/HLSL/../HLSLFileCheck/hlsl/objects/Buffer/uavArray64.hlsl>
BEGIN TEST(S): </Users/cbieneman/dev/DirectXShaderCompiler/tools/clang/test/HLSL/../HLSLFileCheck/hlsl/objects/Buffer/buf_index.hlsl>
END TEST(S): </Users/cbieneman/dev/DirectXShaderCompiler/tools/clang/test/HLSL/../HLSLFileCheck/hlsl/objects/Buffer/buf_index.hlsl>
BEGIN TEST(S): </Users/cbieneman/dev/DirectXShaderCompiler/tools/clang/test/HLSL/../HLSLFileCheck/hlsl/objects/Buffer/writeMaskBuf2.hlsl>
END TEST(S): </Users/cbieneman/dev/DirectXShaderCompiler/tools/clang/test/HLSL/../HLSLFileCheck/hlsl/objects/Buffer/writeMaskBuf2.hlsl>
BEGIN TEST(S): </Users/cbieneman/dev/DirectXShaderCompiler/tools/clang/test/HLSL/../HLSLFileCheck/hlsl/objects/Buffer/typed_buffer_half.hlsl>
END TEST(S): </Users/cbieneman/dev/DirectXShaderCompiler/tools/clang/test/HLSL/../HLSLFileCheck/hlsl/objects/Buffer/typed_buffer_half.hlsl>
BEGIN TEST(S): </Users/cbieneman/dev/DirectXShaderCompiler/tools/clang/test/HLSL/../HLSLFileCheck/hlsl/objects/Buffer/res_select2.hlsl>
END TEST(S): </Users/cbieneman/dev/DirectXShaderCompiler/tools/clang/test/HLSL/../HLSLFileCheck/hlsl/objects/Buffer/res_select2.hlsl>
BEGIN TEST(S): </Users/cbieneman/dev/DirectXShaderCompiler/tools/clang/test/HLSL/../HLSLFileCheck/hlsl/objects/Buffer/multiUAVLoad1.hlsl>
END TEST(S): </Users/cbieneman/dev/DirectXShaderCompiler/tools/clang/test/HLSL/../HLSLFileCheck/hlsl/objects/Buffer/multiUAVLoad1.hlsl>
BEGIN TEST(S): </Users/cbieneman/dev/DirectXShaderCompiler/tools/clang/test/HLSL/../HLSLFileCheck/hlsl/objects/Buffer/res_select2_x.hlsl>
END TEST(S): </Users/cbieneman/dev/DirectXShaderCompiler/tools/clang/test/HLSL/../HLSLFileCheck/hlsl/objects/Buffer/res_select2_x.hlsl>
BEGIN TEST(S): </Users/cbieneman/dev/DirectXShaderCompiler/tools/clang/test/HLSL/../HLSLFileCheck/hlsl/objects/Buffer/writeMaskBuf3.hlsl>
END TEST(S): </Users/cbieneman/dev/DirectXShaderCompiler/tools/clang/test/HLSL/../HLSLFileCheck/hlsl/objects/Buffer/writeMaskBuf3.hlsl>
BEGIN TEST(S): </Users/cbieneman/dev/DirectXShaderCompiler/tools/clang/test/HLSL/../HLSLFileCheck/hlsl/objects/Buffer/check_status3.hlsl>
END TEST(S): </Users/cbieneman/dev/DirectXShaderCompiler/tools/clang/test/HLSL/../HLSLFileCheck/hlsl/objects/Buffer/check_status3.hlsl>
BEGIN TEST(S): </Users/cbieneman/dev/DirectXShaderCompiler/tools/clang/test/HLSL/../HLSLFileCheck/hlsl/objects/Buffer/rwbuffer-in-struct.hlsl>
END TEST(S): </Users/cbieneman/dev/DirectXShaderCompiler/tools/clang/test/HLSL/../HLSLFileCheck/hlsl/objects/Buffer/rwbuffer-in-struct.hlsl>
BEGIN TEST(S): </Users/cbieneman/dev/DirectXShaderCompiler/tools/clang/test/HLSL/../HLSLFileCheck/hlsl/objects/Buffer/multiUAVLoad6.hlsl>
END TEST(S): </Users/cbieneman/dev/DirectXShaderCompiler/tools/clang/test/HLSL/../HLSLFileCheck/hlsl/objects/Buffer/multiUAVLoad6.hlsl>
BEGIN TEST(S): </Users/cbieneman/dev/DirectXShaderCompiler/tools/clang/test/HLSL/../HLSLFileCheck/hlsl/objects/Buffer/res_select5.hlsl>
END TEST(S): </Users/cbieneman/dev/DirectXShaderCompiler/tools/clang/test/HLSL/../HLSLFileCheck/hlsl/objects/Buffer/res_select5.hlsl>
BEGIN TEST(S): </Users/cbieneman/dev/DirectXShaderCompiler/tools/clang/test/HLSL/../HLSLFileCheck/hlsl/objects/Buffer/writeMaskBuf4.hlsl>
END TEST(S): </Users/cbieneman/dev/DirectXShaderCompiler/tools/clang/test/HLSL/../HLSLFileCheck/hlsl/objects/Buffer/writeMaskBuf4.hlsl>
BEGIN TEST(S): </Users/cbieneman/dev/DirectXShaderCompiler/tools/clang/test/HLSL/../HLSLFileCheck/hlsl/objects/Buffer/check_status.hlsl>
END TEST(S): </Users/cbieneman/dev/DirectXShaderCompiler/tools/clang/test/HLSL/../HLSLFileCheck/hlsl/objects/Buffer/check_status.hlsl>
BEGIN TEST(S): </Users/cbieneman/dev/DirectXShaderCompiler/tools/clang/test/HLSL/../HLSLFileCheck/hlsl/objects/Buffer/multiUAVLoad7.hlsl>
END TEST(S): </Users/cbieneman/dev/DirectXShaderCompiler/tools/clang/test/HLSL/../HLSLFileCheck/hlsl/objects/Buffer/multiUAVLoad7.hlsl>
BEGIN TEST(S): </Users/cbieneman/dev/DirectXShaderCompiler/tools/clang/test/HLSL/../HLSLFileCheck/hlsl/objects/Buffer/check_status2.hlsl>
END TEST(S): </Users/cbieneman/dev/DirectXShaderCompiler/tools/clang/test/HLSL/../HLSLFileCheck/hlsl/objects/Buffer/check_status2.hlsl>
BEGIN TEST(S): </Users/cbieneman/dev/DirectXShaderCompiler/tools/clang/test/HLSL/../HLSLFileCheck/hlsl/objects/Buffer/multiUAVLoad4.hlsl>
END TEST(S): </Users/cbieneman/dev/DirectXShaderCompiler/tools/clang/test/HLSL/../HLSLFileCheck/hlsl/objects/Buffer/multiUAVLoad4.hlsl>
BEGIN TEST(S): </Users/cbieneman/dev/DirectXShaderCompiler/tools/clang/test/HLSL/../HLSLFileCheck/hlsl/objects/Buffer/uavUnboundArray64.hlsl>
END TEST(S): </Users/cbieneman/dev/DirectXShaderCompiler/tools/clang/test/HLSL/../HLSLFileCheck/hlsl/objects/Buffer/uavUnboundArray64.hlsl>
BEGIN TEST(S): </Users/cbieneman/dev/DirectXShaderCompiler/tools/clang/test/HLSL/../HLSLFileCheck/hlsl/objects/Buffer/multiUAVLoad5.hlsl>
END TEST(S): </Users/cbieneman/dev/DirectXShaderCompiler/tools/clang/test/HLSL/../HLSLFileCheck/hlsl/objects/Buffer/multiUAVLoad5.hlsl>
BEGIN TEST(S): </Users/cbieneman/dev/DirectXShaderCompiler/tools/clang/test/HLSL/../HLSLFileCheck/hlsl/objects/Buffer/multiUAVLoad2.hlsl>
END TEST(S): </Users/cbieneman/dev/DirectXShaderCompiler/tools/clang/test/HLSL/../HLSLFileCheck/hlsl/objects/Buffer/multiUAVLoad2.hlsl>
BEGIN TEST(S): </Users/cbieneman/dev/DirectXShaderCompiler/tools/clang/test/HLSL/../HLSLFileCheck/hlsl/objects/Buffer/multiUAVLoad3.hlsl>
END TEST(S): </Users/cbieneman/dev/DirectXShaderCompiler/tools/clang/test/HLSL/../HLSLFileCheck/hlsl/objects/Buffer/multiUAVLoad3.hlsl>
BEGIN TEST(S): </Users/cbieneman/dev/DirectXShaderCompiler/tools/clang/test/HLSL/../HLSLFileCheck/hlsl/objects/Buffer/res_select5_x.hlsl>
END TEST(S): </Users/cbieneman/dev/DirectXShaderCompiler/tools/clang/test/HLSL/../HLSLFileCheck/hlsl/objects/Buffer/res_select5_x.hlsl>
BEGIN TEST(S): </Users/cbieneman/dev/DirectXShaderCompiler/tools/clang/test/HLSL/../HLSLFileCheck/hlsl/objects/Buffer/uav64.hlsl>
END TEST(S): </Users/cbieneman/dev/DirectXShaderCompiler/tools/clang/test/HLSL/../HLSLFileCheck/hlsl/objects/Buffer/uav64.hlsl>
BEGIN TEST(S): </Users/cbieneman/dev/DirectXShaderCompiler/tools/clang/test/HLSL/../HLSLFileCheck/hlsl/objects/Buffer/typedbuf_dblsubscript.hlsl>
END TEST(S): </Users/cbieneman/dev/DirectXShaderCompiler/tools/clang/test/HLSL/../HLSLFileCheck/hlsl/objects/Buffer/typedbuf_dblsubscript.hlsl>
BEGIN TEST(S): </Users/cbieneman/dev/DirectXShaderCompiler/tools/clang/test/HLSL/../HLSLFileCheck/hlsl/namespace/namespace-global-debug.hlsl>
END TEST(S): </Users/cbieneman/dev/DirectXShaderCompiler/tools/clang/test/HLSL/../HLSLFileCheck/hlsl/namespace/namespace-global-debug.hlsl>
BEGIN TEST(S): </Users/cbieneman/dev/DirectXShaderCompiler/tools/clang/test/HLSL/../HLSLFileCheck/hlsl/namespace/using.hlsl>
END TEST(S): </Users/cbieneman/dev/DirectXShaderCompiler/tools/clang/test/HLSL/../HLSLFileCheck/hlsl/namespace/using.hlsl>
BEGIN TEST(S): </Users/cbieneman/dev/DirectXShaderCompiler/tools/clang/test/HLSL/../HLSLFileCheck/hlsl/namespace/texture_in_namespace.hlsl>
END TEST(S): </Users/cbieneman/dev/DirectXShaderCompiler/tools/clang/test/HLSL/../HLSLFileCheck/hlsl/namespace/texture_in_namespace.hlsl>
BEGIN TEST(S): </Users/cbieneman/dev/DirectXShaderCompiler/tools/clang/test/HLSL/../HLSLFileCheck/hlsl/namespace/using3.hlsl>
END TEST(S): </Users/cbieneman/dev/DirectXShaderCompiler/tools/clang/test/HLSL/../HLSLFileCheck/hlsl/namespace/using3.hlsl>
BEGIN TEST(S): </Users/cbieneman/dev/DirectXShaderCompiler/tools/clang/test/HLSL/../HLSLFileCheck/hlsl/namespace/vk-namespace.hlsl>
END TEST(S): </Users/cbieneman/dev/DirectXShaderCompiler/tools/clang/test/HLSL/../HLSLFileCheck/hlsl/namespace/vk-namespace.hlsl>
BEGIN TEST(S): </Users/cbieneman/dev/DirectXShaderCompiler/tools/clang/test/HLSL/../HLSLFileCheck/hlsl/namespace/using2.hlsl>
END TEST(S): </Users/cbieneman/dev/DirectXShaderCompiler/tools/clang/test/HLSL/../HLSLFileCheck/hlsl/namespace/using2.hlsl>
BEGIN TEST(S): </Users/cbieneman/dev/DirectXShaderCompiler/tools/clang/test/HLSL/../HLSLFileCheck/hlsl/semantics/sv_vertexid/input3.hlsl>
END TEST(S): </Users/cbieneman/dev/DirectXShaderCompiler/tools/clang/test/HLSL/../HLSLFileCheck/hlsl/semantics/sv_vertexid/input3.hlsl>
BEGIN TEST(S): </Users/cbieneman/dev/DirectXShaderCompiler/tools/clang/test/HLSL/../HLSLFileCheck/hlsl/semantics/sv_isfrontface/input2.hlsl>
END TEST(S): </Users/cbieneman/dev/DirectXShaderCompiler/tools/clang/test/HLSL/../HLSLFileCheck/hlsl/semantics/sv_isfrontface/input2.hlsl>
BEGIN TEST(S): </Users/cbieneman/dev/DirectXShaderCompiler/tools/clang/test/HLSL/../HLSLFileCheck/hlsl/semantics/sv_isfrontface/isfrontface.hlsl>
END TEST(S): </Users/cbieneman/dev/DirectXShaderCompiler/tools/clang/test/HLSL/../HLSLFileCheck/hlsl/semantics/sv_isfrontface/isfrontface.hlsl>
BEGIN TEST(S): </Users/cbieneman/dev/DirectXShaderCompiler/tools/clang/test/HLSL/../HLSLFileCheck/hlsl/semantics/sv_isfrontface/isfrontface2.hlsl>
END TEST(S): </Users/cbieneman/dev/DirectXShaderCompiler/tools/clang/test/HLSL/../HLSLFileCheck/hlsl/semantics/sv_isfrontface/isfrontface2.hlsl>
BEGIN TEST(S): </Users/cbieneman/dev/DirectXShaderCompiler/tools/clang/test/HLSL/../HLSLFileCheck/hlsl/semantics/sv_isfrontface/input1.hlsl>
END TEST(S): </Users/cbieneman/dev/DirectXShaderCompiler/tools/clang/test/HLSL/../HLSLFileCheck/hlsl/semantics/sv_isfrontface/input1.hlsl>
BEGIN TEST(S): </Users/cbieneman/dev/DirectXShaderCompiler/tools/clang/test/HLSL/../HLSLFileCheck/hlsl/semantics/sv_viewid/viewid11.hlsl>
END TEST(S): </Users/cbieneman/dev/DirectXShaderCompiler/tools/clang/test/HLSL/../HLSLFileCheck/hlsl/semantics/sv_viewid/viewid11.hlsl>
BEGIN TEST(S): </Users/cbieneman/dev/DirectXShaderCompiler/tools/clang/test/HLSL/../HLSLFileCheck/hlsl/semantics/sv_viewid/viewid07.hlsl>
END TEST(S): </Users/cbieneman/dev/DirectXShaderCompiler/tools/clang/test/HLSL/../HLSLFileCheck/hlsl/semantics/sv_viewid/viewid07.hlsl>
BEGIN TEST(S): </Users/cbieneman/dev/DirectXShaderCompiler/tools/clang/test/HLSL/../HLSLFileCheck/hlsl/semantics/sv_viewid/viewid06.hlsl>
END TEST(S): </Users/cbieneman/dev/DirectXShaderCompiler/tools/clang/test/HLSL/../HLSLFileCheck/hlsl/semantics/sv_viewid/viewid06.hlsl>
BEGIN TEST(S): </Users/cbieneman/dev/DirectXShaderCompiler/tools/clang/test/HLSL/../HLSLFileCheck/hlsl/semantics/sv_viewid/viewid10.hlsl>
END TEST(S): </Users/cbieneman/dev/DirectXShaderCompiler/tools/clang/test/HLSL/../HLSLFileCheck/hlsl/semantics/sv_viewid/viewid10.hlsl>
BEGIN TEST(S): </Users/cbieneman/dev/DirectXShaderCompiler/tools/clang/test/HLSL/../HLSLFileCheck/hlsl/semantics/sv_viewid/viewid17.hlsl>
END TEST(S): </Users/cbieneman/dev/DirectXShaderCompiler/tools/clang/test/HLSL/../HLSLFileCheck/hlsl/semantics/sv_viewid/viewid17.hlsl>
BEGIN TEST(S): </Users/cbieneman/dev/DirectXShaderCompiler/tools/clang/test/HLSL/../HLSLFileCheck/hlsl/semantics/sv_viewid/viewid01.hlsl>
END TEST(S): </Users/cbieneman/dev/DirectXShaderCompiler/tools/clang/test/HLSL/../HLSLFileCheck/hlsl/semantics/sv_viewid/viewid01.hlsl>
BEGIN TEST(S): </Users/cbieneman/dev/DirectXShaderCompiler/tools/clang/test/HLSL/../HLSLFileCheck/hlsl/semantics/sv_viewid/viewid16.hlsl>
END TEST(S): </Users/cbieneman/dev/DirectXShaderCompiler/tools/clang/test/HLSL/../HLSLFileCheck/hlsl/semantics/sv_viewid/viewid16.hlsl>
BEGIN TEST(S): </Users/cbieneman/dev/DirectXShaderCompiler/tools/clang/test/HLSL/../HLSLFileCheck/hlsl/semantics/sv_viewid/viewid03.hlsl>
END TEST(S): </Users/cbieneman/dev/DirectXShaderCompiler/tools/clang/test/HLSL/../HLSLFileCheck/hlsl/semantics/sv_viewid/viewid03.hlsl>
BEGIN TEST(S): </Users/cbieneman/dev/DirectXShaderCompiler/tools/clang/test/HLSL/../HLSLFileCheck/hlsl/semantics/sv_viewid/viewid15.hlsl>
END TEST(S): </Users/cbieneman/dev/DirectXShaderCompiler/tools/clang/test/HLSL/../HLSLFileCheck/hlsl/semantics/sv_viewid/viewid15.hlsl>
BEGIN TEST(S): </Users/cbieneman/dev/DirectXShaderCompiler/tools/clang/test/HLSL/../HLSLFileCheck/hlsl/semantics/sv_viewid/mesh_shader_dependence.hlsl>
END TEST(S): </Users/cbieneman/dev/DirectXShaderCompiler/tools/clang/test/HLSL/../HLSLFileCheck/hlsl/semantics/sv_viewid/mesh_shader_dependence.hlsl>
BEGIN TEST(S): </Users/cbieneman/dev/DirectXShaderCompiler/tools/clang/test/HLSL/../HLSLFileCheck/hlsl/semantics/sv_viewid/viewid19.hlsl>
END TEST(S): </Users/cbieneman/dev/DirectXShaderCompiler/tools/clang/test/HLSL/../HLSLFileCheck/hlsl/semantics/sv_viewid/viewid19.hlsl>
BEGIN TEST(S): </Users/cbieneman/dev/DirectXShaderCompiler/tools/clang/test/HLSL/../HLSLFileCheck/hlsl/semantics/sv_viewid/viewid18.hlsl>
END TEST(S): </Users/cbieneman/dev/DirectXShaderCompiler/tools/clang/test/HLSL/../HLSLFileCheck/hlsl/semantics/sv_viewid/viewid18.hlsl>
BEGIN TEST(S): </Users/cbieneman/dev/DirectXShaderCompiler/tools/clang/test/HLSL/../HLSLFileCheck/hlsl/semantics/sv_viewid/viewid14.hlsl>
END TEST(S): </Users/cbieneman/dev/DirectXShaderCompiler/tools/clang/test/HLSL/../HLSLFileCheck/hlsl/semantics/sv_viewid/viewid14.hlsl>
BEGIN TEST(S): </Users/cbieneman/dev/DirectXShaderCompiler/tools/clang/test/HLSL/../HLSLFileCheck/hlsl/semantics/sv_viewid/viewid02.hlsl>
END TEST(S): </Users/cbieneman/dev/DirectXShaderCompiler/tools/clang/test/HLSL/../HLSLFileCheck/hlsl/semantics/sv_viewid/viewid02.hlsl>
BEGIN TEST(S): </Users/cbieneman/dev/DirectXShaderCompiler/tools/clang/test/HLSL/../HLSLFileCheck/hlsl/semantics/sv_viewid/viewid09.hlsl>
END TEST(S): </Users/cbieneman/dev/DirectXShaderCompiler/tools/clang/test/HLSL/../HLSLFileCheck/hlsl/semantics/sv_viewid/viewid09.hlsl>
BEGIN TEST(S): </Users/cbieneman/dev/DirectXShaderCompiler/tools/clang/test/HLSL/../HLSLFileCheck/hlsl/semantics/sv_viewid/viewid05.hlsl>
END TEST(S): </Users/cbieneman/dev/DirectXShaderCompiler/tools/clang/test/HLSL/../HLSLFileCheck/hlsl/semantics/sv_viewid/viewid05.hlsl>
BEGIN TEST(S): </Users/cbieneman/dev/DirectXShaderCompiler/tools/clang/test/HLSL/../HLSLFileCheck/hlsl/semantics/sv_viewid/viewid13.hlsl>
END TEST(S): </Users/cbieneman/dev/DirectXShaderCompiler/tools/clang/test/HLSL/../HLSLFileCheck/hlsl/semantics/sv_viewid/viewid13.hlsl>
BEGIN TEST(S): </Users/cbieneman/dev/DirectXShaderCompiler/tools/clang/test/HLSL/../HLSLFileCheck/hlsl/semantics/sv_viewid/viewid12.hlsl>
END TEST(S): </Users/cbieneman/dev/DirectXShaderCompiler/tools/clang/test/HLSL/../HLSLFileCheck/hlsl/semantics/sv_viewid/viewid12.hlsl>
BEGIN TEST(S): </Users/cbieneman/dev/DirectXShaderCompiler/tools/clang/test/HLSL/../HLSLFileCheck/hlsl/semantics/sv_viewid/viewid04.hlsl>
END TEST(S): </Users/cbieneman/dev/DirectXShaderCompiler/tools/clang/test/HLSL/../HLSLFileCheck/hlsl/semantics/sv_viewid/viewid04.hlsl>
BEGIN TEST(S): </Users/cbieneman/dev/DirectXShaderCompiler/tools/clang/test/HLSL/../HLSLFileCheck/hlsl/semantics/sv_viewid/viewid08.hlsl>
END TEST(S): </Users/cbieneman/dev/DirectXShaderCompiler/tools/clang/test/HLSL/../HLSLFileCheck/hlsl/semantics/sv_viewid/viewid08.hlsl>
BEGIN TEST(S): </Users/cbieneman/dev/DirectXShaderCompiler/tools/clang/test/HLSL/../HLSLFileCheck/hlsl/semantics/legacy/obsolete_semantics_ps_1.hlsl>
END TEST(S): </Users/cbieneman/dev/DirectXShaderCompiler/tools/clang/test/HLSL/../HLSLFileCheck/hlsl/semantics/legacy/obsolete_semantics_ps_1.hlsl>
BEGIN TEST(S): </Users/cbieneman/dev/DirectXShaderCompiler/tools/clang/test/HLSL/../HLSLFileCheck/hlsl/semantics/legacy/semantic_missing.hlsl>
END TEST(S): </Users/cbieneman/dev/DirectXShaderCompiler/tools/clang/test/HLSL/../HLSLFileCheck/hlsl/semantics/legacy/semantic_missing.hlsl>
BEGIN TEST(S): </Users/cbieneman/dev/DirectXShaderCompiler/tools/clang/test/HLSL/../HLSLFileCheck/hlsl/semantics/legacy/obsolete_semantics_vs.hlsl>
END TEST(S): </Users/cbieneman/dev/DirectXShaderCompiler/tools/clang/test/HLSL/../HLSLFileCheck/hlsl/semantics/legacy/obsolete_semantics_vs.hlsl>
BEGIN TEST(S): </Users/cbieneman/dev/DirectXShaderCompiler/tools/clang/test/HLSL/../HLSLFileCheck/hlsl/semantics/legacy/obsolete_semantics_ps_2.hlsl>
END TEST(S): </Users/cbieneman/dev/DirectXShaderCompiler/tools/clang/test/HLSL/../HLSLFileCheck/hlsl/semantics/legacy/obsolete_semantics_ps_2.hlsl>
BEGIN TEST(S): </Users/cbieneman/dev/DirectXShaderCompiler/tools/clang/test/HLSL/../HLSLFileCheck/hlsl/semantics/legacy/obsolete_semantics_ps_3.hlsl>
END TEST(S): </Users/cbieneman/dev/DirectXShaderCompiler/tools/clang/test/HLSL/../HLSLFileCheck/hlsl/semantics/legacy/obsolete_semantics_ps_3.hlsl>
BEGIN TEST(S): </Users/cbieneman/dev/DirectXShaderCompiler/tools/clang/test/HLSL/../HLSLFileCheck/hlsl/semantics/sv_dispatchthreadid/cs_sv_id_min12int.hlsl>
END TEST(S): </Users/cbieneman/dev/DirectXShaderCompiler/tools/clang/test/HLSL/../HLSLFileCheck/hlsl/semantics/sv_dispatchthreadid/cs_sv_id_min12int.hlsl>
BEGIN TEST(S): </Users/cbieneman/dev/DirectXShaderCompiler/tools/clang/test/HLSL/../HLSLFileCheck/hlsl/semantics/sv_dispatchthreadid/cs_sv_id_int16.hlsl>
END TEST(S): </Users/cbieneman/dev/DirectXShaderCompiler/tools/clang/test/HLSL/../HLSLFileCheck/hlsl/semantics/sv_dispatchthreadid/cs_sv_id_int16.hlsl>
BEGIN TEST(S): </Users/cbieneman/dev/DirectXShaderCompiler/tools/clang/test/HLSL/../HLSLFileCheck/hlsl/semantics/sv_depth/output1.hlsl>
END TEST(S): </Users/cbieneman/dev/DirectXShaderCompiler/tools/clang/test/HLSL/../HLSLFileCheck/hlsl/semantics/sv_depth/output1.hlsl>
BEGIN TEST(S): </Users/cbieneman/dev/DirectXShaderCompiler/tools/clang/test/HLSL/../HLSLFileCheck/hlsl/semantics/sv_depth/IntegerDepth2.hlsl>
END TEST(S): </Users/cbieneman/dev/DirectXShaderCompiler/tools/clang/test/HLSL/../HLSLFileCheck/hlsl/semantics/sv_depth/IntegerDepth2.hlsl>
BEGIN TEST(S): </Users/cbieneman/dev/DirectXShaderCompiler/tools/clang/test/HLSL/../HLSLFileCheck/hlsl/semantics/sv_depth/output6.hlsl>
END TEST(S): </Users/cbieneman/dev/DirectXShaderCompiler/tools/clang/test/HLSL/../HLSLFileCheck/hlsl/semantics/sv_depth/output6.hlsl>
BEGIN TEST(S): </Users/cbieneman/dev/DirectXShaderCompiler/tools/clang/test/HLSL/../HLSLFileCheck/hlsl/semantics/sv_depth/output4.hlsl>
END TEST(S): </Users/cbieneman/dev/DirectXShaderCompiler/tools/clang/test/HLSL/../HLSLFileCheck/hlsl/semantics/sv_depth/output4.hlsl>
BEGIN TEST(S): </Users/cbieneman/dev/DirectXShaderCompiler/tools/clang/test/HLSL/../HLSLFileCheck/hlsl/semantics/sv_depth/output5.hlsl>
END TEST(S): </Users/cbieneman/dev/DirectXShaderCompiler/tools/clang/test/HLSL/../HLSLFileCheck/hlsl/semantics/sv_depth/output5.hlsl>
BEGIN TEST(S): </Users/cbieneman/dev/DirectXShaderCompiler/tools/clang/test/HLSL/../HLSLFileCheck/hlsl/semantics/sv_depth/output2.hlsl>
END TEST(S): </Users/cbieneman/dev/DirectXShaderCompiler/tools/clang/test/HLSL/../HLSLFileCheck/hlsl/semantics/sv_depth/output2.hlsl>
BEGIN TEST(S): </Users/cbieneman/dev/DirectXShaderCompiler/tools/clang/test/HLSL/../HLSLFileCheck/hlsl/semantics/sv_depth/output3.hlsl>
END TEST(S): </Users/cbieneman/dev/DirectXShaderCompiler/tools/clang/test/HLSL/../HLSLFileCheck/hlsl/semantics/sv_depth/output3.hlsl>
BEGIN TEST(S): </Users/cbieneman/dev/DirectXShaderCompiler/tools/clang/test/HLSL/../HLSLFileCheck/hlsl/semantics/sv_barycentrics/barycentrics1.hlsl>
END TEST(S): </Users/cbieneman/dev/DirectXShaderCompiler/tools/clang/test/HLSL/../HLSLFileCheck/hlsl/semantics/sv_barycentrics/barycentrics1.hlsl>
BEGIN TEST(S): </Users/cbieneman/dev/DirectXShaderCompiler/tools/clang/test/HLSL/../HLSLFileCheck/hlsl/semantics/sv_barycentrics/barycentricsThreeSV.hlsl>
END TEST(S): </Users/cbieneman/dev/DirectXShaderCompiler/tools/clang/test/HLSL/../HLSLFileCheck/hlsl/semantics/sv_barycentrics/barycentricsThreeSV.hlsl>
BEGIN TEST(S): </Users/cbieneman/dev/DirectXShaderCompiler/tools/clang/test/HLSL/../HLSLFileCheck/hlsl/semantics/sv_barycentrics/barycentrics.hlsl>
END TEST(S): </Users/cbieneman/dev/DirectXShaderCompiler/tools/clang/test/HLSL/../HLSLFileCheck/hlsl/semantics/sv_barycentrics/barycentrics.hlsl>
BEGIN TEST(S): </Users/cbieneman/dev/DirectXShaderCompiler/tools/clang/test/HLSL/../HLSLFileCheck/hlsl/semantics/sv_cullprimitive/cullprimitive.hlsl>
END TEST(S): </Users/cbieneman/dev/DirectXShaderCompiler/tools/clang/test/HLSL/../HLSLFileCheck/hlsl/semantics/sv_cullprimitive/cullprimitive.hlsl>
BEGIN TEST(S): </Users/cbieneman/dev/DirectXShaderCompiler/tools/clang/test/HLSL/../HLSLFileCheck/hlsl/semantics/ExtendedCommandInformation/no_in_sig_input.hlsl>
END TEST(S): </Users/cbieneman/dev/DirectXShaderCompiler/tools/clang/test/HLSL/../HLSLFileCheck/hlsl/semantics/ExtendedCommandInformation/no_in_sig_input.hlsl>
BEGIN TEST(S): </Users/cbieneman/dev/DirectXShaderCompiler/tools/clang/test/HLSL/../HLSLFileCheck/hlsl/semantics/sv_shadingrate/shadingrate2.hlsl>
END TEST(S): </Users/cbieneman/dev/DirectXShaderCompiler/tools/clang/test/HLSL/../HLSLFileCheck/hlsl/semantics/sv_shadingrate/shadingrate2.hlsl>
BEGIN TEST(S): </Users/cbieneman/dev/DirectXShaderCompiler/tools/clang/test/HLSL/../HLSLFileCheck/hlsl/semantics/sv_shadingrate/shadingrate3.hlsl>
END TEST(S): </Users/cbieneman/dev/DirectXShaderCompiler/tools/clang/test/HLSL/../HLSLFileCheck/hlsl/semantics/sv_shadingrate/shadingrate3.hlsl>
BEGIN TEST(S): </Users/cbieneman/dev/DirectXShaderCompiler/tools/clang/test/HLSL/../HLSLFileCheck/hlsl/semantics/sv_shadingrate/shadingrate4.hlsl>
END TEST(S): </Users/cbieneman/dev/DirectXShaderCompiler/tools/clang/test/HLSL/../HLSLFileCheck/hlsl/semantics/sv_shadingrate/shadingrate4.hlsl>
BEGIN TEST(S): </Users/cbieneman/dev/DirectXShaderCompiler/tools/clang/test/HLSL/../HLSLFileCheck/hlsl/semantics/sv_shadingrate/shadingrate1.hlsl>
END TEST(S): </Users/cbieneman/dev/DirectXShaderCompiler/tools/clang/test/HLSL/../HLSLFileCheck/hlsl/semantics/sv_shadingrate/shadingrate1.hlsl>
BEGIN TEST(S): </Users/cbieneman/dev/DirectXShaderCompiler/tools/clang/test/HLSL/../HLSLFileCheck/hlsl/semantics/sv_clipdistance/clip_planes_output_error.hlsl>
END TEST(S): </Users/cbieneman/dev/DirectXShaderCompiler/tools/clang/test/HLSL/../HLSLFileCheck/hlsl/semantics/sv_clipdistance/clip_planes_output_error.hlsl>
BEGIN TEST(S): </Users/cbieneman/dev/DirectXShaderCompiler/tools/clang/test/HLSL/../HLSLFileCheck/hlsl/semantics/sv_clipdistance/clip_planes.hlsl>
END TEST(S): </Users/cbieneman/dev/DirectXShaderCompiler/tools/clang/test/HLSL/../HLSLFileCheck/hlsl/semantics/sv_clipdistance/clip_planes.hlsl>
BEGIN TEST(S): </Users/cbieneman/dev/DirectXShaderCompiler/tools/clang/test/HLSL/../HLSLFileCheck/hlsl/lifetimes/lifetimes.hlsl>
END TEST(S): </Users/cbieneman/dev/DirectXShaderCompiler/tools/clang/test/HLSL/../HLSLFileCheck/hlsl/lifetimes/lifetimes.hlsl>
BEGIN TEST(S): </Users/cbieneman/dev/DirectXShaderCompiler/tools/clang/test/HLSL/../HLSLFileCheck/hlsl/lifetimes/lifetimes-flag.hlsl>
END TEST(S): </Users/cbieneman/dev/DirectXShaderCompiler/tools/clang/test/HLSL/../HLSLFileCheck/hlsl/lifetimes/lifetimes-flag.hlsl>
BEGIN TEST(S): </Users/cbieneman/dev/DirectXShaderCompiler/tools/clang/test/HLSL/../HLSLFileCheck/hlsl/lifetimes/lifetimes_lib_6_3.hlsl>
END TEST(S): </Users/cbieneman/dev/DirectXShaderCompiler/tools/clang/test/HLSL/../HLSLFileCheck/hlsl/lifetimes/lifetimes_lib_6_3.hlsl>
BEGIN TEST(S): </Users/cbieneman/dev/DirectXShaderCompiler/tools/clang/test/HLSL/../HLSLFileCheck/hlsl/lifetimes/lifetimes_loop_live_vals.hlsl>
END TEST(S): </Users/cbieneman/dev/DirectXShaderCompiler/tools/clang/test/HLSL/../HLSLFileCheck/hlsl/lifetimes/lifetimes_loop_live_vals.hlsl>
BEGIN TEST(S): </Users/cbieneman/dev/DirectXShaderCompiler/tools/clang/test/HLSL/../HLSLFileCheck/hlsl/lifetimes/partial-lifetimes.hlsl>
END TEST(S): </Users/cbieneman/dev/DirectXShaderCompiler/tools/clang/test/HLSL/../HLSLFileCheck/hlsl/lifetimes/partial-lifetimes.hlsl>
BEGIN TEST(S): </Users/cbieneman/dev/DirectXShaderCompiler/tools/clang/test/HLSL/../HLSLFileCheck/hlsl/lifetimes/lifetime-reduction.hlsl>
END TEST(S): </Users/cbieneman/dev/DirectXShaderCompiler/tools/clang/test/HLSL/../HLSLFileCheck/hlsl/lifetimes/lifetime-reduction.hlsl>
BEGIN TEST(S): </Users/cbieneman/dev/DirectXShaderCompiler/tools/clang/test/HLSL/../HLSLFileCheck/hlsl/lifetimes/lifetimes_force_zero_flag.hlsl>
END TEST(S): </Users/cbieneman/dev/DirectXShaderCompiler/tools/clang/test/HLSL/../HLSLFileCheck/hlsl/lifetimes/lifetimes_force_zero_flag.hlsl>
BEGIN TEST(S): </Users/cbieneman/dev/DirectXShaderCompiler/tools/clang/test/HLSL/../HLSLFileCheck/hlsl/lifetimes/lifetimes_replacememcpy.hlsl>
END TEST(S): </Users/cbieneman/dev/DirectXShaderCompiler/tools/clang/test/HLSL/../HLSLFileCheck/hlsl/lifetimes/lifetimes_replacememcpy.hlsl>
BEGIN TEST(S): </Users/cbieneman/dev/DirectXShaderCompiler/tools/clang/test/HLSL/../HLSLFileCheck/hlsl/lifetimes/partial-lifetimes-temp.hlsl>
END TEST(S): </Users/cbieneman/dev/DirectXShaderCompiler/tools/clang/test/HLSL/../HLSLFileCheck/hlsl/lifetimes/partial-lifetimes-temp.hlsl>
BEGIN TEST(S): </Users/cbieneman/dev/DirectXShaderCompiler/tools/clang/test/HLSL/../HLSLFileCheck/hlsl/resource_binding/space_only_alloc.hlsl>
END TEST(S): </Users/cbieneman/dev/DirectXShaderCompiler/tools/clang/test/HLSL/../HLSLFileCheck/hlsl/resource_binding/space_only_alloc.hlsl>
BEGIN TEST(S): </Users/cbieneman/dev/DirectXShaderCompiler/tools/clang/test/HLSL/../HLSLFileCheck/hlsl/resource_binding/buf_index_nonuniform_index.hlsl>
END TEST(S): </Users/cbieneman/dev/DirectXShaderCompiler/tools/clang/test/HLSL/../HLSLFileCheck/hlsl/resource_binding/buf_index_nonuniform_index.hlsl>
BEGIN TEST(S): </Users/cbieneman/dev/DirectXShaderCompiler/tools/clang/test/HLSL/../HLSLFileCheck/hlsl/resource_binding/resource-array-param.hlsl>
END TEST(S): </Users/cbieneman/dev/DirectXShaderCompiler/tools/clang/test/HLSL/../HLSLFileCheck/hlsl/resource_binding/resource-array-param.hlsl>
BEGIN TEST(S): </Users/cbieneman/dev/DirectXShaderCompiler/tools/clang/test/HLSL/../HLSLFileCheck/hlsl/resource_binding/legacy_reservation_unbounded.hlsl>
END TEST(S): </Users/cbieneman/dev/DirectXShaderCompiler/tools/clang/test/HLSL/../HLSLFileCheck/hlsl/resource_binding/legacy_reservation_unbounded.hlsl>
BEGIN TEST(S): </Users/cbieneman/dev/DirectXShaderCompiler/tools/clang/test/HLSL/../HLSLFileCheck/hlsl/resource_binding/legacy_reservation_arrays_sm51.hlsl>
END TEST(S): </Users/cbieneman/dev/DirectXShaderCompiler/tools/clang/test/HLSL/../HLSLFileCheck/hlsl/resource_binding/legacy_reservation_arrays_sm51.hlsl>
BEGIN TEST(S): </Users/cbieneman/dev/DirectXShaderCompiler/tools/clang/test/HLSL/../HLSLFileCheck/hlsl/resource_binding/resource-in-struct2.hlsl>
END TEST(S): </Users/cbieneman/dev/DirectXShaderCompiler/tools/clang/test/HLSL/../HLSLFileCheck/hlsl/resource_binding/resource-in-struct2.hlsl>
BEGIN TEST(S): </Users/cbieneman/dev/DirectXShaderCompiler/tools/clang/test/HLSL/../HLSLFileCheck/hlsl/resource_binding/uppercase-register1.hlsl>
END TEST(S): </Users/cbieneman/dev/DirectXShaderCompiler/tools/clang/test/HLSL/../HLSLFileCheck/hlsl/resource_binding/uppercase-register1.hlsl>
BEGIN TEST(S): </Users/cbieneman/dev/DirectXShaderCompiler/tools/clang/test/HLSL/../HLSLFileCheck/hlsl/resource_binding/resource_cleanup.hlsl>
END TEST(S): </Users/cbieneman/dev/DirectXShaderCompiler/tools/clang/test/HLSL/../HLSLFileCheck/hlsl/resource_binding/resource_cleanup.hlsl>
BEGIN TEST(S): </Users/cbieneman/dev/DirectXShaderCompiler/tools/clang/test/HLSL/../HLSLFileCheck/hlsl/resource_binding/resource-in-struct3.hlsl>
END TEST(S): </Users/cbieneman/dev/DirectXShaderCompiler/tools/clang/test/HLSL/../HLSLFileCheck/hlsl/resource_binding/resource-in-struct3.hlsl>
BEGIN TEST(S): </Users/cbieneman/dev/DirectXShaderCompiler/tools/clang/test/HLSL/../HLSLFileCheck/hlsl/resource_binding/legacy_reservation_arrays_sm50.hlsl>
END TEST(S): </Users/cbieneman/dev/DirectXShaderCompiler/tools/clang/test/HLSL/../HLSLFileCheck/hlsl/resource_binding/legacy_reservation_arrays_sm50.hlsl>
BEGIN TEST(S): </Users/cbieneman/dev/DirectXShaderCompiler/tools/clang/test/HLSL/../HLSLFileCheck/hlsl/resource_binding/resource_overlap.hlsl>
END TEST(S): </Users/cbieneman/dev/DirectXShaderCompiler/tools/clang/test/HLSL/../HLSLFileCheck/hlsl/resource_binding/resource_overlap.hlsl>
BEGIN TEST(S): </Users/cbieneman/dev/DirectXShaderCompiler/tools/clang/test/HLSL/../HLSLFileCheck/hlsl/resource_binding/bindings1.hlsl>
END TEST(S): </Users/cbieneman/dev/DirectXShaderCompiler/tools/clang/test/HLSL/../HLSLFileCheck/hlsl/resource_binding/bindings1.hlsl>
BEGIN TEST(S): </Users/cbieneman/dev/DirectXShaderCompiler/tools/clang/test/HLSL/../HLSLFileCheck/hlsl/resource_binding/space_only_shader_type.hlsl>
END TEST(S): </Users/cbieneman/dev/DirectXShaderCompiler/tools/clang/test/HLSL/../HLSLFileCheck/hlsl/resource_binding/space_only_shader_type.hlsl>
BEGIN TEST(S): </Users/cbieneman/dev/DirectXShaderCompiler/tools/clang/test/HLSL/../HLSLFileCheck/hlsl/resource_binding/auto_binding_space.hlsl>
END TEST(S): </Users/cbieneman/dev/DirectXShaderCompiler/tools/clang/test/HLSL/../HLSLFileCheck/hlsl/resource_binding/auto_binding_space.hlsl>
BEGIN TEST(S): </Users/cbieneman/dev/DirectXShaderCompiler/tools/clang/test/HLSL/../HLSLFileCheck/hlsl/resource_binding/props_ms.hlsl>
END TEST(S): </Users/cbieneman/dev/DirectXShaderCompiler/tools/clang/test/HLSL/../HLSLFileCheck/hlsl/resource_binding/props_ms.hlsl>
BEGIN TEST(S): </Users/cbieneman/dev/DirectXShaderCompiler/tools/clang/test/HLSL/../HLSLFileCheck/hlsl/resource_binding/resource_in_cbuffer.hlsl>
END TEST(S): </Users/cbieneman/dev/DirectXShaderCompiler/tools/clang/test/HLSL/../HLSLFileCheck/hlsl/resource_binding/resource_in_cbuffer.hlsl>
BEGIN TEST(S): </Users/cbieneman/dev/DirectXShaderCompiler/tools/clang/test/HLSL/../HLSLFileCheck/hlsl/resource_binding/res_in_cb1.hlsl>
END TEST(S): </Users/cbieneman/dev/DirectXShaderCompiler/tools/clang/test/HLSL/../HLSLFileCheck/hlsl/resource_binding/res_in_cb1.hlsl>
BEGIN TEST(S): </Users/cbieneman/dev/DirectXShaderCompiler/tools/clang/test/HLSL/../HLSLFileCheck/hlsl/resource_binding/register_args_lib.hlsl>
END TEST(S): </Users/cbieneman/dev/DirectXShaderCompiler/tools/clang/test/HLSL/../HLSLFileCheck/hlsl/resource_binding/register_args_lib.hlsl>
BEGIN TEST(S): </Users/cbieneman/dev/DirectXShaderCompiler/tools/clang/test/HLSL/../HLSLFileCheck/hlsl/resource_binding/resource_in_cbuffer2.hlsl>
END TEST(S): </Users/cbieneman/dev/DirectXShaderCompiler/tools/clang/test/HLSL/../HLSLFileCheck/hlsl/resource_binding/resource_in_cbuffer2.hlsl>
BEGIN TEST(S): </Users/cbieneman/dev/DirectXShaderCompiler/tools/clang/test/HLSL/../HLSLFileCheck/hlsl/resource_binding/NonUniform.hlsl>
END TEST(S): </Users/cbieneman/dev/DirectXShaderCompiler/tools/clang/test/HLSL/../HLSLFileCheck/hlsl/resource_binding/NonUniform.hlsl>
BEGIN TEST(S): </Users/cbieneman/dev/DirectXShaderCompiler/tools/clang/test/HLSL/../HLSLFileCheck/hlsl/resource_binding/res_in_cb3.hlsl>
END TEST(S): </Users/cbieneman/dev/DirectXShaderCompiler/tools/clang/test/HLSL/../HLSLFileCheck/hlsl/resource_binding/res_in_cb3.hlsl>
BEGIN TEST(S): </Users/cbieneman/dev/DirectXShaderCompiler/tools/clang/test/HLSL/../HLSLFileCheck/hlsl/resource_binding/res_in_cb2.hlsl>
END TEST(S): </Users/cbieneman/dev/DirectXShaderCompiler/tools/clang/test/HLSL/../HLSLFileCheck/hlsl/resource_binding/res_in_cb2.hlsl>
BEGIN TEST(S): </Users/cbieneman/dev/DirectXShaderCompiler/tools/clang/test/HLSL/../HLSLFileCheck/hlsl/resource_binding/resource-in-struct.hlsl>
END TEST(S): </Users/cbieneman/dev/DirectXShaderCompiler/tools/clang/test/HLSL/../HLSLFileCheck/hlsl/resource_binding/resource-in-struct.hlsl>
BEGIN TEST(S): </Users/cbieneman/dev/DirectXShaderCompiler/tools/clang/test/HLSL/../HLSLFileCheck/hlsl/resource_binding/bindings2.hlsl>
END TEST(S): </Users/cbieneman/dev/DirectXShaderCompiler/tools/clang/test/HLSL/../HLSLFileCheck/hlsl/resource_binding/bindings2.hlsl>
BEGIN TEST(S): </Users/cbieneman/dev/DirectXShaderCompiler/tools/clang/test/HLSL/../HLSLFileCheck/hlsl/resource_binding/resource_param.hlsl>
END TEST(S): </Users/cbieneman/dev/DirectXShaderCompiler/tools/clang/test/HLSL/../HLSLFileCheck/hlsl/resource_binding/resource_param.hlsl>
BEGIN TEST(S): </Users/cbieneman/dev/DirectXShaderCompiler/tools/clang/test/HLSL/../HLSLFileCheck/hlsl/resource_binding/legacy_reservation_sm51.hlsl>
END TEST(S): </Users/cbieneman/dev/DirectXShaderCompiler/tools/clang/test/HLSL/../HLSLFileCheck/hlsl/resource_binding/legacy_reservation_sm51.hlsl>
BEGIN TEST(S): </Users/cbieneman/dev/DirectXShaderCompiler/tools/clang/test/HLSL/../HLSLFileCheck/hlsl/resource_binding/unbound_overlap.hlsl>
END TEST(S): </Users/cbieneman/dev/DirectXShaderCompiler/tools/clang/test/HLSL/../HLSLFileCheck/hlsl/resource_binding/unbound_overlap.hlsl>
BEGIN TEST(S): </Users/cbieneman/dev/DirectXShaderCompiler/tools/clang/test/HLSL/../HLSLFileCheck/hlsl/resource_binding/space_only_resource_types.hlsl>
END TEST(S): </Users/cbieneman/dev/DirectXShaderCompiler/tools/clang/test/HLSL/../HLSLFileCheck/hlsl/resource_binding/space_only_resource_types.hlsl>
BEGIN TEST(S): </Users/cbieneman/dev/DirectXShaderCompiler/tools/clang/test/HLSL/../HLSLFileCheck/hlsl/resource_binding/legacy_reservation_sm50.hlsl>
END TEST(S): </Users/cbieneman/dev/DirectXShaderCompiler/tools/clang/test/HLSL/../HLSLFileCheck/hlsl/resource_binding/legacy_reservation_sm50.hlsl>
BEGIN TEST(S): </Users/cbieneman/dev/DirectXShaderCompiler/tools/clang/test/HLSL/../HLSLFileCheck/hlsl/resource_binding/bindings_ms.hlsl>
END TEST(S): </Users/cbieneman/dev/DirectXShaderCompiler/tools/clang/test/HLSL/../HLSLFileCheck/hlsl/resource_binding/bindings_ms.hlsl>
BEGIN TEST(S): </Users/cbieneman/dev/DirectXShaderCompiler/tools/clang/test/HLSL/../HLSLFileCheck/hlsl/compile_options/enable_templates.hlsl>
END TEST(S): </Users/cbieneman/dev/DirectXShaderCompiler/tools/clang/test/HLSL/../HLSLFileCheck/hlsl/compile_options/enable_templates.hlsl>
BEGIN TEST(S): </Users/cbieneman/dev/DirectXShaderCompiler/tools/clang/test/HLSL/../HLSLFileCheck/hlsl/compile_options/res-may-alias.hlsl>
END TEST(S): </Users/cbieneman/dev/DirectXShaderCompiler/tools/clang/test/HLSL/../HLSLFileCheck/hlsl/compile_options/res-may-alias.hlsl>
BEGIN TEST(S): </Users/cbieneman/dev/DirectXShaderCompiler/tools/clang/test/HLSL/../HLSLFileCheck/hlsl/compile_options/precise_output.hlsl>
END TEST(S): </Users/cbieneman/dev/DirectXShaderCompiler/tools/clang/test/HLSL/../HLSLFileCheck/hlsl/compile_options/precise_output.hlsl>
BEGIN TEST(S): </Users/cbieneman/dev/DirectXShaderCompiler/tools/clang/test/HLSL/../HLSLFileCheck/hlsl/compile_options/Qstrip_reflect/Qstrip_reflect_subobj.hlsl>
END TEST(S): </Users/cbieneman/dev/DirectXShaderCompiler/tools/clang/test/HLSL/../HLSLFileCheck/hlsl/compile_options/Qstrip_reflect/Qstrip_reflect_subobj.hlsl>
BEGIN TEST(S): </Users/cbieneman/dev/DirectXShaderCompiler/tools/clang/test/HLSL/../HLSLFileCheck/hlsl/compile_options/Qstrip_reflect/Qstrip_reflect.hlsl>
END TEST(S): </Users/cbieneman/dev/DirectXShaderCompiler/tools/clang/test/HLSL/../HLSLFileCheck/hlsl/compile_options/Qstrip_reflect/Qstrip_reflect.hlsl>
BEGIN TEST(S): </Users/cbieneman/dev/DirectXShaderCompiler/tools/clang/test/HLSL/../HLSLFileCheck/hlsl/compile_options/Qstrip_reflect/Qstrip_reflect_lib.hlsl>
END TEST(S): </Users/cbieneman/dev/DirectXShaderCompiler/tools/clang/test/HLSL/../HLSLFileCheck/hlsl/compile_options/Qstrip_reflect/Qstrip_reflect_lib.hlsl>
BEGIN TEST(S): </Users/cbieneman/dev/DirectXShaderCompiler/tools/clang/test/HLSL/../HLSLFileCheck/hlsl/compile_options/Qstrip_reflect/Qstrip_reflect_struct_buf.hlsl>
END TEST(S): </Users/cbieneman/dev/DirectXShaderCompiler/tools/clang/test/HLSL/../HLSLFileCheck/hlsl/compile_options/Qstrip_reflect/Qstrip_reflect_struct_buf.hlsl>
BEGIN TEST(S): </Users/cbieneman/dev/DirectXShaderCompiler/tools/clang/test/HLSL/../HLSLFileCheck/hlsl/compile_options/WX.hlsl>
END TEST(S): </Users/cbieneman/dev/DirectXShaderCompiler/tools/clang/test/HLSL/../HLSLFileCheck/hlsl/compile_options/WX.hlsl>
BEGIN TEST(S): </Users/cbieneman/dev/DirectXShaderCompiler/tools/clang/test/HLSL/../HLSLFileCheck/hlsl/compile_options/pack_prefix_stable/prefix_stable3.hlsl>
END TEST(S): </Users/cbieneman/dev/DirectXShaderCompiler/tools/clang/test/HLSL/../HLSLFileCheck/hlsl/compile_options/pack_prefix_stable/prefix_stable3.hlsl>
BEGIN TEST(S): </Users/cbieneman/dev/DirectXShaderCompiler/tools/clang/test/HLSL/../HLSLFileCheck/hlsl/compile_options/pack_prefix_stable/prefix_stable2.hlsl>
END TEST(S): </Users/cbieneman/dev/DirectXShaderCompiler/tools/clang/test/HLSL/../HLSLFileCheck/hlsl/compile_options/pack_prefix_stable/prefix_stable2.hlsl>
BEGIN TEST(S): </Users/cbieneman/dev/DirectXShaderCompiler/tools/clang/test/HLSL/../HLSLFileCheck/hlsl/compile_options/pack_prefix_stable/prefix_stable.hlsl>
END TEST(S): </Users/cbieneman/dev/DirectXShaderCompiler/tools/clang/test/HLSL/../HLSLFileCheck/hlsl/compile_options/pack_prefix_stable/prefix_stable.hlsl>
BEGIN TEST(S): </Users/cbieneman/dev/DirectXShaderCompiler/tools/clang/test/HLSL/../HLSLFileCheck/hlsl/compile_options/gis_dxil_op.hlsl>
END TEST(S): </Users/cbieneman/dev/DirectXShaderCompiler/tools/clang/test/HLSL/../HLSLFileCheck/hlsl/compile_options/gis_dxil_op.hlsl>
BEGIN TEST(S): </Users/cbieneman/dev/DirectXShaderCompiler/tools/clang/test/HLSL/../HLSLFileCheck/hlsl/compile_options/Gis.hlsl>
END TEST(S): </Users/cbieneman/dev/DirectXShaderCompiler/tools/clang/test/HLSL/../HLSLFileCheck/hlsl/compile_options/Gis.hlsl>
BEGIN TEST(S): </Users/cbieneman/dev/DirectXShaderCompiler/tools/clang/test/HLSL/../HLSLFileCheck/hlsl/compile_options/pack_optimized/optimized.hlsl>
END TEST(S): </Users/cbieneman/dev/DirectXShaderCompiler/tools/clang/test/HLSL/../HLSLFileCheck/hlsl/compile_options/pack_optimized/optimized.hlsl>
BEGIN TEST(S): </Users/cbieneman/dev/DirectXShaderCompiler/tools/clang/test/HLSL/../HLSLFileCheck/hlsl/compile_options/pack_optimized/optimized2.hlsl>
END TEST(S): </Users/cbieneman/dev/DirectXShaderCompiler/tools/clang/test/HLSL/../HLSLFileCheck/hlsl/compile_options/pack_optimized/optimized2.hlsl>
BEGIN TEST(S): </Users/cbieneman/dev/DirectXShaderCompiler/tools/clang/test/HLSL/../HLSLFileCheck/hlsl/compile_options/pack_optimized/optimized3.hlsl>
END TEST(S): </Users/cbieneman/dev/DirectXShaderCompiler/tools/clang/test/HLSL/../HLSLFileCheck/hlsl/compile_options/pack_optimized/optimized3.hlsl>
BEGIN TEST(S): </Users/cbieneman/dev/DirectXShaderCompiler/tools/clang/test/HLSL/../HLSLFileCheck/hlsl/diagnostics/errors/shader_attr.hlsl>
END TEST(S): </Users/cbieneman/dev/DirectXShaderCompiler/tools/clang/test/HLSL/../HLSLFileCheck/hlsl/diagnostics/errors/shader_attr.hlsl>
BEGIN TEST(S): </Users/cbieneman/dev/DirectXShaderCompiler/tools/clang/test/HLSL/../HLSLFileCheck/hlsl/diagnostics/errors/unsupported_error.hlsl>
END TEST(S): </Users/cbieneman/dev/DirectXShaderCompiler/tools/clang/test/HLSL/../HLSLFileCheck/hlsl/diagnostics/errors/unsupported_error.hlsl>
BEGIN TEST(S): </Users/cbieneman/dev/DirectXShaderCompiler/tools/clang/test/HLSL/../HLSLFileCheck/hlsl/diagnostics/errors/SimpleGS9.hlsl>
END TEST(S): </Users/cbieneman/dev/DirectXShaderCompiler/tools/clang/test/HLSL/../HLSLFileCheck/hlsl/diagnostics/errors/SimpleGS9.hlsl>
BEGIN TEST(S): </Users/cbieneman/dev/DirectXShaderCompiler/tools/clang/test/HLSL/../HLSLFileCheck/hlsl/diagnostics/errors/unbound_unbound_init.hlsl>
END TEST(S): </Users/cbieneman/dev/DirectXShaderCompiler/tools/clang/test/HLSL/../HLSLFileCheck/hlsl/diagnostics/errors/unbound_unbound_init.hlsl>
BEGIN TEST(S): </Users/cbieneman/dev/DirectXShaderCompiler/tools/clang/test/HLSL/../HLSLFileCheck/hlsl/diagnostics/errors/InnerCoverage.hlsl>
END TEST(S): </Users/cbieneman/dev/DirectXShaderCompiler/tools/clang/test/HLSL/../HLSLFileCheck/hlsl/diagnostics/errors/InnerCoverage.hlsl>
BEGIN TEST(S): </Users/cbieneman/dev/DirectXShaderCompiler/tools/clang/test/HLSL/../HLSLFileCheck/hlsl/diagnostics/errors/SimpleGS8.hlsl>
END TEST(S): </Users/cbieneman/dev/DirectXShaderCompiler/tools/clang/test/HLSL/../HLSLFileCheck/hlsl/diagnostics/errors/SimpleGS8.hlsl>
BEGIN TEST(S): </Users/cbieneman/dev/DirectXShaderCompiler/tools/clang/test/HLSL/../HLSLFileCheck/hlsl/diagnostics/errors/SimpleGS10.hlsl>
END TEST(S): </Users/cbieneman/dev/DirectXShaderCompiler/tools/clang/test/HLSL/../HLSLFileCheck/hlsl/diagnostics/errors/SimpleGS10.hlsl>
BEGIN TEST(S): </Users/cbieneman/dev/DirectXShaderCompiler/tools/clang/test/HLSL/../HLSLFileCheck/hlsl/diagnostics/errors/invalid_input_output_types.hlsl>
END TEST(S): </Users/cbieneman/dev/DirectXShaderCompiler/tools/clang/test/HLSL/../HLSLFileCheck/hlsl/diagnostics/errors/invalid_input_output_types.hlsl>
BEGIN TEST(S): </Users/cbieneman/dev/DirectXShaderCompiler/tools/clang/test/HLSL/../HLSLFileCheck/hlsl/diagnostics/errors/resource_conflict.hlsl>
END TEST(S): </Users/cbieneman/dev/DirectXShaderCompiler/tools/clang/test/HLSL/../HLSLFileCheck/hlsl/diagnostics/errors/resource_conflict.hlsl>
BEGIN TEST(S): </Users/cbieneman/dev/DirectXShaderCompiler/tools/clang/test/HLSL/../HLSLFileCheck/hlsl/diagnostics/errors/local_resource6_dbg.hlsl>
END TEST(S): </Users/cbieneman/dev/DirectXShaderCompiler/tools/clang/test/HLSL/../HLSLFileCheck/hlsl/diagnostics/errors/local_resource6_dbg.hlsl>
BEGIN TEST(S): </Users/cbieneman/dev/DirectXShaderCompiler/tools/clang/test/HLSL/../HLSLFileCheck/hlsl/diagnostics/errors/optForNoOpt3.hlsl>
END TEST(S): </Users/cbieneman/dev/DirectXShaderCompiler/tools/clang/test/HLSL/../HLSLFileCheck/hlsl/diagnostics/errors/optForNoOpt3.hlsl>
BEGIN TEST(S): </Users/cbieneman/dev/DirectXShaderCompiler/tools/clang/test/HLSL/../HLSLFileCheck/hlsl/diagnostics/errors/external_func.hlsl>
END TEST(S): </Users/cbieneman/dev/DirectXShaderCompiler/tools/clang/test/HLSL/../HLSLFileCheck/hlsl/diagnostics/errors/external_func.hlsl>
BEGIN TEST(S): </Users/cbieneman/dev/DirectXShaderCompiler/tools/clang/test/HLSL/../HLSLFileCheck/hlsl/diagnostics/errors/sm-fail.hlsl>
END TEST(S): </Users/cbieneman/dev/DirectXShaderCompiler/tools/clang/test/HLSL/../HLSLFileCheck/hlsl/diagnostics/errors/sm-fail.hlsl>
BEGIN TEST(S): </Users/cbieneman/dev/DirectXShaderCompiler/tools/clang/test/HLSL/../HLSLFileCheck/hlsl/diagnostics/errors/WaveSizeAttrNotAllowed3.hlsl>
END TEST(S): </Users/cbieneman/dev/DirectXShaderCompiler/tools/clang/test/HLSL/../HLSLFileCheck/hlsl/diagnostics/errors/WaveSizeAttrNotAllowed3.hlsl>
BEGIN TEST(S): </Users/cbieneman/dev/DirectXShaderCompiler/tools/clang/test/HLSL/../HLSLFileCheck/hlsl/diagnostics/errors/optForNoOpt4.hlsl>
END TEST(S): </Users/cbieneman/dev/DirectXShaderCompiler/tools/clang/test/HLSL/../HLSLFileCheck/hlsl/diagnostics/errors/optForNoOpt4.hlsl>
BEGIN TEST(S): </Users/cbieneman/dev/DirectXShaderCompiler/tools/clang/test/HLSL/../HLSLFileCheck/hlsl/diagnostics/errors/resource-in-cbv.hlsl>
END TEST(S): </Users/cbieneman/dev/DirectXShaderCompiler/tools/clang/test/HLSL/../HLSLFileCheck/hlsl/diagnostics/errors/resource-in-cbv.hlsl>
BEGIN TEST(S): </Users/cbieneman/dev/DirectXShaderCompiler/tools/clang/test/HLSL/../HLSLFileCheck/hlsl/diagnostics/errors/semantics_duplicate_param_error.hlsl>
END TEST(S): </Users/cbieneman/dev/DirectXShaderCompiler/tools/clang/test/HLSL/../HLSLFileCheck/hlsl/diagnostics/errors/semantics_duplicate_param_error.hlsl>
BEGIN TEST(S): </Users/cbieneman/dev/DirectXShaderCompiler/tools/clang/test/HLSL/../HLSLFileCheck/hlsl/diagnostics/errors/offsets.hlsl>
END TEST(S): </Users/cbieneman/dev/DirectXShaderCompiler/tools/clang/test/HLSL/../HLSLFileCheck/hlsl/diagnostics/errors/offsets.hlsl>
BEGIN TEST(S): </Users/cbieneman/dev/DirectXShaderCompiler/tools/clang/test/HLSL/../HLSLFileCheck/hlsl/diagnostics/errors/differentAttributes.hlsl>
END TEST(S): </Users/cbieneman/dev/DirectXShaderCompiler/tools/clang/test/HLSL/../HLSLFileCheck/hlsl/diagnostics/errors/differentAttributes.hlsl>
BEGIN TEST(S): </Users/cbieneman/dev/DirectXShaderCompiler/tools/clang/test/HLSL/../HLSLFileCheck/hlsl/diagnostics/errors/WaveSizeAttrNotAllowed2.hlsl>
END TEST(S): </Users/cbieneman/dev/DirectXShaderCompiler/tools/clang/test/HLSL/../HLSLFileCheck/hlsl/diagnostics/errors/WaveSizeAttrNotAllowed2.hlsl>
BEGIN TEST(S): </Users/cbieneman/dev/DirectXShaderCompiler/tools/clang/test/HLSL/../HLSLFileCheck/hlsl/diagnostics/errors/attributes-gs-no-inout-main.hlsl>
END TEST(S): </Users/cbieneman/dev/DirectXShaderCompiler/tools/clang/test/HLSL/../HLSLFileCheck/hlsl/diagnostics/errors/attributes-gs-no-inout-main.hlsl>
BEGIN TEST(S): </Users/cbieneman/dev/DirectXShaderCompiler/tools/clang/test/HLSL/../HLSLFileCheck/hlsl/diagnostics/errors/local_resource6.hlsl>
END TEST(S): </Users/cbieneman/dev/DirectXShaderCompiler/tools/clang/test/HLSL/../HLSLFileCheck/hlsl/diagnostics/errors/local_resource6.hlsl>
BEGIN TEST(S): </Users/cbieneman/dev/DirectXShaderCompiler/tools/clang/test/HLSL/../HLSLFileCheck/hlsl/diagnostics/errors/WaveSizeAttrNotAllowed1.hlsl>
END TEST(S): </Users/cbieneman/dev/DirectXShaderCompiler/tools/clang/test/HLSL/../HLSLFileCheck/hlsl/diagnostics/errors/WaveSizeAttrNotAllowed1.hlsl>
BEGIN TEST(S): </Users/cbieneman/dev/DirectXShaderCompiler/tools/clang/test/HLSL/../HLSLFileCheck/hlsl/diagnostics/errors/local_resource5_dbg.hlsl>
END TEST(S): </Users/cbieneman/dev/DirectXShaderCompiler/tools/clang/test/HLSL/../HLSLFileCheck/hlsl/diagnostics/errors/local_resource5_dbg.hlsl>
BEGIN TEST(S): </Users/cbieneman/dev/DirectXShaderCompiler/tools/clang/test/HLSL/../HLSLFileCheck/hlsl/diagnostics/errors/attributes-gs-no-maxvertexcount.hlsl>
END TEST(S): </Users/cbieneman/dev/DirectXShaderCompiler/tools/clang/test/HLSL/../HLSLFileCheck/hlsl/diagnostics/errors/attributes-gs-no-maxvertexcount.hlsl>
BEGIN TEST(S): </Users/cbieneman/dev/DirectXShaderCompiler/tools/clang/test/HLSL/../HLSLFileCheck/hlsl/diagnostics/errors/local_resource5.hlsl>
END TEST(S): </Users/cbieneman/dev/DirectXShaderCompiler/tools/clang/test/HLSL/../HLSLFileCheck/hlsl/diagnostics/errors/local_resource5.hlsl>
BEGIN TEST(S): </Users/cbieneman/dev/DirectXShaderCompiler/tools/clang/test/HLSL/../HLSLFileCheck/hlsl/diagnostics/errors/correct_delay.hlsl>
END TEST(S): </Users/cbieneman/dev/DirectXShaderCompiler/tools/clang/test/HLSL/../HLSLFileCheck/hlsl/diagnostics/errors/correct_delay.hlsl>
BEGIN TEST(S): </Users/cbieneman/dev/DirectXShaderCompiler/tools/clang/test/HLSL/../HLSLFileCheck/hlsl/diagnostics/errors/fixedWidth.hlsl>
END TEST(S): </Users/cbieneman/dev/DirectXShaderCompiler/tools/clang/test/HLSL/../HLSLFileCheck/hlsl/diagnostics/errors/fixedWidth.hlsl>
BEGIN TEST(S): </Users/cbieneman/dev/DirectXShaderCompiler/tools/clang/test/HLSL/../HLSLFileCheck/hlsl/diagnostics/errors/root_sig_on_raytracing_entry.hlsl>
END TEST(S): </Users/cbieneman/dev/DirectXShaderCompiler/tools/clang/test/HLSL/../HLSLFileCheck/hlsl/diagnostics/errors/root_sig_on_raytracing_entry.hlsl>
BEGIN TEST(S): </Users/cbieneman/dev/DirectXShaderCompiler/tools/clang/test/HLSL/../HLSLFileCheck/hlsl/diagnostics/errors/resource-in-cbv2.hlsl>
END TEST(S): </Users/cbieneman/dev/DirectXShaderCompiler/tools/clang/test/HLSL/../HLSLFileCheck/hlsl/diagnostics/errors/resource-in-cbv2.hlsl>
BEGIN TEST(S): </Users/cbieneman/dev/DirectXShaderCompiler/tools/clang/test/HLSL/../HLSLFileCheck/hlsl/diagnostics/errors/offsets_gather.hlsl>
END TEST(S): </Users/cbieneman/dev/DirectXShaderCompiler/tools/clang/test/HLSL/../HLSLFileCheck/hlsl/diagnostics/errors/offsets_gather.hlsl>
BEGIN TEST(S): </Users/cbieneman/dev/DirectXShaderCompiler/tools/clang/test/HLSL/../HLSLFileCheck/hlsl/diagnostics/errors/no_return.hlsl>
END TEST(S): </Users/cbieneman/dev/DirectXShaderCompiler/tools/clang/test/HLSL/../HLSLFileCheck/hlsl/diagnostics/errors/no_return.hlsl>
BEGIN TEST(S): </Users/cbieneman/dev/DirectXShaderCompiler/tools/clang/test/HLSL/../HLSLFileCheck/hlsl/diagnostics/errors/attributes-hs-no-pcf.hlsl>
END TEST(S): </Users/cbieneman/dev/DirectXShaderCompiler/tools/clang/test/HLSL/../HLSLFileCheck/hlsl/diagnostics/errors/attributes-hs-no-pcf.hlsl>
BEGIN TEST(S): </Users/cbieneman/dev/DirectXShaderCompiler/tools/clang/test/HLSL/../HLSLFileCheck/hlsl/diagnostics/errors/fixedWidth16Bit.hlsl>
END TEST(S): </Users/cbieneman/dev/DirectXShaderCompiler/tools/clang/test/HLSL/../HLSLFileCheck/hlsl/diagnostics/errors/fixedWidth16Bit.hlsl>
BEGIN TEST(S): </Users/cbieneman/dev/DirectXShaderCompiler/tools/clang/test/HLSL/../HLSLFileCheck/hlsl/diagnostics/errors/AddUint64Odd.hlsl>
END TEST(S): </Users/cbieneman/dev/DirectXShaderCompiler/tools/clang/test/HLSL/../HLSLFileCheck/hlsl/diagnostics/errors/AddUint64Odd.hlsl>
BEGIN TEST(S): </Users/cbieneman/dev/DirectXShaderCompiler/tools/clang/test/HLSL/../HLSLFileCheck/hlsl/diagnostics/errors/resource-in-tbv2.hlsl>
END TEST(S): </Users/cbieneman/dev/DirectXShaderCompiler/tools/clang/test/HLSL/../HLSLFileCheck/hlsl/diagnostics/errors/resource-in-tbv2.hlsl>
BEGIN TEST(S): </Users/cbieneman/dev/DirectXShaderCompiler/tools/clang/test/HLSL/../HLSLFileCheck/hlsl/diagnostics/errors/attributes-gs-no-inout-other.hlsl>
END TEST(S): </Users/cbieneman/dev/DirectXShaderCompiler/tools/clang/test/HLSL/../HLSLFileCheck/hlsl/diagnostics/errors/attributes-gs-no-inout-other.hlsl>
BEGIN TEST(S): </Users/cbieneman/dev/DirectXShaderCompiler/tools/clang/test/HLSL/../HLSLFileCheck/hlsl/diagnostics/errors/rval_assign.hlsl>
END TEST(S): </Users/cbieneman/dev/DirectXShaderCompiler/tools/clang/test/HLSL/../HLSLFileCheck/hlsl/diagnostics/errors/rval_assign.hlsl>
BEGIN TEST(S): </Users/cbieneman/dev/DirectXShaderCompiler/tools/clang/test/HLSL/../HLSLFileCheck/hlsl/diagnostics/errors/local_resource3.hlsl>
END TEST(S): </Users/cbieneman/dev/DirectXShaderCompiler/tools/clang/test/HLSL/../HLSLFileCheck/hlsl/diagnostics/errors/local_resource3.hlsl>
BEGIN TEST(S): </Users/cbieneman/dev/DirectXShaderCompiler/tools/clang/test/HLSL/../HLSLFileCheck/hlsl/diagnostics/errors/local_resource2.hlsl>
END TEST(S): </Users/cbieneman/dev/DirectXShaderCompiler/tools/clang/test/HLSL/../HLSLFileCheck/hlsl/diagnostics/errors/local_resource2.hlsl>
BEGIN TEST(S): </Users/cbieneman/dev/DirectXShaderCompiler/tools/clang/test/HLSL/../HLSLFileCheck/hlsl/diagnostics/errors/missing_identifier_name_objects.hlsl>
END TEST(S): </Users/cbieneman/dev/DirectXShaderCompiler/tools/clang/test/HLSL/../HLSLFileCheck/hlsl/diagnostics/errors/missing_identifier_name_objects.hlsl>
BEGIN TEST(S): </Users/cbieneman/dev/DirectXShaderCompiler/tools/clang/test/HLSL/../HLSLFileCheck/hlsl/diagnostics/errors/undef_field_recover.hlsl>
END TEST(S): </Users/cbieneman/dev/DirectXShaderCompiler/tools/clang/test/HLSL/../HLSLFileCheck/hlsl/diagnostics/errors/undef_field_recover.hlsl>
BEGIN TEST(S): </Users/cbieneman/dev/DirectXShaderCompiler/tools/clang/test/HLSL/../HLSLFileCheck/hlsl/diagnostics/errors/integer_literal_too_large.hlsl>
END TEST(S): </Users/cbieneman/dev/DirectXShaderCompiler/tools/clang/test/HLSL/../HLSLFileCheck/hlsl/diagnostics/errors/integer_literal_too_large.hlsl>
BEGIN TEST(S): </Users/cbieneman/dev/DirectXShaderCompiler/tools/clang/test/HLSL/../HLSLFileCheck/hlsl/diagnostics/errors/semantics_duplicate_struct_error.hlsl>
END TEST(S): </Users/cbieneman/dev/DirectXShaderCompiler/tools/clang/test/HLSL/../HLSLFileCheck/hlsl/diagnostics/errors/semantics_duplicate_struct_error.hlsl>
BEGIN TEST(S): </Users/cbieneman/dev/DirectXShaderCompiler/tools/clang/test/HLSL/../HLSLFileCheck/hlsl/diagnostics/errors/resource-in-tbv.hlsl>
END TEST(S): </Users/cbieneman/dev/DirectXShaderCompiler/tools/clang/test/HLSL/../HLSLFileCheck/hlsl/diagnostics/errors/resource-in-tbv.hlsl>
BEGIN TEST(S): </Users/cbieneman/dev/DirectXShaderCompiler/tools/clang/test/HLSL/../HLSLFileCheck/hlsl/diagnostics/warnings/Wno-for-redefinition.hlsl>
END TEST(S): </Users/cbieneman/dev/DirectXShaderCompiler/tools/clang/test/HLSL/../HLSLFileCheck/hlsl/diagnostics/warnings/Wno-for-redefinition.hlsl>
BEGIN TEST(S): </Users/cbieneman/dev/DirectXShaderCompiler/tools/clang/test/HLSL/../HLSLFileCheck/hlsl/diagnostics/warnings/show-option-names.hlsl>
END TEST(S): </Users/cbieneman/dev/DirectXShaderCompiler/tools/clang/test/HLSL/../HLSLFileCheck/hlsl/diagnostics/warnings/show-option-names.hlsl>
BEGIN TEST(S): </Users/cbieneman/dev/DirectXShaderCompiler/tools/clang/test/HLSL/../HLSLFileCheck/hlsl/diagnostics/warnings/Wno-packoffset-override.hlsl>
END TEST(S): </Users/cbieneman/dev/DirectXShaderCompiler/tools/clang/test/HLSL/../HLSLFileCheck/hlsl/diagnostics/warnings/Wno-packoffset-override.hlsl>
BEGIN TEST(S): </Users/cbieneman/dev/DirectXShaderCompiler/tools/clang/test/HLSL/../HLSLFileCheck/hlsl/diagnostics/warnings/using.hlsl>
END TEST(S): </Users/cbieneman/dev/DirectXShaderCompiler/tools/clang/test/HLSL/../HLSLFileCheck/hlsl/diagnostics/warnings/using.hlsl>
BEGIN TEST(S): </Users/cbieneman/dev/DirectXShaderCompiler/tools/clang/test/HLSL/../HLSLFileCheck/hlsl/diagnostics/warnings/Wno-attribute-type.hlsl>
END TEST(S): </Users/cbieneman/dev/DirectXShaderCompiler/tools/clang/test/HLSL/../HLSLFileCheck/hlsl/diagnostics/warnings/Wno-attribute-type.hlsl>
BEGIN TEST(S): </Users/cbieneman/dev/DirectXShaderCompiler/tools/clang/test/HLSL/../HLSLFileCheck/hlsl/diagnostics/warnings/Wno-specifier-override.hlsl>
END TEST(S): </Users/cbieneman/dev/DirectXShaderCompiler/tools/clang/test/HLSL/../HLSLFileCheck/hlsl/diagnostics/warnings/Wno-specifier-override.hlsl>
BEGIN TEST(S): </Users/cbieneman/dev/DirectXShaderCompiler/tools/clang/test/HLSL/../HLSLFileCheck/hlsl/diagnostics/warnings/semantics_conflict_warning.hlsl>
END TEST(S): </Users/cbieneman/dev/DirectXShaderCompiler/tools/clang/test/HLSL/../HLSLFileCheck/hlsl/diagnostics/warnings/semantics_conflict_warning.hlsl>
BEGIN TEST(S): </Users/cbieneman/dev/DirectXShaderCompiler/tools/clang/test/HLSL/../HLSLFileCheck/hlsl/diagnostics/warnings/Wno-comma-in-init.hlsl>
END TEST(S): </Users/cbieneman/dev/DirectXShaderCompiler/tools/clang/test/HLSL/../HLSLFileCheck/hlsl/diagnostics/warnings/Wno-comma-in-init.hlsl>
BEGIN TEST(S): </Users/cbieneman/dev/DirectXShaderCompiler/tools/clang/test/HLSL/../HLSLFileCheck/hlsl/diagnostics/warnings/semantics_conflict_warning_return_struct.hlsl>
END TEST(S): </Users/cbieneman/dev/DirectXShaderCompiler/tools/clang/test/HLSL/../HLSLFileCheck/hlsl/diagnostics/warnings/semantics_conflict_warning_return_struct.hlsl>
BEGIN TEST(S): </Users/cbieneman/dev/DirectXShaderCompiler/tools/clang/test/HLSL/../HLSLFileCheck/hlsl/diagnostics/warnings/check_warning.hlsl>
END TEST(S): </Users/cbieneman/dev/DirectXShaderCompiler/tools/clang/test/HLSL/../HLSLFileCheck/hlsl/diagnostics/warnings/check_warning.hlsl>
BEGIN TEST(S): </Users/cbieneman/dev/DirectXShaderCompiler/tools/clang/test/HLSL/../HLSLFileCheck/hlsl/diagnostics/warnings/constexpr_cast_overflow_warning.hlsl>
END TEST(S): </Users/cbieneman/dev/DirectXShaderCompiler/tools/clang/test/HLSL/../HLSLFileCheck/hlsl/diagnostics/warnings/constexpr_cast_overflow_warning.hlsl>
BEGIN TEST(S): </Users/cbieneman/dev/DirectXShaderCompiler/tools/clang/test/HLSL/../HLSLFileCheck/hlsl/diagnostics/warnings/check_nowarning.hlsl>
END TEST(S): </Users/cbieneman/dev/DirectXShaderCompiler/tools/clang/test/HLSL/../HLSLFileCheck/hlsl/diagnostics/warnings/check_nowarning.hlsl>
BEGIN TEST(S): </Users/cbieneman/dev/DirectXShaderCompiler/tools/clang/test/HLSL/../HLSLFileCheck/hlsl/diagnostics/warnings/diagnose_raytracing_payload_access_crash.hlsl>
END TEST(S): </Users/cbieneman/dev/DirectXShaderCompiler/tools/clang/test/HLSL/../HLSLFileCheck/hlsl/diagnostics/warnings/diagnose_raytracing_payload_access_crash.hlsl>
BEGIN TEST(S): </Users/cbieneman/dev/DirectXShaderCompiler/tools/clang/test/HLSL/../HLSLFileCheck/hlsl/diagnostics/warnings/Wno-attribute-statement.hlsl>
END TEST(S): </Users/cbieneman/dev/DirectXShaderCompiler/tools/clang/test/HLSL/../HLSLFileCheck/hlsl/diagnostics/warnings/Wno-attribute-statement.hlsl>
BEGIN TEST(S): </Users/cbieneman/dev/DirectXShaderCompiler/tools/clang/test/HLSL/../HLSLFileCheck/hlsl/diagnostics/warnings/disable-warning-with-option.hlsl>
END TEST(S): </Users/cbieneman/dev/DirectXShaderCompiler/tools/clang/test/HLSL/../HLSLFileCheck/hlsl/diagnostics/warnings/disable-warning-with-option.hlsl>
BEGIN TEST(S): </Users/cbieneman/dev/DirectXShaderCompiler/tools/clang/test/HLSL/../HLSLFileCheck/hlsl/diagnostics/warnings/unused-output-target-warning.hlsl>
END TEST(S): </Users/cbieneman/dev/DirectXShaderCompiler/tools/clang/test/HLSL/../HLSLFileCheck/hlsl/diagnostics/warnings/unused-output-target-warning.hlsl>
BEGIN TEST(S): </Users/cbieneman/dev/DirectXShaderCompiler/tools/clang/test/HLSL/../HLSLFileCheck/hlsl/diagnostics/warnings/constexpr_cast_overflow_nowarning.hlsl>
END TEST(S): </Users/cbieneman/dev/DirectXShaderCompiler/tools/clang/test/HLSL/../HLSLFileCheck/hlsl/diagnostics/warnings/constexpr_cast_overflow_nowarning.hlsl>
BEGIN TEST(S): </Users/cbieneman/dev/DirectXShaderCompiler/tools/clang/test/HLSL/../HLSLFileCheck/hlsl/diagnostics/warnings/wave_sense.hlsl>
END TEST(S): </Users/cbieneman/dev/DirectXShaderCompiler/tools/clang/test/HLSL/../HLSLFileCheck/hlsl/diagnostics/warnings/wave_sense.hlsl>
BEGIN TEST(S): </Users/cbieneman/dev/DirectXShaderCompiler/tools/clang/test/HLSL/../HLSLFileCheck/hlsl/functions/misc/convergent_const_folding.hlsl>
END TEST(S): </Users/cbieneman/dev/DirectXShaderCompiler/tools/clang/test/HLSL/../HLSLFileCheck/hlsl/functions/misc/convergent_const_folding.hlsl>
BEGIN TEST(S): </Users/cbieneman/dev/DirectXShaderCompiler/tools/clang/test/HLSL/../HLSLFileCheck/hlsl/functions/misc/function-param-typedef-test.hlsl>
END TEST(S): </Users/cbieneman/dev/DirectXShaderCompiler/tools/clang/test/HLSL/../HLSLFileCheck/hlsl/functions/misc/function-param-typedef-test.hlsl>
BEGIN TEST(S): </Users/cbieneman/dev/DirectXShaderCompiler/tools/clang/test/HLSL/../HLSLFileCheck/hlsl/functions/misc/static_method.hlsl>
END TEST(S): </Users/cbieneman/dev/DirectXShaderCompiler/tools/clang/test/HLSL/../HLSLFileCheck/hlsl/functions/misc/static_method.hlsl>
BEGIN TEST(S): </Users/cbieneman/dev/DirectXShaderCompiler/tools/clang/test/HLSL/../HLSLFileCheck/hlsl/functions/misc/const-pos-out.hlsl>
END TEST(S): </Users/cbieneman/dev/DirectXShaderCompiler/tools/clang/test/HLSL/../HLSLFileCheck/hlsl/functions/misc/const-pos-out.hlsl>
BEGIN TEST(S): </Users/cbieneman/dev/DirectXShaderCompiler/tools/clang/test/HLSL/../HLSLFileCheck/hlsl/functions/attribute/patch_constant_function_missing.hlsl>
END TEST(S): </Users/cbieneman/dev/DirectXShaderCompiler/tools/clang/test/HLSL/../HLSLFileCheck/hlsl/functions/attribute/patch_constant_function_missing.hlsl>
BEGIN TEST(S): </Users/cbieneman/dev/DirectXShaderCompiler/tools/clang/test/HLSL/../HLSLFileCheck/hlsl/functions/attribute/functionAttribute.hlsl>
END TEST(S): </Users/cbieneman/dev/DirectXShaderCompiler/tools/clang/test/HLSL/../HLSLFileCheck/hlsl/functions/attribute/functionAttribute.hlsl>
BEGIN TEST(S): </Users/cbieneman/dev/DirectXShaderCompiler/tools/clang/test/HLSL/../HLSLFileCheck/hlsl/functions/attribute/noinline.hlsl>
END TEST(S): </Users/cbieneman/dev/DirectXShaderCompiler/tools/clang/test/HLSL/../HLSLFileCheck/hlsl/functions/attribute/noinline.hlsl>
BEGIN TEST(S): </Users/cbieneman/dev/DirectXShaderCompiler/tools/clang/test/HLSL/../HLSLFileCheck/hlsl/functions/attribute/attributeAddition2.hlsl>
END TEST(S): </Users/cbieneman/dev/DirectXShaderCompiler/tools/clang/test/HLSL/../HLSLFileCheck/hlsl/functions/attribute/attributeAddition2.hlsl>
BEGIN TEST(S): </Users/cbieneman/dev/DirectXShaderCompiler/tools/clang/test/HLSL/../HLSLFileCheck/hlsl/functions/attribute/attributeAddition.hlsl>
END TEST(S): </Users/cbieneman/dev/DirectXShaderCompiler/tools/clang/test/HLSL/../HLSLFileCheck/hlsl/functions/attribute/attributeAddition.hlsl>
BEGIN TEST(S): </Users/cbieneman/dev/DirectXShaderCompiler/tools/clang/test/HLSL/../HLSLFileCheck/hlsl/functions/attribute/fn_attr_experimental.hlsl>
END TEST(S): </Users/cbieneman/dev/DirectXShaderCompiler/tools/clang/test/HLSL/../HLSLFileCheck/hlsl/functions/attribute/fn_attr_experimental.hlsl>
BEGIN TEST(S): </Users/cbieneman/dev/DirectXShaderCompiler/tools/clang/test/HLSL/../HLSLFileCheck/hlsl/functions/overloading/intrinsic_overloading_errors.hlsl>
END TEST(S): </Users/cbieneman/dev/DirectXShaderCompiler/tools/clang/test/HLSL/../HLSLFileCheck/hlsl/functions/overloading/intrinsic_overloading_errors.hlsl>
BEGIN TEST(S): </Users/cbieneman/dev/DirectXShaderCompiler/tools/clang/test/HLSL/../HLSLFileCheck/hlsl/functions/overloading/function_overload_selection_min12int.hlsl>
END TEST(S): </Users/cbieneman/dev/DirectXShaderCompiler/tools/clang/test/HLSL/../HLSLFileCheck/hlsl/functions/overloading/function_overload_selection_min12int.hlsl>
BEGIN TEST(S): </Users/cbieneman/dev/DirectXShaderCompiler/tools/clang/test/HLSL/../HLSLFileCheck/hlsl/functions/overloading/function_overload_selection_min16float.hlsl>
END TEST(S): </Users/cbieneman/dev/DirectXShaderCompiler/tools/clang/test/HLSL/../HLSLFileCheck/hlsl/functions/overloading/function_overload_selection_min16float.hlsl>
BEGIN TEST(S): </Users/cbieneman/dev/DirectXShaderCompiler/tools/clang/test/HLSL/../HLSLFileCheck/hlsl/functions/overloading/function_overload_selection_min12int_16bitflag.hlsl>
END TEST(S): </Users/cbieneman/dev/DirectXShaderCompiler/tools/clang/test/HLSL/../HLSLFileCheck/hlsl/functions/overloading/function_overload_selection_min12int_16bitflag.hlsl>
BEGIN TEST(S): </Users/cbieneman/dev/DirectXShaderCompiler/tools/clang/test/HLSL/../HLSLFileCheck/hlsl/functions/overloading/function_overload_selection_float_16bitflag.hlsl>
END TEST(S): </Users/cbieneman/dev/DirectXShaderCompiler/tools/clang/test/HLSL/../HLSLFileCheck/hlsl/functions/overloading/function_overload_selection_float_16bitflag.hlsl>
BEGIN TEST(S): </Users/cbieneman/dev/DirectXShaderCompiler/tools/clang/test/HLSL/../HLSLFileCheck/hlsl/functions/overloading/function_overload_selection_min10float_16bitflag.hlsl>
END TEST(S): </Users/cbieneman/dev/DirectXShaderCompiler/tools/clang/test/HLSL/../HLSLFileCheck/hlsl/functions/overloading/function_overload_selection_min10float_16bitflag.hlsl>
BEGIN TEST(S): </Users/cbieneman/dev/DirectXShaderCompiler/tools/clang/test/HLSL/../HLSLFileCheck/hlsl/functions/overloading/namespace_qualified_no_intrinsic_candidate.hlsl>
END TEST(S): </Users/cbieneman/dev/DirectXShaderCompiler/tools/clang/test/HLSL/../HLSLFileCheck/hlsl/functions/overloading/namespace_qualified_no_intrinsic_candidate.hlsl>
BEGIN TEST(S): </Users/cbieneman/dev/DirectXShaderCompiler/tools/clang/test/HLSL/../HLSLFileCheck/hlsl/functions/overloading/function_overload_selection_min10float.hlsl>
END TEST(S): </Users/cbieneman/dev/DirectXShaderCompiler/tools/clang/test/HLSL/../HLSLFileCheck/hlsl/functions/overloading/function_overload_selection_min10float.hlsl>
BEGIN TEST(S): </Users/cbieneman/dev/DirectXShaderCompiler/tools/clang/test/HLSL/../HLSLFileCheck/hlsl/functions/overloading/function_overload_selection_min16float_16bitflag.hlsl>
END TEST(S): </Users/cbieneman/dev/DirectXShaderCompiler/tools/clang/test/HLSL/../HLSLFileCheck/hlsl/functions/overloading/function_overload_selection_min16float_16bitflag.hlsl>
BEGIN TEST(S): </Users/cbieneman/dev/DirectXShaderCompiler/tools/clang/test/HLSL/../HLSLFileCheck/hlsl/functions/overloading/intrinsic_overloading.hlsl>
END TEST(S): </Users/cbieneman/dev/DirectXShaderCompiler/tools/clang/test/HLSL/../HLSLFileCheck/hlsl/functions/overloading/intrinsic_overloading.hlsl>
BEGIN TEST(S): </Users/cbieneman/dev/DirectXShaderCompiler/tools/clang/test/HLSL/../HLSLFileCheck/hlsl/functions/overloading/function_overload_selection_int_16bitflag.hlsl>
END TEST(S): </Users/cbieneman/dev/DirectXShaderCompiler/tools/clang/test/HLSL/../HLSLFileCheck/hlsl/functions/overloading/function_overload_selection_int_16bitflag.hlsl>
BEGIN TEST(S): </Users/cbieneman/dev/DirectXShaderCompiler/tools/clang/test/HLSL/../HLSLFileCheck/hlsl/functions/overloading/function_overload_selection_min16int_16bitflag.hlsl>
END TEST(S): </Users/cbieneman/dev/DirectXShaderCompiler/tools/clang/test/HLSL/../HLSLFileCheck/hlsl/functions/overloading/function_overload_selection_min16int_16bitflag.hlsl>
BEGIN TEST(S): </Users/cbieneman/dev/DirectXShaderCompiler/tools/clang/test/HLSL/../HLSLFileCheck/hlsl/functions/overloading/function_overload_selection_min16uint.hlsl>
END TEST(S): </Users/cbieneman/dev/DirectXShaderCompiler/tools/clang/test/HLSL/../HLSLFileCheck/hlsl/functions/overloading/function_overload_selection_min16uint.hlsl>
BEGIN TEST(S): </Users/cbieneman/dev/DirectXShaderCompiler/tools/clang/test/HLSL/../HLSLFileCheck/hlsl/functions/overloading/function_overload_selection_uint_16bitflag.hlsl>
END TEST(S): </Users/cbieneman/dev/DirectXShaderCompiler/tools/clang/test/HLSL/../HLSLFileCheck/hlsl/functions/overloading/function_overload_selection_uint_16bitflag.hlsl>
BEGIN TEST(S): </Users/cbieneman/dev/DirectXShaderCompiler/tools/clang/test/HLSL/../HLSLFileCheck/hlsl/functions/overloading/function_overload_selection_half.hlsl>
END TEST(S): </Users/cbieneman/dev/DirectXShaderCompiler/tools/clang/test/HLSL/../HLSLFileCheck/hlsl/functions/overloading/function_overload_selection_half.hlsl>
BEGIN TEST(S): </Users/cbieneman/dev/DirectXShaderCompiler/tools/clang/test/HLSL/../HLSLFileCheck/hlsl/functions/overloading/function_overload_ints.hlsl>
END TEST(S): </Users/cbieneman/dev/DirectXShaderCompiler/tools/clang/test/HLSL/../HLSLFileCheck/hlsl/functions/overloading/function_overload_ints.hlsl>
BEGIN TEST(S): </Users/cbieneman/dev/DirectXShaderCompiler/tools/clang/test/HLSL/../HLSLFileCheck/hlsl/functions/overloading/intrinsic_shadowing.hlsl>
END TEST(S): </Users/cbieneman/dev/DirectXShaderCompiler/tools/clang/test/HLSL/../HLSLFileCheck/hlsl/functions/overloading/intrinsic_shadowing.hlsl>
BEGIN TEST(S): </Users/cbieneman/dev/DirectXShaderCompiler/tools/clang/test/HLSL/../HLSLFileCheck/hlsl/functions/overloading/function_overload_selection_min16uint_16bitflag.hlsl>
END TEST(S): </Users/cbieneman/dev/DirectXShaderCompiler/tools/clang/test/HLSL/../HLSLFileCheck/hlsl/functions/overloading/function_overload_selection_min16uint_16bitflag.hlsl>
BEGIN TEST(S): </Users/cbieneman/dev/DirectXShaderCompiler/tools/clang/test/HLSL/../HLSLFileCheck/hlsl/functions/overloading/function_overload_floats_16bitflag.hlsl>
END TEST(S): </Users/cbieneman/dev/DirectXShaderCompiler/tools/clang/test/HLSL/../HLSLFileCheck/hlsl/functions/overloading/function_overload_floats_16bitflag.hlsl>
BEGIN TEST(S): </Users/cbieneman/dev/DirectXShaderCompiler/tools/clang/test/HLSL/../HLSLFileCheck/hlsl/functions/overloading/function_overload_selection_uint.hlsl>
END TEST(S): </Users/cbieneman/dev/DirectXShaderCompiler/tools/clang/test/HLSL/../HLSLFileCheck/hlsl/functions/overloading/function_overload_selection_uint.hlsl>
BEGIN TEST(S): </Users/cbieneman/dev/DirectXShaderCompiler/tools/clang/test/HLSL/../HLSLFileCheck/hlsl/functions/overloading/function_overload_selection_float.hlsl>
END TEST(S): </Users/cbieneman/dev/DirectXShaderCompiler/tools/clang/test/HLSL/../HLSLFileCheck/hlsl/functions/overloading/function_overload_selection_float.hlsl>
BEGIN TEST(S): </Users/cbieneman/dev/DirectXShaderCompiler/tools/clang/test/HLSL/../HLSLFileCheck/hlsl/functions/overloading/function_overload_selection_min16int.hlsl>
END TEST(S): </Users/cbieneman/dev/DirectXShaderCompiler/tools/clang/test/HLSL/../HLSLFileCheck/hlsl/functions/overloading/function_overload_selection_min16int.hlsl>
BEGIN TEST(S): </Users/cbieneman/dev/DirectXShaderCompiler/tools/clang/test/HLSL/../HLSLFileCheck/hlsl/functions/overloading/function_overload_floats.hlsl>
END TEST(S): </Users/cbieneman/dev/DirectXShaderCompiler/tools/clang/test/HLSL/../HLSLFileCheck/hlsl/functions/overloading/function_overload_floats.hlsl>
BEGIN TEST(S): </Users/cbieneman/dev/DirectXShaderCompiler/tools/clang/test/HLSL/../HLSLFileCheck/hlsl/functions/overloading/function_overload_selection_half_16bitflag.hlsl>
END TEST(S): </Users/cbieneman/dev/DirectXShaderCompiler/tools/clang/test/HLSL/../HLSLFileCheck/hlsl/functions/overloading/function_overload_selection_half_16bitflag.hlsl>
BEGIN TEST(S): </Users/cbieneman/dev/DirectXShaderCompiler/tools/clang/test/HLSL/../HLSLFileCheck/hlsl/functions/overloading/function_overload_selection_int.hlsl>
END TEST(S): </Users/cbieneman/dev/DirectXShaderCompiler/tools/clang/test/HLSL/../HLSLFileCheck/hlsl/functions/overloading/function_overload_selection_int.hlsl>
BEGIN TEST(S): </Users/cbieneman/dev/DirectXShaderCompiler/tools/clang/test/HLSL/../HLSLFileCheck/hlsl/functions/recursion/recursive.ll>
END TEST(S): </Users/cbieneman/dev/DirectXShaderCompiler/tools/clang/test/HLSL/../HLSLFileCheck/hlsl/functions/recursion/recursive.ll>
BEGIN TEST(S): </Users/cbieneman/dev/DirectXShaderCompiler/tools/clang/test/HLSL/../HLSLFileCheck/hlsl/functions/recursion/instance_function_error.hlsl>
END TEST(S): </Users/cbieneman/dev/DirectXShaderCompiler/tools/clang/test/HLSL/../HLSLFileCheck/hlsl/functions/recursion/instance_function_error.hlsl>
BEGIN TEST(S): </Users/cbieneman/dev/DirectXShaderCompiler/tools/clang/test/HLSL/../HLSLFileCheck/hlsl/functions/recursion/free_function_error.hlsl>
END TEST(S): </Users/cbieneman/dev/DirectXShaderCompiler/tools/clang/test/HLSL/../HLSLFileCheck/hlsl/functions/recursion/free_function_error.hlsl>
BEGIN TEST(S): </Users/cbieneman/dev/DirectXShaderCompiler/tools/clang/test/HLSL/../HLSLFileCheck/hlsl/functions/recursion/patch_constant_func_recursion.hlsl>
END TEST(S): </Users/cbieneman/dev/DirectXShaderCompiler/tools/clang/test/HLSL/../HLSLFileCheck/hlsl/functions/recursion/patch_constant_func_recursion.hlsl>
BEGIN TEST(S): </Users/cbieneman/dev/DirectXShaderCompiler/tools/clang/test/HLSL/../HLSLFileCheck/hlsl/functions/recursion/static_function_error.hlsl>
END TEST(S): </Users/cbieneman/dev/DirectXShaderCompiler/tools/clang/test/HLSL/../HLSLFileCheck/hlsl/functions/recursion/static_function_error.hlsl>
BEGIN TEST(S): </Users/cbieneman/dev/DirectXShaderCompiler/tools/clang/test/HLSL/../HLSLFileCheck/hlsl/functions/recursion/patch_constant_func_is_reachable.hlsl>
END TEST(S): </Users/cbieneman/dev/DirectXShaderCompiler/tools/clang/test/HLSL/../HLSLFileCheck/hlsl/functions/recursion/patch_constant_func_is_reachable.hlsl>
BEGIN TEST(S): </Users/cbieneman/dev/DirectXShaderCompiler/tools/clang/test/HLSL/../HLSLFileCheck/hlsl/functions/recursion/recursive2.hlsl>
END TEST(S): </Users/cbieneman/dev/DirectXShaderCompiler/tools/clang/test/HLSL/../HLSLFileCheck/hlsl/functions/recursion/recursive2.hlsl>
BEGIN TEST(S): </Users/cbieneman/dev/DirectXShaderCompiler/tools/clang/test/HLSL/../HLSLFileCheck/hlsl/functions/recursion/entry_point_is_reachable.hlsl>
END TEST(S): </Users/cbieneman/dev/DirectXShaderCompiler/tools/clang/test/HLSL/../HLSLFileCheck/hlsl/functions/recursion/entry_point_is_reachable.hlsl>
BEGIN TEST(S): </Users/cbieneman/dev/DirectXShaderCompiler/tools/clang/test/HLSL/../HLSLFileCheck/hlsl/functions/recursion/recursive3.hlsl>
END TEST(S): </Users/cbieneman/dev/DirectXShaderCompiler/tools/clang/test/HLSL/../HLSLFileCheck/hlsl/functions/recursion/recursive3.hlsl>
BEGIN TEST(S): </Users/cbieneman/dev/DirectXShaderCompiler/tools/clang/test/HLSL/../HLSLFileCheck/hlsl/functions/recursion/patch_constant_func_recursion_in_lib.hlsl>
END TEST(S): </Users/cbieneman/dev/DirectXShaderCompiler/tools/clang/test/HLSL/../HLSLFileCheck/hlsl/functions/recursion/patch_constant_func_recursion_in_lib.hlsl>
BEGIN TEST(S): </Users/cbieneman/dev/DirectXShaderCompiler/tools/clang/test/HLSL/../HLSLFileCheck/hlsl/functions/return_type/array/non_entrypoint.hlsl>
END TEST(S): </Users/cbieneman/dev/DirectXShaderCompiler/tools/clang/test/HLSL/../HLSLFileCheck/hlsl/functions/return_type/array/non_entrypoint.hlsl>
BEGIN TEST(S): </Users/cbieneman/dev/DirectXShaderCompiler/tools/clang/test/HLSL/../HLSLFileCheck/hlsl/functions/return_type/array/entrypoint.hlsl>
END TEST(S): </Users/cbieneman/dev/DirectXShaderCompiler/tools/clang/test/HLSL/../HLSLFileCheck/hlsl/functions/return_type/array/entrypoint.hlsl>
BEGIN TEST(S): </Users/cbieneman/dev/DirectXShaderCompiler/tools/clang/test/HLSL/../HLSLFileCheck/hlsl/functions/return_type/array/entrypoint_matrix.hlsl>
END TEST(S): </Users/cbieneman/dev/DirectXShaderCompiler/tools/clang/test/HLSL/../HLSLFileCheck/hlsl/functions/return_type/array/entrypoint_matrix.hlsl>
BEGIN TEST(S): </Users/cbieneman/dev/DirectXShaderCompiler/tools/clang/test/HLSL/../HLSLFileCheck/hlsl/functions/return_type/array/entrypoint_vector.hlsl>
END TEST(S): </Users/cbieneman/dev/DirectXShaderCompiler/tools/clang/test/HLSL/../HLSLFileCheck/hlsl/functions/return_type/array/entrypoint_vector.hlsl>
BEGIN TEST(S): </Users/cbieneman/dev/DirectXShaderCompiler/tools/clang/test/HLSL/../HLSLFileCheck/hlsl/functions/return_type/array/lib_function_call.hlsl>
END TEST(S): </Users/cbieneman/dev/DirectXShaderCompiler/tools/clang/test/HLSL/../HLSLFileCheck/hlsl/functions/return_type/array/lib_function_call.hlsl>
BEGIN TEST(S): </Users/cbieneman/dev/DirectXShaderCompiler/tools/clang/test/HLSL/../HLSLFileCheck/hlsl/functions/return_type/array/lib_function.hlsl>
END TEST(S): </Users/cbieneman/dev/DirectXShaderCompiler/tools/clang/test/HLSL/../HLSLFileCheck/hlsl/functions/return_type/array/lib_function.hlsl>
BEGIN TEST(S): </Users/cbieneman/dev/DirectXShaderCompiler/tools/clang/test/HLSL/../HLSLFileCheck/hlsl/functions/entrypoints/unused_func.hlsl>
END TEST(S): </Users/cbieneman/dev/DirectXShaderCompiler/tools/clang/test/HLSL/../HLSLFileCheck/hlsl/functions/entrypoints/unused_func.hlsl>
BEGIN TEST(S): </Users/cbieneman/dev/DirectXShaderCompiler/tools/clang/test/HLSL/../HLSLFileCheck/hlsl/functions/entrypoints/entrypoint_not_in_global_namespace_error.hlsl>
END TEST(S): </Users/cbieneman/dev/DirectXShaderCompiler/tools/clang/test/HLSL/../HLSLFileCheck/hlsl/functions/entrypoints/entrypoint_not_in_global_namespace_error.hlsl>
BEGIN TEST(S): </Users/cbieneman/dev/DirectXShaderCompiler/tools/clang/test/HLSL/../HLSLFileCheck/hlsl/functions/entrypoints/entrypoint_name_clash_regression.hlsl>
END TEST(S): </Users/cbieneman/dev/DirectXShaderCompiler/tools/clang/test/HLSL/../HLSLFileCheck/hlsl/functions/entrypoints/entrypoint_name_clash_regression.hlsl>
BEGIN TEST(S): </Users/cbieneman/dev/DirectXShaderCompiler/tools/clang/test/HLSL/../HLSLFileCheck/hlsl/functions/entrypoints/unused_matrix_input_regression.hlsl>
END TEST(S): </Users/cbieneman/dev/DirectXShaderCompiler/tools/clang/test/HLSL/../HLSLFileCheck/hlsl/functions/entrypoints/unused_matrix_input_regression.hlsl>
BEGIN TEST(S): </Users/cbieneman/dev/DirectXShaderCompiler/tools/clang/test/HLSL/../HLSLFileCheck/hlsl/functions/arguments/arrayArgErr.hlsl>
END TEST(S): </Users/cbieneman/dev/DirectXShaderCompiler/tools/clang/test/HLSL/../HLSLFileCheck/hlsl/functions/arguments/arrayArgErr.hlsl>
BEGIN TEST(S): </Users/cbieneman/dev/DirectXShaderCompiler/tools/clang/test/HLSL/../HLSLFileCheck/hlsl/functions/arguments/void-param.hlsl>
END TEST(S): </Users/cbieneman/dev/DirectXShaderCompiler/tools/clang/test/HLSL/../HLSLFileCheck/hlsl/functions/arguments/void-param.hlsl>
BEGIN TEST(S): </Users/cbieneman/dev/DirectXShaderCompiler/tools/clang/test/HLSL/../HLSLFileCheck/hlsl/functions/arguments/group_share_inout.hlsl>
END TEST(S): </Users/cbieneman/dev/DirectXShaderCompiler/tools/clang/test/HLSL/../HLSLFileCheck/hlsl/functions/arguments/group_share_inout.hlsl>
BEGIN TEST(S): </Users/cbieneman/dev/DirectXShaderCompiler/tools/clang/test/HLSL/../HLSLFileCheck/hlsl/functions/arguments/simple-inout.hlsl>
END TEST(S): </Users/cbieneman/dev/DirectXShaderCompiler/tools/clang/test/HLSL/../HLSLFileCheck/hlsl/functions/arguments/simple-inout.hlsl>
BEGIN TEST(S): </Users/cbieneman/dev/DirectXShaderCompiler/tools/clang/test/HLSL/../HLSLFileCheck/hlsl/functions/arguments/writeToInput.hlsl>
END TEST(S): </Users/cbieneman/dev/DirectXShaderCompiler/tools/clang/test/HLSL/../HLSLFileCheck/hlsl/functions/arguments/writeToInput.hlsl>
BEGIN TEST(S): </Users/cbieneman/dev/DirectXShaderCompiler/tools/clang/test/HLSL/../HLSLFileCheck/hlsl/functions/arguments/readFromOutput.hlsl>
END TEST(S): </Users/cbieneman/dev/DirectXShaderCompiler/tools/clang/test/HLSL/../HLSLFileCheck/hlsl/functions/arguments/readFromOutput.hlsl>
BEGIN TEST(S): </Users/cbieneman/dev/DirectXShaderCompiler/tools/clang/test/HLSL/../HLSLFileCheck/hlsl/functions/arguments/inout4.hlsl>
END TEST(S): </Users/cbieneman/dev/DirectXShaderCompiler/tools/clang/test/HLSL/../HLSLFileCheck/hlsl/functions/arguments/inout4.hlsl>
BEGIN TEST(S): </Users/cbieneman/dev/DirectXShaderCompiler/tools/clang/test/HLSL/../HLSLFileCheck/hlsl/functions/arguments/array-by-value.hlsl>
END TEST(S): </Users/cbieneman/dev/DirectXShaderCompiler/tools/clang/test/HLSL/../HLSLFileCheck/hlsl/functions/arguments/array-by-value.hlsl>
BEGIN TEST(S): </Users/cbieneman/dev/DirectXShaderCompiler/tools/clang/test/HLSL/../HLSLFileCheck/hlsl/functions/arguments/aggregates_by_value_semantics.hlsl>
END TEST(S): </Users/cbieneman/dev/DirectXShaderCompiler/tools/clang/test/HLSL/../HLSLFileCheck/hlsl/functions/arguments/aggregates_by_value_semantics.hlsl>
BEGIN TEST(S): </Users/cbieneman/dev/DirectXShaderCompiler/tools/clang/test/HLSL/../HLSLFileCheck/hlsl/functions/arguments/global_constant_const.hlsl>
END TEST(S): </Users/cbieneman/dev/DirectXShaderCompiler/tools/clang/test/HLSL/../HLSLFileCheck/hlsl/functions/arguments/global_constant_const.hlsl>
BEGIN TEST(S): </Users/cbieneman/dev/DirectXShaderCompiler/tools/clang/test/HLSL/../HLSLFileCheck/hlsl/functions/arguments/buf_arg_alloca_merge.hlsl>
END TEST(S): </Users/cbieneman/dev/DirectXShaderCompiler/tools/clang/test/HLSL/../HLSLFileCheck/hlsl/functions/arguments/buf_arg_alloca_merge.hlsl>
BEGIN TEST(S): </Users/cbieneman/dev/DirectXShaderCompiler/tools/clang/test/HLSL/../HLSLFileCheck/hlsl/functions/arguments/inout5.hlsl>
END TEST(S): </Users/cbieneman/dev/DirectXShaderCompiler/tools/clang/test/HLSL/../HLSLFileCheck/hlsl/functions/arguments/inout5.hlsl>
BEGIN TEST(S): </Users/cbieneman/dev/DirectXShaderCompiler/tools/clang/test/HLSL/../HLSLFileCheck/hlsl/functions/arguments/outputArray.hlsl>
END TEST(S): </Users/cbieneman/dev/DirectXShaderCompiler/tools/clang/test/HLSL/../HLSLFileCheck/hlsl/functions/arguments/outputArray.hlsl>
BEGIN TEST(S): </Users/cbieneman/dev/DirectXShaderCompiler/tools/clang/test/HLSL/../HLSLFileCheck/hlsl/functions/arguments/matrix_array_arg_copy_optimized_away.hlsl>
END TEST(S): </Users/cbieneman/dev/DirectXShaderCompiler/tools/clang/test/HLSL/../HLSLFileCheck/hlsl/functions/arguments/matrix_array_arg_copy_optimized_away.hlsl>
BEGIN TEST(S): </Users/cbieneman/dev/DirectXShaderCompiler/tools/clang/test/HLSL/../HLSLFileCheck/hlsl/functions/arguments/arrayArg2.hlsl>
END TEST(S): </Users/cbieneman/dev/DirectXShaderCompiler/tools/clang/test/HLSL/../HLSLFileCheck/hlsl/functions/arguments/arrayArg2.hlsl>
BEGIN TEST(S): </Users/cbieneman/dev/DirectXShaderCompiler/tools/clang/test/HLSL/../HLSLFileCheck/hlsl/functions/arguments/inout2.hlsl>
END TEST(S): </Users/cbieneman/dev/DirectXShaderCompiler/tools/clang/test/HLSL/../HLSLFileCheck/hlsl/functions/arguments/inout2.hlsl>
BEGIN TEST(S): </Users/cbieneman/dev/DirectXShaderCompiler/tools/clang/test/HLSL/../HLSLFileCheck/hlsl/functions/arguments/copyin-copyout-struct.hlsl>
END TEST(S): </Users/cbieneman/dev/DirectXShaderCompiler/tools/clang/test/HLSL/../HLSLFileCheck/hlsl/functions/arguments/copyin-copyout-struct.hlsl>
BEGIN TEST(S): </Users/cbieneman/dev/DirectXShaderCompiler/tools/clang/test/HLSL/../HLSLFileCheck/hlsl/functions/arguments/readFromOutput3.hlsl>
END TEST(S): </Users/cbieneman/dev/DirectXShaderCompiler/tools/clang/test/HLSL/../HLSLFileCheck/hlsl/functions/arguments/readFromOutput3.hlsl>
BEGIN TEST(S): </Users/cbieneman/dev/DirectXShaderCompiler/tools/clang/test/HLSL/../HLSLFileCheck/hlsl/functions/arguments/struct_param_in_mod2.hlsl>
END TEST(S): </Users/cbieneman/dev/DirectXShaderCompiler/tools/clang/test/HLSL/../HLSLFileCheck/hlsl/functions/arguments/struct_param_in_mod2.hlsl>
BEGIN TEST(S): </Users/cbieneman/dev/DirectXShaderCompiler/tools/clang/test/HLSL/../HLSLFileCheck/hlsl/functions/arguments/array_arg_alloca_merge.hlsl>
END TEST(S): </Users/cbieneman/dev/DirectXShaderCompiler/tools/clang/test/HLSL/../HLSLFileCheck/hlsl/functions/arguments/array_arg_alloca_merge.hlsl>
BEGIN TEST(S): </Users/cbieneman/dev/DirectXShaderCompiler/tools/clang/test/HLSL/../HLSLFileCheck/hlsl/functions/arguments/readFromOutput2.hlsl>
END TEST(S): </Users/cbieneman/dev/DirectXShaderCompiler/tools/clang/test/HLSL/../HLSLFileCheck/hlsl/functions/arguments/readFromOutput2.hlsl>
BEGIN TEST(S): </Users/cbieneman/dev/DirectXShaderCompiler/tools/clang/test/HLSL/../HLSLFileCheck/hlsl/functions/arguments/maybe_unused_out.hlsl>
END TEST(S): </Users/cbieneman/dev/DirectXShaderCompiler/tools/clang/test/HLSL/../HLSLFileCheck/hlsl/functions/arguments/maybe_unused_out.hlsl>
BEGIN TEST(S): </Users/cbieneman/dev/DirectXShaderCompiler/tools/clang/test/HLSL/../HLSLFileCheck/hlsl/functions/arguments/inout3.hlsl>
END TEST(S): </Users/cbieneman/dev/DirectXShaderCompiler/tools/clang/test/HLSL/../HLSLFileCheck/hlsl/functions/arguments/inout3.hlsl>
BEGIN TEST(S): </Users/cbieneman/dev/DirectXShaderCompiler/tools/clang/test/HLSL/../HLSLFileCheck/hlsl/functions/arguments/arrayArg3.hlsl>
END TEST(S): </Users/cbieneman/dev/DirectXShaderCompiler/tools/clang/test/HLSL/../HLSLFileCheck/hlsl/functions/arguments/arrayArg3.hlsl>
BEGIN TEST(S): </Users/cbieneman/dev/DirectXShaderCompiler/tools/clang/test/HLSL/../HLSLFileCheck/hlsl/functions/arguments/copyin-copyout-operators.hlsl>
END TEST(S): </Users/cbieneman/dev/DirectXShaderCompiler/tools/clang/test/HLSL/../HLSLFileCheck/hlsl/functions/arguments/copyin-copyout-operators.hlsl>
BEGIN TEST(S): </Users/cbieneman/dev/DirectXShaderCompiler/tools/clang/test/HLSL/../HLSLFileCheck/hlsl/functions/arguments/inout_subscript.hlsl>
END TEST(S): </Users/cbieneman/dev/DirectXShaderCompiler/tools/clang/test/HLSL/../HLSLFileCheck/hlsl/functions/arguments/inout_subscript.hlsl>
BEGIN TEST(S): </Users/cbieneman/dev/DirectXShaderCompiler/tools/clang/test/HLSL/../HLSLFileCheck/hlsl/functions/arguments/signed_unsigned_cast_inout.hlsl>
END TEST(S): </Users/cbieneman/dev/DirectXShaderCompiler/tools/clang/test/HLSL/../HLSLFileCheck/hlsl/functions/arguments/signed_unsigned_cast_inout.hlsl>
BEGIN TEST(S): </Users/cbieneman/dev/DirectXShaderCompiler/tools/clang/test/HLSL/../HLSLFileCheck/hlsl/functions/arguments/struct_param_in_mod.hlsl>
END TEST(S): </Users/cbieneman/dev/DirectXShaderCompiler/tools/clang/test/HLSL/../HLSLFileCheck/hlsl/functions/arguments/struct_param_in_mod.hlsl>
BEGIN TEST(S): </Users/cbieneman/dev/DirectXShaderCompiler/tools/clang/test/HLSL/../HLSLFileCheck/hlsl/functions/arguments/xvalue_to_rvalue_regression.hlsl>
END TEST(S): </Users/cbieneman/dev/DirectXShaderCompiler/tools/clang/test/HLSL/../HLSLFileCheck/hlsl/functions/arguments/xvalue_to_rvalue_regression.hlsl>
BEGIN TEST(S): </Users/cbieneman/dev/DirectXShaderCompiler/tools/clang/test/HLSL/../HLSLFileCheck/hlsl/functions/arguments/inout_se.hlsl>
END TEST(S): </Users/cbieneman/dev/DirectXShaderCompiler/tools/clang/test/HLSL/../HLSLFileCheck/hlsl/functions/arguments/inout_se.hlsl>
BEGIN TEST(S): </Users/cbieneman/dev/DirectXShaderCompiler/tools/clang/test/HLSL/../HLSLFileCheck/hlsl/functions/arguments/inout-lvalue-op.hlsl>
END TEST(S): </Users/cbieneman/dev/DirectXShaderCompiler/tools/clang/test/HLSL/../HLSLFileCheck/hlsl/functions/arguments/inout-lvalue-op.hlsl>
BEGIN TEST(S): </Users/cbieneman/dev/DirectXShaderCompiler/tools/clang/test/HLSL/../HLSLFileCheck/hlsl/functions/arguments/inout_large.hlsl>
END TEST(S): </Users/cbieneman/dev/DirectXShaderCompiler/tools/clang/test/HLSL/../HLSLFileCheck/hlsl/functions/arguments/inout_large.hlsl>
BEGIN TEST(S): </Users/cbieneman/dev/DirectXShaderCompiler/tools/clang/test/HLSL/../HLSLFileCheck/hlsl/functions/arguments/outputArray-strictudt.hlsl>
END TEST(S): </Users/cbieneman/dev/DirectXShaderCompiler/tools/clang/test/HLSL/../HLSLFileCheck/hlsl/functions/arguments/outputArray-strictudt.hlsl>
BEGIN TEST(S): </Users/cbieneman/dev/DirectXShaderCompiler/tools/clang/test/HLSL/../HLSLFileCheck/hlsl/functions/arguments/inout_derived_struct_no_crash.hlsl>
END TEST(S): </Users/cbieneman/dev/DirectXShaderCompiler/tools/clang/test/HLSL/../HLSLFileCheck/hlsl/functions/arguments/inout_derived_struct_no_crash.hlsl>
BEGIN TEST(S): </Users/cbieneman/dev/DirectXShaderCompiler/tools/clang/test/HLSL/../HLSLFileCheck/hlsl/functions/arguments/in_out.hlsl>
END TEST(S): </Users/cbieneman/dev/DirectXShaderCompiler/tools/clang/test/HLSL/../HLSLFileCheck/hlsl/functions/arguments/in_out.hlsl>
BEGIN TEST(S): </Users/cbieneman/dev/DirectXShaderCompiler/tools/clang/test/HLSL/../HLSLFileCheck/hlsl/functions/arguments/gep_arg_nocopy.hlsl>
END TEST(S): </Users/cbieneman/dev/DirectXShaderCompiler/tools/clang/test/HLSL/../HLSLFileCheck/hlsl/functions/arguments/gep_arg_nocopy.hlsl>
BEGIN TEST(S): </Users/cbieneman/dev/DirectXShaderCompiler/tools/clang/test/HLSL/../HLSLFileCheck/hlsl/functions/arguments/inout_from_arg.hlsl>
END TEST(S): </Users/cbieneman/dev/DirectXShaderCompiler/tools/clang/test/HLSL/../HLSLFileCheck/hlsl/functions/arguments/inout_from_arg.hlsl>
BEGIN TEST(S): </Users/cbieneman/dev/DirectXShaderCompiler/tools/clang/test/HLSL/../HLSLFileCheck/hlsl/functions/arguments/writeToInput4.hlsl>
END TEST(S): </Users/cbieneman/dev/DirectXShaderCompiler/tools/clang/test/HLSL/../HLSLFileCheck/hlsl/functions/arguments/writeToInput4.hlsl>
BEGIN TEST(S): </Users/cbieneman/dev/DirectXShaderCompiler/tools/clang/test/HLSL/../HLSLFileCheck/hlsl/functions/arguments/inout1.hlsl>
END TEST(S): </Users/cbieneman/dev/DirectXShaderCompiler/tools/clang/test/HLSL/../HLSLFileCheck/hlsl/functions/arguments/inout1.hlsl>
BEGIN TEST(S): </Users/cbieneman/dev/DirectXShaderCompiler/tools/clang/test/HLSL/../HLSLFileCheck/hlsl/functions/arguments/writeToInput3.hlsl>
END TEST(S): </Users/cbieneman/dev/DirectXShaderCompiler/tools/clang/test/HLSL/../HLSLFileCheck/hlsl/functions/arguments/writeToInput3.hlsl>
BEGIN TEST(S): </Users/cbieneman/dev/DirectXShaderCompiler/tools/clang/test/HLSL/../HLSLFileCheck/hlsl/functions/arguments/arrayArg.hlsl>
END TEST(S): </Users/cbieneman/dev/DirectXShaderCompiler/tools/clang/test/HLSL/../HLSLFileCheck/hlsl/functions/arguments/arrayArg.hlsl>
BEGIN TEST(S): </Users/cbieneman/dev/DirectXShaderCompiler/tools/clang/test/HLSL/../HLSLFileCheck/hlsl/functions/arguments/out-param-diagnostics-disabled.hlsl>
END TEST(S): </Users/cbieneman/dev/DirectXShaderCompiler/tools/clang/test/HLSL/../HLSLFileCheck/hlsl/functions/arguments/out-param-diagnostics-disabled.hlsl>
BEGIN TEST(S): </Users/cbieneman/dev/DirectXShaderCompiler/tools/clang/test/HLSL/../HLSLFileCheck/hlsl/functions/arguments/copyin-copyout.hlsl>
END TEST(S): </Users/cbieneman/dev/DirectXShaderCompiler/tools/clang/test/HLSL/../HLSLFileCheck/hlsl/functions/arguments/copyin-copyout.hlsl>
BEGIN TEST(S): </Users/cbieneman/dev/DirectXShaderCompiler/tools/clang/test/HLSL/../HLSLFileCheck/hlsl/functions/arguments/global_param_alias.hlsl>
END TEST(S): </Users/cbieneman/dev/DirectXShaderCompiler/tools/clang/test/HLSL/../HLSLFileCheck/hlsl/functions/arguments/global_param_alias.hlsl>
BEGIN TEST(S): </Users/cbieneman/dev/DirectXShaderCompiler/tools/clang/test/HLSL/../HLSLFileCheck/hlsl/functions/arguments/local_inout.hlsl>
END TEST(S): </Users/cbieneman/dev/DirectXShaderCompiler/tools/clang/test/HLSL/../HLSLFileCheck/hlsl/functions/arguments/local_inout.hlsl>
BEGIN TEST(S): </Users/cbieneman/dev/DirectXShaderCompiler/tools/clang/test/HLSL/../HLSLFileCheck/hlsl/functions/arguments/out-struct-copy.hlsl>
END TEST(S): </Users/cbieneman/dev/DirectXShaderCompiler/tools/clang/test/HLSL/../HLSLFileCheck/hlsl/functions/arguments/out-struct-copy.hlsl>
BEGIN TEST(S): </Users/cbieneman/dev/DirectXShaderCompiler/tools/clang/test/HLSL/../HLSLFileCheck/hlsl/functions/arguments/redundantinput1.hlsl>
END TEST(S): </Users/cbieneman/dev/DirectXShaderCompiler/tools/clang/test/HLSL/../HLSLFileCheck/hlsl/functions/arguments/redundantinput1.hlsl>
BEGIN TEST(S): </Users/cbieneman/dev/DirectXShaderCompiler/tools/clang/test/HLSL/../HLSLFileCheck/hlsl/functions/arguments/parameter_types.hlsl>
END TEST(S): </Users/cbieneman/dev/DirectXShaderCompiler/tools/clang/test/HLSL/../HLSLFileCheck/hlsl/functions/arguments/parameter_types.hlsl>
BEGIN TEST(S): </Users/cbieneman/dev/DirectXShaderCompiler/tools/clang/test/HLSL/../HLSLFileCheck/hlsl/functions/arguments/writeToInput2.hlsl>
END TEST(S): </Users/cbieneman/dev/DirectXShaderCompiler/tools/clang/test/HLSL/../HLSLFileCheck/hlsl/functions/arguments/writeToInput2.hlsl>
BEGIN TEST(S): </Users/cbieneman/dev/DirectXShaderCompiler/tools/clang/test/HLSL/../HLSLFileCheck/hlsl/intrinsics/power/pow2.hlsl>
END TEST(S): </Users/cbieneman/dev/DirectXShaderCompiler/tools/clang/test/HLSL/../HLSLFileCheck/hlsl/intrinsics/power/pow2.hlsl>
BEGIN TEST(S): </Users/cbieneman/dev/DirectXShaderCompiler/tools/clang/test/HLSL/../HLSLFileCheck/hlsl/intrinsics/power/Sqrt_const_prop.hlsl>
END TEST(S): </Users/cbieneman/dev/DirectXShaderCompiler/tools/clang/test/HLSL/../HLSLFileCheck/hlsl/intrinsics/power/Sqrt_const_prop.hlsl>
BEGIN TEST(S): </Users/cbieneman/dev/DirectXShaderCompiler/tools/clang/test/HLSL/../HLSLFileCheck/hlsl/intrinsics/power/vec_imm_sqrt.hlsl>
END TEST(S): </Users/cbieneman/dev/DirectXShaderCompiler/tools/clang/test/HLSL/../HLSLFileCheck/hlsl/intrinsics/power/vec_imm_sqrt.hlsl>
BEGIN TEST(S): </Users/cbieneman/dev/DirectXShaderCompiler/tools/clang/test/HLSL/../HLSLFileCheck/hlsl/intrinsics/power/Rsqrt_const_prop.hlsl>
END TEST(S): </Users/cbieneman/dev/DirectXShaderCompiler/tools/clang/test/HLSL/../HLSLFileCheck/hlsl/intrinsics/power/Rsqrt_const_prop.hlsl>
BEGIN TEST(S): </Users/cbieneman/dev/DirectXShaderCompiler/tools/clang/test/HLSL/../HLSLFileCheck/hlsl/intrinsics/trig/Asin_const_prop.hlsl>
END TEST(S): </Users/cbieneman/dev/DirectXShaderCompiler/tools/clang/test/HLSL/../HLSLFileCheck/hlsl/intrinsics/trig/Asin_const_prop.hlsl>
BEGIN TEST(S): </Users/cbieneman/dev/DirectXShaderCompiler/tools/clang/test/HLSL/../HLSLFileCheck/hlsl/intrinsics/trig/atan2_const_eval_vs_optims.hlsl>
END TEST(S): </Users/cbieneman/dev/DirectXShaderCompiler/tools/clang/test/HLSL/../HLSLFileCheck/hlsl/intrinsics/trig/atan2_const_eval_vs_optims.hlsl>
BEGIN TEST(S): </Users/cbieneman/dev/DirectXShaderCompiler/tools/clang/test/HLSL/../HLSLFileCheck/hlsl/intrinsics/trig/Acos_const_prop.hlsl>
END TEST(S): </Users/cbieneman/dev/DirectXShaderCompiler/tools/clang/test/HLSL/../HLSLFileCheck/hlsl/intrinsics/trig/Acos_const_prop.hlsl>
BEGIN TEST(S): </Users/cbieneman/dev/DirectXShaderCompiler/tools/clang/test/HLSL/../HLSLFileCheck/hlsl/intrinsics/trig/hsin_h.hlsl>
END TEST(S): </Users/cbieneman/dev/DirectXShaderCompiler/tools/clang/test/HLSL/../HLSLFileCheck/hlsl/intrinsics/trig/hsin_h.hlsl>
BEGIN TEST(S): </Users/cbieneman/dev/DirectXShaderCompiler/tools/clang/test/HLSL/../HLSLFileCheck/hlsl/intrinsics/trig/acos_h.hlsl>
END TEST(S): </Users/cbieneman/dev/DirectXShaderCompiler/tools/clang/test/HLSL/../HLSLFileCheck/hlsl/intrinsics/trig/acos_h.hlsl>
BEGIN TEST(S): </Users/cbieneman/dev/DirectXShaderCompiler/tools/clang/test/HLSL/../HLSLFileCheck/hlsl/intrinsics/trig/Htan_const_prop.hlsl>
END TEST(S): </Users/cbieneman/dev/DirectXShaderCompiler/tools/clang/test/HLSL/../HLSLFileCheck/hlsl/intrinsics/trig/Htan_const_prop.hlsl>
BEGIN TEST(S): </Users/cbieneman/dev/DirectXShaderCompiler/tools/clang/test/HLSL/../HLSLFileCheck/hlsl/intrinsics/trig/Cos_const_prop.hlsl>
END TEST(S): </Users/cbieneman/dev/DirectXShaderCompiler/tools/clang/test/HLSL/../HLSLFileCheck/hlsl/intrinsics/trig/Cos_const_prop.hlsl>
BEGIN TEST(S): </Users/cbieneman/dev/DirectXShaderCompiler/tools/clang/test/HLSL/../HLSLFileCheck/hlsl/intrinsics/trig/hcos.hlsl>
END TEST(S): </Users/cbieneman/dev/DirectXShaderCompiler/tools/clang/test/HLSL/../HLSLFileCheck/hlsl/intrinsics/trig/hcos.hlsl>
BEGIN TEST(S): </Users/cbieneman/dev/DirectXShaderCompiler/tools/clang/test/HLSL/../HLSLFileCheck/hlsl/intrinsics/trig/atan2.hlsl>
END TEST(S): </Users/cbieneman/dev/DirectXShaderCompiler/tools/clang/test/HLSL/../HLSLFileCheck/hlsl/intrinsics/trig/atan2.hlsl>
BEGIN TEST(S): </Users/cbieneman/dev/DirectXShaderCompiler/tools/clang/test/HLSL/../HLSLFileCheck/hlsl/intrinsics/trig/acos.hlsl>
END TEST(S): </Users/cbieneman/dev/DirectXShaderCompiler/tools/clang/test/HLSL/../HLSLFileCheck/hlsl/intrinsics/trig/acos.hlsl>
BEGIN TEST(S): </Users/cbieneman/dev/DirectXShaderCompiler/tools/clang/test/HLSL/../HLSLFileCheck/hlsl/intrinsics/trig/Sin_const_prop.hlsl>
END TEST(S): </Users/cbieneman/dev/DirectXShaderCompiler/tools/clang/test/HLSL/../HLSLFileCheck/hlsl/intrinsics/trig/Sin_const_prop.hlsl>
BEGIN TEST(S): </Users/cbieneman/dev/DirectXShaderCompiler/tools/clang/test/HLSL/../HLSLFileCheck/hlsl/intrinsics/trig/htan_h.hlsl>
END TEST(S): </Users/cbieneman/dev/DirectXShaderCompiler/tools/clang/test/HLSL/../HLSLFileCheck/hlsl/intrinsics/trig/htan_h.hlsl>
BEGIN TEST(S): </Users/cbieneman/dev/DirectXShaderCompiler/tools/clang/test/HLSL/../HLSLFileCheck/hlsl/intrinsics/trig/atan_expand.hlsl>
END TEST(S): </Users/cbieneman/dev/DirectXShaderCompiler/tools/clang/test/HLSL/../HLSLFileCheck/hlsl/intrinsics/trig/atan_expand.hlsl>
BEGIN TEST(S): </Users/cbieneman/dev/DirectXShaderCompiler/tools/clang/test/HLSL/../HLSLFileCheck/hlsl/intrinsics/trig/tan.hlsl>
END TEST(S): </Users/cbieneman/dev/DirectXShaderCompiler/tools/clang/test/HLSL/../HLSLFileCheck/hlsl/intrinsics/trig/tan.hlsl>
BEGIN TEST(S): </Users/cbieneman/dev/DirectXShaderCompiler/tools/clang/test/HLSL/../HLSLFileCheck/hlsl/intrinsics/trig/hcos_h.hlsl>
END TEST(S): </Users/cbieneman/dev/DirectXShaderCompiler/tools/clang/test/HLSL/../HLSLFileCheck/hlsl/intrinsics/trig/hcos_h.hlsl>
BEGIN TEST(S): </Users/cbieneman/dev/DirectXShaderCompiler/tools/clang/test/HLSL/../HLSLFileCheck/hlsl/intrinsics/trig/Hcos_const_prop.hlsl>
END TEST(S): </Users/cbieneman/dev/DirectXShaderCompiler/tools/clang/test/HLSL/../HLSLFileCheck/hlsl/intrinsics/trig/Hcos_const_prop.hlsl>
BEGIN TEST(S): </Users/cbieneman/dev/DirectXShaderCompiler/tools/clang/test/HLSL/../HLSLFileCheck/hlsl/intrinsics/trig/htan.hlsl>
END TEST(S): </Users/cbieneman/dev/DirectXShaderCompiler/tools/clang/test/HLSL/../HLSLFileCheck/hlsl/intrinsics/trig/htan.hlsl>
BEGIN TEST(S): </Users/cbieneman/dev/DirectXShaderCompiler/tools/clang/test/HLSL/../HLSLFileCheck/hlsl/intrinsics/trig/hsin.hlsl>
END TEST(S): </Users/cbieneman/dev/DirectXShaderCompiler/tools/clang/test/HLSL/../HLSLFileCheck/hlsl/intrinsics/trig/hsin.hlsl>
BEGIN TEST(S): </Users/cbieneman/dev/DirectXShaderCompiler/tools/clang/test/HLSL/../HLSLFileCheck/hlsl/intrinsics/trig/asin.hlsl>
END TEST(S): </Users/cbieneman/dev/DirectXShaderCompiler/tools/clang/test/HLSL/../HLSLFileCheck/hlsl/intrinsics/trig/asin.hlsl>
BEGIN TEST(S): </Users/cbieneman/dev/DirectXShaderCompiler/tools/clang/test/HLSL/../HLSLFileCheck/hlsl/intrinsics/trig/Atan_const_prop.hlsl>
END TEST(S): </Users/cbieneman/dev/DirectXShaderCompiler/tools/clang/test/HLSL/../HLSLFileCheck/hlsl/intrinsics/trig/Atan_const_prop.hlsl>
BEGIN TEST(S): </Users/cbieneman/dev/DirectXShaderCompiler/tools/clang/test/HLSL/../HLSLFileCheck/hlsl/intrinsics/trig/asin_h.hlsl>
END TEST(S): </Users/cbieneman/dev/DirectXShaderCompiler/tools/clang/test/HLSL/../HLSLFileCheck/hlsl/intrinsics/trig/asin_h.hlsl>
BEGIN TEST(S): </Users/cbieneman/dev/DirectXShaderCompiler/tools/clang/test/HLSL/../HLSLFileCheck/hlsl/intrinsics/trig/Hsin_const_prop.hlsl>
END TEST(S): </Users/cbieneman/dev/DirectXShaderCompiler/tools/clang/test/HLSL/../HLSLFileCheck/hlsl/intrinsics/trig/Hsin_const_prop.hlsl>
BEGIN TEST(S): </Users/cbieneman/dev/DirectXShaderCompiler/tools/clang/test/HLSL/../HLSLFileCheck/hlsl/intrinsics/trig/intrinsic1.hlsl>
END TEST(S): </Users/cbieneman/dev/DirectXShaderCompiler/tools/clang/test/HLSL/../HLSLFileCheck/hlsl/intrinsics/trig/intrinsic1.hlsl>
BEGIN TEST(S): </Users/cbieneman/dev/DirectXShaderCompiler/tools/clang/test/HLSL/../HLSLFileCheck/hlsl/intrinsics/trig/keep_precise.0.hlsl>
END TEST(S): </Users/cbieneman/dev/DirectXShaderCompiler/tools/clang/test/HLSL/../HLSLFileCheck/hlsl/intrinsics/trig/keep_precise.0.hlsl>
BEGIN TEST(S): </Users/cbieneman/dev/DirectXShaderCompiler/tools/clang/test/HLSL/../HLSLFileCheck/hlsl/intrinsics/trig/atan_h.hlsl>
END TEST(S): </Users/cbieneman/dev/DirectXShaderCompiler/tools/clang/test/HLSL/../HLSLFileCheck/hlsl/intrinsics/trig/atan_h.hlsl>
BEGIN TEST(S): </Users/cbieneman/dev/DirectXShaderCompiler/tools/clang/test/HLSL/../HLSLFileCheck/hlsl/intrinsics/trig/keep_precise.1.hlsl>
END TEST(S): </Users/cbieneman/dev/DirectXShaderCompiler/tools/clang/test/HLSL/../HLSLFileCheck/hlsl/intrinsics/trig/keep_precise.1.hlsl>
BEGIN TEST(S): </Users/cbieneman/dev/DirectXShaderCompiler/tools/clang/test/HLSL/../HLSLFileCheck/hlsl/intrinsics/trig/intrinsic1_minprec.hlsl>
END TEST(S): </Users/cbieneman/dev/DirectXShaderCompiler/tools/clang/test/HLSL/../HLSLFileCheck/hlsl/intrinsics/trig/intrinsic1_minprec.hlsl>
BEGIN TEST(S): </Users/cbieneman/dev/DirectXShaderCompiler/tools/clang/test/HLSL/../HLSLFileCheck/hlsl/intrinsics/trig/Tan_const_prop.hlsl>
END TEST(S): </Users/cbieneman/dev/DirectXShaderCompiler/tools/clang/test/HLSL/../HLSLFileCheck/hlsl/intrinsics/trig/Tan_const_prop.hlsl>
BEGIN TEST(S): </Users/cbieneman/dev/DirectXShaderCompiler/tools/clang/test/HLSL/../HLSLFileCheck/hlsl/intrinsics/NonUniformResourceIndex/nonUniformIndex_propagation.hlsl>
END TEST(S): </Users/cbieneman/dev/DirectXShaderCompiler/tools/clang/test/HLSL/../HLSLFileCheck/hlsl/intrinsics/NonUniformResourceIndex/nonUniformIndex_propagation.hlsl>
BEGIN TEST(S): </Users/cbieneman/dev/DirectXShaderCompiler/tools/clang/test/HLSL/../HLSLFileCheck/hlsl/intrinsics/mul/mul.hlsl>
END TEST(S): </Users/cbieneman/dev/DirectXShaderCompiler/tools/clang/test/HLSL/../HLSLFileCheck/hlsl/intrinsics/mul/mul.hlsl>
BEGIN TEST(S): </Users/cbieneman/dev/DirectXShaderCompiler/tools/clang/test/HLSL/../HLSLFileCheck/hlsl/intrinsics/mul/mul_literals.hlsl>
END TEST(S): </Users/cbieneman/dev/DirectXShaderCompiler/tools/clang/test/HLSL/../HLSLFileCheck/hlsl/intrinsics/mul/mul_literals.hlsl>
BEGIN TEST(S): </Users/cbieneman/dev/DirectXShaderCompiler/tools/clang/test/HLSL/../HLSLFileCheck/hlsl/intrinsics/cast/asuint.hlsl>
END TEST(S): </Users/cbieneman/dev/DirectXShaderCompiler/tools/clang/test/HLSL/../HLSLFileCheck/hlsl/intrinsics/cast/asuint.hlsl>
BEGIN TEST(S): </Users/cbieneman/dev/DirectXShaderCompiler/tools/clang/test/HLSL/../HLSLFileCheck/hlsl/intrinsics/cast/bitcast.hlsl>
END TEST(S): </Users/cbieneman/dev/DirectXShaderCompiler/tools/clang/test/HLSL/../HLSLFileCheck/hlsl/intrinsics/cast/bitcast.hlsl>
BEGIN TEST(S): </Users/cbieneman/dev/DirectXShaderCompiler/tools/clang/test/HLSL/../HLSLFileCheck/hlsl/intrinsics/cast/asuint2.hlsl>
END TEST(S): </Users/cbieneman/dev/DirectXShaderCompiler/tools/clang/test/HLSL/../HLSLFileCheck/hlsl/intrinsics/cast/asuint2.hlsl>
BEGIN TEST(S): </Users/cbieneman/dev/DirectXShaderCompiler/tools/clang/test/HLSL/../HLSLFileCheck/hlsl/intrinsics/cast/asdoublefold.hlsl>
END TEST(S): </Users/cbieneman/dev/DirectXShaderCompiler/tools/clang/test/HLSL/../HLSLFileCheck/hlsl/intrinsics/cast/asdoublefold.hlsl>
BEGIN TEST(S): </Users/cbieneman/dev/DirectXShaderCompiler/tools/clang/test/HLSL/../HLSLFileCheck/hlsl/intrinsics/cast/asdoubleuint64.hlsl>
END TEST(S): </Users/cbieneman/dev/DirectXShaderCompiler/tools/clang/test/HLSL/../HLSLFileCheck/hlsl/intrinsics/cast/asdoubleuint64.hlsl>
BEGIN TEST(S): </Users/cbieneman/dev/DirectXShaderCompiler/tools/clang/test/HLSL/../HLSLFileCheck/hlsl/intrinsics/cast/gep_zero_idx.hlsl>
END TEST(S): </Users/cbieneman/dev/DirectXShaderCompiler/tools/clang/test/HLSL/../HLSLFileCheck/hlsl/intrinsics/cast/gep_zero_idx.hlsl>
BEGIN TEST(S): </Users/cbieneman/dev/DirectXShaderCompiler/tools/clang/test/HLSL/../HLSLFileCheck/hlsl/intrinsics/mixed/sm_6_4_dot4_1.hlsl>
END TEST(S): </Users/cbieneman/dev/DirectXShaderCompiler/tools/clang/test/HLSL/../HLSLFileCheck/hlsl/intrinsics/mixed/sm_6_4_dot4_1.hlsl>
BEGIN TEST(S): </Users/cbieneman/dev/DirectXShaderCompiler/tools/clang/test/HLSL/../HLSLFileCheck/hlsl/intrinsics/mixed/sm_6_4_dot2_1.hlsl>
END TEST(S): </Users/cbieneman/dev/DirectXShaderCompiler/tools/clang/test/HLSL/../HLSLFileCheck/hlsl/intrinsics/mixed/sm_6_4_dot2_1.hlsl>
BEGIN TEST(S): </Users/cbieneman/dev/DirectXShaderCompiler/tools/clang/test/HLSL/../HLSLFileCheck/hlsl/intrinsics/mixed/sm_6_4_dot2_2.hlsl>
END TEST(S): </Users/cbieneman/dev/DirectXShaderCompiler/tools/clang/test/HLSL/../HLSLFileCheck/hlsl/intrinsics/mixed/sm_6_4_dot2_2.hlsl>
BEGIN TEST(S): </Users/cbieneman/dev/DirectXShaderCompiler/tools/clang/test/HLSL/../HLSLFileCheck/hlsl/intrinsics/mixed/sm_6_4_dot4_2.hlsl>
END TEST(S): </Users/cbieneman/dev/DirectXShaderCompiler/tools/clang/test/HLSL/../HLSLFileCheck/hlsl/intrinsics/mixed/sm_6_4_dot4_2.hlsl>
BEGIN TEST(S): </Users/cbieneman/dev/DirectXShaderCompiler/tools/clang/test/HLSL/../HLSLFileCheck/hlsl/intrinsics/basic/intrinsic3_odd.hlsl>
END TEST(S): </Users/cbieneman/dev/DirectXShaderCompiler/tools/clang/test/HLSL/../HLSLFileCheck/hlsl/intrinsics/basic/intrinsic3_odd.hlsl>
BEGIN TEST(S): </Users/cbieneman/dev/DirectXShaderCompiler/tools/clang/test/HLSL/../HLSLFileCheck/hlsl/intrinsics/basic/UMad_const_prop.hlsl>
END TEST(S): </Users/cbieneman/dev/DirectXShaderCompiler/tools/clang/test/HLSL/../HLSLFileCheck/hlsl/intrinsics/basic/UMad_const_prop.hlsl>
BEGIN TEST(S): </Users/cbieneman/dev/DirectXShaderCompiler/tools/clang/test/HLSL/../HLSLFileCheck/hlsl/intrinsics/basic/mad_opt2.hlsl>
END TEST(S): </Users/cbieneman/dev/DirectXShaderCompiler/tools/clang/test/HLSL/../HLSLFileCheck/hlsl/intrinsics/basic/mad_opt2.hlsl>
BEGIN TEST(S): </Users/cbieneman/dev/DirectXShaderCompiler/tools/clang/test/HLSL/../HLSLFileCheck/hlsl/intrinsics/basic/intrinsic3_integer.hlsl>
END TEST(S): </Users/cbieneman/dev/DirectXShaderCompiler/tools/clang/test/HLSL/../HLSLFileCheck/hlsl/intrinsics/basic/intrinsic3_integer.hlsl>
BEGIN TEST(S): </Users/cbieneman/dev/DirectXShaderCompiler/tools/clang/test/HLSL/../HLSLFileCheck/hlsl/intrinsics/basic/mad_opt3.hlsl>
END TEST(S): </Users/cbieneman/dev/DirectXShaderCompiler/tools/clang/test/HLSL/../HLSLFileCheck/hlsl/intrinsics/basic/mad_opt3.hlsl>
BEGIN TEST(S): </Users/cbieneman/dev/DirectXShaderCompiler/tools/clang/test/HLSL/../HLSLFileCheck/hlsl/intrinsics/basic/intrinsic5_minprec.hlsl>
END TEST(S): </Users/cbieneman/dev/DirectXShaderCompiler/tools/clang/test/HLSL/../HLSLFileCheck/hlsl/intrinsics/basic/intrinsic5_minprec.hlsl>
BEGIN TEST(S): </Users/cbieneman/dev/DirectXShaderCompiler/tools/clang/test/HLSL/../HLSLFileCheck/hlsl/intrinsics/basic/IMax_const_prop.hlsl>
END TEST(S): </Users/cbieneman/dev/DirectXShaderCompiler/tools/clang/test/HLSL/../HLSLFileCheck/hlsl/intrinsics/basic/IMax_const_prop.hlsl>
BEGIN TEST(S): </Users/cbieneman/dev/DirectXShaderCompiler/tools/clang/test/HLSL/../HLSLFileCheck/hlsl/intrinsics/basic/UMin_const_prop.hlsl>
END TEST(S): </Users/cbieneman/dev/DirectXShaderCompiler/tools/clang/test/HLSL/../HLSLFileCheck/hlsl/intrinsics/basic/UMin_const_prop.hlsl>
BEGIN TEST(S): </Users/cbieneman/dev/DirectXShaderCompiler/tools/clang/test/HLSL/../HLSLFileCheck/hlsl/intrinsics/basic/FAbs_const_prop.hlsl>
END TEST(S): </Users/cbieneman/dev/DirectXShaderCompiler/tools/clang/test/HLSL/../HLSLFileCheck/hlsl/intrinsics/basic/FAbs_const_prop.hlsl>
BEGIN TEST(S): </Users/cbieneman/dev/DirectXShaderCompiler/tools/clang/test/HLSL/../HLSLFileCheck/hlsl/intrinsics/basic/intrinsic_uabs_usign.hlsl>
END TEST(S): </Users/cbieneman/dev/DirectXShaderCompiler/tools/clang/test/HLSL/../HLSLFileCheck/hlsl/intrinsics/basic/intrinsic_uabs_usign.hlsl>
BEGIN TEST(S): </Users/cbieneman/dev/DirectXShaderCompiler/tools/clang/test/HLSL/../HLSLFileCheck/hlsl/intrinsics/basic/IMin_const_prop.hlsl>
END TEST(S): </Users/cbieneman/dev/DirectXShaderCompiler/tools/clang/test/HLSL/../HLSLFileCheck/hlsl/intrinsics/basic/IMin_const_prop.hlsl>
BEGIN TEST(S): </Users/cbieneman/dev/DirectXShaderCompiler/tools/clang/test/HLSL/../HLSLFileCheck/hlsl/intrinsics/basic/frexp.hlsl>
END TEST(S): </Users/cbieneman/dev/DirectXShaderCompiler/tools/clang/test/HLSL/../HLSLFileCheck/hlsl/intrinsics/basic/frexp.hlsl>
BEGIN TEST(S): </Users/cbieneman/dev/DirectXShaderCompiler/tools/clang/test/HLSL/../HLSLFileCheck/hlsl/intrinsics/basic/abs2.hlsl>
END TEST(S): </Users/cbieneman/dev/DirectXShaderCompiler/tools/clang/test/HLSL/../HLSLFileCheck/hlsl/intrinsics/basic/abs2.hlsl>
BEGIN TEST(S): </Users/cbieneman/dev/DirectXShaderCompiler/tools/clang/test/HLSL/../HLSLFileCheck/hlsl/intrinsics/basic/UMax_const_prop.hlsl>
END TEST(S): </Users/cbieneman/dev/DirectXShaderCompiler/tools/clang/test/HLSL/../HLSLFileCheck/hlsl/intrinsics/basic/UMax_const_prop.hlsl>
BEGIN TEST(S): </Users/cbieneman/dev/DirectXShaderCompiler/tools/clang/test/HLSL/../HLSLFileCheck/hlsl/intrinsics/basic/IMad_const_prop.hlsl>
END TEST(S): </Users/cbieneman/dev/DirectXShaderCompiler/tools/clang/test/HLSL/../HLSLFileCheck/hlsl/intrinsics/basic/IMad_const_prop.hlsl>
BEGIN TEST(S): </Users/cbieneman/dev/DirectXShaderCompiler/tools/clang/test/HLSL/../HLSLFileCheck/hlsl/intrinsics/basic/max_min_literal.hlsl>
END TEST(S): </Users/cbieneman/dev/DirectXShaderCompiler/tools/clang/test/HLSL/../HLSLFileCheck/hlsl/intrinsics/basic/max_min_literal.hlsl>
BEGIN TEST(S): </Users/cbieneman/dev/DirectXShaderCompiler/tools/clang/test/HLSL/../HLSLFileCheck/hlsl/intrinsics/basic/frac_literal.hlsl>
END TEST(S): </Users/cbieneman/dev/DirectXShaderCompiler/tools/clang/test/HLSL/../HLSLFileCheck/hlsl/intrinsics/basic/frac_literal.hlsl>
BEGIN TEST(S): </Users/cbieneman/dev/DirectXShaderCompiler/tools/clang/test/HLSL/../HLSLFileCheck/hlsl/intrinsics/basic/intrinsic-examples_Mod.hlsl>
END TEST(S): </Users/cbieneman/dev/DirectXShaderCompiler/tools/clang/test/HLSL/../HLSLFileCheck/hlsl/intrinsics/basic/intrinsic-examples_Mod.hlsl>
BEGIN TEST(S): </Users/cbieneman/dev/DirectXShaderCompiler/tools/clang/test/HLSL/../HLSLFileCheck/hlsl/intrinsics/basic/FMin_const_prop.hlsl>
END TEST(S): </Users/cbieneman/dev/DirectXShaderCompiler/tools/clang/test/HLSL/../HLSLFileCheck/hlsl/intrinsics/basic/FMin_const_prop.hlsl>
BEGIN TEST(S): </Users/cbieneman/dev/DirectXShaderCompiler/tools/clang/test/HLSL/../HLSLFileCheck/hlsl/intrinsics/basic/Dot3_const_prop.hlsl>
END TEST(S): </Users/cbieneman/dev/DirectXShaderCompiler/tools/clang/test/HLSL/../HLSLFileCheck/hlsl/intrinsics/basic/Dot3_const_prop.hlsl>
BEGIN TEST(S): </Users/cbieneman/dev/DirectXShaderCompiler/tools/clang/test/HLSL/../HLSLFileCheck/hlsl/intrinsics/basic/Dot4_const_prop.hlsl>
END TEST(S): </Users/cbieneman/dev/DirectXShaderCompiler/tools/clang/test/HLSL/../HLSLFileCheck/hlsl/intrinsics/basic/Dot4_const_prop.hlsl>
BEGIN TEST(S): </Users/cbieneman/dev/DirectXShaderCompiler/tools/clang/test/HLSL/../HLSLFileCheck/hlsl/intrinsics/basic/FMad_const_prop.hlsl>
END TEST(S): </Users/cbieneman/dev/DirectXShaderCompiler/tools/clang/test/HLSL/../HLSLFileCheck/hlsl/intrinsics/basic/FMad_const_prop.hlsl>
BEGIN TEST(S): </Users/cbieneman/dev/DirectXShaderCompiler/tools/clang/test/HLSL/../HLSLFileCheck/hlsl/intrinsics/basic/matFrexp.hlsl>
END TEST(S): </Users/cbieneman/dev/DirectXShaderCompiler/tools/clang/test/HLSL/../HLSLFileCheck/hlsl/intrinsics/basic/matFrexp.hlsl>
BEGIN TEST(S): </Users/cbieneman/dev/DirectXShaderCompiler/tools/clang/test/HLSL/../HLSLFileCheck/hlsl/intrinsics/basic/intrinsic3_even.hlsl>
END TEST(S): </Users/cbieneman/dev/DirectXShaderCompiler/tools/clang/test/HLSL/../HLSLFileCheck/hlsl/intrinsics/basic/intrinsic3_even.hlsl>
BEGIN TEST(S): </Users/cbieneman/dev/DirectXShaderCompiler/tools/clang/test/HLSL/../HLSLFileCheck/hlsl/intrinsics/basic/max_min.hlsl>
END TEST(S): </Users/cbieneman/dev/DirectXShaderCompiler/tools/clang/test/HLSL/../HLSLFileCheck/hlsl/intrinsics/basic/max_min.hlsl>
BEGIN TEST(S): </Users/cbieneman/dev/DirectXShaderCompiler/tools/clang/test/HLSL/../HLSLFileCheck/hlsl/intrinsics/basic/dot1.hlsl>
END TEST(S): </Users/cbieneman/dev/DirectXShaderCompiler/tools/clang/test/HLSL/../HLSLFileCheck/hlsl/intrinsics/basic/dot1.hlsl>
BEGIN TEST(S): </Users/cbieneman/dev/DirectXShaderCompiler/tools/clang/test/HLSL/../HLSLFileCheck/hlsl/intrinsics/basic/clamp_const_prop.hlsl>
END TEST(S): </Users/cbieneman/dev/DirectXShaderCompiler/tools/clang/test/HLSL/../HLSLFileCheck/hlsl/intrinsics/basic/clamp_const_prop.hlsl>
BEGIN TEST(S): </Users/cbieneman/dev/DirectXShaderCompiler/tools/clang/test/HLSL/../HLSLFileCheck/hlsl/intrinsics/basic/intrinsic3_pow2.hlsl>
END TEST(S): </Users/cbieneman/dev/DirectXShaderCompiler/tools/clang/test/HLSL/../HLSLFileCheck/hlsl/intrinsics/basic/intrinsic3_pow2.hlsl>
BEGIN TEST(S): </Users/cbieneman/dev/DirectXShaderCompiler/tools/clang/test/HLSL/../HLSLFileCheck/hlsl/intrinsics/basic/iabs.hlsl>
END TEST(S): </Users/cbieneman/dev/DirectXShaderCompiler/tools/clang/test/HLSL/../HLSLFileCheck/hlsl/intrinsics/basic/iabs.hlsl>
BEGIN TEST(S): </Users/cbieneman/dev/DirectXShaderCompiler/tools/clang/test/HLSL/../HLSLFileCheck/hlsl/intrinsics/basic/Dot2_const_prop.hlsl>
END TEST(S): </Users/cbieneman/dev/DirectXShaderCompiler/tools/clang/test/HLSL/../HLSLFileCheck/hlsl/intrinsics/basic/Dot2_const_prop.hlsl>
BEGIN TEST(S): </Users/cbieneman/dev/DirectXShaderCompiler/tools/clang/test/HLSL/../HLSLFileCheck/hlsl/intrinsics/basic/mad_opt.hlsl>
END TEST(S): </Users/cbieneman/dev/DirectXShaderCompiler/tools/clang/test/HLSL/../HLSLFileCheck/hlsl/intrinsics/basic/mad_opt.hlsl>
BEGIN TEST(S): </Users/cbieneman/dev/DirectXShaderCompiler/tools/clang/test/HLSL/../HLSLFileCheck/hlsl/intrinsics/basic/Fma_const_prop.hlsl>
END TEST(S): </Users/cbieneman/dev/DirectXShaderCompiler/tools/clang/test/HLSL/../HLSLFileCheck/hlsl/intrinsics/basic/Fma_const_prop.hlsl>
BEGIN TEST(S): </Users/cbieneman/dev/DirectXShaderCompiler/tools/clang/test/HLSL/../HLSLFileCheck/hlsl/intrinsics/basic/FMax_const_prop.hlsl>
END TEST(S): </Users/cbieneman/dev/DirectXShaderCompiler/tools/clang/test/HLSL/../HLSLFileCheck/hlsl/intrinsics/basic/FMax_const_prop.hlsl>
BEGIN TEST(S): </Users/cbieneman/dev/DirectXShaderCompiler/tools/clang/test/HLSL/../HLSLFileCheck/hlsl/intrinsics/pack/sm_6_6_pack_unpack_16.hlsl>
END TEST(S): </Users/cbieneman/dev/DirectXShaderCompiler/tools/clang/test/HLSL/../HLSLFileCheck/hlsl/intrinsics/pack/sm_6_6_pack_unpack_16.hlsl>
BEGIN TEST(S): </Users/cbieneman/dev/DirectXShaderCompiler/tools/clang/test/HLSL/../HLSLFileCheck/hlsl/intrinsics/pack/sm_6_6_pack_unpack_error.hlsl>
END TEST(S): </Users/cbieneman/dev/DirectXShaderCompiler/tools/clang/test/HLSL/../HLSLFileCheck/hlsl/intrinsics/pack/sm_6_6_pack_unpack_error.hlsl>
BEGIN TEST(S): </Users/cbieneman/dev/DirectXShaderCompiler/tools/clang/test/HLSL/../HLSLFileCheck/hlsl/intrinsics/pack/sm_6_6_pack_unpack_mix.hlsl>
END TEST(S): </Users/cbieneman/dev/DirectXShaderCompiler/tools/clang/test/HLSL/../HLSLFileCheck/hlsl/intrinsics/pack/sm_6_6_pack_unpack_mix.hlsl>
BEGIN TEST(S): </Users/cbieneman/dev/DirectXShaderCompiler/tools/clang/test/HLSL/../HLSLFileCheck/hlsl/intrinsics/pack/sm_6_6_packed_type_arg.hlsl>
END TEST(S): </Users/cbieneman/dev/DirectXShaderCompiler/tools/clang/test/HLSL/../HLSLFileCheck/hlsl/intrinsics/pack/sm_6_6_packed_type_arg.hlsl>
BEGIN TEST(S): </Users/cbieneman/dev/DirectXShaderCompiler/tools/clang/test/HLSL/../HLSLFileCheck/hlsl/intrinsics/pack/sm_6_6_pack_unpack_32.hlsl>
END TEST(S): </Users/cbieneman/dev/DirectXShaderCompiler/tools/clang/test/HLSL/../HLSLFileCheck/hlsl/intrinsics/pack/sm_6_6_pack_unpack_32.hlsl>
BEGIN TEST(S): </Users/cbieneman/dev/DirectXShaderCompiler/tools/clang/test/HLSL/../HLSLFileCheck/hlsl/intrinsics/pack/sm_6_6_packed_type_conv.hlsl>
END TEST(S): </Users/cbieneman/dev/DirectXShaderCompiler/tools/clang/test/HLSL/../HLSLFileCheck/hlsl/intrinsics/pack/sm_6_6_packed_type_conv.hlsl>
BEGIN TEST(S): </Users/cbieneman/dev/DirectXShaderCompiler/tools/clang/test/HLSL/../HLSLFileCheck/hlsl/intrinsics/pack/sm_6_6_pack_unpack_uint.hlsl>
END TEST(S): </Users/cbieneman/dev/DirectXShaderCompiler/tools/clang/test/HLSL/../HLSLFileCheck/hlsl/intrinsics/pack/sm_6_6_pack_unpack_uint.hlsl>
BEGIN TEST(S): </Users/cbieneman/dev/DirectXShaderCompiler/tools/clang/test/HLSL/../HLSLFileCheck/hlsl/intrinsics/rounding/Round_ne_const_prop.hlsl>
END TEST(S): </Users/cbieneman/dev/DirectXShaderCompiler/tools/clang/test/HLSL/../HLSLFileCheck/hlsl/intrinsics/rounding/Round_ne_const_prop.hlsl>
BEGIN TEST(S): </Users/cbieneman/dev/DirectXShaderCompiler/tools/clang/test/HLSL/../HLSLFileCheck/hlsl/intrinsics/rounding/Round_z_const_prop.hlsl>
END TEST(S): </Users/cbieneman/dev/DirectXShaderCompiler/tools/clang/test/HLSL/../HLSLFileCheck/hlsl/intrinsics/rounding/Round_z_const_prop.hlsl>
BEGIN TEST(S): </Users/cbieneman/dev/DirectXShaderCompiler/tools/clang/test/HLSL/../HLSLFileCheck/hlsl/intrinsics/rounding/Round_ne_const.hlsl>
END TEST(S): </Users/cbieneman/dev/DirectXShaderCompiler/tools/clang/test/HLSL/../HLSLFileCheck/hlsl/intrinsics/rounding/Round_ne_const.hlsl>
BEGIN TEST(S): </Users/cbieneman/dev/DirectXShaderCompiler/tools/clang/test/HLSL/../HLSLFileCheck/hlsl/intrinsics/rounding/Round_pi_const_prop.hlsl>
END TEST(S): </Users/cbieneman/dev/DirectXShaderCompiler/tools/clang/test/HLSL/../HLSLFileCheck/hlsl/intrinsics/rounding/Round_pi_const_prop.hlsl>
BEGIN TEST(S): </Users/cbieneman/dev/DirectXShaderCompiler/tools/clang/test/HLSL/../HLSLFileCheck/hlsl/intrinsics/rounding/Round_ni_const_prop.hlsl>
END TEST(S): </Users/cbieneman/dev/DirectXShaderCompiler/tools/clang/test/HLSL/../HLSLFileCheck/hlsl/intrinsics/rounding/Round_ni_const_prop.hlsl>
BEGIN TEST(S): </Users/cbieneman/dev/DirectXShaderCompiler/tools/clang/test/HLSL/../HLSLFileCheck/hlsl/intrinsics/atomic/atomic_cmpstr_method_i64_and_i32.hlsl>
END TEST(S): </Users/cbieneman/dev/DirectXShaderCompiler/tools/clang/test/HLSL/../HLSLFileCheck/hlsl/intrinsics/atomic/atomic_cmpstr_method_i64_and_i32.hlsl>
BEGIN TEST(S): </Users/cbieneman/dev/DirectXShaderCompiler/tools/clang/test/HLSL/../HLSLFileCheck/hlsl/intrinsics/atomic/atomic_cmpxchg_method_i64_and_i32.hlsl>
END TEST(S): </Users/cbieneman/dev/DirectXShaderCompiler/tools/clang/test/HLSL/../HLSLFileCheck/hlsl/intrinsics/atomic/atomic_cmpxchg_method_i64_and_i32.hlsl>
BEGIN TEST(S): </Users/cbieneman/dev/DirectXShaderCompiler/tools/clang/test/HLSL/../HLSLFileCheck/hlsl/intrinsics/atomic/atomicop_method_i64_and_i32.hlsl>
END TEST(S): </Users/cbieneman/dev/DirectXShaderCompiler/tools/clang/test/HLSL/../HLSLFileCheck/hlsl/intrinsics/atomic/atomicop_method_i64_and_i32.hlsl>
BEGIN TEST(S): </Users/cbieneman/dev/DirectXShaderCompiler/tools/clang/test/HLSL/../HLSLFileCheck/hlsl/intrinsics/atomic/atomic_float.hlsl>
END TEST(S): </Users/cbieneman/dev/DirectXShaderCompiler/tools/clang/test/HLSL/../HLSLFileCheck/hlsl/intrinsics/atomic/atomic_float.hlsl>
BEGIN TEST(S): </Users/cbieneman/dev/DirectXShaderCompiler/tools/clang/test/HLSL/../HLSLFileCheck/hlsl/intrinsics/atomic/atomic2.hlsl>
END TEST(S): </Users/cbieneman/dev/DirectXShaderCompiler/tools/clang/test/HLSL/../HLSLFileCheck/hlsl/intrinsics/atomic/atomic2.hlsl>
BEGIN TEST(S): </Users/cbieneman/dev/DirectXShaderCompiler/tools/clang/test/HLSL/../HLSLFileCheck/hlsl/intrinsics/atomic/umaxObjectAtomic.hlsl>
END TEST(S): </Users/cbieneman/dev/DirectXShaderCompiler/tools/clang/test/HLSL/../HLSLFileCheck/hlsl/intrinsics/atomic/umaxObjectAtomic.hlsl>
BEGIN TEST(S): </Users/cbieneman/dev/DirectXShaderCompiler/tools/clang/test/HLSL/../HLSLFileCheck/hlsl/intrinsics/atomic/atomic.hlsl>
END TEST(S): </Users/cbieneman/dev/DirectXShaderCompiler/tools/clang/test/HLSL/../HLSLFileCheck/hlsl/intrinsics/atomic/atomic.hlsl>
BEGIN TEST(S): </Users/cbieneman/dev/DirectXShaderCompiler/tools/clang/test/HLSL/../HLSLFileCheck/hlsl/intrinsics/atomic/atomic_cmpstr_i64_and_i32.hlsl>
END TEST(S): </Users/cbieneman/dev/DirectXShaderCompiler/tools/clang/test/HLSL/../HLSLFileCheck/hlsl/intrinsics/atomic/atomic_cmpstr_i64_and_i32.hlsl>
BEGIN TEST(S): </Users/cbieneman/dev/DirectXShaderCompiler/tools/clang/test/HLSL/../HLSLFileCheck/hlsl/intrinsics/atomic/atomicop_method_float.hlsl>
END TEST(S): </Users/cbieneman/dev/DirectXShaderCompiler/tools/clang/test/HLSL/../HLSLFileCheck/hlsl/intrinsics/atomic/atomicop_method_float.hlsl>
BEGIN TEST(S): </Users/cbieneman/dev/DirectXShaderCompiler/tools/clang/test/HLSL/../HLSLFileCheck/hlsl/intrinsics/atomic/atomic_restypes_lib.hlsl>
END TEST(S): </Users/cbieneman/dev/DirectXShaderCompiler/tools/clang/test/HLSL/../HLSLFileCheck/hlsl/intrinsics/atomic/atomic_restypes_lib.hlsl>
BEGIN TEST(S): </Users/cbieneman/dev/DirectXShaderCompiler/tools/clang/test/HLSL/../HLSLFileCheck/hlsl/intrinsics/atomic/atomic_structuredbuf_i64.hlsl>
END TEST(S): </Users/cbieneman/dev/DirectXShaderCompiler/tools/clang/test/HLSL/../HLSLFileCheck/hlsl/intrinsics/atomic/atomic_structuredbuf_i64.hlsl>
BEGIN TEST(S): </Users/cbieneman/dev/DirectXShaderCompiler/tools/clang/test/HLSL/../HLSLFileCheck/hlsl/intrinsics/atomic/Interlocked_groupshared.hlsl>
END TEST(S): </Users/cbieneman/dev/DirectXShaderCompiler/tools/clang/test/HLSL/../HLSLFileCheck/hlsl/intrinsics/atomic/Interlocked_groupshared.hlsl>
BEGIN TEST(S): </Users/cbieneman/dev/DirectXShaderCompiler/tools/clang/test/HLSL/../HLSLFileCheck/hlsl/intrinsics/atomic/atomic_signed_unsigned.hlsl>
END TEST(S): </Users/cbieneman/dev/DirectXShaderCompiler/tools/clang/test/HLSL/../HLSLFileCheck/hlsl/intrinsics/atomic/atomic_signed_unsigned.hlsl>
BEGIN TEST(S): </Users/cbieneman/dev/DirectXShaderCompiler/tools/clang/test/HLSL/../HLSLFileCheck/hlsl/intrinsics/atomic/atomic_cmpxchg_i64_and_i32.hlsl>
END TEST(S): </Users/cbieneman/dev/DirectXShaderCompiler/tools/clang/test/HLSL/../HLSLFileCheck/hlsl/intrinsics/atomic/atomic_cmpxchg_i64_and_i32.hlsl>
BEGIN TEST(S): </Users/cbieneman/dev/DirectXShaderCompiler/tools/clang/test/HLSL/../HLSLFileCheck/hlsl/intrinsics/atomic/atomic_i64_heap_resource.hlsl>
END TEST(S): </Users/cbieneman/dev/DirectXShaderCompiler/tools/clang/test/HLSL/../HLSLFileCheck/hlsl/intrinsics/atomic/atomic_i64_heap_resource.hlsl>
BEGIN TEST(S): </Users/cbieneman/dev/DirectXShaderCompiler/tools/clang/test/HLSL/../HLSLFileCheck/hlsl/intrinsics/atomic/atomic_overload.hlsl>
END TEST(S): </Users/cbieneman/dev/DirectXShaderCompiler/tools/clang/test/HLSL/../HLSLFileCheck/hlsl/intrinsics/atomic/atomic_overload.hlsl>
BEGIN TEST(S): </Users/cbieneman/dev/DirectXShaderCompiler/tools/clang/test/HLSL/../HLSLFileCheck/hlsl/intrinsics/atomic/atomic_method_float.hlsl>
END TEST(S): </Users/cbieneman/dev/DirectXShaderCompiler/tools/clang/test/HLSL/../HLSLFileCheck/hlsl/intrinsics/atomic/atomic_method_float.hlsl>
BEGIN TEST(S): </Users/cbieneman/dev/DirectXShaderCompiler/tools/clang/test/HLSL/../HLSLFileCheck/hlsl/intrinsics/atomic/RaceCond2.hlsl>
END TEST(S): </Users/cbieneman/dev/DirectXShaderCompiler/tools/clang/test/HLSL/../HLSLFileCheck/hlsl/intrinsics/atomic/RaceCond2.hlsl>
BEGIN TEST(S): </Users/cbieneman/dev/DirectXShaderCompiler/tools/clang/test/HLSL/../HLSLFileCheck/hlsl/intrinsics/atomic/atomic_xchg_method_i64_and_i32.hlsl>
END TEST(S): </Users/cbieneman/dev/DirectXShaderCompiler/tools/clang/test/HLSL/../HLSLFileCheck/hlsl/intrinsics/atomic/atomic_xchg_method_i64_and_i32.hlsl>
BEGIN TEST(S): </Users/cbieneman/dev/DirectXShaderCompiler/tools/clang/test/HLSL/../HLSLFileCheck/hlsl/intrinsics/atomic/atomicop_i64.hlsl>
END TEST(S): </Users/cbieneman/dev/DirectXShaderCompiler/tools/clang/test/HLSL/../HLSLFileCheck/hlsl/intrinsics/atomic/atomicop_i64.hlsl>
BEGIN TEST(S): </Users/cbieneman/dev/DirectXShaderCompiler/tools/clang/test/HLSL/../HLSLFileCheck/hlsl/intrinsics/atomic/atomic_xchg_i64_and_i32.hlsl>
END TEST(S): </Users/cbieneman/dev/DirectXShaderCompiler/tools/clang/test/HLSL/../HLSLFileCheck/hlsl/intrinsics/atomic/atomic_xchg_i64_and_i32.hlsl>
BEGIN TEST(S): </Users/cbieneman/dev/DirectXShaderCompiler/tools/clang/test/HLSL/../HLSLFileCheck/hlsl/intrinsics/atomic/atomicop_i64_and_i32.hlsl>
END TEST(S): </Users/cbieneman/dev/DirectXShaderCompiler/tools/clang/test/HLSL/../HLSLFileCheck/hlsl/intrinsics/atomic/atomicop_i64_and_i32.hlsl>
BEGIN TEST(S): </Users/cbieneman/dev/DirectXShaderCompiler/tools/clang/test/HLSL/../HLSLFileCheck/hlsl/intrinsics/atomic/atomic_method_restypes.hlsl>
END TEST(S): </Users/cbieneman/dev/DirectXShaderCompiler/tools/clang/test/HLSL/../HLSLFileCheck/hlsl/intrinsics/atomic/atomic_method_restypes.hlsl>
BEGIN TEST(S): </Users/cbieneman/dev/DirectXShaderCompiler/tools/clang/test/HLSL/../HLSLFileCheck/hlsl/intrinsics/atomic/atomic_restypes.hlsl>
END TEST(S): </Users/cbieneman/dev/DirectXShaderCompiler/tools/clang/test/HLSL/../HLSLFileCheck/hlsl/intrinsics/atomic/atomic_restypes.hlsl>
BEGIN TEST(S): </Users/cbieneman/dev/DirectXShaderCompiler/tools/clang/test/HLSL/../HLSLFileCheck/hlsl/intrinsics/atomic/atomic_i64_root_resource.hlsl>
END TEST(S): </Users/cbieneman/dev/DirectXShaderCompiler/tools/clang/test/HLSL/../HLSLFileCheck/hlsl/intrinsics/atomic/atomic_i64_root_resource.hlsl>
BEGIN TEST(S): </Users/cbieneman/dev/DirectXShaderCompiler/tools/clang/test/HLSL/../HLSLFileCheck/hlsl/intrinsics/atomic/atomic_cast1.hlsl>
END TEST(S): </Users/cbieneman/dev/DirectXShaderCompiler/tools/clang/test/HLSL/../HLSLFileCheck/hlsl/intrinsics/atomic/atomic_cast1.hlsl>
BEGIN TEST(S): </Users/cbieneman/dev/DirectXShaderCompiler/tools/clang/test/HLSL/../HLSLFileCheck/hlsl/intrinsics/atomic/atomic_cast.hlsl>
END TEST(S): </Users/cbieneman/dev/DirectXShaderCompiler/tools/clang/test/HLSL/../HLSLFileCheck/hlsl/intrinsics/atomic/atomic_cast.hlsl>
BEGIN TEST(S): </Users/cbieneman/dev/DirectXShaderCompiler/tools/clang/test/HLSL/../HLSLFileCheck/hlsl/intrinsics/atomic/atomicop_float.hlsl>
END TEST(S): </Users/cbieneman/dev/DirectXShaderCompiler/tools/clang/test/HLSL/../HLSLFileCheck/hlsl/intrinsics/atomic/atomicop_float.hlsl>
BEGIN TEST(S): </Users/cbieneman/dev/DirectXShaderCompiler/tools/clang/test/HLSL/../HLSLFileCheck/hlsl/intrinsics/atomic/atomic_i64_dynamic_resource.hlsl>
END TEST(S): </Users/cbieneman/dev/DirectXShaderCompiler/tools/clang/test/HLSL/../HLSLFileCheck/hlsl/intrinsics/atomic/atomic_i64_dynamic_resource.hlsl>
BEGIN TEST(S): </Users/cbieneman/dev/DirectXShaderCompiler/tools/clang/test/HLSL/../HLSLFileCheck/hlsl/intrinsics/barrier/share_mem2Dim.hlsl>
END TEST(S): </Users/cbieneman/dev/DirectXShaderCompiler/tools/clang/test/HLSL/../HLSLFileCheck/hlsl/intrinsics/barrier/share_mem2Dim.hlsl>
BEGIN TEST(S): </Users/cbieneman/dev/DirectXShaderCompiler/tools/clang/test/HLSL/../HLSLFileCheck/hlsl/intrinsics/barrier/no_loop_unswitch.hlsl>
END TEST(S): </Users/cbieneman/dev/DirectXShaderCompiler/tools/clang/test/HLSL/../HLSLFileCheck/hlsl/intrinsics/barrier/no_loop_unswitch.hlsl>
BEGIN TEST(S): </Users/cbieneman/dev/DirectXShaderCompiler/tools/clang/test/HLSL/../HLSLFileCheck/hlsl/intrinsics/barrier/share_mem1.hlsl>
END TEST(S): </Users/cbieneman/dev/DirectXShaderCompiler/tools/clang/test/HLSL/../HLSLFileCheck/hlsl/intrinsics/barrier/share_mem1.hlsl>
BEGIN TEST(S): </Users/cbieneman/dev/DirectXShaderCompiler/tools/clang/test/HLSL/../HLSLFileCheck/hlsl/intrinsics/barrier/share_mem2.hlsl>
END TEST(S): </Users/cbieneman/dev/DirectXShaderCompiler/tools/clang/test/HLSL/../HLSLFileCheck/hlsl/intrinsics/barrier/share_mem2.hlsl>
BEGIN TEST(S): </Users/cbieneman/dev/DirectXShaderCompiler/tools/clang/test/HLSL/../HLSLFileCheck/hlsl/intrinsics/barrier/no_dup.hlsl>
END TEST(S): </Users/cbieneman/dev/DirectXShaderCompiler/tools/clang/test/HLSL/../HLSLFileCheck/hlsl/intrinsics/barrier/no_dup.hlsl>
BEGIN TEST(S): </Users/cbieneman/dev/DirectXShaderCompiler/tools/clang/test/HLSL/../HLSLFileCheck/hlsl/intrinsics/createHandleFromHeap/sel_dyn_res.hlsl>
END TEST(S): </Users/cbieneman/dev/DirectXShaderCompiler/tools/clang/test/HLSL/../HLSLFileCheck/hlsl/intrinsics/createHandleFromHeap/sel_dyn_res.hlsl>
BEGIN TEST(S): </Users/cbieneman/dev/DirectXShaderCompiler/tools/clang/test/HLSL/../HLSLFileCheck/hlsl/intrinsics/createHandleFromHeap/createFromHeap3.hlsl>
END TEST(S): </Users/cbieneman/dev/DirectXShaderCompiler/tools/clang/test/HLSL/../HLSLFileCheck/hlsl/intrinsics/createHandleFromHeap/createFromHeap3.hlsl>
BEGIN TEST(S): </Users/cbieneman/dev/DirectXShaderCompiler/tools/clang/test/HLSL/../HLSLFileCheck/hlsl/intrinsics/createHandleFromHeap/redefine_heap_vars.hlsl>
END TEST(S): </Users/cbieneman/dev/DirectXShaderCompiler/tools/clang/test/HLSL/../HLSLFileCheck/hlsl/intrinsics/createHandleFromHeap/redefine_heap_vars.hlsl>
BEGIN TEST(S): </Users/cbieneman/dev/DirectXShaderCompiler/tools/clang/test/HLSL/../HLSLFileCheck/hlsl/intrinsics/createHandleFromHeap/sel_dyn_res2.hlsl>
END TEST(S): </Users/cbieneman/dev/DirectXShaderCompiler/tools/clang/test/HLSL/../HLSLFileCheck/hlsl/intrinsics/createHandleFromHeap/sel_dyn_res2.hlsl>
BEGIN TEST(S): </Users/cbieneman/dev/DirectXShaderCompiler/tools/clang/test/HLSL/../HLSLFileCheck/hlsl/intrinsics/createHandleFromHeap/dynamic_res_array.hlsl>
END TEST(S): </Users/cbieneman/dev/DirectXShaderCompiler/tools/clang/test/HLSL/../HLSLFileCheck/hlsl/intrinsics/createHandleFromHeap/dynamic_res_array.hlsl>
BEGIN TEST(S): </Users/cbieneman/dev/DirectXShaderCompiler/tools/clang/test/HLSL/../HLSLFileCheck/hlsl/intrinsics/createHandleFromHeap/annotateHandle.hlsl>
END TEST(S): </Users/cbieneman/dev/DirectXShaderCompiler/tools/clang/test/HLSL/../HLSLFileCheck/hlsl/intrinsics/createHandleFromHeap/annotateHandle.hlsl>
BEGIN TEST(S): </Users/cbieneman/dev/DirectXShaderCompiler/tools/clang/test/HLSL/../HLSLFileCheck/hlsl/intrinsics/createHandleFromHeap/createFromHeap2.hlsl>
END TEST(S): </Users/cbieneman/dev/DirectXShaderCompiler/tools/clang/test/HLSL/../HLSLFileCheck/hlsl/intrinsics/createHandleFromHeap/createFromHeap2.hlsl>
BEGIN TEST(S): </Users/cbieneman/dev/DirectXShaderCompiler/tools/clang/test/HLSL/../HLSLFileCheck/hlsl/intrinsics/createHandleFromHeap/createFromHeap.hlsl>
END TEST(S): </Users/cbieneman/dev/DirectXShaderCompiler/tools/clang/test/HLSL/../HLSLFileCheck/hlsl/intrinsics/createHandleFromHeap/createFromHeap.hlsl>
BEGIN TEST(S): </Users/cbieneman/dev/DirectXShaderCompiler/tools/clang/test/HLSL/../HLSLFileCheck/hlsl/intrinsics/createHandleFromHeap/dynamic_append_buf.hlsl>
END TEST(S): </Users/cbieneman/dev/DirectXShaderCompiler/tools/clang/test/HLSL/../HLSLFileCheck/hlsl/intrinsics/createHandleFromHeap/dynamic_append_buf.hlsl>
BEGIN TEST(S): </Users/cbieneman/dev/DirectXShaderCompiler/tools/clang/test/HLSL/../HLSLFileCheck/hlsl/intrinsics/createHandleFromHeap/createFromHeap4.hlsl>
END TEST(S): </Users/cbieneman/dev/DirectXShaderCompiler/tools/clang/test/HLSL/../HLSLFileCheck/hlsl/intrinsics/createHandleFromHeap/createFromHeap4.hlsl>
BEGIN TEST(S): </Users/cbieneman/dev/DirectXShaderCompiler/tools/clang/test/HLSL/../HLSLFileCheck/hlsl/intrinsics/createHandleFromHeap/NonUniformDynamic.hlsl>
END TEST(S): </Users/cbieneman/dev/DirectXShaderCompiler/tools/clang/test/HLSL/../HLSLFileCheck/hlsl/intrinsics/createHandleFromHeap/NonUniformDynamic.hlsl>
BEGIN TEST(S): </Users/cbieneman/dev/DirectXShaderCompiler/tools/clang/test/HLSL/../HLSLFileCheck/hlsl/intrinsics/createHandleFromHeap/glc_merge.hlsl>
END TEST(S): </Users/cbieneman/dev/DirectXShaderCompiler/tools/clang/test/HLSL/../HLSLFileCheck/hlsl/intrinsics/createHandleFromHeap/glc_merge.hlsl>
BEGIN TEST(S): </Users/cbieneman/dev/DirectXShaderCompiler/tools/clang/test/HLSL/../HLSLFileCheck/hlsl/intrinsics/createHandleFromHeap/dynamic_res_global_for_lib2.hlsl>
END TEST(S): </Users/cbieneman/dev/DirectXShaderCompiler/tools/clang/test/HLSL/../HLSLFileCheck/hlsl/intrinsics/createHandleFromHeap/dynamic_res_global_for_lib2.hlsl>
BEGIN TEST(S): </Users/cbieneman/dev/DirectXShaderCompiler/tools/clang/test/HLSL/../HLSLFileCheck/hlsl/intrinsics/createHandleFromHeap/NonUniformDynamic_cast.hlsl>
END TEST(S): </Users/cbieneman/dev/DirectXShaderCompiler/tools/clang/test/HLSL/../HLSLFileCheck/hlsl/intrinsics/createHandleFromHeap/NonUniformDynamic_cast.hlsl>
BEGIN TEST(S): </Users/cbieneman/dev/DirectXShaderCompiler/tools/clang/test/HLSL/../HLSLFileCheck/hlsl/intrinsics/createHandleFromHeap/glc_merge2.hlsl>
END TEST(S): </Users/cbieneman/dev/DirectXShaderCompiler/tools/clang/test/HLSL/../HLSLFileCheck/hlsl/intrinsics/createHandleFromHeap/glc_merge2.hlsl>
BEGIN TEST(S): </Users/cbieneman/dev/DirectXShaderCompiler/tools/clang/test/HLSL/../HLSLFileCheck/hlsl/intrinsics/createHandleFromHeap/dynamic_res_global_for_lib.hlsl>
END TEST(S): </Users/cbieneman/dev/DirectXShaderCompiler/tools/clang/test/HLSL/../HLSLFileCheck/hlsl/intrinsics/createHandleFromHeap/dynamic_res_global_for_lib.hlsl>
BEGIN TEST(S): </Users/cbieneman/dev/DirectXShaderCompiler/tools/clang/test/HLSL/../HLSLFileCheck/hlsl/intrinsics/createHandleFromHeap/glc_merge3.hlsl>
END TEST(S): </Users/cbieneman/dev/DirectXShaderCompiler/tools/clang/test/HLSL/../HLSLFileCheck/hlsl/intrinsics/createHandleFromHeap/glc_merge3.hlsl>
BEGIN TEST(S): </Users/cbieneman/dev/DirectXShaderCompiler/tools/clang/test/HLSL/../HLSLFileCheck/hlsl/intrinsics/pixel/clip.hlsl>
END TEST(S): </Users/cbieneman/dev/DirectXShaderCompiler/tools/clang/test/HLSL/../HLSLFileCheck/hlsl/intrinsics/pixel/clip.hlsl>
BEGIN TEST(S): </Users/cbieneman/dev/DirectXShaderCompiler/tools/clang/test/HLSL/../HLSLFileCheck/hlsl/intrinsics/pixel/clip_constant.hlsl>
END TEST(S): </Users/cbieneman/dev/DirectXShaderCompiler/tools/clang/test/HLSL/../HLSLFileCheck/hlsl/intrinsics/pixel/clip_constant.hlsl>
BEGIN TEST(S): </Users/cbieneman/dev/DirectXShaderCompiler/tools/clang/test/HLSL/../HLSLFileCheck/hlsl/intrinsics/pixel/attr/EvaluateAttributeAtSample.attr_scalar.hlsl>
END TEST(S): </Users/cbieneman/dev/DirectXShaderCompiler/tools/clang/test/HLSL/../HLSLFileCheck/hlsl/intrinsics/pixel/attr/EvaluateAttributeAtSample.attr_scalar.hlsl>
BEGIN TEST(S): </Users/cbieneman/dev/DirectXShaderCompiler/tools/clang/test/HLSL/../HLSLFileCheck/hlsl/intrinsics/pixel/attr/EvaluateAttributeAtSample.not_attr.hlsl>
END TEST(S): </Users/cbieneman/dev/DirectXShaderCompiler/tools/clang/test/HLSL/../HLSLFileCheck/hlsl/intrinsics/pixel/attr/EvaluateAttributeAtSample.not_attr.hlsl>
BEGIN TEST(S): </Users/cbieneman/dev/DirectXShaderCompiler/tools/clang/test/HLSL/../HLSLFileCheck/hlsl/intrinsics/pixel/attr/EvaluateAttributeAtSample.evalMat2.hlsl>
END TEST(S): </Users/cbieneman/dev/DirectXShaderCompiler/tools/clang/test/HLSL/../HLSLFileCheck/hlsl/intrinsics/pixel/attr/EvaluateAttributeAtSample.evalMat2.hlsl>
BEGIN TEST(S): </Users/cbieneman/dev/DirectXShaderCompiler/tools/clang/test/HLSL/../HLSLFileCheck/hlsl/intrinsics/pixel/attr/EvaluateAttributeAtSample.not_all_attr.hlsl>
END TEST(S): </Users/cbieneman/dev/DirectXShaderCompiler/tools/clang/test/HLSL/../HLSLFileCheck/hlsl/intrinsics/pixel/attr/EvaluateAttributeAtSample.not_all_attr.hlsl>
BEGIN TEST(S): </Users/cbieneman/dev/DirectXShaderCompiler/tools/clang/test/HLSL/../HLSLFileCheck/hlsl/intrinsics/pixel/attr/evalMat.hlsl>
END TEST(S): </Users/cbieneman/dev/DirectXShaderCompiler/tools/clang/test/HLSL/../HLSLFileCheck/hlsl/intrinsics/pixel/attr/evalMat.hlsl>
BEGIN TEST(S): </Users/cbieneman/dev/DirectXShaderCompiler/tools/clang/test/HLSL/../HLSLFileCheck/hlsl/intrinsics/pixel/attr/attributeAtVertexInt.hlsl>
END TEST(S): </Users/cbieneman/dev/DirectXShaderCompiler/tools/clang/test/HLSL/../HLSLFileCheck/hlsl/intrinsics/pixel/attr/attributeAtVertexInt.hlsl>
BEGIN TEST(S): </Users/cbieneman/dev/DirectXShaderCompiler/tools/clang/test/HLSL/../HLSLFileCheck/hlsl/intrinsics/pixel/attr/EvaluateAttributeAtSample.evalMat3.hlsl>
END TEST(S): </Users/cbieneman/dev/DirectXShaderCompiler/tools/clang/test/HLSL/../HLSLFileCheck/hlsl/intrinsics/pixel/attr/EvaluateAttributeAtSample.evalMat3.hlsl>
BEGIN TEST(S): </Users/cbieneman/dev/DirectXShaderCompiler/tools/clang/test/HLSL/../HLSLFileCheck/hlsl/intrinsics/pixel/attr/evalPos.hlsl>
END TEST(S): </Users/cbieneman/dev/DirectXShaderCompiler/tools/clang/test/HLSL/../HLSLFileCheck/hlsl/intrinsics/pixel/attr/evalPos.hlsl>
BEGIN TEST(S): </Users/cbieneman/dev/DirectXShaderCompiler/tools/clang/test/HLSL/../HLSLFileCheck/hlsl/intrinsics/pixel/attr/attributeAtVertexNoOpt.hlsl>
END TEST(S): </Users/cbieneman/dev/DirectXShaderCompiler/tools/clang/test/HLSL/../HLSLFileCheck/hlsl/intrinsics/pixel/attr/attributeAtVertexNoOpt.hlsl>
BEGIN TEST(S): </Users/cbieneman/dev/DirectXShaderCompiler/tools/clang/test/HLSL/../HLSLFileCheck/hlsl/intrinsics/pixel/attr/attributeAtVertex.hlsl>
END TEST(S): </Users/cbieneman/dev/DirectXShaderCompiler/tools/clang/test/HLSL/../HLSLFileCheck/hlsl/intrinsics/pixel/attr/attributeAtVertex.hlsl>
BEGIN TEST(S): </Users/cbieneman/dev/DirectXShaderCompiler/tools/clang/test/HLSL/../HLSLFileCheck/hlsl/intrinsics/pixel/attr/EvaluateAttributeAtSample.evalMat4.hlsl>
END TEST(S): </Users/cbieneman/dev/DirectXShaderCompiler/tools/clang/test/HLSL/../HLSLFileCheck/hlsl/intrinsics/pixel/attr/EvaluateAttributeAtSample.evalMat4.hlsl>
BEGIN TEST(S): </Users/cbieneman/dev/DirectXShaderCompiler/tools/clang/test/HLSL/../HLSLFileCheck/hlsl/intrinsics/pixel/attr/evalMatMember.hlsl>
END TEST(S): </Users/cbieneman/dev/DirectXShaderCompiler/tools/clang/test/HLSL/../HLSLFileCheck/hlsl/intrinsics/pixel/attr/evalMatMember.hlsl>
BEGIN TEST(S): </Users/cbieneman/dev/DirectXShaderCompiler/tools/clang/test/HLSL/../HLSLFileCheck/hlsl/intrinsics/pixel/attr/EvaluateAttributeAtSample.in_control_flow.hlsl>
END TEST(S): </Users/cbieneman/dev/DirectXShaderCompiler/tools/clang/test/HLSL/../HLSLFileCheck/hlsl/intrinsics/pixel/attr/EvaluateAttributeAtSample.in_control_flow.hlsl>
BEGIN TEST(S): </Users/cbieneman/dev/DirectXShaderCompiler/tools/clang/test/HLSL/../HLSLFileCheck/hlsl/intrinsics/pixel/attr/EvaluateAttributeAtSample.evalMat5.hlsl>
END TEST(S): </Users/cbieneman/dev/DirectXShaderCompiler/tools/clang/test/HLSL/../HLSLFileCheck/hlsl/intrinsics/pixel/attr/EvaluateAttributeAtSample.evalMat5.hlsl>
BEGIN TEST(S): </Users/cbieneman/dev/DirectXShaderCompiler/tools/clang/test/HLSL/../HLSLFileCheck/hlsl/intrinsics/pixel/attr/intrinsic4.hlsl>
END TEST(S): </Users/cbieneman/dev/DirectXShaderCompiler/tools/clang/test/HLSL/../HLSLFileCheck/hlsl/intrinsics/pixel/attr/intrinsic4.hlsl>
BEGIN TEST(S): </Users/cbieneman/dev/DirectXShaderCompiler/tools/clang/test/HLSL/../HLSLFileCheck/hlsl/intrinsics/pixel/attr/EvaluateAttributeAtSample.attr_separate.hlsl>
END TEST(S): </Users/cbieneman/dev/DirectXShaderCompiler/tools/clang/test/HLSL/../HLSLFileCheck/hlsl/intrinsics/pixel/attr/EvaluateAttributeAtSample.attr_separate.hlsl>
BEGIN TEST(S): </Users/cbieneman/dev/DirectXShaderCompiler/tools/clang/test/HLSL/../HLSLFileCheck/hlsl/intrinsics/pixel/attr/evalInvalid.hlsl>
END TEST(S): </Users/cbieneman/dev/DirectXShaderCompiler/tools/clang/test/HLSL/../HLSLFileCheck/hlsl/intrinsics/pixel/attr/evalInvalid.hlsl>
BEGIN TEST(S): </Users/cbieneman/dev/DirectXShaderCompiler/tools/clang/test/HLSL/../HLSLFileCheck/hlsl/intrinsics/pixel/attr/eval.hlsl>
END TEST(S): </Users/cbieneman/dev/DirectXShaderCompiler/tools/clang/test/HLSL/../HLSLFileCheck/hlsl/intrinsics/pixel/attr/eval.hlsl>
BEGIN TEST(S): </Users/cbieneman/dev/DirectXShaderCompiler/tools/clang/test/HLSL/../HLSLFileCheck/hlsl/intrinsics/pixel/attr/lit_in_paren.hlsl>
END TEST(S): </Users/cbieneman/dev/DirectXShaderCompiler/tools/clang/test/HLSL/../HLSLFileCheck/hlsl/intrinsics/pixel/attr/lit_in_paren.hlsl>
BEGIN TEST(S): </Users/cbieneman/dev/DirectXShaderCompiler/tools/clang/test/HLSL/../HLSLFileCheck/hlsl/intrinsics/pixel/attr/EvaluateAttributeAtSample.in_loop.hlsl>
END TEST(S): </Users/cbieneman/dev/DirectXShaderCompiler/tools/clang/test/HLSL/../HLSLFileCheck/hlsl/intrinsics/pixel/attr/EvaluateAttributeAtSample.in_loop.hlsl>
BEGIN TEST(S): </Users/cbieneman/dev/DirectXShaderCompiler/tools/clang/test/HLSL/../HLSLFileCheck/hlsl/intrinsics/boolean/all_lit.hlsl>
END TEST(S): </Users/cbieneman/dev/DirectXShaderCompiler/tools/clang/test/HLSL/../HLSLFileCheck/hlsl/intrinsics/boolean/all_lit.hlsl>
BEGIN TEST(S): </Users/cbieneman/dev/DirectXShaderCompiler/tools/clang/test/HLSL/../HLSLFileCheck/hlsl/intrinsics/compound/pow-mulonly-criteria01.hlsl>
END TEST(S): </Users/cbieneman/dev/DirectXShaderCompiler/tools/clang/test/HLSL/../HLSLFileCheck/hlsl/intrinsics/compound/pow-mulonly-criteria01.hlsl>
BEGIN TEST(S): </Users/cbieneman/dev/DirectXShaderCompiler/tools/clang/test/HLSL/../HLSLFileCheck/hlsl/intrinsics/compound/normalize_scalar.hlsl>
END TEST(S): </Users/cbieneman/dev/DirectXShaderCompiler/tools/clang/test/HLSL/../HLSLFileCheck/hlsl/intrinsics/compound/normalize_scalar.hlsl>
BEGIN TEST(S): </Users/cbieneman/dev/DirectXShaderCompiler/tools/clang/test/HLSL/../HLSLFileCheck/hlsl/intrinsics/compound/modf.hlsl>
END TEST(S): </Users/cbieneman/dev/DirectXShaderCompiler/tools/clang/test/HLSL/../HLSLFileCheck/hlsl/intrinsics/compound/modf.hlsl>
BEGIN TEST(S): </Users/cbieneman/dev/DirectXShaderCompiler/tools/clang/test/HLSL/../HLSLFileCheck/hlsl/intrinsics/compound/pow-mulonly-lit-types.hlsl>
END TEST(S): </Users/cbieneman/dev/DirectXShaderCompiler/tools/clang/test/HLSL/../HLSLFileCheck/hlsl/intrinsics/compound/pow-mulonly-lit-types.hlsl>
BEGIN TEST(S): </Users/cbieneman/dev/DirectXShaderCompiler/tools/clang/test/HLSL/../HLSLFileCheck/hlsl/intrinsics/compound/saturate1.hlsl>
END TEST(S): </Users/cbieneman/dev/DirectXShaderCompiler/tools/clang/test/HLSL/../HLSLFileCheck/hlsl/intrinsics/compound/saturate1.hlsl>
BEGIN TEST(S): </Users/cbieneman/dev/DirectXShaderCompiler/tools/clang/test/HLSL/../HLSLFileCheck/hlsl/intrinsics/compound/pow-mulonly-check-count02.hlsl>
END TEST(S): </Users/cbieneman/dev/DirectXShaderCompiler/tools/clang/test/HLSL/../HLSLFileCheck/hlsl/intrinsics/compound/pow-mulonly-check-count02.hlsl>
BEGIN TEST(S): </Users/cbieneman/dev/DirectXShaderCompiler/tools/clang/test/HLSL/../HLSLFileCheck/hlsl/intrinsics/compound/Exp_const_prop.hlsl>
END TEST(S): </Users/cbieneman/dev/DirectXShaderCompiler/tools/clang/test/HLSL/../HLSLFileCheck/hlsl/intrinsics/compound/Exp_const_prop.hlsl>
BEGIN TEST(S): </Users/cbieneman/dev/DirectXShaderCompiler/tools/clang/test/HLSL/../HLSLFileCheck/hlsl/intrinsics/compound/normalize.hlsl>
END TEST(S): </Users/cbieneman/dev/DirectXShaderCompiler/tools/clang/test/HLSL/../HLSLFileCheck/hlsl/intrinsics/compound/normalize.hlsl>
BEGIN TEST(S): </Users/cbieneman/dev/DirectXShaderCompiler/tools/clang/test/HLSL/../HLSLFileCheck/hlsl/intrinsics/compound/pow-mulonly-correctness.hlsl>
END TEST(S): </Users/cbieneman/dev/DirectXShaderCompiler/tools/clang/test/HLSL/../HLSLFileCheck/hlsl/intrinsics/compound/pow-mulonly-correctness.hlsl>
BEGIN TEST(S): </Users/cbieneman/dev/DirectXShaderCompiler/tools/clang/test/HLSL/../HLSLFileCheck/hlsl/intrinsics/compound/check-modf.hlsl>
END TEST(S): </Users/cbieneman/dev/DirectXShaderCompiler/tools/clang/test/HLSL/../HLSLFileCheck/hlsl/intrinsics/compound/check-modf.hlsl>
BEGIN TEST(S): </Users/cbieneman/dev/DirectXShaderCompiler/tools/clang/test/HLSL/../HLSLFileCheck/hlsl/intrinsics/compound/vec_smooth_step.hlsl>
END TEST(S): </Users/cbieneman/dev/DirectXShaderCompiler/tools/clang/test/HLSL/../HLSLFileCheck/hlsl/intrinsics/compound/vec_smooth_step.hlsl>
BEGIN TEST(S): </Users/cbieneman/dev/DirectXShaderCompiler/tools/clang/test/HLSL/../HLSLFileCheck/hlsl/intrinsics/compound/AddUint64.hlsl>
END TEST(S): </Users/cbieneman/dev/DirectXShaderCompiler/tools/clang/test/HLSL/../HLSLFileCheck/hlsl/intrinsics/compound/AddUint64.hlsl>
BEGIN TEST(S): </Users/cbieneman/dev/DirectXShaderCompiler/tools/clang/test/HLSL/../HLSLFileCheck/hlsl/intrinsics/compound/refract.hlsl>
END TEST(S): </Users/cbieneman/dev/DirectXShaderCompiler/tools/clang/test/HLSL/../HLSLFileCheck/hlsl/intrinsics/compound/refract.hlsl>
BEGIN TEST(S): </Users/cbieneman/dev/DirectXShaderCompiler/tools/clang/test/HLSL/../HLSLFileCheck/hlsl/intrinsics/compound/Saturate_half_const_prop.hlsl>
END TEST(S): </Users/cbieneman/dev/DirectXShaderCompiler/tools/clang/test/HLSL/../HLSLFileCheck/hlsl/intrinsics/compound/Saturate_half_const_prop.hlsl>
BEGIN TEST(S): </Users/cbieneman/dev/DirectXShaderCompiler/tools/clang/test/HLSL/../HLSLFileCheck/hlsl/intrinsics/compound/Log_const_prop.hlsl>
END TEST(S): </Users/cbieneman/dev/DirectXShaderCompiler/tools/clang/test/HLSL/../HLSLFileCheck/hlsl/intrinsics/compound/Log_const_prop.hlsl>
BEGIN TEST(S): </Users/cbieneman/dev/DirectXShaderCompiler/tools/clang/test/HLSL/../HLSLFileCheck/hlsl/intrinsics/compound/pow-mulonly-check-count01.hlsl>
END TEST(S): </Users/cbieneman/dev/DirectXShaderCompiler/tools/clang/test/HLSL/../HLSLFileCheck/hlsl/intrinsics/compound/pow-mulonly-check-count01.hlsl>
BEGIN TEST(S): </Users/cbieneman/dev/DirectXShaderCompiler/tools/clang/test/HLSL/../HLSLFileCheck/hlsl/intrinsics/compound/pow-mulonly-zero-as-power.hlsl>
END TEST(S): </Users/cbieneman/dev/DirectXShaderCompiler/tools/clang/test/HLSL/../HLSLFileCheck/hlsl/intrinsics/compound/pow-mulonly-zero-as-power.hlsl>
BEGIN TEST(S): </Users/cbieneman/dev/DirectXShaderCompiler/tools/clang/test/HLSL/../HLSLFileCheck/hlsl/intrinsics/compound/reflect_min16.hlsl>
END TEST(S): </Users/cbieneman/dev/DirectXShaderCompiler/tools/clang/test/HLSL/../HLSLFileCheck/hlsl/intrinsics/compound/reflect_min16.hlsl>
BEGIN TEST(S): </Users/cbieneman/dev/DirectXShaderCompiler/tools/clang/test/HLSL/../HLSLFileCheck/hlsl/intrinsics/compound/rcp1.hlsl>
END TEST(S): </Users/cbieneman/dev/DirectXShaderCompiler/tools/clang/test/HLSL/../HLSLFileCheck/hlsl/intrinsics/compound/rcp1.hlsl>
BEGIN TEST(S): </Users/cbieneman/dev/DirectXShaderCompiler/tools/clang/test/HLSL/../HLSLFileCheck/hlsl/intrinsics/compound/pow-mulonly-one-as-power.hlsl>
END TEST(S): </Users/cbieneman/dev/DirectXShaderCompiler/tools/clang/test/HLSL/../HLSLFileCheck/hlsl/intrinsics/compound/pow-mulonly-one-as-power.hlsl>
BEGIN TEST(S): </Users/cbieneman/dev/DirectXShaderCompiler/tools/clang/test/HLSL/../HLSLFileCheck/hlsl/intrinsics/compound/Saturate_double_const_prop.hlsl>
END TEST(S): </Users/cbieneman/dev/DirectXShaderCompiler/tools/clang/test/HLSL/../HLSLFileCheck/hlsl/intrinsics/compound/Saturate_double_const_prop.hlsl>
BEGIN TEST(S): </Users/cbieneman/dev/DirectXShaderCompiler/tools/clang/test/HLSL/../HLSLFileCheck/hlsl/intrinsics/compound/Saturate_float_const_prop.hlsl>
END TEST(S): </Users/cbieneman/dev/DirectXShaderCompiler/tools/clang/test/HLSL/../HLSLFileCheck/hlsl/intrinsics/compound/Saturate_float_const_prop.hlsl>
BEGIN TEST(S): </Users/cbieneman/dev/DirectXShaderCompiler/tools/clang/test/HLSL/../HLSLFileCheck/hlsl/intrinsics/compound/pow-mulonly-criteria02.hlsl>
END TEST(S): </Users/cbieneman/dev/DirectXShaderCompiler/tools/clang/test/HLSL/../HLSLFileCheck/hlsl/intrinsics/compound/pow-mulonly-criteria02.hlsl>
BEGIN TEST(S): </Users/cbieneman/dev/DirectXShaderCompiler/tools/clang/test/HLSL/../HLSLFileCheck/hlsl/intrinsics/compound/lit-function.hlsl>
END TEST(S): </Users/cbieneman/dev/DirectXShaderCompiler/tools/clang/test/HLSL/../HLSLFileCheck/hlsl/intrinsics/compound/lit-function.hlsl>
BEGIN TEST(S): </Users/cbieneman/dev/DirectXShaderCompiler/tools/clang/test/HLSL/../HLSLFileCheck/hlsl/intrinsics/fpspecial/intrinsic5.hlsl>
END TEST(S): </Users/cbieneman/dev/DirectXShaderCompiler/tools/clang/test/HLSL/../HLSLFileCheck/hlsl/intrinsics/fpspecial/intrinsic5.hlsl>
BEGIN TEST(S): </Users/cbieneman/dev/DirectXShaderCompiler/tools/clang/test/HLSL/../HLSLFileCheck/hlsl/intrinsics/wave/vote/any-all.hlsl>
END TEST(S): </Users/cbieneman/dev/DirectXShaderCompiler/tools/clang/test/HLSL/../HLSLFileCheck/hlsl/intrinsics/wave/vote/any-all.hlsl>
BEGIN TEST(S): </Users/cbieneman/dev/DirectXShaderCompiler/tools/clang/test/HLSL/../HLSLFileCheck/hlsl/intrinsics/wave/vote/wave.hlsl>
END TEST(S): </Users/cbieneman/dev/DirectXShaderCompiler/tools/clang/test/HLSL/../HLSLFileCheck/hlsl/intrinsics/wave/vote/wave.hlsl>
BEGIN TEST(S): </Users/cbieneman/dev/DirectXShaderCompiler/tools/clang/test/HLSL/../HLSLFileCheck/hlsl/intrinsics/wave/types.hlsl>
END TEST(S): </Users/cbieneman/dev/DirectXShaderCompiler/tools/clang/test/HLSL/../HLSLFileCheck/hlsl/intrinsics/wave/types.hlsl>
BEGIN TEST(S): </Users/cbieneman/dev/DirectXShaderCompiler/tools/clang/test/HLSL/../HLSLFileCheck/hlsl/intrinsics/wave/prefix/sm_6_5_wave.hlsl>
END TEST(S): </Users/cbieneman/dev/DirectXShaderCompiler/tools/clang/test/HLSL/../HLSLFileCheck/hlsl/intrinsics/wave/prefix/sm_6_5_wave.hlsl>
BEGIN TEST(S): </Users/cbieneman/dev/DirectXShaderCompiler/tools/clang/test/HLSL/../HLSLFileCheck/hlsl/intrinsics/wave/reduction/WaveAndBreakPS.hlsl>
END TEST(S): </Users/cbieneman/dev/DirectXShaderCompiler/tools/clang/test/HLSL/../HLSLFileCheck/hlsl/intrinsics/wave/reduction/WaveAndBreakPS.hlsl>
BEGIN TEST(S): </Users/cbieneman/dev/DirectXShaderCompiler/tools/clang/test/HLSL/../HLSLFileCheck/hlsl/intrinsics/wave/reduction/WaveAndBreakMerge.hlsl>
END TEST(S): </Users/cbieneman/dev/DirectXShaderCompiler/tools/clang/test/HLSL/../HLSLFileCheck/hlsl/intrinsics/wave/reduction/WaveAndBreakMerge.hlsl>
BEGIN TEST(S): </Users/cbieneman/dev/DirectXShaderCompiler/tools/clang/test/HLSL/../HLSLFileCheck/hlsl/intrinsics/wave/reduction/NotWaveSensitive.hlsl>
END TEST(S): </Users/cbieneman/dev/DirectXShaderCompiler/tools/clang/test/HLSL/../HLSLFileCheck/hlsl/intrinsics/wave/reduction/NotWaveSensitive.hlsl>
BEGIN TEST(S): </Users/cbieneman/dev/DirectXShaderCompiler/tools/clang/test/HLSL/../HLSLFileCheck/hlsl/intrinsics/wave/reduction/WaveAndEmptyBreak.hlsl>
END TEST(S): </Users/cbieneman/dev/DirectXShaderCompiler/tools/clang/test/HLSL/../HLSLFileCheck/hlsl/intrinsics/wave/reduction/WaveAndEmptyBreak.hlsl>
BEGIN TEST(S): </Users/cbieneman/dev/DirectXShaderCompiler/tools/clang/test/HLSL/../HLSLFileCheck/hlsl/intrinsics/wave/reduction/AllWavesAndBreak.hlsl>
END TEST(S): </Users/cbieneman/dev/DirectXShaderCompiler/tools/clang/test/HLSL/../HLSLFileCheck/hlsl/intrinsics/wave/reduction/AllWavesAndBreak.hlsl>
BEGIN TEST(S): </Users/cbieneman/dev/DirectXShaderCompiler/tools/clang/test/HLSL/../HLSLFileCheck/hlsl/intrinsics/wave/reduction/WaveAndBreakLib.hlsl>
END TEST(S): </Users/cbieneman/dev/DirectXShaderCompiler/tools/clang/test/HLSL/../HLSLFileCheck/hlsl/intrinsics/wave/reduction/WaveAndBreakLib.hlsl>
BEGIN TEST(S): </Users/cbieneman/dev/DirectXShaderCompiler/tools/clang/test/HLSL/../HLSLFileCheck/hlsl/intrinsics/wave/reduction/wave_no_opt.hlsl>
END TEST(S): </Users/cbieneman/dev/DirectXShaderCompiler/tools/clang/test/HLSL/../HLSLFileCheck/hlsl/intrinsics/wave/reduction/wave_no_opt.hlsl>
BEGIN TEST(S): </Users/cbieneman/dev/DirectXShaderCompiler/tools/clang/test/HLSL/../HLSLFileCheck/hlsl/intrinsics/wave/reduction/WaveSensitivityAndCycles.hlsl>
END TEST(S): </Users/cbieneman/dev/DirectXShaderCompiler/tools/clang/test/HLSL/../HLSLFileCheck/hlsl/intrinsics/wave/reduction/WaveSensitivityAndCycles.hlsl>
BEGIN TEST(S): </Users/cbieneman/dev/DirectXShaderCompiler/tools/clang/test/HLSL/../HLSLFileCheck/hlsl/intrinsics/wave/reduction/WaveBreakAndUnrollCS.hlsl>
END TEST(S): </Users/cbieneman/dev/DirectXShaderCompiler/tools/clang/test/HLSL/../HLSLFileCheck/hlsl/intrinsics/wave/reduction/WaveBreakAndUnrollCS.hlsl>
BEGIN TEST(S): </Users/cbieneman/dev/DirectXShaderCompiler/tools/clang/test/HLSL/../HLSLFileCheck/hlsl/intrinsics/wave/reduction/WaveReductionOps.hlsl>
END TEST(S): </Users/cbieneman/dev/DirectXShaderCompiler/tools/clang/test/HLSL/../HLSLFileCheck/hlsl/intrinsics/wave/reduction/WaveReductionOps.hlsl>
BEGIN TEST(S): </Users/cbieneman/dev/DirectXShaderCompiler/tools/clang/test/HLSL/../HLSLFileCheck/hlsl/intrinsics/wave/reduction/WaveProtMatch.hlsl>
END TEST(S): </Users/cbieneman/dev/DirectXShaderCompiler/tools/clang/test/HLSL/../HLSLFileCheck/hlsl/intrinsics/wave/reduction/WaveProtMatch.hlsl>
BEGIN TEST(S): </Users/cbieneman/dev/DirectXShaderCompiler/tools/clang/test/HLSL/../HLSLFileCheck/hlsl/intrinsics/wave/repacking.hlsl>
END TEST(S): </Users/cbieneman/dev/DirectXShaderCompiler/tools/clang/test/HLSL/../HLSLFileCheck/hlsl/intrinsics/wave/repacking.hlsl>
BEGIN TEST(S): </Users/cbieneman/dev/DirectXShaderCompiler/tools/clang/test/HLSL/../HLSLFileCheck/hlsl/intrinsics/bitwise/firstbitHi.hlsl>
END TEST(S): </Users/cbieneman/dev/DirectXShaderCompiler/tools/clang/test/HLSL/../HLSLFileCheck/hlsl/intrinsics/bitwise/firstbitHi.hlsl>
BEGIN TEST(S): </Users/cbieneman/dev/DirectXShaderCompiler/tools/clang/test/HLSL/../HLSLFileCheck/hlsl/intrinsics/bitwise/Countbits_const_prop.hlsl>
END TEST(S): </Users/cbieneman/dev/DirectXShaderCompiler/tools/clang/test/HLSL/../HLSLFileCheck/hlsl/intrinsics/bitwise/Countbits_const_prop.hlsl>
BEGIN TEST(S): </Users/cbieneman/dev/DirectXShaderCompiler/tools/clang/test/HLSL/../HLSLFileCheck/hlsl/intrinsics/bitwise/firstbitshi_const.hlsl>
END TEST(S): </Users/cbieneman/dev/DirectXShaderCompiler/tools/clang/test/HLSL/../HLSLFileCheck/hlsl/intrinsics/bitwise/firstbitshi_const.hlsl>
BEGIN TEST(S): </Users/cbieneman/dev/DirectXShaderCompiler/tools/clang/test/HLSL/../HLSLFileCheck/hlsl/intrinsics/bitwise/firstbitLo.hlsl>
END TEST(S): </Users/cbieneman/dev/DirectXShaderCompiler/tools/clang/test/HLSL/../HLSLFileCheck/hlsl/intrinsics/bitwise/firstbitLo.hlsl>
BEGIN TEST(S): </Users/cbieneman/dev/DirectXShaderCompiler/tools/clang/test/HLSL/../HLSLFileCheck/hlsl/intrinsics/bitwise/Bfrev_const_prop.hlsl>
END TEST(S): </Users/cbieneman/dev/DirectXShaderCompiler/tools/clang/test/HLSL/../HLSLFileCheck/hlsl/intrinsics/bitwise/Bfrev_const_prop.hlsl>
BEGIN TEST(S): </Users/cbieneman/dev/DirectXShaderCompiler/tools/clang/test/HLSL/../HLSLFileCheck/hlsl/intrinsics/bitwise/Firstbitlo_const_prop.hlsl>
END TEST(S): </Users/cbieneman/dev/DirectXShaderCompiler/tools/clang/test/HLSL/../HLSLFileCheck/hlsl/intrinsics/bitwise/Firstbitlo_const_prop.hlsl>
BEGIN TEST(S): </Users/cbieneman/dev/DirectXShaderCompiler/tools/clang/test/HLSL/../HLSLFileCheck/hlsl/intrinsics/bitwise/Firstbithi_const_prop.hlsl>
END TEST(S): </Users/cbieneman/dev/DirectXShaderCompiler/tools/clang/test/HLSL/../HLSLFileCheck/hlsl/intrinsics/bitwise/Firstbithi_const_prop.hlsl>
BEGIN TEST(S): </Users/cbieneman/dev/DirectXShaderCompiler/tools/clang/test/HLSL/../HLSLFileCheck/hlsl/intrinsics/helper/IsHelperLane_fallback_no_use.hlsl>
END TEST(S): </Users/cbieneman/dev/DirectXShaderCompiler/tools/clang/test/HLSL/../HLSLFileCheck/hlsl/intrinsics/helper/IsHelperLane_fallback_no_use.hlsl>
BEGIN TEST(S): </Users/cbieneman/dev/DirectXShaderCompiler/tools/clang/test/HLSL/../HLSLFileCheck/hlsl/intrinsics/helper/D3DCOLORtoUBYTE4.const_input.hlsl>
END TEST(S): </Users/cbieneman/dev/DirectXShaderCompiler/tools/clang/test/HLSL/../HLSLFileCheck/hlsl/intrinsics/helper/D3DCOLORtoUBYTE4.const_input.hlsl>
BEGIN TEST(S): </Users/cbieneman/dev/DirectXShaderCompiler/tools/clang/test/HLSL/../HLSLFileCheck/hlsl/intrinsics/helper/D3DCOLORtoUBYTE4.var_input.hlsl>
END TEST(S): </Users/cbieneman/dev/DirectXShaderCompiler/tools/clang/test/HLSL/../HLSLFileCheck/hlsl/intrinsics/helper/D3DCOLORtoUBYTE4.var_input.hlsl>
BEGIN TEST(S): </Users/cbieneman/dev/DirectXShaderCompiler/tools/clang/test/HLSL/../HLSLFileCheck/hlsl/intrinsics/helper/IsHelperLane.hlsl>
END TEST(S): </Users/cbieneman/dev/DirectXShaderCompiler/tools/clang/test/HLSL/../HLSLFileCheck/hlsl/intrinsics/helper/IsHelperLane.hlsl>
BEGIN TEST(S): </Users/cbieneman/dev/DirectXShaderCompiler/tools/clang/test/HLSL/../HLSLFileCheck/hlsl/intrinsics/matrix/intrinsic2_minprec.hlsl>
END TEST(S): </Users/cbieneman/dev/DirectXShaderCompiler/tools/clang/test/HLSL/../HLSLFileCheck/hlsl/intrinsics/matrix/intrinsic2_minprec.hlsl>
BEGIN TEST(S): </Users/cbieneman/dev/DirectXShaderCompiler/tools/clang/test/HLSL/../HLSLFileCheck/hlsl/intrinsics/matrix/intrinsic2.hlsl>
END TEST(S): </Users/cbieneman/dev/DirectXShaderCompiler/tools/clang/test/HLSL/../HLSLFileCheck/hlsl/intrinsics/matrix/intrinsic2.hlsl>
BEGIN TEST(S): </Users/cbieneman/dev/DirectXShaderCompiler/tools/clang/test/HLSL/../HLSLFileCheck/hlsl/intrinsics/matrix/mat_transpose_2.hlsl>
END TEST(S): </Users/cbieneman/dev/DirectXShaderCompiler/tools/clang/test/HLSL/../HLSLFileCheck/hlsl/intrinsics/matrix/mat_transpose_2.hlsl>
BEGIN TEST(S): </Users/cbieneman/dev/DirectXShaderCompiler/tools/clang/test/HLSL/../HLSLFileCheck/hlsl/intrinsics/matrix/mat_transpose.hlsl>
END TEST(S): </Users/cbieneman/dev/DirectXShaderCompiler/tools/clang/test/HLSL/../HLSLFileCheck/hlsl/intrinsics/matrix/mat_transpose.hlsl>
BEGIN TEST(S): </Users/cbieneman/dev/DirectXShaderCompiler/tools/clang/test/HLSL/../HLSLFileCheck/hlsl/operator_overloading/operator.overloading.implicit-assign2.hlsl>
END TEST(S): </Users/cbieneman/dev/DirectXShaderCompiler/tools/clang/test/HLSL/../HLSLFileCheck/hlsl/operator_overloading/operator.overloading.implicit-assign2.hlsl>
BEGIN TEST(S): </Users/cbieneman/dev/DirectXShaderCompiler/tools/clang/test/HLSL/../HLSLFileCheck/hlsl/operator_overloading/operator.overloading.call.hlsl>
END TEST(S): </Users/cbieneman/dev/DirectXShaderCompiler/tools/clang/test/HLSL/../HLSLFileCheck/hlsl/operator_overloading/operator.overloading.call.hlsl>
BEGIN TEST(S): </Users/cbieneman/dev/DirectXShaderCompiler/tools/clang/test/HLSL/../HLSLFileCheck/hlsl/operator_overloading/subscript-operator.hlsl>
END TEST(S): </Users/cbieneman/dev/DirectXShaderCompiler/tools/clang/test/HLSL/../HLSLFileCheck/hlsl/operator_overloading/subscript-operator.hlsl>
BEGIN TEST(S): </Users/cbieneman/dev/DirectXShaderCompiler/tools/clang/test/HLSL/../HLSLFileCheck/hlsl/operator_overloading/operator.overloading.lookup.definition.hlsl>
END TEST(S): </Users/cbieneman/dev/DirectXShaderCompiler/tools/clang/test/HLSL/../HLSLFileCheck/hlsl/operator_overloading/operator.overloading.lookup.definition.hlsl>
BEGIN TEST(S): </Users/cbieneman/dev/DirectXShaderCompiler/tools/clang/test/HLSL/../HLSLFileCheck/hlsl/operator_overloading/operator.overloading.implicit-assign1.hlsl>
END TEST(S): </Users/cbieneman/dev/DirectXShaderCompiler/tools/clang/test/HLSL/../HLSLFileCheck/hlsl/operator_overloading/operator.overloading.implicit-assign1.hlsl>
BEGIN TEST(S): </Users/cbieneman/dev/DirectXShaderCompiler/tools/clang/test/HLSL/../HLSLFileCheck/hlsl/operator_overloading/operator.overloading.star.hlsl>
END TEST(S): </Users/cbieneman/dev/DirectXShaderCompiler/tools/clang/test/HLSL/../HLSLFileCheck/hlsl/operator_overloading/operator.overloading.star.hlsl>
BEGIN TEST(S): </Users/cbieneman/dev/DirectXShaderCompiler/tools/clang/test/HLSL/../HLSLFileCheck/hlsl/control_flow/discard/discard.hlsl>
END TEST(S): </Users/cbieneman/dev/DirectXShaderCompiler/tools/clang/test/HLSL/../HLSLFileCheck/hlsl/control_flow/discard/discard.hlsl>
BEGIN TEST(S): </Users/cbieneman/dev/DirectXShaderCompiler/tools/clang/test/HLSL/../HLSLFileCheck/hlsl/control_flow/basic_blocks/cbuf_memcpy_replace.hlsl>
END TEST(S): </Users/cbieneman/dev/DirectXShaderCompiler/tools/clang/test/HLSL/../HLSLFileCheck/hlsl/control_flow/basic_blocks/cbuf_memcpy_replace.hlsl>
BEGIN TEST(S): </Users/cbieneman/dev/DirectXShaderCompiler/tools/clang/test/HLSL/../HLSLFileCheck/hlsl/control_flow/return/lifetime-markers.hlsl>
END TEST(S): </Users/cbieneman/dev/DirectXShaderCompiler/tools/clang/test/HLSL/../HLSLFileCheck/hlsl/control_flow/return/lifetime-markers.hlsl>
BEGIN TEST(S): </Users/cbieneman/dev/DirectXShaderCompiler/tools/clang/test/HLSL/../HLSLFileCheck/hlsl/control_flow/return/if_ret_with_else_ret.hlsl>
END TEST(S): </Users/cbieneman/dev/DirectXShaderCompiler/tools/clang/test/HLSL/../HLSLFileCheck/hlsl/control_flow/return/if_ret_with_else_ret.hlsl>
BEGIN TEST(S): </Users/cbieneman/dev/DirectXShaderCompiler/tools/clang/test/HLSL/../HLSLFileCheck/hlsl/control_flow/return/multi_ret.hlsl>
END TEST(S): </Users/cbieneman/dev/DirectXShaderCompiler/tools/clang/test/HLSL/../HLSLFileCheck/hlsl/control_flow/return/multi_ret.hlsl>
BEGIN TEST(S): </Users/cbieneman/dev/DirectXShaderCompiler/tools/clang/test/HLSL/../HLSLFileCheck/hlsl/control_flow/return/whole_scope_returned_loop.hlsl>
END TEST(S): </Users/cbieneman/dev/DirectXShaderCompiler/tools/clang/test/HLSL/../HLSLFileCheck/hlsl/control_flow/return/whole_scope_returned_loop.hlsl>
BEGIN TEST(S): </Users/cbieneman/dev/DirectXShaderCompiler/tools/clang/test/HLSL/../HLSLFileCheck/hlsl/control_flow/return/multi_ret_in_switch_not_whole_scope_ret.hlsl>
END TEST(S): </Users/cbieneman/dev/DirectXShaderCompiler/tools/clang/test/HLSL/../HLSLFileCheck/hlsl/control_flow/return/multi_ret_in_switch_not_whole_scope_ret.hlsl>
BEGIN TEST(S): </Users/cbieneman/dev/DirectXShaderCompiler/tools/clang/test/HLSL/../HLSLFileCheck/hlsl/control_flow/return/whole_scope_returned_if.hlsl>
END TEST(S): </Users/cbieneman/dev/DirectXShaderCompiler/tools/clang/test/HLSL/../HLSLFileCheck/hlsl/control_flow/return/whole_scope_returned_if.hlsl>
BEGIN TEST(S): </Users/cbieneman/dev/DirectXShaderCompiler/tools/clang/test/HLSL/../HLSLFileCheck/hlsl/control_flow/return/whole_scope_returned_switch.hlsl>
END TEST(S): </Users/cbieneman/dev/DirectXShaderCompiler/tools/clang/test/HLSL/../HLSLFileCheck/hlsl/control_flow/return/whole_scope_returned_switch.hlsl>
BEGIN TEST(S): </Users/cbieneman/dev/DirectXShaderCompiler/tools/clang/test/HLSL/../HLSLFileCheck/hlsl/control_flow/return/EntryFunctionDisableNVRO.hlsl>
END TEST(S): </Users/cbieneman/dev/DirectXShaderCompiler/tools/clang/test/HLSL/../HLSLFileCheck/hlsl/control_flow/return/EntryFunctionDisableNVRO.hlsl>
BEGIN TEST(S): </Users/cbieneman/dev/DirectXShaderCompiler/tools/clang/test/HLSL/../HLSLFileCheck/hlsl/control_flow/return/short_circuit_with_phi.hlsl>
END TEST(S): </Users/cbieneman/dev/DirectXShaderCompiler/tools/clang/test/HLSL/../HLSLFileCheck/hlsl/control_flow/return/short_circuit_with_phi.hlsl>
BEGIN TEST(S): </Users/cbieneman/dev/DirectXShaderCompiler/tools/clang/test/HLSL/../HLSLFileCheck/hlsl/control_flow/return/single_ret_in_loop.hlsl>
END TEST(S): </Users/cbieneman/dev/DirectXShaderCompiler/tools/clang/test/HLSL/../HLSLFileCheck/hlsl/control_flow/return/single_ret_in_loop.hlsl>
BEGIN TEST(S): </Users/cbieneman/dev/DirectXShaderCompiler/tools/clang/test/HLSL/../HLSLFileCheck/hlsl/control_flow/return/EnableNRVO.hlsl>
END TEST(S): </Users/cbieneman/dev/DirectXShaderCompiler/tools/clang/test/HLSL/../HLSLFileCheck/hlsl/control_flow/return/EnableNRVO.hlsl>
BEGIN TEST(S): </Users/cbieneman/dev/DirectXShaderCompiler/tools/clang/test/HLSL/../HLSLFileCheck/hlsl/control_flow/attributes/branch/liveness1.hlsl>
END TEST(S): </Users/cbieneman/dev/DirectXShaderCompiler/tools/clang/test/HLSL/../HLSLFileCheck/hlsl/control_flow/attributes/branch/liveness1.hlsl>
BEGIN TEST(S): </Users/cbieneman/dev/DirectXShaderCompiler/tools/clang/test/HLSL/../HLSLFileCheck/hlsl/control_flow/attributes/branch/branch.hlsl>
END TEST(S): </Users/cbieneman/dev/DirectXShaderCompiler/tools/clang/test/HLSL/../HLSLFileCheck/hlsl/control_flow/attributes/branch/branch.hlsl>
BEGIN TEST(S): </Users/cbieneman/dev/DirectXShaderCompiler/tools/clang/test/HLSL/../HLSLFileCheck/hlsl/control_flow/attributes/unroll/no_attribute.hlsl>
END TEST(S): </Users/cbieneman/dev/DirectXShaderCompiler/tools/clang/test/HLSL/../HLSLFileCheck/hlsl/control_flow/attributes/unroll/no_attribute.hlsl>
BEGIN TEST(S): </Users/cbieneman/dev/DirectXShaderCompiler/tools/clang/test/HLSL/../HLSLFileCheck/hlsl/control_flow/attributes/unroll/pass_reuse_regression.hlsl>
END TEST(S): </Users/cbieneman/dev/DirectXShaderCompiler/tools/clang/test/HLSL/../HLSLFileCheck/hlsl/control_flow/attributes/unroll/pass_reuse_regression.hlsl>
BEGIN TEST(S): </Users/cbieneman/dev/DirectXShaderCompiler/tools/clang/test/HLSL/../HLSLFileCheck/hlsl/control_flow/attributes/unroll/complex2.hlsl>
END TEST(S): </Users/cbieneman/dev/DirectXShaderCompiler/tools/clang/test/HLSL/../HLSLFileCheck/hlsl/control_flow/attributes/unroll/complex2.hlsl>
BEGIN TEST(S): </Users/cbieneman/dev/DirectXShaderCompiler/tools/clang/test/HLSL/../HLSLFileCheck/hlsl/control_flow/attributes/unroll/nested_update_counter.hlsl>
END TEST(S): </Users/cbieneman/dev/DirectXShaderCompiler/tools/clang/test/HLSL/../HLSLFileCheck/hlsl/control_flow/attributes/unroll/nested_update_counter.hlsl>
BEGIN TEST(S): </Users/cbieneman/dev/DirectXShaderCompiler/tools/clang/test/HLSL/../HLSLFileCheck/hlsl/control_flow/attributes/unroll/pound_line.hlsl>
END TEST(S): </Users/cbieneman/dev/DirectXShaderCompiler/tools/clang/test/HLSL/../HLSLFileCheck/hlsl/control_flow/attributes/unroll/pound_line.hlsl>
BEGIN TEST(S): </Users/cbieneman/dev/DirectXShaderCompiler/tools/clang/test/HLSL/../HLSLFileCheck/hlsl/control_flow/attributes/unroll/nested_lcssa_2.hlsl>
END TEST(S): </Users/cbieneman/dev/DirectXShaderCompiler/tools/clang/test/HLSL/../HLSLFileCheck/hlsl/control_flow/attributes/unroll/nested_lcssa_2.hlsl>
BEGIN TEST(S): </Users/cbieneman/dev/DirectXShaderCompiler/tools/clang/test/HLSL/../HLSLFileCheck/hlsl/control_flow/attributes/unroll/intact_child_loops.hlsl>
END TEST(S): </Users/cbieneman/dev/DirectXShaderCompiler/tools/clang/test/HLSL/../HLSLFileCheck/hlsl/control_flow/attributes/unroll/intact_child_loops.hlsl>
BEGIN TEST(S): </Users/cbieneman/dev/DirectXShaderCompiler/tools/clang/test/HLSL/../HLSLFileCheck/hlsl/control_flow/attributes/unroll/big_step.hlsl>
END TEST(S): </Users/cbieneman/dev/DirectXShaderCompiler/tools/clang/test/HLSL/../HLSLFileCheck/hlsl/control_flow/attributes/unroll/big_step.hlsl>
BEGIN TEST(S): </Users/cbieneman/dev/DirectXShaderCompiler/tools/clang/test/HLSL/../HLSLFileCheck/hlsl/control_flow/attributes/unroll/intrinsic_count_imin.hlsl>
END TEST(S): </Users/cbieneman/dev/DirectXShaderCompiler/tools/clang/test/HLSL/../HLSLFileCheck/hlsl/control_flow/attributes/unroll/intrinsic_count_imin.hlsl>
BEGIN TEST(S): </Users/cbieneman/dev/DirectXShaderCompiler/tools/clang/test/HLSL/../HLSLFileCheck/hlsl/control_flow/attributes/unroll/nested_vector.hlsl>
END TEST(S): </Users/cbieneman/dev/DirectXShaderCompiler/tools/clang/test/HLSL/../HLSLFileCheck/hlsl/control_flow/attributes/unroll/nested_vector.hlsl>
BEGIN TEST(S): </Users/cbieneman/dev/DirectXShaderCompiler/tools/clang/test/HLSL/../HLSLFileCheck/hlsl/control_flow/attributes/unroll/struct_member.hlsl>
END TEST(S): </Users/cbieneman/dev/DirectXShaderCompiler/tools/clang/test/HLSL/../HLSLFileCheck/hlsl/control_flow/attributes/unroll/struct_member.hlsl>
BEGIN TEST(S): </Users/cbieneman/dev/DirectXShaderCompiler/tools/clang/test/HLSL/../HLSLFileCheck/hlsl/control_flow/attributes/unroll/lib_2d_array_call_export.hlsl>
END TEST(S): </Users/cbieneman/dev/DirectXShaderCompiler/tools/clang/test/HLSL/../HLSLFileCheck/hlsl/control_flow/attributes/unroll/lib_2d_array_call_export.hlsl>
BEGIN TEST(S): </Users/cbieneman/dev/DirectXShaderCompiler/tools/clang/test/HLSL/../HLSLFileCheck/hlsl/control_flow/attributes/unroll/oob.hlsl>
END TEST(S): </Users/cbieneman/dev/DirectXShaderCompiler/tools/clang/test/HLSL/../HLSLFileCheck/hlsl/control_flow/attributes/unroll/oob.hlsl>
BEGIN TEST(S): </Users/cbieneman/dev/DirectXShaderCompiler/tools/clang/test/HLSL/../HLSLFileCheck/hlsl/control_flow/attributes/unroll/extern.hlsl>
END TEST(S): </Users/cbieneman/dev/DirectXShaderCompiler/tools/clang/test/HLSL/../HLSLFileCheck/hlsl/control_flow/attributes/unroll/extern.hlsl>
BEGIN TEST(S): </Users/cbieneman/dev/DirectXShaderCompiler/tools/clang/test/HLSL/../HLSLFileCheck/hlsl/control_flow/attributes/unroll/intrinsic_count_umax.hlsl>
END TEST(S): </Users/cbieneman/dev/DirectXShaderCompiler/tools/clang/test/HLSL/../HLSLFileCheck/hlsl/control_flow/attributes/unroll/intrinsic_count_umax.hlsl>
BEGIN TEST(S): </Users/cbieneman/dev/DirectXShaderCompiler/tools/clang/test/HLSL/../HLSLFileCheck/hlsl/control_flow/attributes/unroll/unroll_switch_exit_crash.hlsl>
END TEST(S): </Users/cbieneman/dev/DirectXShaderCompiler/tools/clang/test/HLSL/../HLSLFileCheck/hlsl/control_flow/attributes/unroll/unroll_switch_exit_crash.hlsl>
BEGIN TEST(S): </Users/cbieneman/dev/DirectXShaderCompiler/tools/clang/test/HLSL/../HLSLFileCheck/hlsl/control_flow/attributes/unroll/count_negative.hlsl>
END TEST(S): </Users/cbieneman/dev/DirectXShaderCompiler/tools/clang/test/HLSL/../HLSLFileCheck/hlsl/control_flow/attributes/unroll/count_negative.hlsl>
BEGIN TEST(S): </Users/cbieneman/dev/DirectXShaderCompiler/tools/clang/test/HLSL/../HLSLFileCheck/hlsl/control_flow/attributes/unroll/count_zero.hlsl>
END TEST(S): </Users/cbieneman/dev/DirectXShaderCompiler/tools/clang/test/HLSL/../HLSLFileCheck/hlsl/control_flow/attributes/unroll/count_zero.hlsl>
BEGIN TEST(S): </Users/cbieneman/dev/DirectXShaderCompiler/tools/clang/test/HLSL/../HLSLFileCheck/hlsl/control_flow/attributes/unroll/nested.hlsl>
END TEST(S): </Users/cbieneman/dev/DirectXShaderCompiler/tools/clang/test/HLSL/../HLSLFileCheck/hlsl/control_flow/attributes/unroll/nested.hlsl>
BEGIN TEST(S): </Users/cbieneman/dev/DirectXShaderCompiler/tools/clang/test/HLSL/../HLSLFileCheck/hlsl/control_flow/attributes/unroll/barriers.hlsl>
END TEST(S): </Users/cbieneman/dev/DirectXShaderCompiler/tools/clang/test/HLSL/../HLSLFileCheck/hlsl/control_flow/attributes/unroll/barriers.hlsl>
BEGIN TEST(S): </Users/cbieneman/dev/DirectXShaderCompiler/tools/clang/test/HLSL/../HLSLFileCheck/hlsl/control_flow/attributes/unroll/oob_2016.hlsl>
END TEST(S): </Users/cbieneman/dev/DirectXShaderCompiler/tools/clang/test/HLSL/../HLSLFileCheck/hlsl/control_flow/attributes/unroll/oob_2016.hlsl>
BEGIN TEST(S): </Users/cbieneman/dev/DirectXShaderCompiler/tools/clang/test/HLSL/../HLSLFileCheck/hlsl/control_flow/attributes/unroll/complex.hlsl>
END TEST(S): </Users/cbieneman/dev/DirectXShaderCompiler/tools/clang/test/HLSL/../HLSLFileCheck/hlsl/control_flow/attributes/unroll/complex.hlsl>
BEGIN TEST(S): </Users/cbieneman/dev/DirectXShaderCompiler/tools/clang/test/HLSL/../HLSLFileCheck/hlsl/control_flow/attributes/unroll/count_less_than_i.hlsl>
END TEST(S): </Users/cbieneman/dev/DirectXShaderCompiler/tools/clang/test/HLSL/../HLSLFileCheck/hlsl/control_flow/attributes/unroll/count_less_than_i.hlsl>
BEGIN TEST(S): </Users/cbieneman/dev/DirectXShaderCompiler/tools/clang/test/HLSL/../HLSLFileCheck/hlsl/control_flow/attributes/unroll/max_iteration_cache.hlsl>
END TEST(S): </Users/cbieneman/dev/DirectXShaderCompiler/tools/clang/test/HLSL/../HLSLFileCheck/hlsl/control_flow/attributes/unroll/max_iteration_cache.hlsl>
BEGIN TEST(S): </Users/cbieneman/dev/DirectXShaderCompiler/tools/clang/test/HLSL/../HLSLFileCheck/hlsl/control_flow/attributes/unroll/static_dec.hlsl>
END TEST(S): </Users/cbieneman/dev/DirectXShaderCompiler/tools/clang/test/HLSL/../HLSLFileCheck/hlsl/control_flow/attributes/unroll/static_dec.hlsl>
BEGIN TEST(S): </Users/cbieneman/dev/DirectXShaderCompiler/tools/clang/test/HLSL/../HLSLFileCheck/hlsl/control_flow/attributes/unroll/count_cbuff_br.hlsl>
END TEST(S): </Users/cbieneman/dev/DirectXShaderCompiler/tools/clang/test/HLSL/../HLSLFileCheck/hlsl/control_flow/attributes/unroll/count_cbuff_br.hlsl>
BEGIN TEST(S): </Users/cbieneman/dev/DirectXShaderCompiler/tools/clang/test/HLSL/../HLSLFileCheck/hlsl/control_flow/attributes/unroll/simple.hlsl>
END TEST(S): </Users/cbieneman/dev/DirectXShaderCompiler/tools/clang/test/HLSL/../HLSLFileCheck/hlsl/control_flow/attributes/unroll/simple.hlsl>
BEGIN TEST(S): </Users/cbieneman/dev/DirectXShaderCompiler/tools/clang/test/HLSL/../HLSLFileCheck/hlsl/control_flow/attributes/unroll/count_greater_than_i.hlsl>
END TEST(S): </Users/cbieneman/dev/DirectXShaderCompiler/tools/clang/test/HLSL/../HLSLFileCheck/hlsl/control_flow/attributes/unroll/count_greater_than_i.hlsl>
BEGIN TEST(S): </Users/cbieneman/dev/DirectXShaderCompiler/tools/clang/test/HLSL/../HLSLFileCheck/hlsl/control_flow/attributes/unroll/count_cbuff.hlsl>
END TEST(S): </Users/cbieneman/dev/DirectXShaderCompiler/tools/clang/test/HLSL/../HLSLFileCheck/hlsl/control_flow/attributes/unroll/count_cbuff.hlsl>
BEGIN TEST(S): </Users/cbieneman/dev/DirectXShaderCompiler/tools/clang/test/HLSL/../HLSLFileCheck/hlsl/control_flow/attributes/unroll/explicit_large_count.hlsl>
END TEST(S): </Users/cbieneman/dev/DirectXShaderCompiler/tools/clang/test/HLSL/../HLSLFileCheck/hlsl/control_flow/attributes/unroll/explicit_large_count.hlsl>
BEGIN TEST(S): </Users/cbieneman/dev/DirectXShaderCompiler/tools/clang/test/HLSL/../HLSLFileCheck/hlsl/control_flow/attributes/unroll/unroll_dbg.hlsl>
END TEST(S): </Users/cbieneman/dev/DirectXShaderCompiler/tools/clang/test/HLSL/../HLSLFileCheck/hlsl/control_flow/attributes/unroll/unroll_dbg.hlsl>
BEGIN TEST(S): </Users/cbieneman/dev/DirectXShaderCompiler/tools/clang/test/HLSL/../HLSLFileCheck/hlsl/control_flow/attributes/unroll/fail.hlsl>
END TEST(S): </Users/cbieneman/dev/DirectXShaderCompiler/tools/clang/test/HLSL/../HLSLFileCheck/hlsl/control_flow/attributes/unroll/fail.hlsl>
BEGIN TEST(S): </Users/cbieneman/dev/DirectXShaderCompiler/tools/clang/test/HLSL/../HLSLFileCheck/hlsl/control_flow/attributes/unroll/warning.hlsl>
END TEST(S): </Users/cbieneman/dev/DirectXShaderCompiler/tools/clang/test/HLSL/../HLSLFileCheck/hlsl/control_flow/attributes/unroll/warning.hlsl>
BEGIN TEST(S): </Users/cbieneman/dev/DirectXShaderCompiler/tools/clang/test/HLSL/../HLSLFileCheck/hlsl/control_flow/attributes/unroll/no_opt.hlsl>
END TEST(S): </Users/cbieneman/dev/DirectXShaderCompiler/tools/clang/test/HLSL/../HLSLFileCheck/hlsl/control_flow/attributes/unroll/no_opt.hlsl>
BEGIN TEST(S): </Users/cbieneman/dev/DirectXShaderCompiler/tools/clang/test/HLSL/../HLSLFileCheck/hlsl/control_flow/attributes/unroll/unroll-incoming-phi-const.hlsl>
END TEST(S): </Users/cbieneman/dev/DirectXShaderCompiler/tools/clang/test/HLSL/../HLSLFileCheck/hlsl/control_flow/attributes/unroll/unroll-incoming-phi-const.hlsl>
BEGIN TEST(S): </Users/cbieneman/dev/DirectXShaderCompiler/tools/clang/test/HLSL/../HLSLFileCheck/hlsl/control_flow/attributes/unroll/big_step_non_trivial.hlsl>
END TEST(S): </Users/cbieneman/dev/DirectXShaderCompiler/tools/clang/test/HLSL/../HLSLFileCheck/hlsl/control_flow/attributes/unroll/big_step_non_trivial.hlsl>
BEGIN TEST(S): </Users/cbieneman/dev/DirectXShaderCompiler/tools/clang/test/HLSL/../HLSLFileCheck/hlsl/control_flow/attributes/unroll/unroll_switch_exit_crash.ll>
END TEST(S): </Users/cbieneman/dev/DirectXShaderCompiler/tools/clang/test/HLSL/../HLSLFileCheck/hlsl/control_flow/attributes/unroll/unroll_switch_exit_crash.ll>
BEGIN TEST(S): </Users/cbieneman/dev/DirectXShaderCompiler/tools/clang/test/HLSL/../HLSLFileCheck/hlsl/control_flow/attributes/unroll/lib_2d_array_call_export_subarray.hlsl>
END TEST(S): </Users/cbieneman/dev/DirectXShaderCompiler/tools/clang/test/HLSL/../HLSLFileCheck/hlsl/control_flow/attributes/unroll/lib_2d_array_call_export_subarray.hlsl>
BEGIN TEST(S): </Users/cbieneman/dev/DirectXShaderCompiler/tools/clang/test/HLSL/../HLSLFileCheck/hlsl/control_flow/attributes/unroll/nested2.hlsl>
END TEST(S): </Users/cbieneman/dev/DirectXShaderCompiler/tools/clang/test/HLSL/../HLSLFileCheck/hlsl/control_flow/attributes/unroll/nested2.hlsl>
BEGIN TEST(S): </Users/cbieneman/dev/DirectXShaderCompiler/tools/clang/test/HLSL/../HLSLFileCheck/hlsl/control_flow/attributes/unroll/precise_int.hlsl>
END TEST(S): </Users/cbieneman/dev/DirectXShaderCompiler/tools/clang/test/HLSL/../HLSLFileCheck/hlsl/control_flow/attributes/unroll/precise_int.hlsl>
BEGIN TEST(S): </Users/cbieneman/dev/DirectXShaderCompiler/tools/clang/test/HLSL/../HLSLFileCheck/hlsl/control_flow/attributes/unroll/large_count.hlsl>
END TEST(S): </Users/cbieneman/dev/DirectXShaderCompiler/tools/clang/test/HLSL/../HLSLFileCheck/hlsl/control_flow/attributes/unroll/large_count.hlsl>
BEGIN TEST(S): </Users/cbieneman/dev/DirectXShaderCompiler/tools/clang/test/HLSL/../HLSLFileCheck/hlsl/control_flow/attributes/unroll/2d_array.hlsl>
END TEST(S): </Users/cbieneman/dev/DirectXShaderCompiler/tools/clang/test/HLSL/../HLSLFileCheck/hlsl/control_flow/attributes/unroll/2d_array.hlsl>
BEGIN TEST(S): </Users/cbieneman/dev/DirectXShaderCompiler/tools/clang/test/HLSL/../HLSLFileCheck/hlsl/control_flow/attributes/unroll/gis.hlsl>
END TEST(S): </Users/cbieneman/dev/DirectXShaderCompiler/tools/clang/test/HLSL/../HLSLFileCheck/hlsl/control_flow/attributes/unroll/gis.hlsl>
BEGIN TEST(S): </Users/cbieneman/dev/DirectXShaderCompiler/tools/clang/test/HLSL/../HLSLFileCheck/hlsl/control_flow/attributes/unroll/nested3.hlsl>
END TEST(S): </Users/cbieneman/dev/DirectXShaderCompiler/tools/clang/test/HLSL/../HLSLFileCheck/hlsl/control_flow/attributes/unroll/nested3.hlsl>
BEGIN TEST(S): </Users/cbieneman/dev/DirectXShaderCompiler/tools/clang/test/HLSL/../HLSLFileCheck/hlsl/control_flow/attributes/unroll/nested_lcssa_1.hlsl>
END TEST(S): </Users/cbieneman/dev/DirectXShaderCompiler/tools/clang/test/HLSL/../HLSLFileCheck/hlsl/control_flow/attributes/unroll/nested_lcssa_1.hlsl>
BEGIN TEST(S): </Users/cbieneman/dev/DirectXShaderCompiler/tools/clang/test/HLSL/../HLSLFileCheck/hlsl/control_flow/attributes/unroll/partial_cond.hlsl>
END TEST(S): </Users/cbieneman/dev/DirectXShaderCompiler/tools/clang/test/HLSL/../HLSLFileCheck/hlsl/control_flow/attributes/unroll/partial_cond.hlsl>
BEGIN TEST(S): </Users/cbieneman/dev/DirectXShaderCompiler/tools/clang/test/HLSL/../HLSLFileCheck/hlsl/control_flow/attributes/flatten/flatten.hlsl>
END TEST(S): </Users/cbieneman/dev/DirectXShaderCompiler/tools/clang/test/HLSL/../HLSLFileCheck/hlsl/control_flow/attributes/flatten/flatten.hlsl>
BEGIN TEST(S): </Users/cbieneman/dev/DirectXShaderCompiler/tools/clang/test/HLSL/../HLSLFileCheck/hlsl/control_flow/attributes/call/call3.hlsl>
END TEST(S): </Users/cbieneman/dev/DirectXShaderCompiler/tools/clang/test/HLSL/../HLSLFileCheck/hlsl/control_flow/attributes/call/call3.hlsl>
BEGIN TEST(S): </Users/cbieneman/dev/DirectXShaderCompiler/tools/clang/test/HLSL/../HLSLFileCheck/hlsl/control_flow/attributes/call/call1.hlsl>
END TEST(S): </Users/cbieneman/dev/DirectXShaderCompiler/tools/clang/test/HLSL/../HLSLFileCheck/hlsl/control_flow/attributes/call/call1.hlsl>
BEGIN TEST(S): </Users/cbieneman/dev/DirectXShaderCompiler/tools/clang/test/HLSL/../HLSLFileCheck/hlsl/control_flow/unreachable-break.hlsl>
END TEST(S): </Users/cbieneman/dev/DirectXShaderCompiler/tools/clang/test/HLSL/../HLSLFileCheck/hlsl/control_flow/unreachable-break.hlsl>
BEGIN TEST(S): </Users/cbieneman/dev/DirectXShaderCompiler/tools/clang/test/HLSL/../HLSLFileCheck/hlsl/control_flow/if_else/if6.hlsl>
END TEST(S): </Users/cbieneman/dev/DirectXShaderCompiler/tools/clang/test/HLSL/../HLSLFileCheck/hlsl/control_flow/if_else/if6.hlsl>
BEGIN TEST(S): </Users/cbieneman/dev/DirectXShaderCompiler/tools/clang/test/HLSL/../HLSLFileCheck/hlsl/control_flow/if_else/vecCmpIf.hlsl>
END TEST(S): </Users/cbieneman/dev/DirectXShaderCompiler/tools/clang/test/HLSL/../HLSLFileCheck/hlsl/control_flow/if_else/vecCmpIf.hlsl>
BEGIN TEST(S): </Users/cbieneman/dev/DirectXShaderCompiler/tools/clang/test/HLSL/../HLSLFileCheck/hlsl/control_flow/if_else/short-circuit-or.hlsl>
END TEST(S): </Users/cbieneman/dev/DirectXShaderCompiler/tools/clang/test/HLSL/../HLSLFileCheck/hlsl/control_flow/if_else/short-circuit-or.hlsl>
BEGIN TEST(S): </Users/cbieneman/dev/DirectXShaderCompiler/tools/clang/test/HLSL/../HLSLFileCheck/hlsl/control_flow/if_else/alloca-non-entry-basic-block.hlsl>
END TEST(S): </Users/cbieneman/dev/DirectXShaderCompiler/tools/clang/test/HLSL/../HLSLFileCheck/hlsl/control_flow/if_else/alloca-non-entry-basic-block.hlsl>
BEGIN TEST(S): </Users/cbieneman/dev/DirectXShaderCompiler/tools/clang/test/HLSL/../HLSLFileCheck/hlsl/control_flow/if_else/logical_no_short_circuiting.hlsl>
END TEST(S): </Users/cbieneman/dev/DirectXShaderCompiler/tools/clang/test/HLSL/../HLSLFileCheck/hlsl/control_flow/if_else/logical_no_short_circuiting.hlsl>
BEGIN TEST(S): </Users/cbieneman/dev/DirectXShaderCompiler/tools/clang/test/HLSL/../HLSLFileCheck/hlsl/control_flow/if_else/if7.hlsl>
END TEST(S): </Users/cbieneman/dev/DirectXShaderCompiler/tools/clang/test/HLSL/../HLSLFileCheck/hlsl/control_flow/if_else/if7.hlsl>
BEGIN TEST(S): </Users/cbieneman/dev/DirectXShaderCompiler/tools/clang/test/HLSL/../HLSLFileCheck/hlsl/control_flow/if_else/if1.hlsl>
END TEST(S): </Users/cbieneman/dev/DirectXShaderCompiler/tools/clang/test/HLSL/../HLSLFileCheck/hlsl/control_flow/if_else/if1.hlsl>
BEGIN TEST(S): </Users/cbieneman/dev/DirectXShaderCompiler/tools/clang/test/HLSL/../HLSLFileCheck/hlsl/control_flow/if_else/short-circuit-select.hlsl>
END TEST(S): </Users/cbieneman/dev/DirectXShaderCompiler/tools/clang/test/HLSL/../HLSLFileCheck/hlsl/control_flow/if_else/short-circuit-select.hlsl>
BEGIN TEST(S): </Users/cbieneman/dev/DirectXShaderCompiler/tools/clang/test/HLSL/../HLSLFileCheck/hlsl/control_flow/if_else/alloca_at_entry_blk.hlsl>
END TEST(S): </Users/cbieneman/dev/DirectXShaderCompiler/tools/clang/test/HLSL/../HLSLFileCheck/hlsl/control_flow/if_else/alloca_at_entry_blk.hlsl>
BEGIN TEST(S): </Users/cbieneman/dev/DirectXShaderCompiler/tools/clang/test/HLSL/../HLSLFileCheck/hlsl/control_flow/if_else/if2.hlsl>
END TEST(S): </Users/cbieneman/dev/DirectXShaderCompiler/tools/clang/test/HLSL/../HLSLFileCheck/hlsl/control_flow/if_else/if2.hlsl>
BEGIN TEST(S): </Users/cbieneman/dev/DirectXShaderCompiler/tools/clang/test/HLSL/../HLSLFileCheck/hlsl/control_flow/if_else/if3.hlsl>
END TEST(S): </Users/cbieneman/dev/DirectXShaderCompiler/tools/clang/test/HLSL/../HLSLFileCheck/hlsl/control_flow/if_else/if3.hlsl>
BEGIN TEST(S): </Users/cbieneman/dev/DirectXShaderCompiler/tools/clang/test/HLSL/../HLSLFileCheck/hlsl/control_flow/if_else/ternary_conditional_to_select.hlsl>
END TEST(S): </Users/cbieneman/dev/DirectXShaderCompiler/tools/clang/test/HLSL/../HLSLFileCheck/hlsl/control_flow/if_else/ternary_conditional_to_select.hlsl>
BEGIN TEST(S): </Users/cbieneman/dev/DirectXShaderCompiler/tools/clang/test/HLSL/../HLSLFileCheck/hlsl/control_flow/if_else/if4.hlsl>
END TEST(S): </Users/cbieneman/dev/DirectXShaderCompiler/tools/clang/test/HLSL/../HLSLFileCheck/hlsl/control_flow/if_else/if4.hlsl>
BEGIN TEST(S): </Users/cbieneman/dev/DirectXShaderCompiler/tools/clang/test/HLSL/../HLSLFileCheck/hlsl/control_flow/if_else/if8.hlsl>
END TEST(S): </Users/cbieneman/dev/DirectXShaderCompiler/tools/clang/test/HLSL/../HLSLFileCheck/hlsl/control_flow/if_else/if8.hlsl>
BEGIN TEST(S): </Users/cbieneman/dev/DirectXShaderCompiler/tools/clang/test/HLSL/../HLSLFileCheck/hlsl/control_flow/if_else/if9.hlsl>
END TEST(S): </Users/cbieneman/dev/DirectXShaderCompiler/tools/clang/test/HLSL/../HLSLFileCheck/hlsl/control_flow/if_else/if9.hlsl>
BEGIN TEST(S): </Users/cbieneman/dev/DirectXShaderCompiler/tools/clang/test/HLSL/../HLSLFileCheck/hlsl/control_flow/if_else/if5.hlsl>
END TEST(S): </Users/cbieneman/dev/DirectXShaderCompiler/tools/clang/test/HLSL/../HLSLFileCheck/hlsl/control_flow/if_else/if5.hlsl>
BEGIN TEST(S): </Users/cbieneman/dev/DirectXShaderCompiler/tools/clang/test/HLSL/../HLSLFileCheck/hlsl/control_flow/if_else/short-circuit-and.hlsl>
END TEST(S): </Users/cbieneman/dev/DirectXShaderCompiler/tools/clang/test/HLSL/../HLSLFileCheck/hlsl/control_flow/if_else/short-circuit-and.hlsl>
BEGIN TEST(S): </Users/cbieneman/dev/DirectXShaderCompiler/tools/clang/test/HLSL/../HLSLFileCheck/hlsl/control_flow/if_else/vector_comparison.hlsl>
END TEST(S): </Users/cbieneman/dev/DirectXShaderCompiler/tools/clang/test/HLSL/../HLSLFileCheck/hlsl/control_flow/if_else/vector_comparison.hlsl>
BEGIN TEST(S): </Users/cbieneman/dev/DirectXShaderCompiler/tools/clang/test/HLSL/../HLSLFileCheck/hlsl/control_flow/switch/switch2.hlsl>
END TEST(S): </Users/cbieneman/dev/DirectXShaderCompiler/tools/clang/test/HLSL/../HLSLFileCheck/hlsl/control_flow/switch/switch2.hlsl>
BEGIN TEST(S): </Users/cbieneman/dev/DirectXShaderCompiler/tools/clang/test/HLSL/../HLSLFileCheck/hlsl/control_flow/switch/switch_float.hlsl>
END TEST(S): </Users/cbieneman/dev/DirectXShaderCompiler/tools/clang/test/HLSL/../HLSLFileCheck/hlsl/control_flow/switch/switch_float.hlsl>
BEGIN TEST(S): </Users/cbieneman/dev/DirectXShaderCompiler/tools/clang/test/HLSL/../HLSLFileCheck/hlsl/control_flow/switch/switch3.hlsl>
END TEST(S): </Users/cbieneman/dev/DirectXShaderCompiler/tools/clang/test/HLSL/../HLSLFileCheck/hlsl/control_flow/switch/switch3.hlsl>
BEGIN TEST(S): </Users/cbieneman/dev/DirectXShaderCompiler/tools/clang/test/HLSL/../HLSLFileCheck/hlsl/control_flow/switch/switch4.hlsl>
END TEST(S): </Users/cbieneman/dev/DirectXShaderCompiler/tools/clang/test/HLSL/../HLSLFileCheck/hlsl/control_flow/switch/switch4.hlsl>
BEGIN TEST(S): </Users/cbieneman/dev/DirectXShaderCompiler/tools/clang/test/HLSL/../HLSLFileCheck/hlsl/control_flow/switch/switch1.hlsl>
END TEST(S): </Users/cbieneman/dev/DirectXShaderCompiler/tools/clang/test/HLSL/../HLSLFileCheck/hlsl/control_flow/switch/switch1.hlsl>
BEGIN TEST(S): </Users/cbieneman/dev/DirectXShaderCompiler/tools/clang/test/HLSL/../HLSLFileCheck/hlsl/control_flow/loops/loop1.hlsl>
END TEST(S): </Users/cbieneman/dev/DirectXShaderCompiler/tools/clang/test/HLSL/../HLSLFileCheck/hlsl/control_flow/loops/loop1.hlsl>
BEGIN TEST(S): </Users/cbieneman/dev/DirectXShaderCompiler/tools/clang/test/HLSL/../HLSLFileCheck/hlsl/control_flow/loops/struct_exit_multi.hlsl>
END TEST(S): </Users/cbieneman/dev/DirectXShaderCompiler/tools/clang/test/HLSL/../HLSLFileCheck/hlsl/control_flow/loops/struct_exit_multi.hlsl>
BEGIN TEST(S): </Users/cbieneman/dev/DirectXShaderCompiler/tools/clang/test/HLSL/../HLSLFileCheck/hlsl/control_flow/loops/nested_unroll2.hlsl>
END TEST(S): </Users/cbieneman/dev/DirectXShaderCompiler/tools/clang/test/HLSL/../HLSLFileCheck/hlsl/control_flow/loops/nested_unroll2.hlsl>
BEGIN TEST(S): </Users/cbieneman/dev/DirectXShaderCompiler/tools/clang/test/HLSL/../HLSLFileCheck/hlsl/control_flow/loops/enable-partial-unroll-test01.hlsl>
END TEST(S): </Users/cbieneman/dev/DirectXShaderCompiler/tools/clang/test/HLSL/../HLSLFileCheck/hlsl/control_flow/loops/enable-partial-unroll-test01.hlsl>
BEGIN TEST(S): </Users/cbieneman/dev/DirectXShaderCompiler/tools/clang/test/HLSL/../HLSLFileCheck/hlsl/control_flow/loops/no_nest_loop.hlsl>
END TEST(S): </Users/cbieneman/dev/DirectXShaderCompiler/tools/clang/test/HLSL/../HLSLFileCheck/hlsl/control_flow/loops/no_nest_loop.hlsl>
BEGIN TEST(S): </Users/cbieneman/dev/DirectXShaderCompiler/tools/clang/test/HLSL/../HLSLFileCheck/hlsl/control_flow/loops/nested_unroll_fail.hlsl>
END TEST(S): </Users/cbieneman/dev/DirectXShaderCompiler/tools/clang/test/HLSL/../HLSLFileCheck/hlsl/control_flow/loops/nested_unroll_fail.hlsl>
BEGIN TEST(S): </Users/cbieneman/dev/DirectXShaderCompiler/tools/clang/test/HLSL/../HLSLFileCheck/hlsl/control_flow/loops/loop7.hlsl>
END TEST(S): </Users/cbieneman/dev/DirectXShaderCompiler/tools/clang/test/HLSL/../HLSLFileCheck/hlsl/control_flow/loops/loop7.hlsl>
BEGIN TEST(S): </Users/cbieneman/dev/DirectXShaderCompiler/tools/clang/test/HLSL/../HLSLFileCheck/hlsl/control_flow/loops/loop6.hlsl>
END TEST(S): </Users/cbieneman/dev/DirectXShaderCompiler/tools/clang/test/HLSL/../HLSLFileCheck/hlsl/control_flow/loops/loop6.hlsl>
BEGIN TEST(S): </Users/cbieneman/dev/DirectXShaderCompiler/tools/clang/test/HLSL/../HLSLFileCheck/hlsl/control_flow/loops/midbreak.hlsl>
END TEST(S): </Users/cbieneman/dev/DirectXShaderCompiler/tools/clang/test/HLSL/../HLSLFileCheck/hlsl/control_flow/loops/midbreak.hlsl>
BEGIN TEST(S): </Users/cbieneman/dev/DirectXShaderCompiler/tools/clang/test/HLSL/../HLSLFileCheck/hlsl/control_flow/loops/structurize_multiexit_crash_while.hlsl>
END TEST(S): </Users/cbieneman/dev/DirectXShaderCompiler/tools/clang/test/HLSL/../HLSLFileCheck/hlsl/control_flow/loops/structurize_multiexit_crash_while.hlsl>
BEGIN TEST(S): </Users/cbieneman/dev/DirectXShaderCompiler/tools/clang/test/HLSL/../HLSLFileCheck/hlsl/control_flow/loops/struct_exit_exit_value.hlsl>
END TEST(S): </Users/cbieneman/dev/DirectXShaderCompiler/tools/clang/test/HLSL/../HLSLFileCheck/hlsl/control_flow/loops/struct_exit_exit_value.hlsl>
BEGIN TEST(S): </Users/cbieneman/dev/DirectXShaderCompiler/tools/clang/test/HLSL/../HLSLFileCheck/hlsl/control_flow/loops/loop5.hlsl>
END TEST(S): </Users/cbieneman/dev/DirectXShaderCompiler/tools/clang/test/HLSL/../HLSLFileCheck/hlsl/control_flow/loops/loop5.hlsl>
BEGIN TEST(S): </Users/cbieneman/dev/DirectXShaderCompiler/tools/clang/test/HLSL/../HLSLFileCheck/hlsl/control_flow/loops/struct_exit_disable.hlsl>
END TEST(S): </Users/cbieneman/dev/DirectXShaderCompiler/tools/clang/test/HLSL/../HLSLFileCheck/hlsl/control_flow/loops/struct_exit_disable.hlsl>
BEGIN TEST(S): </Users/cbieneman/dev/DirectXShaderCompiler/tools/clang/test/HLSL/../HLSLFileCheck/hlsl/control_flow/loops/nested_unroll.hlsl>
END TEST(S): </Users/cbieneman/dev/DirectXShaderCompiler/tools/clang/test/HLSL/../HLSLFileCheck/hlsl/control_flow/loops/nested_unroll.hlsl>
BEGIN TEST(S): </Users/cbieneman/dev/DirectXShaderCompiler/tools/clang/test/HLSL/../HLSLFileCheck/hlsl/control_flow/loops/loop4.hlsl>
END TEST(S): </Users/cbieneman/dev/DirectXShaderCompiler/tools/clang/test/HLSL/../HLSLFileCheck/hlsl/control_flow/loops/loop4.hlsl>
BEGIN TEST(S): </Users/cbieneman/dev/DirectXShaderCompiler/tools/clang/test/HLSL/../HLSLFileCheck/hlsl/control_flow/loops/struct_exit.hlsl>
END TEST(S): </Users/cbieneman/dev/DirectXShaderCompiler/tools/clang/test/HLSL/../HLSLFileCheck/hlsl/control_flow/loops/struct_exit.hlsl>
BEGIN TEST(S): </Users/cbieneman/dev/DirectXShaderCompiler/tools/clang/test/HLSL/../HLSLFileCheck/hlsl/control_flow/loops/enable-partial-unroll-test02.hlsl>
END TEST(S): </Users/cbieneman/dev/DirectXShaderCompiler/tools/clang/test/HLSL/../HLSLFileCheck/hlsl/control_flow/loops/enable-partial-unroll-test02.hlsl>
BEGIN TEST(S): </Users/cbieneman/dev/DirectXShaderCompiler/tools/clang/test/HLSL/../HLSLFileCheck/hlsl/control_flow/loops/loop8.hlsl>
END TEST(S): </Users/cbieneman/dev/DirectXShaderCompiler/tools/clang/test/HLSL/../HLSLFileCheck/hlsl/control_flow/loops/loop8.hlsl>
BEGIN TEST(S): </Users/cbieneman/dev/DirectXShaderCompiler/tools/clang/test/HLSL/../HLSLFileCheck/hlsl/control_flow/loops/loop3.hlsl>
END TEST(S): </Users/cbieneman/dev/DirectXShaderCompiler/tools/clang/test/HLSL/../HLSLFileCheck/hlsl/control_flow/loops/loop3.hlsl>
BEGIN TEST(S): </Users/cbieneman/dev/DirectXShaderCompiler/tools/clang/test/HLSL/../HLSLFileCheck/hlsl/control_flow/loops/struct_exit_inner_loop.hlsl>
END TEST(S): </Users/cbieneman/dev/DirectXShaderCompiler/tools/clang/test/HLSL/../HLSLFileCheck/hlsl/control_flow/loops/struct_exit_inner_loop.hlsl>
BEGIN TEST(S): </Users/cbieneman/dev/DirectXShaderCompiler/tools/clang/test/HLSL/../HLSLFileCheck/hlsl/control_flow/loops/struct_exit_outer_loop.hlsl>
END TEST(S): </Users/cbieneman/dev/DirectXShaderCompiler/tools/clang/test/HLSL/../HLSLFileCheck/hlsl/control_flow/loops/struct_exit_outer_loop.hlsl>
BEGIN TEST(S): </Users/cbieneman/dev/DirectXShaderCompiler/tools/clang/test/HLSL/../HLSLFileCheck/hlsl/control_flow/loops/structurize_multiexit_crash_do.hlsl>
END TEST(S): </Users/cbieneman/dev/DirectXShaderCompiler/tools/clang/test/HLSL/../HLSLFileCheck/hlsl/control_flow/loops/structurize_multiexit_crash_do.hlsl>
BEGIN TEST(S): </Users/cbieneman/dev/DirectXShaderCompiler/tools/clang/test/HLSL/../HLSLFileCheck/hlsl/control_flow/loops/loop2.hlsl>
END TEST(S): </Users/cbieneman/dev/DirectXShaderCompiler/tools/clang/test/HLSL/../HLSLFileCheck/hlsl/control_flow/loops/loop2.hlsl>
BEGIN TEST(S): </Users/cbieneman/dev/DirectXShaderCompiler/tools/clang/test/HLSL/../HLSLFileCheck/hlsl/workgraph/case150_multiple_getnoderoutputrecord.hlsl>
END TEST(S): </Users/cbieneman/dev/DirectXShaderCompiler/tools/clang/test/HLSL/../HLSLFileCheck/hlsl/workgraph/case150_multiple_getnoderoutputrecord.hlsl>
BEGIN TEST(S): </Users/cbieneman/dev/DirectXShaderCompiler/tools/clang/test/HLSL/../HLSLFileCheck/hlsl/workgraph/case018_renamed_node_index.hlsl>
END TEST(S): </Users/cbieneman/dev/DirectXShaderCompiler/tools/clang/test/HLSL/../HLSLFileCheck/hlsl/workgraph/case018_renamed_node_index.hlsl>
BEGIN TEST(S): </Users/cbieneman/dev/DirectXShaderCompiler/tools/clang/test/HLSL/../HLSLFileCheck/hlsl/workgraph/groupshared.hlsl>
END TEST(S): </Users/cbieneman/dev/DirectXShaderCompiler/tools/clang/test/HLSL/../HLSLFileCheck/hlsl/workgraph/groupshared.hlsl>
BEGIN TEST(S): </Users/cbieneman/dev/DirectXShaderCompiler/tools/clang/test/HLSL/../HLSLFileCheck/hlsl/workgraph/case119_member_read.hlsl>
END TEST(S): </Users/cbieneman/dev/DirectXShaderCompiler/tools/clang/test/HLSL/../HLSLFileCheck/hlsl/workgraph/case119_member_read.hlsl>
BEGIN TEST(S): </Users/cbieneman/dev/DirectXShaderCompiler/tools/clang/test/HLSL/../HLSLFileCheck/hlsl/workgraph/common_input_parameters.hlsl>
END TEST(S): </Users/cbieneman/dev/DirectXShaderCompiler/tools/clang/test/HLSL/../HLSLFileCheck/hlsl/workgraph/common_input_parameters.hlsl>
BEGIN TEST(S): </Users/cbieneman/dev/DirectXShaderCompiler/tools/clang/test/HLSL/../HLSLFileCheck/hlsl/workgraph/case124_member_read_types.hlsl>
END TEST(S): </Users/cbieneman/dev/DirectXShaderCompiler/tools/clang/test/HLSL/../HLSLFileCheck/hlsl/workgraph/case124_member_read_types.hlsl>
BEGIN TEST(S): </Users/cbieneman/dev/DirectXShaderCompiler/tools/clang/test/HLSL/../HLSLFileCheck/hlsl/workgraph/common_input_parameters_01.hlsl>
END TEST(S): </Users/cbieneman/dev/DirectXShaderCompiler/tools/clang/test/HLSL/../HLSLFileCheck/hlsl/workgraph/common_input_parameters_01.hlsl>
BEGIN TEST(S): </Users/cbieneman/dev/DirectXShaderCompiler/tools/clang/test/HLSL/../HLSLFileCheck/hlsl/workgraph/rwnodeinputrecord_sv_dispatchgrid_array.hlsl>
END TEST(S): </Users/cbieneman/dev/DirectXShaderCompiler/tools/clang/test/HLSL/../HLSLFileCheck/hlsl/workgraph/rwnodeinputrecord_sv_dispatchgrid_array.hlsl>
BEGIN TEST(S): </Users/cbieneman/dev/DirectXShaderCompiler/tools/clang/test/HLSL/../HLSLFileCheck/hlsl/workgraph/invalid_barrier_1.ll>
END TEST(S): </Users/cbieneman/dev/DirectXShaderCompiler/tools/clang/test/HLSL/../HLSLFileCheck/hlsl/workgraph/invalid_barrier_1.ll>
BEGIN TEST(S): </Users/cbieneman/dev/DirectXShaderCompiler/tools/clang/test/HLSL/../HLSLFileCheck/hlsl/workgraph/case051_compute_attrs.hlsl>
END TEST(S): </Users/cbieneman/dev/DirectXShaderCompiler/tools/clang/test/HLSL/../HLSLFileCheck/hlsl/workgraph/case051_compute_attrs.hlsl>
BEGIN TEST(S): </Users/cbieneman/dev/DirectXShaderCompiler/tools/clang/test/HLSL/../HLSLFileCheck/hlsl/workgraph/case028_groupincrementoutputcount.hlsl>
END TEST(S): </Users/cbieneman/dev/DirectXShaderCompiler/tools/clang/test/HLSL/../HLSLFileCheck/hlsl/workgraph/case028_groupincrementoutputcount.hlsl>
BEGIN TEST(S): </Users/cbieneman/dev/DirectXShaderCompiler/tools/clang/test/HLSL/../HLSLFileCheck/hlsl/workgraph/ast-rwnodeinput.hlsl>
END TEST(S): </Users/cbieneman/dev/DirectXShaderCompiler/tools/clang/test/HLSL/../HLSLFileCheck/hlsl/workgraph/ast-rwnodeinput.hlsl>
BEGIN TEST(S): </Users/cbieneman/dev/DirectXShaderCompiler/tools/clang/test/HLSL/../HLSLFileCheck/hlsl/workgraph/member_matrix_write.hlsl>
END TEST(S): </Users/cbieneman/dev/DirectXShaderCompiler/tools/clang/test/HLSL/../HLSLFileCheck/hlsl/workgraph/member_matrix_write.hlsl>
BEGIN TEST(S): </Users/cbieneman/dev/DirectXShaderCompiler/tools/clang/test/HLSL/../HLSLFileCheck/hlsl/workgraph/nodeshareinputof.hlsl>
END TEST(S): </Users/cbieneman/dev/DirectXShaderCompiler/tools/clang/test/HLSL/../HLSLFileCheck/hlsl/workgraph/nodeshareinputof.hlsl>
BEGIN TEST(S): </Users/cbieneman/dev/DirectXShaderCompiler/tools/clang/test/HLSL/../HLSLFileCheck/hlsl/workgraph/ast-nodeinput.hlsl>
END TEST(S): </Users/cbieneman/dev/DirectXShaderCompiler/tools/clang/test/HLSL/../HLSLFileCheck/hlsl/workgraph/ast-nodeinput.hlsl>
BEGIN TEST(S): </Users/cbieneman/dev/DirectXShaderCompiler/tools/clang/test/HLSL/../HLSLFileCheck/hlsl/workgraph/dependent_type_for_node_object_template_arg.hlsl>
END TEST(S): </Users/cbieneman/dev/DirectXShaderCompiler/tools/clang/test/HLSL/../HLSLFileCheck/hlsl/workgraph/dependent_type_for_node_object_template_arg.hlsl>
BEGIN TEST(S): </Users/cbieneman/dev/DirectXShaderCompiler/tools/clang/test/HLSL/../HLSLFileCheck/hlsl/workgraph/member_atomics.hlsl>
END TEST(S): </Users/cbieneman/dev/DirectXShaderCompiler/tools/clang/test/HLSL/../HLSLFileCheck/hlsl/workgraph/member_atomics.hlsl>
BEGIN TEST(S): </Users/cbieneman/dev/DirectXShaderCompiler/tools/clang/test/HLSL/../HLSLFileCheck/hlsl/workgraph/case001_dispatchgrid_shader.hlsl>
END TEST(S): </Users/cbieneman/dev/DirectXShaderCompiler/tools/clang/test/HLSL/../HLSLFileCheck/hlsl/workgraph/case001_dispatchgrid_shader.hlsl>
BEGIN TEST(S): </Users/cbieneman/dev/DirectXShaderCompiler/tools/clang/test/HLSL/../HLSLFileCheck/hlsl/workgraph/case099_nodelocalrootargumenttableindex.hlsl>
END TEST(S): </Users/cbieneman/dev/DirectXShaderCompiler/tools/clang/test/HLSL/../HLSLFileCheck/hlsl/workgraph/case099_nodelocalrootargumenttableindex.hlsl>
BEGIN TEST(S): </Users/cbieneman/dev/DirectXShaderCompiler/tools/clang/test/HLSL/../HLSLFileCheck/hlsl/workgraph/sparsenodes.hlsl>
END TEST(S): </Users/cbieneman/dev/DirectXShaderCompiler/tools/clang/test/HLSL/../HLSLFileCheck/hlsl/workgraph/sparsenodes.hlsl>
BEGIN TEST(S): </Users/cbieneman/dev/DirectXShaderCompiler/tools/clang/test/HLSL/../HLSLFileCheck/hlsl/workgraph/case055_nodearray_indices_not_contiguous.hlsl>
END TEST(S): </Users/cbieneman/dev/DirectXShaderCompiler/tools/clang/test/HLSL/../HLSLFileCheck/hlsl/workgraph/case055_nodearray_indices_not_contiguous.hlsl>
BEGIN TEST(S): </Users/cbieneman/dev/DirectXShaderCompiler/tools/clang/test/HLSL/../HLSLFileCheck/hlsl/workgraph/case014_getrecordcount_nodeinputarray.hlsl>
END TEST(S): </Users/cbieneman/dev/DirectXShaderCompiler/tools/clang/test/HLSL/../HLSLFileCheck/hlsl/workgraph/case014_getrecordcount_nodeinputarray.hlsl>
BEGIN TEST(S): </Users/cbieneman/dev/DirectXShaderCompiler/tools/clang/test/HLSL/../HLSLFileCheck/hlsl/workgraph/test_increment_output_count.hlsl>
END TEST(S): </Users/cbieneman/dev/DirectXShaderCompiler/tools/clang/test/HLSL/../HLSLFileCheck/hlsl/workgraph/test_increment_output_count.hlsl>
BEGIN TEST(S): </Users/cbieneman/dev/DirectXShaderCompiler/tools/clang/test/HLSL/../HLSLFileCheck/hlsl/workgraph/called_function_arg_nodeoutput.hlsl>
END TEST(S): </Users/cbieneman/dev/DirectXShaderCompiler/tools/clang/test/HLSL/../HLSLFileCheck/hlsl/workgraph/called_function_arg_nodeoutput.hlsl>
BEGIN TEST(S): </Users/cbieneman/dev/DirectXShaderCompiler/tools/clang/test/HLSL/../HLSLFileCheck/hlsl/workgraph/case131_nodeoutputisvalid_emptynodeoutput.hlsl>
END TEST(S): </Users/cbieneman/dev/DirectXShaderCompiler/tools/clang/test/HLSL/../HLSLFileCheck/hlsl/workgraph/case131_nodeoutputisvalid_emptynodeoutput.hlsl>
BEGIN TEST(S): </Users/cbieneman/dev/DirectXShaderCompiler/tools/clang/test/HLSL/../HLSLFileCheck/hlsl/workgraph/record_type_metadata.ll>
END TEST(S): </Users/cbieneman/dev/DirectXShaderCompiler/tools/clang/test/HLSL/../HLSLFileCheck/hlsl/workgraph/record_type_metadata.ll>
BEGIN TEST(S): </Users/cbieneman/dev/DirectXShaderCompiler/tools/clang/test/HLSL/../HLSLFileCheck/hlsl/workgraph/disallow_multiple_attrs.hlsl>
END TEST(S): </Users/cbieneman/dev/DirectXShaderCompiler/tools/clang/test/HLSL/../HLSLFileCheck/hlsl/workgraph/disallow_multiple_attrs.hlsl>
BEGIN TEST(S): </Users/cbieneman/dev/DirectXShaderCompiler/tools/clang/test/HLSL/../HLSLFileCheck/hlsl/workgraph/case017_renamed_node.hlsl>
END TEST(S): </Users/cbieneman/dev/DirectXShaderCompiler/tools/clang/test/HLSL/../HLSLFileCheck/hlsl/workgraph/case017_renamed_node.hlsl>
BEGIN TEST(S): </Users/cbieneman/dev/DirectXShaderCompiler/tools/clang/test/HLSL/../HLSLFileCheck/hlsl/workgraph/invalid_barrier_nodehandle.ll>
END TEST(S): </Users/cbieneman/dev/DirectXShaderCompiler/tools/clang/test/HLSL/../HLSLFileCheck/hlsl/workgraph/invalid_barrier_nodehandle.ll>
BEGIN TEST(S): </Users/cbieneman/dev/DirectXShaderCompiler/tools/clang/test/HLSL/../HLSLFileCheck/hlsl/workgraph/multi_dim_array_record.hlsl>
END TEST(S): </Users/cbieneman/dev/DirectXShaderCompiler/tools/clang/test/HLSL/../HLSLFileCheck/hlsl/workgraph/multi_dim_array_record.hlsl>
BEGIN TEST(S): </Users/cbieneman/dev/DirectXShaderCompiler/tools/clang/test/HLSL/../HLSLFileCheck/hlsl/workgraph/invalid_barrier_12.ll>
END TEST(S): </Users/cbieneman/dev/DirectXShaderCompiler/tools/clang/test/HLSL/../HLSLFileCheck/hlsl/workgraph/invalid_barrier_12.ll>
BEGIN TEST(S): </Users/cbieneman/dev/DirectXShaderCompiler/tools/clang/test/HLSL/../HLSLFileCheck/hlsl/workgraph/nodeoutputarray.hlsl>
END TEST(S): </Users/cbieneman/dev/DirectXShaderCompiler/tools/clang/test/HLSL/../HLSLFileCheck/hlsl/workgraph/nodeoutputarray.hlsl>
BEGIN TEST(S): </Users/cbieneman/dev/DirectXShaderCompiler/tools/clang/test/HLSL/../HLSLFileCheck/hlsl/workgraph/case030_outputcomplete_nodeoutput.hlsl>
END TEST(S): </Users/cbieneman/dev/DirectXShaderCompiler/tools/clang/test/HLSL/../HLSLFileCheck/hlsl/workgraph/case030_outputcomplete_nodeoutput.hlsl>
BEGIN TEST(S): </Users/cbieneman/dev/DirectXShaderCompiler/tools/clang/test/HLSL/../HLSLFileCheck/hlsl/workgraph/case011_thread_numthreads_none.hlsl>
END TEST(S): </Users/cbieneman/dev/DirectXShaderCompiler/tools/clang/test/HLSL/../HLSLFileCheck/hlsl/workgraph/case011_thread_numthreads_none.hlsl>
BEGIN TEST(S): </Users/cbieneman/dev/DirectXShaderCompiler/tools/clang/test/HLSL/../HLSLFileCheck/hlsl/workgraph/case029_threadincrementoutputcount.hlsl>
END TEST(S): </Users/cbieneman/dev/DirectXShaderCompiler/tools/clang/test/HLSL/../HLSLFileCheck/hlsl/workgraph/case029_threadincrementoutputcount.hlsl>
BEGIN TEST(S): </Users/cbieneman/dev/DirectXShaderCompiler/tools/clang/test/HLSL/../HLSLFileCheck/hlsl/workgraph/case133_getremainingrecursionlevels.hlsl>
END TEST(S): </Users/cbieneman/dev/DirectXShaderCompiler/tools/clang/test/HLSL/../HLSLFileCheck/hlsl/workgraph/case133_getremainingrecursionlevels.hlsl>
BEGIN TEST(S): </Users/cbieneman/dev/DirectXShaderCompiler/tools/clang/test/HLSL/../HLSLFileCheck/hlsl/workgraph/case006_broadcasting_numthreads_shader.hlsl>
END TEST(S): </Users/cbieneman/dev/DirectXShaderCompiler/tools/clang/test/HLSL/../HLSLFileCheck/hlsl/workgraph/case006_broadcasting_numthreads_shader.hlsl>
BEGIN TEST(S): </Users/cbieneman/dev/DirectXShaderCompiler/tools/clang/test/HLSL/../HLSLFileCheck/hlsl/workgraph/globallycoherent_record.hlsl>
END TEST(S): </Users/cbieneman/dev/DirectXShaderCompiler/tools/clang/test/HLSL/../HLSLFileCheck/hlsl/workgraph/globallycoherent_record.hlsl>
BEGIN TEST(S): </Users/cbieneman/dev/DirectXShaderCompiler/tools/clang/test/HLSL/../HLSLFileCheck/hlsl/workgraph/wavesize.hlsl>
END TEST(S): </Users/cbieneman/dev/DirectXShaderCompiler/tools/clang/test/HLSL/../HLSLFileCheck/hlsl/workgraph/wavesize.hlsl>
BEGIN TEST(S): </Users/cbieneman/dev/DirectXShaderCompiler/tools/clang/test/HLSL/../HLSLFileCheck/hlsl/workgraph/case116_barrier_compute.hlsl>
END TEST(S): </Users/cbieneman/dev/DirectXShaderCompiler/tools/clang/test/HLSL/../HLSLFileCheck/hlsl/workgraph/case116_barrier_compute.hlsl>
BEGIN TEST(S): </Users/cbieneman/dev/DirectXShaderCompiler/tools/clang/test/HLSL/../HLSLFileCheck/hlsl/workgraph/case118_barrier_objectarg.hlsl>
END TEST(S): </Users/cbieneman/dev/DirectXShaderCompiler/tools/clang/test/HLSL/../HLSLFileCheck/hlsl/workgraph/case118_barrier_objectarg.hlsl>
BEGIN TEST(S): </Users/cbieneman/dev/DirectXShaderCompiler/tools/clang/test/HLSL/../HLSLFileCheck/hlsl/workgraph/dependent_type_for_node_object_template_arg_01.hlsl>
END TEST(S): </Users/cbieneman/dev/DirectXShaderCompiler/tools/clang/test/HLSL/../HLSLFileCheck/hlsl/workgraph/dependent_type_for_node_object_template_arg_01.hlsl>
BEGIN TEST(S): </Users/cbieneman/dev/DirectXShaderCompiler/tools/clang/test/HLSL/../HLSLFileCheck/hlsl/workgraph/groupshared_barrier.hlsl>
END TEST(S): </Users/cbieneman/dev/DirectXShaderCompiler/tools/clang/test/HLSL/../HLSLFileCheck/hlsl/workgraph/groupshared_barrier.hlsl>
BEGIN TEST(S): </Users/cbieneman/dev/DirectXShaderCompiler/tools/clang/test/HLSL/../HLSLFileCheck/hlsl/workgraph/compute_and_node.hlsl>
END TEST(S): </Users/cbieneman/dev/DirectXShaderCompiler/tools/clang/test/HLSL/../HLSLFileCheck/hlsl/workgraph/compute_and_node.hlsl>
BEGIN TEST(S): </Users/cbieneman/dev/DirectXShaderCompiler/tools/clang/test/HLSL/../HLSLFileCheck/hlsl/workgraph/node_launch_case_sensitivity.hlsl>
END TEST(S): </Users/cbieneman/dev/DirectXShaderCompiler/tools/clang/test/HLSL/../HLSLFileCheck/hlsl/workgraph/node_launch_case_sensitivity.hlsl>
BEGIN TEST(S): </Users/cbieneman/dev/DirectXShaderCompiler/tools/clang/test/HLSL/../HLSLFileCheck/hlsl/workgraph/case037_finishedcrossgroupsharing.hlsl>
END TEST(S): </Users/cbieneman/dev/DirectXShaderCompiler/tools/clang/test/HLSL/../HLSLFileCheck/hlsl/workgraph/case037_finishedcrossgroupsharing.hlsl>
BEGIN TEST(S): </Users/cbieneman/dev/DirectXShaderCompiler/tools/clang/test/HLSL/../HLSLFileCheck/hlsl/workgraph/case008_coalescing_numthreads_shader.hlsl>
END TEST(S): </Users/cbieneman/dev/DirectXShaderCompiler/tools/clang/test/HLSL/../HLSLFileCheck/hlsl/workgraph/case008_coalescing_numthreads_shader.hlsl>
BEGIN TEST(S): </Users/cbieneman/dev/DirectXShaderCompiler/tools/clang/test/HLSL/../HLSLFileCheck/hlsl/workgraph/invalid_barrier_2.ll>
END TEST(S): </Users/cbieneman/dev/DirectXShaderCompiler/tools/clang/test/HLSL/../HLSLFileCheck/hlsl/workgraph/invalid_barrier_2.ll>
BEGIN TEST(S): </Users/cbieneman/dev/DirectXShaderCompiler/tools/clang/test/HLSL/../HLSLFileCheck/hlsl/workgraph/case117_barrier_memoryarg.hlsl>
END TEST(S): </Users/cbieneman/dev/DirectXShaderCompiler/tools/clang/test/HLSL/../HLSLFileCheck/hlsl/workgraph/case117_barrier_memoryarg.hlsl>
BEGIN TEST(S): </Users/cbieneman/dev/DirectXShaderCompiler/tools/clang/test/HLSL/../HLSLFileCheck/hlsl/workgraph/called_function_arg_record_object.hlsl>
END TEST(S): </Users/cbieneman/dev/DirectXShaderCompiler/tools/clang/test/HLSL/../HLSLFileCheck/hlsl/workgraph/called_function_arg_record_object.hlsl>
BEGIN TEST(S): </Users/cbieneman/dev/DirectXShaderCompiler/tools/clang/test/HLSL/../HLSLFileCheck/hlsl/workgraph/ast-nodeoutput.hlsl>
END TEST(S): </Users/cbieneman/dev/DirectXShaderCompiler/tools/clang/test/HLSL/../HLSLFileCheck/hlsl/workgraph/ast-nodeoutput.hlsl>
BEGIN TEST(S): </Users/cbieneman/dev/DirectXShaderCompiler/tools/clang/test/HLSL/../HLSLFileCheck/hlsl/workgraph/common_input_parameters_02.hlsl>
END TEST(S): </Users/cbieneman/dev/DirectXShaderCompiler/tools/clang/test/HLSL/../HLSLFileCheck/hlsl/workgraph/common_input_parameters_02.hlsl>
BEGIN TEST(S): </Users/cbieneman/dev/DirectXShaderCompiler/tools/clang/test/HLSL/../HLSLFileCheck/hlsl/workgraph/case010_thread_numthreads_shader.hlsl>
END TEST(S): </Users/cbieneman/dev/DirectXShaderCompiler/tools/clang/test/HLSL/../HLSLFileCheck/hlsl/workgraph/case010_thread_numthreads_shader.hlsl>
BEGIN TEST(S): </Users/cbieneman/dev/DirectXShaderCompiler/tools/clang/test/HLSL/../HLSLFileCheck/hlsl/workgraph/nested_sv_dispatchgrid.hlsl>
END TEST(S): </Users/cbieneman/dev/DirectXShaderCompiler/tools/clang/test/HLSL/../HLSLFileCheck/hlsl/workgraph/nested_sv_dispatchgrid.hlsl>
BEGIN TEST(S): </Users/cbieneman/dev/DirectXShaderCompiler/tools/clang/test/HLSL/../HLSLFileCheck/hlsl/workgraph/case070_noinput.hlsl>
END TEST(S): </Users/cbieneman/dev/DirectXShaderCompiler/tools/clang/test/HLSL/../HLSLFileCheck/hlsl/workgraph/case070_noinput.hlsl>
BEGIN TEST(S): </Users/cbieneman/dev/DirectXShaderCompiler/tools/clang/test/HLSL/../HLSLFileCheck/hlsl/workgraph/case129_nodeoutputisvalid_nodeoutput.hlsl>
END TEST(S): </Users/cbieneman/dev/DirectXShaderCompiler/tools/clang/test/HLSL/../HLSLFileCheck/hlsl/workgraph/case129_nodeoutputisvalid_nodeoutput.hlsl>
BEGIN TEST(S): </Users/cbieneman/dev/DirectXShaderCompiler/tools/clang/test/HLSL/../HLSLFileCheck/hlsl/workgraph/case085_thread_emptynodeinput.hlsl>
END TEST(S): </Users/cbieneman/dev/DirectXShaderCompiler/tools/clang/test/HLSL/../HLSLFileCheck/hlsl/workgraph/case085_thread_emptynodeinput.hlsl>
BEGIN TEST(S): </Users/cbieneman/dev/DirectXShaderCompiler/tools/clang/test/HLSL/../HLSLFileCheck/hlsl/preprocessor/version_defines/target_version_pixel.hlsl>
END TEST(S): </Users/cbieneman/dev/DirectXShaderCompiler/tools/clang/test/HLSL/../HLSLFileCheck/hlsl/preprocessor/version_defines/target_version_pixel.hlsl>
BEGIN TEST(S): </Users/cbieneman/dev/DirectXShaderCompiler/tools/clang/test/HLSL/../HLSLFileCheck/hlsl/preprocessor/version_defines/target_version_domain.hlsl>
END TEST(S): </Users/cbieneman/dev/DirectXShaderCompiler/tools/clang/test/HLSL/../HLSLFileCheck/hlsl/preprocessor/version_defines/target_version_domain.hlsl>
BEGIN TEST(S): </Users/cbieneman/dev/DirectXShaderCompiler/tools/clang/test/HLSL/../HLSLFileCheck/hlsl/preprocessor/version_defines/target_version_mesh.hlsl>
END TEST(S): </Users/cbieneman/dev/DirectXShaderCompiler/tools/clang/test/HLSL/../HLSLFileCheck/hlsl/preprocessor/version_defines/target_version_mesh.hlsl>
BEGIN TEST(S): </Users/cbieneman/dev/DirectXShaderCompiler/tools/clang/test/HLSL/../HLSLFileCheck/hlsl/preprocessor/version_defines/target_version_hull.hlsl>
END TEST(S): </Users/cbieneman/dev/DirectXShaderCompiler/tools/clang/test/HLSL/../HLSLFileCheck/hlsl/preprocessor/version_defines/target_version_hull.hlsl>
BEGIN TEST(S): </Users/cbieneman/dev/DirectXShaderCompiler/tools/clang/test/HLSL/../HLSLFileCheck/hlsl/preprocessor/version_defines/define_spirv.hlsl>
END TEST(S): </Users/cbieneman/dev/DirectXShaderCompiler/tools/clang/test/HLSL/../HLSLFileCheck/hlsl/preprocessor/version_defines/define_spirv.hlsl>
BEGIN TEST(S): </Users/cbieneman/dev/DirectXShaderCompiler/tools/clang/test/HLSL/../HLSLFileCheck/hlsl/preprocessor/version_defines/target_version_compute.hlsl>
END TEST(S): </Users/cbieneman/dev/DirectXShaderCompiler/tools/clang/test/HLSL/../HLSLFileCheck/hlsl/preprocessor/version_defines/target_version_compute.hlsl>
BEGIN TEST(S): </Users/cbieneman/dev/DirectXShaderCompiler/tools/clang/test/HLSL/../HLSLFileCheck/hlsl/preprocessor/version_defines/target_version_vertex.hlsl>
END TEST(S): </Users/cbieneman/dev/DirectXShaderCompiler/tools/clang/test/HLSL/../HLSLFileCheck/hlsl/preprocessor/version_defines/target_version_vertex.hlsl>
BEGIN TEST(S): </Users/cbieneman/dev/DirectXShaderCompiler/tools/clang/test/HLSL/../HLSLFileCheck/hlsl/preprocessor/version_defines/target_version_library.hlsl>
END TEST(S): </Users/cbieneman/dev/DirectXShaderCompiler/tools/clang/test/HLSL/../HLSLFileCheck/hlsl/preprocessor/version_defines/target_version_library.hlsl>
BEGIN TEST(S): </Users/cbieneman/dev/DirectXShaderCompiler/tools/clang/test/HLSL/../HLSLFileCheck/hlsl/preprocessor/version_defines/target_version_geometry.hlsl>
END TEST(S): </Users/cbieneman/dev/DirectXShaderCompiler/tools/clang/test/HLSL/../HLSLFileCheck/hlsl/preprocessor/version_defines/target_version_geometry.hlsl>
BEGIN TEST(S): </Users/cbieneman/dev/DirectXShaderCompiler/tools/clang/test/HLSL/../HLSLFileCheck/hlsl/preprocessor/version_defines/target_version_amplification.hlsl>
END TEST(S): </Users/cbieneman/dev/DirectXShaderCompiler/tools/clang/test/HLSL/../HLSLFileCheck/hlsl/preprocessor/version_defines/target_version_amplification.hlsl>
BEGIN TEST(S): </Users/cbieneman/dev/DirectXShaderCompiler/tools/clang/test/HLSL/../HLSLFileCheck/hlsl/preprocessor/line_directive/line_directive.hlsl>
END TEST(S): </Users/cbieneman/dev/DirectXShaderCompiler/tools/clang/test/HLSL/../HLSLFileCheck/hlsl/preprocessor/line_directive/line_directive.hlsl>
BEGIN TEST(S): </Users/cbieneman/dev/DirectXShaderCompiler/tools/clang/test/HLSL/../HLSLFileCheck/hlsl/preprocessor/line_directive/line_directive_ignored.hlsl>
END TEST(S): </Users/cbieneman/dev/DirectXShaderCompiler/tools/clang/test/HLSL/../HLSLFileCheck/hlsl/preprocessor/line_directive/line_directive_ignored.hlsl>
BEGIN TEST(S): </Users/cbieneman/dev/DirectXShaderCompiler/tools/clang/test/HLSL/../HLSLFileCheck/hlsl/preprocessor/pragma/pragma-diagnostic.hlsl>
END TEST(S): </Users/cbieneman/dev/DirectXShaderCompiler/tools/clang/test/HLSL/../HLSLFileCheck/hlsl/preprocessor/pragma/pragma-diagnostic.hlsl>

********************
Testing: 0 .. 10.. 20.. 30.. 40.. 50.. 60.. 70.. 80.. 90.. 
Testing Time: 11.49s
********************
Failing Tests (4):
    Clang :: CodeGenSPIRV/coopmatrix_muladd_test.hlsl
    Clang :: CodeGenSPIRV/rayquery_init_expr.hlsl
    Clang-Unit :: HLSL/ClangHLSLTests/CompilerTest.BatchHLSL
    Clang-Unit :: HLSL/ClangHLSLTests/CompilerTest.BatchShaderTargets

  Expected Passes    : 4600
  Expected Failures  : 9
  Unsupported Tests  : 32
  Unexpected Failures: 4
FAILED: CMakeFiles/check-all /Users/cbieneman/dev/DirectXShaderCompiler/build-rel/CMakeFiles/check-all 
cd /Users/cbieneman/dev/DirectXShaderCompiler/build-rel && /Applications/Xcode.app/Contents/Developer/Library/Frameworks/Python3.framework/Versions/3.9/bin/python3.9 /Users/cbieneman/dev/DirectXShaderCompiler/utils/lit/lit.py -sv --param clang_site_config=/Users/cbieneman/dev/DirectXShaderCompiler/build-rel/tools/clang/test/lit.site.cfg --param skip_taef_exec=False --param llvm_site_config=/Users/cbieneman/dev/DirectXShaderCompiler/build-rel/test/lit.site.cfg --param llvm_unit_site_config=/Users/cbieneman/dev/DirectXShaderCompiler/build-rel/test/Unit/lit.site.cfg /Users/cbieneman/dev/DirectXShaderCompiler/build-rel/tools/clang/test /Users/cbieneman/dev/DirectXShaderCompiler/build-rel/test
ninja: build stopped: subcommand failed.
